Z:\node_modules\.bin\vitest.cmd : (node:4820) [DEP0205] DeprecationWarning: `module.register()` is deprecated. Use 
`module.registerHooks()` instead.
At line:1 char:1
+ Z:\node_modules\.bin\vitest.cmd run --reporter=verbose 2>&1 | Out-Fil ...
+ ~~~~~~~~~~~~~~~~~~~~~~~~~~~~~~~~~~~~~~~~~~~~~~~~~~~~~~~~~~~
    + CategoryInfo          : NotSpecified: ((node:4820) [DE...oks()` instead.:String) [], RemoteException
    + FullyQualifiedErrorId : NativeCommandError
 
(Use `node --trace-deprecation ...` to show where the warning was created)

 RUN  v4.1.7 C:/Users/Tahir/Desktop/frontend that i want/fp&A

(node:4820) ExperimentalWarning: localStorage is not available because --localstorage-file was not provided.
(Use `node --trace-warnings ...` to show where the warning was created)
(node:4820) ExperimentalWarning: localStorage is not available because --localstorage-file was not provided.
(Use `node --trace-warnings ...` to show where the warning was created)
(node:4820) ExperimentalWarning: localStorage is not available because --localstorage-file was not provided.
(Use `node --trace-warnings ...` to show where the warning was created)
(node:4820) ExperimentalWarning: localStorage is not available because --localstorage-file was not provided.
(Use `node --trace-warnings ...` to show where the warning was created)
 ✓ src/engines/ConsolidationEngine.test.ts > ConsolidationEngine > consolidate - basic > should return empty result for empty entities 3ms
 ✓ src/engines/ConsolidationEngine.test.ts > ConsolidationEngine > consolidate - basic > should consolidate a single entity 2ms
 ✓ src/engines/ConsolidationEngine.test.ts > ConsolidationEngine > consolidate - basic > should consolidate parent + subsidiary 1ms
 ✓ src/engines/ConsolidationEngine.test.ts > ConsolidationEngine > consolidate - basic > should consolidate multiple subsidiaries 1ms
 ✓ src/engines/ConsolidationEngine.test.ts > ConsolidationEngine > consolidate - basic > should handle entities with no entries 0ms
 ✓ src/engines/ConsolidationEngine.test.ts > ConsolidationEngine > eliminateIntercompany > should eliminate IC receivables/payables 1ms
 ✓ src/engines/ConsolidationEngine.test.ts > ConsolidationEngine > eliminateIntercompany > should eliminate IC revenue/expense 0ms
 ✓ src/engines/ConsolidationEngine.test.ts > ConsolidationEngine > eliminateIntercompany > should eliminate IC loans 0ms
 ✓ src/engines/ConsolidationEngine.test.ts > ConsolidationEngine > eliminateIntercompany > should eliminate IC dividends 0ms
 ✓ src/engines/ConsolidationEngine.test.ts > ConsolidationEngine > eliminateIntercompany > should eliminate IC investment 0ms
 ✓ src/engines/ConsolidationEngine.test.ts > ConsolidationEngine > eliminateIntercompany > should auto-detect IC accounts with 9 prefix 0ms
 ✓ src/engines/ConsolidationEngine.test.ts > ConsolidationEngine > eliminateIntercompany > should handle multiple IC pairs 0ms
 ✓ src/engines/ConsolidationEngine.test.ts > ConsolidationEngine > eliminateIntercompany > should return empty when no IC matches 0ms
 ✓ src/engines/ConsolidationEngine.test.ts > ConsolidationEngine > eliminateIntercompany > should handle unbalanced IC pairs (partial elimination) 0ms
 ✓ src/engines/ConsolidationEngine.test.ts > ConsolidationEngine > eliminateIntercompany > should not double-eliminate via auto-detection after manual pairs 0ms
 ✓ src/engines/ConsolidationEngine.test.ts > ConsolidationEngine > calculateMinorityInterestDetails > should calculate minority interest for 80% ownership 0ms
 ✓ src/engines/ConsolidationEngine.test.ts > ConsolidationEngine > calculateMinorityInterestDetails > should return 0 minority interest for 100% ownership 0ms
 ✓ src/engines/ConsolidationEngine.test.ts > ConsolidationEngine > calculateMinorityInterestDetails > should calculate minority interest for 60% ownership 0ms
 ✓ src/engines/ConsolidationEngine.test.ts > ConsolidationEngine > calculateMinorityInterestDetails > should handle negative net income (loss) 0ms
 ✓ src/engines/ConsolidationEngine.test.ts > ConsolidationEngine > calculateMinorityInterestDetails > should handle multiple subsidiaries 0ms
 ✓ src/engines/ConsolidationEngine.test.ts > ConsolidationEngine > calculateMinorityInterestDetails > should skip non-full consolidation methods 0ms
 ✓ src/engines/ConsolidationEngine.test.ts > ConsolidationEngine > calculateMinorityInterestDetails > should handle dividends deduction 0ms
 ✓ src/engines/ConsolidationEngine.test.ts > ConsolidationEngine > calculateMinorityInterest (simple) > should calculate minority interest for 80% ownership 0ms
 ✓ src/engines/ConsolidationEngine.test.ts > ConsolidationEngine > calculateMinorityInterest (simple) > should return 0 for 100% ownership 0ms
 ✓ src/engines/ConsolidationEngine.test.ts > ConsolidationEngine > calculateMinorityInterest (simple) > should return full amount for 0% ownership 0ms
 ✓ src/engines/ConsolidationEngine.test.ts > ConsolidationEngine > calculateMinorityInterest (simple) > should clamp ownership above 100% 0ms
 ✓ src/engines/ConsolidationEngine.test.ts > ConsolidationEngine > calculateMinorityInterest (simple) > should clamp ownership below 0% 0ms
 ✓ src/engines/ConsolidationEngine.test.ts > ConsolidationEngine > calculateMinorityInterest (simple) > should handle negative net income 0ms
 ✓ src/engines/ConsolidationEngine.test.ts > ConsolidationEngine > calculateMinorityInterest (simple) > should handle zero net income 0ms
 ✓ src/engines/ConsolidationEngine.test.ts > ConsolidationEngine > calculateGoodwill > should calculate goodwill for acquisition 0ms
 ✓ src/engines/ConsolidationEngine.test.ts > ConsolidationEngine > calculateGoodwill > should return empty for no acquisition data 0ms
 ✓ src/engines/ConsolidationEngine.test.ts > ConsolidationEngine > calculateGoodwill > should return empty for missing entity 0ms
 ✓ src/engines/ConsolidationEngine.test.ts > ConsolidationEngine > calculateGoodwill > should handle bargain purchase (negative goodwill) 0ms
 ✓ src/engines/ConsolidationEngine.test.ts > ConsolidationEngine > calculateGoodwill > should calculate amortization 0ms
 ✓ src/engines/ConsolidationEngine.test.ts > ConsolidationEngine > consolidation balance > should balance when assets = liabilities + equity 0ms
 ✓ src/engines/ConsolidationEngine.test.ts > ConsolidationEngine > consolidation balance > should detect imbalance 1ms
 ✓ src/engines/ConsolidationEngine.test.ts > ConsolidationEngine > consolidation balance > should balance with eliminations 0ms
 × src/engines/ConsolidationEngine.test.ts > ConsolidationEngine > translateForeignSubsidiaries > should translate foreign subsidiary at closing rate 5ms
   → Cannot read properties of undefined (reading 'entries')
 × src/engines/ConsolidationEngine.test.ts > ConsolidationEngine > translateForeignSubsidiaries > should not translate USD entities 1ms
   → Cannot read properties of undefined (reading 'entries')
 × src/engines/ConsolidationEngine.test.ts > ConsolidationEngine > translateForeignSubsidiaries > should return entities unchanged when no FX rates 1ms
   → Cannot read properties of undefined (reading 'entries')
 × src/engines/ConsolidationEngine.test.ts > ConsolidationEngine > translateForeignSubsidiaries > should use different rates for different account categories 1ms
   → Cannot read properties of undefined (reading 'entries')
 ✓ src/engines/ConsolidationEngine.test.ts > ConsolidationEngine > processVIEConsolidation > should consolidate VIE when primary beneficiary 1ms
 ✓ src/engines/ConsolidationEngine.test.ts > ConsolidationEngine > processVIEConsolidation > should not consolidate VIE when not primary beneficiary 1ms
 ✓ src/engines/ConsolidationEngine.test.ts > ConsolidationEngine > processVIEConsolidation > should return empty when no VIE notifications 0ms
 ✓ src/engines/ConsolidationEngine.test.ts > ConsolidationEngine > buildWorksheet > should build complete worksheet 1ms
 ✓ src/engines/ConsolidationEngine.test.ts > ConsolidationEngine > buildWorksheet > should show eliminations in worksheet 0ms
 ✓ src/engines/ConsolidationEngine.test.ts > ConsolidationEngine > getICBalance > should calculate IC balance between entities 0ms
 ✓ src/engines/ConsolidationEngine.test.ts > ConsolidationEngine > getICBalance > should handle unbalanced IC 0ms
 ✓ src/engines/ConsolidationEngine.test.ts > ConsolidationEngine > getICBalance > should return zero for no entries 0ms
 ✓ src/engines/ConsolidationEngine.test.ts > ConsolidationEngine > validate > should validate a balanced consolidation 0ms
 ✓ src/engines/ConsolidationEngine.test.ts > ConsolidationEngine > validate > should detect imbalance 0ms
 ✓ src/engines/ConsolidationEngine.test.ts > ConsolidationEngine > full consolidation scenarios > should handle complete parent-subsidiary consolidation with eliminations 1ms
 ✓ src/engines/ConsolidationEngine.test.ts > ConsolidationEngine > full consolidation scenarios > should handle 100% ownership (no minority interest) 0ms
 ✓ src/engines/ConsolidationEngine.test.ts > ConsolidationEngine > full consolidation scenarios > should handle minority ownership (no consolidation) 0ms
 ✓ src/engines/ConsolidationEngine.test.ts > ConsolidationEngine > full consolidation scenarios > should handle foreign subsidiary consolidation 0ms
 ✓ src/engines/ConsolidationEngine.test.ts > ConsolidationEngine > full consolidation scenarios > should handle VIE consolidation 0ms
 ✓ src/engines/ConsolidationEngine.test.ts > ConsolidationEngine > edge cases > should handle zero amounts 0ms
 ✓ src/engines/ConsolidationEngine.test.ts > ConsolidationEngine > edge cases > should handle very large numbers 0ms
 ✓ src/engines/ConsolidationEngine.test.ts > ConsolidationEngine > edge cases > should handle very small numbers 0ms
 ✓ src/engines/ConsolidationEngine.test.ts > ConsolidationEngine > edge cases > should handle negative balances 0ms
 ✓ src/engines/ConsolidationEngine.test.ts > ConsolidationEngine > edge cases > should handle single entity with all account types 0ms
 ✓ src/engines/ConsolidationEngine.test.ts > ConsolidationEngine > edge cases > should handle multiple eliminations on same account 0ms
 ✓ src/engines/ConsolidationEngine.test.ts > ConsolidationEngine > edge cases > should handle empty ownership list 0ms
 ✓ src/engines/ValidationEngine.test.ts > ValidationEngine > balance check > should pass when debits equal credits 3ms
 ✓ src/engines/ValidationEngine.test.ts > ValidationEngine > balance check > should fail when debits do not equal credits 1ms
 ✓ src/engines/ValidationEngine.test.ts > ValidationEngine > balance check > should fail when cube does not exist 0ms
 ✓ src/engines/ValidationEngine.test.ts > ValidationEngine > balance check > should fail when period does not exist 1ms
 ✓ src/engines/ValidationEngine.test.ts > ValidationEngine > balance check > should handle zero balances as balanced 0ms
 ✓ src/engines/ValidationEngine.test.ts > ValidationEngine > range check > should pass when all values are within range 0ms
 ✓ src/engines/ValidationEngine.test.ts > ValidationEngine > range check > should fail when a value exceeds the maximum 1ms
 ✓ src/engines/ValidationEngine.test.ts > ValidationEngine > range check > should fail when a value is below the minimum 0ms
 ✓ src/engines/ValidationEngine.test.ts > ValidationEngine > range check > should handle boundary values (exact min and max) 0ms
 ✓ src/engines/ValidationEngine.test.ts > ValidationEngine > range check > should detect multiple violations 0ms
 ✓ src/engines/ValidationEngine.test.ts > ValidationEngine > growth check > should pass when growth is within threshold 1ms
 ✓ src/engines/ValidationEngine.test.ts > ValidationEngine > growth check > should fail when growth exceeds threshold 0ms
 ✓ src/engines/ValidationEngine.test.ts > ValidationEngine > growth check > should handle negative growth (decline) 0ms
 ✓ src/engines/ValidationEngine.test.ts > ValidationEngine > growth check > should fail when previous value is zero and current is nonzero 0ms
 ✓ src/engines/ValidationEngine.test.ts > ValidationEngine > growth check > should pass when both previous and current are zero 0ms
 ✓ src/engines/ValidationEngine.test.ts > ValidationEngine > growth check > should fail when fewer than 2 periods are provided 0ms
 ✓ src/engines/ValidationEngine.test.ts > ValidationEngine > growth check > should validate multiple consecutive periods 0ms
 ✓ src/engines/ValidationEngine.test.ts > ValidationEngine > cross check > should pass when ratio is within tolerance 0ms
 ✓ src/engines/ValidationEngine.test.ts > ValidationEngine > cross check > should fail when ratio exceeds tolerance 0ms
 ✓ src/engines/ValidationEngine.test.ts > ValidationEngine > cross check > should fail when denominator is zero and numerator is nonzero 0ms
 ✓ src/engines/ValidationEngine.test.ts > ValidationEngine > cross check > should pass when both numerator and denominator are zero 0ms
 ✓ src/engines/ValidationEngine.test.ts > ValidationEngine > completeness check > should pass when all accounts have values for all periods 0ms
 ✓ src/engines/ValidationEngine.test.ts > ValidationEngine > completeness check > should fail when an account is missing for a period 0ms
 ✓ src/engines/ValidationEngine.test.ts > ValidationEngine > completeness check > should fail when an entire period is missing 0ms
 ✓ src/engines/ValidationEngine.test.ts > ValidationEngine > completeness check > should count all missing cells across multiple periods 0ms
 ✓ src/engines/ValidationEngine.test.ts > ValidationEngine > formula check > should pass when formula evaluates to true 1ms
 ✓ src/engines/ValidationEngine.test.ts > ValidationEngine > formula check > should fail when formula evaluates to false 0ms
 ✓ src/engines/ValidationEngine.test.ts > ValidationEngine > formula check > should use __PERIOD__ placeholder to substitute period values 0ms
 ✓ src/engines/ValidationEngine.test.ts > ValidationEngine > formula check > should fail for specific period when formula is false 0ms
 ✓ src/engines/ValidationEngine.test.ts > ValidationEngine > formula check > should support multiplication and division in formulas 0ms
 ✓ src/engines/ValidationEngine.test.ts > ValidationEngine > inactive rules > should skip inactive rules and return passed=true 0ms
 ✓ src/engines/ValidationEngine.test.ts > ValidationEngine > batch validation > should validate multiple rules and produce a report 0ms
 ✓ src/engines/ValidationEngine.test.ts > ValidationEngine > batch validation > should count errors, warnings, and info correctly 0ms
 ✓ src/engines/ValidationEngine.test.ts > ValidationEngine > batch validation > should handle empty rule list 0ms
 ✓ src/engines/ValidationEngine.test.ts > ValidationEngine > batch validation > should handle mixed active/inactive rules 0ms
 ✓ src/engines/ValidationEngine.test.ts > ValidationEngine > buildReport > should compute correct counts from results 0ms
 ✓ src/engines/ValidationEngine.test.ts > ValidationEngine > buildReport > should report passed=true when no errors 0ms
 ✓ src/engines/ValidationEngine.test.ts > ValidationEngine > getCellValue > should return the value when cell exists 0ms
 ✓ src/engines/ValidationEngine.test.ts > ValidationEngine > getCellValue > should return undefined when cell does not exist 0ms
 ✓ src/engines/ValidationEngine.test.ts > ValidationEngine > getCellValue > should return undefined for partial path matches 0ms
 ✓ src/engines/ValidationEngine.test.ts > ValidationEngine > cellExists > should return true when cell exists 0ms
 ✓ src/engines/ValidationEngine.test.ts > ValidationEngine > cellExists > should return false when cell does not exist 0ms
 ✓ src/engines/ValidationEngine.test.ts > ValidationEngine > evaluateSimpleFormula > should evaluate simple comparison 0ms
 ✓ src/engines/ValidationEngine.test.ts > ValidationEngine > evaluateSimpleFormula > should evaluate arithmetic expressions 0ms
 ✓ src/engines/ValidationEngine.test.ts > ValidationEngine > evaluateSimpleFormula > should handle division 0ms
 ✓ src/engines/ValidationEngine.test.ts > ValidationEngine > evaluateSimpleFormula > should return false for invalid expressions 1ms
 ✓ src/engines/ValidationEngine.test.ts > ValidationEngine > evaluateSimpleFormula > should handle >= and <= operators 0ms
 ✓ src/engines/ValidationEngine.test.ts > ValidationEngine > evaluateSimpleFormula > should handle parentheses 0ms
 ✓ src/engines/ValidationEngine.test.ts > ValidationEngine > edge cases > should handle unknown rule type gracefully 0ms
 ✓ src/engines/ValidationEngine.test.ts > ValidationEngine > edge cases > should handle missing cube data in range check 0ms
 ✓ src/engines/ValidationEngine.test.ts > ValidationEngine > edge cases > should handle missing cube data in growth check 0ms
 ✓ src/engines/ValidationEngine.test.ts > ValidationEngine > edge cases > should handle missing cube data in cross check 0ms
 ✓ src/engines/ValidationEngine.test.ts > ValidationEngine > edge cases > should handle missing cube data in completeness check 0ms
 ✓ src/engines/ValidationEngine.test.ts > ValidationEngine > edge cases > should handle zero tolerance in cross check 0ms
 ✓ src/engines/ValidationEngine.test.ts > ValidationEngine > edge cases > should include timestamp in results 0ms
 ✓ src/engines/ValidationEngine.test.ts > ValidationEngine > edge cases > should include timestamp in report 0ms
 ✓ src/engines/ValidationEngine.test.ts > ValidationEngine > performance > should validate 1000 cells in under 10ms 2ms
 ✓ src/engines/ReportBuilderEngine.test.ts > ReportBuilderEngine > createReport > should create a report with valid parameters 3ms
 ✓ src/engines/ReportBuilderEngine.test.ts > ReportBuilderEngine > createReport > should trim whitespace from report name 0ms
 ✓ src/engines/ReportBuilderEngine.test.ts > ReportBuilderEngine > createReport > should throw if name is empty 1ms
 ✓ src/engines/ReportBuilderEngine.test.ts > ReportBuilderEngine > createReport > should throw if name is only whitespace 0ms
 ✓ src/engines/ReportBuilderEngine.test.ts > ReportBuilderEngine > createReport > should default description to empty string 0ms
 ✓ src/engines/ReportBuilderEngine.test.ts > ReportBuilderEngine > createReport > should initialize with empty filters, shares, and tags 1ms
 ✓ src/engines/ReportBuilderEngine.test.ts > ReportBuilderEngine > updateReport > should update report name immutably 0ms
 ✓ src/engines/ReportBuilderEngine.test.ts > ReportBuilderEngine > updateReport > should update description 0ms
 ✓ src/engines/ReportBuilderEngine.test.ts > ReportBuilderEngine > updateReport > should increment version 0ms
 ✓ src/engines/ReportBuilderEngine.test.ts > ReportBuilderEngine > updateReport > should update updatedAt timestamp 0ms
 ✓ src/engines/ReportBuilderEngine.test.ts > ReportBuilderEngine > updateReport > should throw if name is empty 0ms
 ✓ src/engines/ReportBuilderEngine.test.ts > ReportBuilderEngine > updateReport > should throw if name is only whitespace 0ms
 ✓ src/engines/ReportBuilderEngine.test.ts > ReportBuilderEngine > updateReport > should update tags 0ms
 ✓ src/engines/ReportBuilderEngine.test.ts > ReportBuilderEngine > archiveReport > should mark report as archived 0ms
 ✓ src/engines/ReportBuilderEngine.test.ts > ReportBuilderEngine > archiveReport > should not mutate original 0ms
 ✓ src/engines/ReportBuilderEngine.test.ts > ReportBuilderEngine > canDeleteReport > should return true for non-archived reports 0ms
 ✓ src/engines/ReportBuilderEngine.test.ts > ReportBuilderEngine > canDeleteReport > should return false for archived reports 0ms
 ✓ src/engines/ReportBuilderEngine.test.ts > ReportBuilderEngine > cloneReport > should clone with a new name and ID 0ms
 ✓ src/engines/ReportBuilderEngine.test.ts > ReportBuilderEngine > cloneReport > should reset version to 1 0ms
 ✓ src/engines/ReportBuilderEngine.test.ts > ReportBuilderEngine > cloneReport > should clear shares 0ms
 ✓ src/engines/ReportBuilderEngine.test.ts > ReportBuilderEngine > cloneReport > should copy layout from original 0ms
 ✓ src/engines/ReportBuilderEngine.test.ts > ReportBuilderEngine > cloneReport > should reset isArchived to false 0ms
 ✓ src/engines/ReportBuilderEngine.test.ts > ReportBuilderEngine > cloneReport > should throw if clone name is empty 0ms
 ✓ src/engines/ReportBuilderEngine.test.ts > ReportBuilderEngine > cloneReport > should trim clone name 0ms
 ✓ src/engines/ReportBuilderEngine.test.ts > ReportBuilderEngine > addRow > should add a row at the end 1ms
 ✓ src/engines/ReportBuilderEngine.test.ts > ReportBuilderEngine > addRow > should add a row at a specific index 0ms
 ✓ src/engines/ReportBuilderEngine.test.ts > ReportBuilderEngine > addRow > should create cells matching column count 0ms
 ✓ src/engines/ReportBuilderEngine.test.ts > ReportBuilderEngine > addRow > should clamp index to array length 0ms
 ✓ src/engines/ReportBuilderEngine.test.ts > ReportBuilderEngine > addRow > should not mutate original layout 0ms
 ✓ src/engines/ReportBuilderEngine.test.ts > ReportBuilderEngine > removeRow > should remove a row by ID 0ms
 ✓ src/engines/ReportBuilderEngine.test.ts > ReportBuilderEngine > removeRow > should return same layout if row ID not found 0ms
 ✓ src/engines/ReportBuilderEngine.test.ts > ReportBuilderEngine > moveRow > should move a row to a new position 0ms
 ✓ src/engines/ReportBuilderEngine.test.ts > ReportBuilderEngine > moveRow > should return same layout if row ID not found 0ms
 ✓ src/engines/ReportBuilderEngine.test.ts > ReportBuilderEngine > addColumn > should add a column at the end 0ms
 ✓ src/engines/ReportBuilderEngine.test.ts > ReportBuilderEngine > addColumn > should add a column at a specific index 0ms
 ✓ src/engines/ReportBuilderEngine.test.ts > ReportBuilderEngine > addColumn > should add cells to all rows for the new column 0ms
 ✓ src/engines/ReportBuilderEngine.test.ts > ReportBuilderEngine > addColumn > should add column width to columnWidths 0ms
 ✓ src/engines/ReportBuilderEngine.test.ts > ReportBuilderEngine > removeColumn > should remove a column by ID 0ms
 ✓ src/engines/ReportBuilderEngine.test.ts > ReportBuilderEngine > removeColumn > should remove cells from all rows 0ms
 ✓ src/engines/ReportBuilderEngine.test.ts > ReportBuilderEngine > removeColumn > should remove column width entry 0ms
 ✓ src/engines/ReportBuilderEngine.test.ts > ReportBuilderEngine > removeColumn > should return same layout if column ID not found 0ms
 ✓ src/engines/ReportBuilderEngine.test.ts > ReportBuilderEngine > updateCell > should update a cell content at given row/col 0ms
 ✓ src/engines/ReportBuilderEngine.test.ts > ReportBuilderEngine > updateCell > should merge cell styles when provided 0ms
 ✓ src/engines/ReportBuilderEngine.test.ts > ReportBuilderEngine > updateCell > should throw if row index is out of bounds 0ms
 ✓ src/engines/ReportBuilderEngine.test.ts > ReportBuilderEngine > updateCell > should throw if column index is out of bounds 0ms
 ✓ src/engines/ReportBuilderEngine.test.ts > ReportBuilderEngine > updateCell > should throw if row index is negative 0ms
 ✓ src/engines/ReportBuilderEngine.test.ts > ReportBuilderEngine > toggleRowVisibility > should toggle row visibility from true to false 0ms
 ✓ src/engines/ReportBuilderEngine.test.ts > ReportBuilderEngine > toggleRowVisibility > should toggle row visibility from false to true 0ms
 ✓ src/engines/ReportBuilderEngine.test.ts > ReportBuilderEngine > toggleColumnVisibility > should toggle column visibility 0ms
 ✓ src/engines/ReportBuilderEngine.test.ts > ReportBuilderEngine > setColumnWidth > should set column width 0ms
 ✓ src/engines/ReportBuilderEngine.test.ts > ReportBuilderEngine > setColumnWidth > should throw for negative width 0ms
 ✓ src/engines/ReportBuilderEngine.test.ts > ReportBuilderEngine > setRowHeight > should set row height 0ms
 ✓ src/engines/ReportBuilderEngine.test.ts > ReportBuilderEngine > setRowHeight > should throw for negative height 0ms
 ✓ src/engines/ReportBuilderEngine.test.ts > ReportBuilderEngine > createRowGroup > should set grouping on a row 0ms
 ✓ src/engines/ReportBuilderEngine.test.ts > ReportBuilderEngine > createRowGroup > should set grouping with a parent 0ms
 ✓ src/engines/ReportBuilderEngine.test.ts > ReportBuilderEngine > toggleGroupState > should toggle from expanded to collapsed 0ms
 ✓ src/engines/ReportBuilderEngine.test.ts > ReportBuilderEngine > toggleGroupState > should toggle from collapsed back to expanded 0ms
 ✓ src/engines/ReportBuilderEngine.test.ts > ReportBuilderEngine > toggleGroupState > should not affect rows without grouping 0ms
 ✓ src/engines/ReportBuilderEngine.test.ts > ReportBuilderEngine > setGroupChildrenVisibility > should hide children of a grouped row 0ms
 ✓ src/engines/ReportBuilderEngine.test.ts > ReportBuilderEngine > setGroupChildrenVisibility > should show children when visible is true 0ms
 ✓ src/engines/ReportBuilderEngine.test.ts > ReportBuilderEngine > setGroupChildrenVisibility > should return same layout if row has no grouping 0ms
 ✓ src/engines/ReportBuilderEngine.test.ts > ReportBuilderEngine > applyCellStyle > should apply style to a cell 0ms
 ✓ src/engines/ReportBuilderEngine.test.ts > ReportBuilderEngine > applyCellStyle > should preserve existing style properties 0ms
 ✓ src/engines/ReportBuilderEngine.test.ts > ReportBuilderEngine > applyRowStyle > should apply style to all cells in a row 0ms
 ✓ src/engines/ReportBuilderEngine.test.ts > ReportBuilderEngine > applyRowStyle > should not affect other rows 0ms
 ✓ src/engines/ReportBuilderEngine.test.ts > ReportBuilderEngine > applyRowStyle > should throw for out-of-bounds row index 0ms
 ✓ src/engines/ReportBuilderEngine.test.ts > ReportBuilderEngine > addConditionalFormat > should add conditional format to a metric cell 0ms
 ✓ src/engines/ReportBuilderEngine.test.ts > ReportBuilderEngine > addConditionalFormat > should add conditional format to a formula cell 0ms
 ✓ src/engines/ReportBuilderEngine.test.ts > ReportBuilderEngine > addConditionalFormat > should throw for non-metric/formula cells 0ms
 ✓ src/engines/ReportBuilderEngine.test.ts > ReportBuilderEngine > evaluateConditionalFormats > should match positive value with gt condition 0ms
 ✓ src/engines/ReportBuilderEngine.test.ts > ReportBuilderEngine > evaluateConditionalFormats > should match negative value with lt condition 0ms
 ✓ src/engines/ReportBuilderEngine.test.ts > ReportBuilderEngine > evaluateConditionalFormats > should match zero with eq condition 0ms
 ✓ src/engines/ReportBuilderEngine.test.ts > ReportBuilderEngine > evaluateConditionalFormats > should return first matching format 0ms
 ✓ src/engines/ReportBuilderEngine.test.ts > ReportBuilderEngine > evaluateConditionalFormats > should return null if no format matches 0ms
 ✓ src/engines/ReportBuilderEngine.test.ts > ReportBuilderEngine > evaluateConditionalFormats > should handle empty formats array 0ms
 ✓ src/engines/ReportBuilderEngine.test.ts > ReportBuilderEngine > evaluateConditionalFormats > should handle gte condition 0ms
 ✓ src/engines/ReportBuilderEngine.test.ts > ReportBuilderEngine > evaluateConditionalFormats > should handle lte condition 0ms
 ✓ src/engines/ReportBuilderEngine.test.ts > ReportBuilderEngine > evaluateConditionalFormats > should handle neq condition 0ms
 ✓ src/engines/ReportBuilderEngine.test.ts > ReportBuilderEngine > formatNumber > should format currency with 2 decimals 1ms
 ✓ src/engines/ReportBuilderEngine.test.ts > ReportBuilderEngine > formatNumber > should format negative currency with parentheses 0ms
 ✓ src/engines/ReportBuilderEngine.test.ts > ReportBuilderEngine > formatNumber > should format zero as currency 0ms
 ✓ src/engines/ReportBuilderEngine.test.ts > ReportBuilderEngine > formatNumber > should format large currency with commas 0ms
 ✓ src/engines/ReportBuilderEngine.test.ts > ReportBuilderEngine > formatNumber > should format percentage 0ms
 ✓ src/engines/ReportBuilderEngine.test.ts > ReportBuilderEngine > formatNumber > should format negative percentage 0ms
 ✓ src/engines/ReportBuilderEngine.test.ts > ReportBuilderEngine > formatNumber > should format compact billions 0ms
 ✓ src/engines/ReportBuilderEngine.test.ts > ReportBuilderEngine > formatNumber > should format compact millions 0ms
 ✓ src/engines/ReportBuilderEngine.test.ts > ReportBuilderEngine > formatNumber > should format compact thousands 0ms
 ✓ src/engines/ReportBuilderEngine.test.ts > ReportBuilderEngine > formatNumber > should format compact small numbers 0ms
 ✓ src/engines/ReportBuilderEngine.test.ts > ReportBuilderEngine > formatNumber > should format compact negative values with parentheses 0ms
 ✓ src/engines/ReportBuilderEngine.test.ts > ReportBuilderEngine > formatNumber > should format whole numbers 0ms
 ✓ src/engines/ReportBuilderEngine.test.ts > ReportBuilderEngine > formatNumber > should format decimals 0ms
 ✓ src/engines/ReportBuilderEngine.test.ts > ReportBuilderEngine > formatNumber > should handle NaN 0ms
 ✓ src/engines/ReportBuilderEngine.test.ts > ReportBuilderEngine > formatNumber > should handle Infinity 0ms
 ✓ src/engines/ReportBuilderEngine.test.ts > ReportBuilderEngine > formatNumber > should handle custom decimal places 0ms
 ✓ src/engines/ReportBuilderEngine.test.ts > ReportBuilderEngine > shareReport > should add a new share 0ms
 ✓ src/engines/ReportBuilderEngine.test.ts > ReportBuilderEngine > shareReport > should update existing share permission 0ms
 ✓ src/engines/ReportBuilderEngine.test.ts > ReportBuilderEngine > shareReport > should not mutate original 0ms
 ✓ src/engines/ReportBuilderEngine.test.ts > ReportBuilderEngine > unshareReport > should remove a share by userId 0ms
 ✓ src/engines/ReportBuilderEngine.test.ts > ReportBuilderEngine > unshareReport > should not affect other shares 0ms
 ✓ src/engines/ReportBuilderEngine.test.ts > ReportBuilderEngine > getUserPermission > should return admin for report creator 0ms
 ✓ src/engines/ReportBuilderEngine.test.ts > ReportBuilderEngine > getUserPermission > should return assigned permission for shared user 0ms
 ✓ src/engines/ReportBuilderEngine.test.ts > ReportBuilderEngine > getUserPermission > should return null for unshared user 0ms
 ✓ src/engines/ReportBuilderEngine.test.ts > ReportBuilderEngine > generatePDFMetadata > should generate metadata with defaults 0ms
 ✓ src/engines/ReportBuilderEngine.test.ts > ReportBuilderEngine > generatePDFMetadata > should use description as subtitle 0ms
 ✓ src/engines/ReportBuilderEngine.test.ts > ReportBuilderEngine > generatePDFMetadata > should allow overriding options 0ms
 ✓ src/engines/ReportBuilderEngine.test.ts > ReportBuilderEngine > exportLayout and importLayout > should export and re-import a layout 0ms
 ✓ src/engines/ReportBuilderEngine.test.ts > ReportBuilderEngine > exportLayout and importLayout > should produce valid JSON 0ms
 ✓ src/engines/ReportBuilderEngine.test.ts > ReportBuilderEngine > exportLayout and importLayout > should throw on invalid JSON 0ms
 ✓ src/engines/ReportBuilderEngine.test.ts > ReportBuilderEngine > exportLayout and importLayout > should throw on invalid layout structure 0ms
 ✓ src/engines/ReportBuilderEngine.test.ts > ReportBuilderEngine > exportLayout and importLayout > should throw on missing required fields 0ms
 ✓ src/engines/ReportBuilderEngine.test.ts > ReportBuilderEngine > validateReport > should validate a valid report 0ms
 ✓ src/engines/ReportBuilderEngine.test.ts > ReportBuilderEngine > validateReport > should fail for empty name 0ms
 ✓ src/engines/ReportBuilderEngine.test.ts > ReportBuilderEngine > validateReport > should fail for no rows 0ms
 ✓ src/engines/ReportBuilderEngine.test.ts > ReportBuilderEngine > validateReport > should fail for no columns 0ms
 ✓ src/engines/ReportBuilderEngine.test.ts > ReportBuilderEngine > validateReport > should fail when row cell count mismatches column count 0ms
 ✓ src/engines/ReportBuilderEngine.test.ts > ReportBuilderEngine > validateReport > should fail for formula cell with empty expression 0ms
 ✓ src/engines/ReportBuilderEngine.test.ts > ReportBuilderEngine > validateReport > should collect multiple errors 0ms
 ✓ src/engines/ReportBuilderEngine.test.ts > ReportBuilderEngine > getTemplateLayout > should return a valid layout for template: income_statement 1ms
 ✓ src/engines/ReportBuilderEngine.test.ts > ReportBuilderEngine > getTemplateLayout > should return a valid layout for template: balance_sheet 1ms
 ✓ src/engines/ReportBuilderEngine.test.ts > ReportBuilderEngine > getTemplateLayout > should return a valid layout for template: cash_flow 1ms
 ✓ src/engines/ReportBuilderEngine.test.ts > ReportBuilderEngine > getTemplateLayout > should return a valid layout for template: budget_vs_actual 0ms
 ✓ src/engines/ReportBuilderEngine.test.ts > ReportBuilderEngine > getTemplateLayout > should return a valid layout for template: variance_analysis 0ms
 ✓ src/engines/ReportBuilderEngine.test.ts > ReportBuilderEngine > getTemplateLayout > should return a valid layout for template: board_pack 0ms
 ✓ src/engines/ReportBuilderEngine.test.ts > ReportBuilderEngine > getTemplateLayout > should return a valid layout for template: executive_summary 0ms
 ✓ src/engines/ReportBuilderEngine.test.ts > ReportBuilderEngine > getTemplateLayout > should return a valid layout for template: custom 0ms
 ✓ src/engines/ReportBuilderEngine.test.ts > ReportBuilderEngine > getTemplateLayout > should create income statement with 4 columns 0ms
 ✓ src/engines/ReportBuilderEngine.test.ts > ReportBuilderEngine > getTemplateLayout > should create balance sheet with 3 columns 0ms
 ✓ src/engines/ReportBuilderEngine.test.ts > ReportBuilderEngine > getTemplateLayout > should create cash flow with 3 columns 0ms
 ✓ src/engines/ReportBuilderEngine.test.ts > ReportBuilderEngine > getTemplateLayout > should create budget vs actual with 5 columns 0ms
 ✓ src/engines/ReportBuilderEngine.test.ts > ReportBuilderEngine > getTemplateLayout > should create variance analysis with 6 columns 0ms
 ✓ src/engines/ReportBuilderEngine.test.ts > ReportBuilderEngine > getTemplateLayout > should create board pack with 3 columns 0ms
 ✓ src/engines/ReportBuilderEngine.test.ts > ReportBuilderEngine > getTemplateLayout > should create executive summary with 3 columns 0ms
 ✓ src/engines/ReportBuilderEngine.test.ts > ReportBuilderEngine > getTemplateLayout > should create custom as empty layout 0ms
 ✓ src/engines/ReportBuilderEngine.test.ts > ReportBuilderEngine > getTemplateLayout > should set frozen panes for all templates 1ms
 ✓ src/engines/ReportBuilderEngine.test.ts > ReportBuilderEngine > getTemplateLayout > should have first column as label type in standard templates 1ms
 ✓ src/engines/ReportBuilderEngine.test.ts > ReportBuilderEngine > getTemplateLayout > should have period columns in income statement 0ms
 ✓ src/engines/ReportBuilderEngine.test.ts > ReportBuilderEngine > getAvailableTemplates > should return 8 templates 0ms
 ✓ src/engines/ReportBuilderEngine.test.ts > ReportBuilderEngine > getAvailableTemplates > should have name and description for each template 0ms
 ✓ src/engines/ReportBuilderEngine.test.ts > ReportBuilderEngine > getAvailableTemplates > should include all template types 1ms
 ✓ src/engines/ReportBuilderEngine.test.ts > ReportBuilderEngine > getVisibleRows > should return only visible rows 0ms
 ✓ src/engines/ReportBuilderEngine.test.ts > ReportBuilderEngine > getVisibleRows > should return all rows when all visible 0ms
 ✓ src/engines/ReportBuilderEngine.test.ts > ReportBuilderEngine > getVisibleColumns > should return only visible columns 0ms
 ✓ src/engines/ReportBuilderEngine.test.ts > ReportBuilderEngine > getRowById > should find a row by ID 0ms
 ✓ src/engines/ReportBuilderEngine.test.ts > ReportBuilderEngine > getRowById > should return undefined for missing ID 0ms
 ✓ src/engines/ReportBuilderEngine.test.ts > ReportBuilderEngine > getColumnById > should find a column by ID 0ms
 ✓ src/engines/ReportBuilderEngine.test.ts > ReportBuilderEngine > getColumnById > should return undefined for missing ID 0ms
 ✓ src/engines/ReportBuilderEngine.test.ts > ReportBuilderEngine > countCellsByType > should count cells by type 0ms
 ✓ src/engines/ReportBuilderEngine.test.ts > ReportBuilderEngine > countCellsByType > should handle empty layout 0ms
 ✓ src/engines/ReportBuilderEngine.test.ts > ReportBuilderEngine > countCellsByType > should count mixed cell types 0ms
 ✓ src/engines/ReportBuilderEngine.test.ts > ReportBuilderEngine > createReport with templates > should create report from income_statement template 0ms
 ✓ src/engines/ReportBuilderEngine.test.ts > ReportBuilderEngine > createReport with templates > should create report from budget_vs_actual template 0ms
 ✓ src/engines/ReportBuilderEngine.test.ts > ReportBuilderEngine > createReport with templates > should create report from custom template with empty layout 0ms
 ✓ src/engines/ReportBuilderEngine.test.ts > ReportBuilderEngine > buildBindingKey > should build key from coords and measure only 0ms
 ✓ src/engines/ReportBuilderEngine.test.ts > ReportBuilderEngine > buildBindingKey > should include entityId when present 0ms
 ✓ src/engines/ReportBuilderEngine.test.ts > ReportBuilderEngine > buildBindingKey > should include all optional parts 0ms
 ✓ src/engines/ReportBuilderEngine.test.ts > ReportBuilderEngine > resolveCellValue > should resolve a metric cell with matching cube data 0ms
 ✓ src/engines/ReportBuilderEngine.test.ts > ReportBuilderEngine > resolveCellValue > should return dash for missing cube data 0ms
 ✓ src/engines/ReportBuilderEngine.test.ts > ReportBuilderEngine > resolveCellValue > should resolve a text cell directly 0ms
 ✓ src/engines/ReportBuilderEngine.test.ts > ReportBuilderEngine > resolveCellValue > should resolve a metric cell with full binding (entity, scenario, period) 0ms
 ✓ src/engines/ReportBuilderEngine.test.ts > ReportBuilderEngine > resolveCellValue > should handle non-numeric cube data as string 0ms
 ✓ src/engines/ReportBuilderEngine.test.ts > ReportBuilderEngine > resolveCellValue > should resolve formula cell with label 0ms
 ✓ src/engines/ReportBuilderEngine.test.ts > ReportBuilderEngine > resolveCellValue > should resolve chart cell with title 0ms
 ✓ src/engines/ReportBuilderEngine.test.ts > ReportBuilderEngine > resolveCellValue > should resolve table cell 0ms
 ✓ src/engines/ReportBuilderEngine.test.ts > ReportBuilderEngine > resolveLayout > should resolve all cells in a layout 1ms
 ✓ src/engines/ReportBuilderEngine.test.ts > ReportBuilderEngine > resolveLayout > should handle empty layout 0ms
 ✓ src/engines/ReportBuilderEngine.test.ts > ReportBuilderEngine > buildMetricKey > should build key from MetricCellContent 0ms
 ✓ src/engines/ReportBuilderEngine.test.ts > ReportBuilderEngine > buildMetricKey > should include optional fields 0ms
 ✓ src/engines/ReportBuilderEngine.test.ts > ReportBuilderEngine > calculateColumnSum > should sum numeric values in a column range 0ms
 ✓ src/engines/ReportBuilderEngine.test.ts > ReportBuilderEngine > calculateColumnSum > should skip null and non-numeric values 0ms
 ✓ src/engines/ReportBuilderEngine.test.ts > ReportBuilderEngine > calculateColumnSum > should handle empty range 0ms
 ✓ src/engines/ReportBuilderEngine.test.ts > ReportBuilderEngine > calculateColumnSum > should clamp endRow to array length 0ms
 ✓ src/engines/ReportBuilderEngine.test.ts > ReportBuilderEngine > identifySectionRanges > should identify data, subtotal, and total sections 1ms
 ✓ src/engines/ReportBuilderEngine.test.ts > ReportBuilderEngine > identifySectionRanges > should return contiguous ranges 1ms
 ✓ src/engines/ReportBuilderEngine.test.ts > ReportBuilderEngine > autoPopulateTotals > should populate subtotal rows with summed data 1ms
 ✓ src/engines/ReportBuilderEngine.test.ts > ReportBuilderEngine > parseFormulaReferences > should extract cell references from expression 0ms
 ✓ src/engines/ReportBuilderEngine.test.ts > ReportBuilderEngine > parseFormulaReferences > should deduplicate references 0ms
 ✓ src/engines/ReportBuilderEngine.test.ts > ReportBuilderEngine > parseFormulaReferences > should handle multi-letter columns 0ms
 ✓ src/engines/ReportBuilderEngine.test.ts > ReportBuilderEngine > parseFormulaReferences > should return empty array for expressions without references 0ms
 ✓ src/engines/ReportBuilderEngine.test.ts > ReportBuilderEngine > evaluateFormula > should evaluate simple addition 1ms
 ✓ src/engines/ReportBuilderEngine.test.ts > ReportBuilderEngine > evaluateFormula > should evaluate complex expression with precedence 0ms
 ✓ src/engines/ReportBuilderEngine.test.ts > ReportBuilderEngine > evaluateFormula > should evaluate expression with parentheses 0ms
 ✓ src/engines/ReportBuilderEngine.test.ts > ReportBuilderEngine > evaluateFormula > should evaluate division 0ms
 ✓ src/engines/ReportBuilderEngine.test.ts > ReportBuilderEngine > evaluateFormula > should throw on division by zero 0ms
 ✓ src/engines/ReportBuilderEngine.test.ts > ReportBuilderEngine > evaluateFormula > should throw on missing cell reference 0ms
 ✓ src/engines/ReportBuilderEngine.test.ts > ReportBuilderEngine > evaluateFormula > should throw on non-finite cell value 0ms
 ✓ src/engines/ReportBuilderEngine.test.ts > ReportBuilderEngine > evaluateFormula > should evaluate percentage formula 0ms
 ✓ src/engines/ReportBuilderEngine.test.ts > ReportBuilderEngine > safeEvaluate > should evaluate simple arithmetic 0ms
 ✓ src/engines/ReportBuilderEngine.test.ts > ReportBuilderEngine > safeEvaluate > should handle operator precedence 0ms
 ✓ src/engines/ReportBuilderEngine.test.ts > ReportBuilderEngine > safeEvaluate > should handle parentheses 0ms
 ✓ src/engines/ReportBuilderEngine.test.ts > ReportBuilderEngine > safeEvaluate > should handle negative numbers 0ms
 ✓ src/engines/ReportBuilderEngine.test.ts > ReportBuilderEngine > safeEvaluate > should handle decimals 0ms
 ✓ src/engines/ReportBuilderEngine.test.ts > ReportBuilderEngine > safeEvaluate > should handle nested parentheses 0ms
 ✓ src/engines/ReportBuilderEngine.test.ts > ReportBuilderEngine > safeEvaluate > should throw on missing closing parenthesis 0ms
 ✓ src/engines/ReportBuilderEngine.test.ts > ReportBuilderEngine > safeEvaluate > should throw on empty expression 0ms
 ✓ src/engines/ReportBuilderEngine.test.ts > ReportBuilderEngine > detectCircularReferences > should return no circular refs for non-formula layouts 0ms
 ✓ src/engines/ReportBuilderEngine.test.ts > ReportBuilderEngine > detectCircularReferences > should detect circular references in formula cells 1ms
 ✓ src/engines/ReportBuilderEngine.test.ts > ReportBuilderEngine > detectCircularReferences > should handle formulas without circular references 0ms
 ✓ src/engines/ReportBuilderEngine.test.ts > ReportBuilderEngine > columnLetterToIndex > should convert A to 0 0ms
 ✓ src/engines/ReportBuilderEngine.test.ts > ReportBuilderEngine > columnLetterToIndex > should convert B to 1 0ms
 ✓ src/engines/ReportBuilderEngine.test.ts > ReportBuilderEngine > columnLetterToIndex > should convert Z to 25 0ms
 ✓ src/engines/ReportBuilderEngine.test.ts > ReportBuilderEngine > columnLetterToIndex > should convert AA to 26 0ms
 ✓ src/engines/ReportBuilderEngine.test.ts > ReportBuilderEngine > columnLetterToIndex > should convert AB to 27 0ms
 ✓ src/engines/ReportBuilderEngine.test.ts > ReportBuilderEngine > columnIndexToLetter > should convert 0 to A 0ms
 ✓ src/engines/ReportBuilderEngine.test.ts > ReportBuilderEngine > columnIndexToLetter > should convert 25 to Z 0ms
 ✓ src/engines/ReportBuilderEngine.test.ts > ReportBuilderEngine > columnIndexToLetter > should convert 26 to AA 0ms
 ✓ src/engines/ReportBuilderEngine.test.ts > ReportBuilderEngine > columnIndexToLetter > should roundtrip with columnLetterToIndex 1ms
 ✓ src/engines/ReportBuilderEngine.test.ts > ReportBuilderEngine > generateExcelExport > should generate Excel data with headers and rows 0ms
 ✓ src/engines/ReportBuilderEngine.test.ts > ReportBuilderEngine > generateExcelExport > should include column widths 0ms
 ✓ src/engines/ReportBuilderEngine.test.ts > ReportBuilderEngine > generateExcelExport > should include metadata 0ms
 ✓ src/engines/ReportBuilderEngine.test.ts > ReportBuilderEngine > generateExcelExport > should resolve cube data values in cells 0ms
 ✓ src/engines/ReportBuilderEngine.test.ts > ReportBuilderEngine > generateExcelExport > should truncate long sheet names to 31 characters 0ms
 ✓ src/engines/ReportBuilderEngine.test.ts > ReportBuilderEngine > generateCSVExport > should generate valid CSV content 0ms
 ✓ src/engines/ReportBuilderEngine.test.ts > ReportBuilderEngine > generateCSVExport > should have header row as first line 0ms
 ✓ src/engines/ReportBuilderEngine.test.ts > ReportBuilderEngine > generateCSVExport > should escape values containing commas 0ms
 ✓ src/engines/ReportBuilderEngine.test.ts > ReportBuilderEngine > generateCSVExport > should escape values containing quotes 0ms
 ✓ src/engines/ReportBuilderEngine.test.ts > ReportBuilderEngine > generateCSVExport > should sanitize filename 0ms
 ✓ src/engines/ReportBuilderEngine.test.ts > ReportBuilderEngine > generateCSVExport > should use empty string for missing cube data 0ms
 ✓ src/engines/ReportBuilderEngine.test.ts > ReportBuilderEngine > addParameter > should add a parameter to a report 0ms
 ✓ src/engines/ReportBuilderEngine.test.ts > ReportBuilderEngine > addParameter > should throw if parameter ID already exists 0ms
 ✓ src/engines/ReportBuilderEngine.test.ts > ReportBuilderEngine > addParameter > should increment version 0ms
 ✓ src/engines/ReportBuilderEngine.test.ts > ReportBuilderEngine > updateParameterValue > should update parameter value 0ms
 ✓ src/engines/ReportBuilderEngine.test.ts > ReportBuilderEngine > updateParameterValue > should throw if parameter not found 0ms
 ✓ src/engines/ReportBuilderEngine.test.ts > ReportBuilderEngine > removeParameter > should remove a parameter 0ms
 ✓ src/engines/ReportBuilderEngine.test.ts > ReportBuilderEngine > removeParameter > should not affect other parameters 0ms
 ✓ src/engines/ReportBuilderEngine.test.ts > ReportBuilderEngine > getParameters > should return empty array when no parameters 0ms
 ✓ src/engines/ReportBuilderEngine.test.ts > ReportBuilderEngine > getParameters > should return all parameters 0ms
 ✓ src/engines/ReportBuilderEngine.test.ts > ReportBuilderEngine > getSections > should extract sections from income statement layout 1ms
 ✓ src/engines/ReportBuilderEngine.test.ts > ReportBuilderEngine > getSections > should return empty array for empty layout 0ms
 ✓ src/engines/ReportBuilderEngine.test.ts > ReportBuilderEngine > getSections > should have valid start and end indices 1ms
 ✓ src/engines/ReportBuilderEngine.test.ts > ReportBuilderEngine > getSections > should assign unique IDs to sections 0ms
 ✓ src/engines/ReportBuilderEngine.test.ts > ReportBuilderEngine > getSections > should set isCollapsed to false by default 0ms
 ✓ src/engines/ReportBuilderEngine.test.ts > ReportBuilderEngine > exportReport > should dispatch to PDF export 0ms
 ✓ src/engines/ReportBuilderEngine.test.ts > ReportBuilderEngine > exportReport > should dispatch to Excel export 0ms
 ✓ src/engines/ReportBuilderEngine.test.ts > ReportBuilderEngine > exportReport > should dispatch to CSV export 0ms
 ✓ src/engines/ReportBuilderEngine.test.ts > ReportBuilderEngine > template layout validation > should have matching cell counts in all template rows 1ms
 ✓ src/engines/SafeMathParser.test.ts > SafeMathParser > basic arithmetic > should evaluate addition 4ms
 ✓ src/engines/SafeMathParser.test.ts > SafeMathParser > basic arithmetic > should evaluate subtraction 0ms
 ✓ src/engines/SafeMathParser.test.ts > SafeMathParser > basic arithmetic > should evaluate multiplication 0ms
 ✓ src/engines/SafeMathParser.test.ts > SafeMathParser > basic arithmetic > should evaluate division 0ms
 ✓ src/engines/SafeMathParser.test.ts > SafeMathParser > basic arithmetic > should evaluate power 0ms
 ✓ src/engines/SafeMathParser.test.ts > SafeMathParser > basic arithmetic > should evaluate modulo 0ms
 ✓ src/engines/SafeMathParser.test.ts > SafeMathParser > basic arithmetic > should evaluate negative results 0ms
 ✓ src/engines/SafeMathParser.test.ts > SafeMathParser > basic arithmetic > should evaluate zero result 0ms
 ✓ src/engines/SafeMathParser.test.ts > SafeMathParser > operator precedence > should multiply before add 0ms
 ✓ src/engines/SafeMathParser.test.ts > SafeMathParser > operator precedence > should divide before subtract 0ms
 ✓ src/engines/SafeMathParser.test.ts > SafeMathParser > operator precedence > should power before multiply 0ms
 ✓ src/engines/SafeMathParser.test.ts > SafeMathParser > operator precedence > should evaluate left-to-right for same precedence 0ms
 ✓ src/engines/SafeMathParser.test.ts > SafeMathParser > operator precedence > should handle complex precedence 0ms
 ✓ src/engines/SafeMathParser.test.ts > SafeMathParser > operator precedence > should handle power right-associativity 0ms
 ✓ src/engines/SafeMathParser.test.ts > SafeMathParser > parentheses > should evaluate simple parentheses 0ms
 ✓ src/engines/SafeMathParser.test.ts > SafeMathParser > parentheses > should evaluate nested parentheses 0ms
 ✓ src/engines/SafeMathParser.test.ts > SafeMathParser > parentheses > should evaluate deeply nested parentheses 0ms
 ✓ src/engines/SafeMathParser.test.ts > SafeMathParser > parentheses > should handle parentheses changing precedence 0ms
 ✓ src/engines/SafeMathParser.test.ts > SafeMathParser > parentheses > should handle empty parentheses as error 0ms
 ✓ src/engines/SafeMathParser.test.ts > SafeMathParser > unary operators > should handle unary minus 0ms
 ✓ src/engines/SafeMathParser.test.ts > SafeMathParser > unary operators > should handle unary plus 0ms
 ✓ src/engines/SafeMathParser.test.ts > SafeMathParser > unary operators > should handle double negative 0ms
 ✓ src/engines/SafeMathParser.test.ts > SafeMathParser > unary operators > should handle negative in expression 0ms
 ✓ src/engines/SafeMathParser.test.ts > SafeMathParser > unary operators > should handle negative parentheses 0ms
 ✓ src/engines/SafeMathParser.test.ts > SafeMathParser > decimal numbers > should evaluate decimal addition 0ms
 ✓ src/engines/SafeMathParser.test.ts > SafeMathParser > decimal numbers > should evaluate decimal multiplication 0ms
 ✓ src/engines/SafeMathParser.test.ts > SafeMathParser > decimal numbers > should evaluate very small decimals 0ms
 ✓ src/engines/SafeMathParser.test.ts > SafeMathParser > decimal numbers > should handle decimal in parentheses 0ms
 ✓ src/engines/SafeMathParser.test.ts > SafeMathParser > decimal numbers > should handle leading dot 0ms
 ✓ src/engines/SafeMathParser.test.ts > SafeMathParser > scientific notation > should evaluate 1e5 0ms
 ✓ src/engines/SafeMathParser.test.ts > SafeMathParser > scientific notation > should evaluate 2.5e-3 0ms
 ✓ src/engines/SafeMathParser.test.ts > SafeMathParser > scientific notation > should evaluate 1E3+2E2 0ms
 ✓ src/engines/SafeMathParser.test.ts > SafeMathParser > scientific notation > should handle scientific notation in multiplication 0ms
 ✓ src/engines/SafeMathParser.test.ts > SafeMathParser > comparison operators > should evaluate greater than (true) 0ms
 ✓ src/engines/SafeMathParser.test.ts > SafeMathParser > comparison operators > should evaluate greater than (false) 0ms
 ✓ src/engines/SafeMathParser.test.ts > SafeMathParser > comparison operators > should evaluate less than (true) 0ms
 ✓ src/engines/SafeMathParser.test.ts > SafeMathParser > comparison operators > should evaluate less than (false) 0ms
 ✓ src/engines/SafeMathParser.test.ts > SafeMathParser > comparison operators > should evaluate equal (true) 0ms
 ✓ src/engines/SafeMathParser.test.ts > SafeMathParser > comparison operators > should evaluate equal (false) 0ms
 ✓ src/engines/SafeMathParser.test.ts > SafeMathParser > comparison operators > should evaluate greater or equal (true, equal) 0ms
 ✓ src/engines/SafeMathParser.test.ts > SafeMathParser > comparison operators > should evaluate greater or equal (true, greater) 0ms
 ✓ src/engines/SafeMathParser.test.ts > SafeMathParser > comparison operators > should evaluate greater or equal (false) 0ms
 ✓ src/engines/SafeMathParser.test.ts > SafeMathParser > comparison operators > should evaluate less or equal (true) 0ms
 ✓ src/engines/SafeMathParser.test.ts > SafeMathParser > comparison operators > should evaluate less or equal (false) 0ms
 ✓ src/engines/SafeMathParser.test.ts > SafeMathParser > comparison operators > should evaluate not equal (true) 0ms
 ✓ src/engines/SafeMathParser.test.ts > SafeMathParser > comparison operators > should evaluate not equal (false) 0ms
 ✓ src/engines/SafeMathParser.test.ts > SafeMathParser > comparison operators > should handle comparison with arithmetic 0ms
 ✓ src/engines/SafeMathParser.test.ts > SafeMathParser > logical operators > should evaluate AND(true, true) 0ms
 ✓ src/engines/SafeMathParser.test.ts > SafeMathParser > logical operators > should evaluate AND(true, false) 0ms
 ✓ src/engines/SafeMathParser.test.ts > SafeMathParser > logical operators > should evaluate OR(false, true) 0ms
 ✓ src/engines/SafeMathParser.test.ts > SafeMathParser > logical operators > should evaluate OR(false, false) 0ms
 ✓ src/engines/SafeMathParser.test.ts > SafeMathParser > logical operators > should evaluate NOT(0) 0ms
 ✓ src/engines/SafeMathParser.test.ts > SafeMathParser > logical operators > should evaluate NOT(1) 0ms
 ✓ src/engines/SafeMathParser.test.ts > SafeMathParser > math functions > should evaluate ABS(-5) 0ms
 ✓ src/engines/SafeMathParser.test.ts > SafeMathParser > math functions > should evaluate ABS(5) 0ms
 ✓ src/engines/SafeMathParser.test.ts > SafeMathParser > math functions > should evaluate ROUND(3.14159, 2) 0ms
 ✓ src/engines/SafeMathParser.test.ts > SafeMathParser > math functions > should evaluate ROUND(3.5) 0ms
 ✓ src/engines/SafeMathParser.test.ts > SafeMathParser > math functions > should evaluate MIN(3,1,2) 0ms
 ✓ src/engines/SafeMathParser.test.ts > SafeMathParser > math functions > should evaluate MAX(3,1,2) 0ms
 ✓ src/engines/SafeMathParser.test.ts > SafeMathParser > math functions > should evaluate SQRT(16) 0ms
 ✓ src/engines/SafeMathParser.test.ts > SafeMathParser > math functions > should evaluate SQRT(2) 0ms
 ✓ src/engines/SafeMathParser.test.ts > SafeMathParser > math functions > should evaluate POW(2,8) 0ms
 ✓ src/engines/SafeMathParser.test.ts > SafeMathParser > math functions > should evaluate LOG(100) 0ms
 ✓ src/engines/SafeMathParser.test.ts > SafeMathParser > math functions > should evaluate LN(E) 0ms
 ✓ src/engines/SafeMathParser.test.ts > SafeMathParser > math functions > should evaluate EXP(1) 0ms
 ✓ src/engines/SafeMathParser.test.ts > SafeMathParser > math functions > should evaluate CEIL(3.2) 0ms
 ✓ src/engines/SafeMathParser.test.ts > SafeMathParser > math functions > should evaluate FLOOR(3.8) 0ms
 ✓ src/engines/SafeMathParser.test.ts > SafeMathParser > math functions > should evaluate SIGN(-5) 0ms
 ✓ src/engines/SafeMathParser.test.ts > SafeMathParser > math functions > should evaluate SIGN(0) 0ms
 ✓ src/engines/SafeMathParser.test.ts > SafeMathParser > math functions > should evaluate SIGN(5) 0ms
 ✓ src/engines/SafeMathParser.test.ts > SafeMathParser > math functions > should evaluate TRUNC(3.8) 0ms
 ✓ src/engines/SafeMathParser.test.ts > SafeMathParser > math functions > should evaluate TRUNC(-3.8) 0ms
 ✓ src/engines/SafeMathParser.test.ts > SafeMathParser > math functions > should evaluate MOD(10,3) 0ms
 ✓ src/engines/SafeMathParser.test.ts > SafeMathParser > math functions > should evaluate INT(3.8) 0ms
 ✓ src/engines/SafeMathParser.test.ts > SafeMathParser > math functions > should evaluate SUM(1,2,3,4) 0ms
 ✓ src/engines/SafeMathParser.test.ts > SafeMathParser > math functions > should evaluate AVG(2,4,6) 0ms
 ✓ src/engines/SafeMathParser.test.ts > SafeMathParser > math functions > should evaluate AVERAGE(2,4,6) 0ms
 ✓ src/engines/SafeMathParser.test.ts > SafeMathParser > math functions > should evaluate COUNT(1,2,3) 0ms
 ✓ src/engines/SafeMathParser.test.ts > SafeMathParser > math functions > should evaluate IF(1,100,200) 0ms
 ✓ src/engines/SafeMathParser.test.ts > SafeMathParser > math functions > should evaluate IF(0,100,200) 0ms
 ✓ src/engines/SafeMathParser.test.ts > SafeMathParser > math functions > should evaluate nested functions 0ms
 ✓ src/engines/SafeMathParser.test.ts > SafeMathParser > math functions > should evaluate functions with expressions 0ms
 ✓ src/engines/SafeMathParser.test.ts > SafeMathParser > financial functions > should evaluate NPV 0ms
 ✓ src/engines/SafeMathParser.test.ts > SafeMathParser > financial functions > should evaluate CAGR 0ms
 ✓ src/engines/SafeMathParser.test.ts > SafeMathParser > financial functions > should evaluate PMT 0ms
 ✓ src/engines/SafeMathParser.test.ts > SafeMathParser > constants > should evaluate PI 0ms
 ✓ src/engines/SafeMathParser.test.ts > SafeMathParser > constants > should evaluate E 0ms
 ✓ src/engines/SafeMathParser.test.ts > SafeMathParser > constants > should evaluate PI*2 0ms
 ✓ src/engines/SafeMathParser.test.ts > SafeMathParser > constants > should evaluate E^2 0ms
 ✓ src/engines/SafeMathParser.test.ts > SafeMathParser > constants > should evaluate TRUE 0ms
 ✓ src/engines/SafeMathParser.test.ts > SafeMathParser > constants > should evaluate FALSE 0ms
 ✓ src/engines/SafeMathParser.test.ts > SafeMathParser > cell references > should resolve cell reference 0ms
 ✓ src/engines/SafeMathParser.test.ts > SafeMathParser > cell references > should resolve cell reference in expression 0ms
 ✓ src/engines/SafeMathParser.test.ts > SafeMathParser > cell references > should resolve cell reference with multiplication 0ms
 ✓ src/engines/SafeMathParser.test.ts > SafeMathParser > cell references > should resolve multiple cell references 0ms
 ✓ src/engines/SafeMathParser.test.ts > SafeMathParser > cell references > should resolve cell reference with negative 0ms
 ✓ src/engines/SafeMathParser.test.ts > SafeMathParser > cell references > should resolve cell reference with decimal 0ms
 ✓ src/engines/SafeMathParser.test.ts > SafeMathParser > cell references > should handle unknown cell reference as 0 0ms
 ✓ src/engines/SafeMathParser.test.ts > SafeMathParser > cell references > should handle cell ref with function 0ms
 ✓ src/engines/SafeMathParser.test.ts > SafeMathParser > cell references > should handle cell ref in parentheses 0ms
 ✓ src/engines/SafeMathParser.test.ts > SafeMathParser > cell references > should track dependencies 1ms
 ✓ src/engines/SafeMathParser.test.ts > SafeMathParser > cell references > should deduplicate dependencies 1ms
 ✓ src/engines/SafeMathParser.test.ts > SafeMathParser > cell references > should sort dependencies 0ms
 ✓ src/engines/SafeMathParser.test.ts > SafeMathParser > range references > should resolve SUM with range 0ms
 ✓ src/engines/SafeMathParser.test.ts > SafeMathParser > range references > should resolve range in AVG 0ms
 ✓ src/engines/SafeMathParser.test.ts > SafeMathParser > range references > should resolve range in COUNT 0ms
 ✓ src/engines/SafeMathParser.test.ts > SafeMathParser > range references > should resolve range in MIN 0ms
 ✓ src/engines/SafeMathParser.test.ts > SafeMathParser > range references > should resolve range in MAX 0ms
 ✓ src/engines/SafeMathParser.test.ts > SafeMathParser > leading equals sign > should handle = prefix 0ms
 ✓ src/engines/SafeMathParser.test.ts > SafeMathParser > leading equals sign > should handle = prefix with function 0ms
 ✓ src/engines/SafeMathParser.test.ts > SafeMathParser > leading equals sign > should handle = prefix with cell ref 0ms
 ✓ src/engines/SafeMathParser.test.ts > SafeMathParser > string literals > should evaluate string as 0 0ms
 ✓ src/engines/SafeMathParser.test.ts > SafeMathParser > string literals > should handle string in function 0ms
 ✓ src/engines/SafeMathParser.test.ts > SafeMathParser > division by zero > should return 0 for division by zero 0ms
 ✓ src/engines/SafeMathParser.test.ts > SafeMathParser > division by zero > should return 0 for cell ref division by zero 0ms
 ✓ src/engines/SafeMathParser.test.ts > SafeMathParser > error handling > should handle null input 0ms
 ✓ src/engines/SafeMathParser.test.ts > SafeMathParser > error handling > should handle undefined input 0ms
 ✓ src/engines/SafeMathParser.test.ts > SafeMathParser > error handling > should handle empty string 0ms
 ✓ src/engines/SafeMathParser.test.ts > SafeMathParser > error handling > should handle whitespace-only string 0ms
 ✓ src/engines/SafeMathParser.test.ts > SafeMathParser > error handling > should handle non-string input 0ms
 ✓ src/engines/SafeMathParser.test.ts > SafeMathParser > error handling > should handle malformed expression (double operator) 0ms
 ✓ src/engines/SafeMathParser.test.ts > SafeMathParser > error handling > should handle unclosed parentheses 0ms
 ✓ src/engines/SafeMathParser.test.ts > SafeMathParser > error handling > should handle unexpected closing paren 0ms
 ✓ src/engines/SafeMathParser.test.ts > SafeMathParser > error handling > should handle unknown function 0ms
 ✓ src/engines/SafeMathParser.test.ts > SafeMathParser > error handling > should handle trailing operator 0ms
 ✓ src/engines/SafeMathParser.test.ts > SafeMathParser > error handling > should handle leading operator (not unary) 0ms
 ✓ src/engines/SafeMathParser.test.ts > SafeMathParser > error handling > should handle only operator 0ms
 ✓ src/engines/SafeMathParser.test.ts > SafeMathParser > security: injection attempts > should reject eval() injection 0ms
 ✓ src/engines/SafeMathParser.test.ts > SafeMathParser > security: injection attempts > should reject function() injection 0ms
 ✓ src/engines/SafeMathParser.test.ts > SafeMathParser > security: injection attempts > should reject import() injection 0ms
 ✓ src/engines/SafeMathParser.test.ts > SafeMathParser > security: injection attempts > should reject require() injection 0ms
 ✓ src/engines/SafeMathParser.test.ts > SafeMathParser > security: injection attempts > should reject constructor injection 0ms
 ✓ src/engines/SafeMathParser.test.ts > SafeMathParser > security: injection attempts > should reject prototype pollution 0ms
 ✓ src/engines/SafeMathParser.test.ts > SafeMathParser > security: injection attempts > should reject this reference 0ms
 ✓ src/engines/SafeMathParser.test.ts > SafeMathParser > security: injection attempts > should reject global reference 0ms
 ✓ src/engines/SafeMathParser.test.ts > SafeMathParser > security: injection attempts > should reject window reference 0ms
 ✓ src/engines/SafeMathParser.test.ts > SafeMathParser > security: injection attempts > should reject semicolon injection 0ms
 ✓ src/engines/SafeMathParser.test.ts > SafeMathParser > security: injection attempts > should reject backtick injection 0ms
 ✓ src/engines/SafeMathParser.test.ts > SafeMathParser > security: injection attempts > should reject template literal injection 0ms
 ✓ src/engines/SafeMathParser.test.ts > SafeMathParser > security: overflow/DoS protection > should reject extremely long expressions 0ms
 ✓ src/engines/SafeMathParser.test.ts > SafeMathParser > security: overflow/DoS protection > should handle very large numbers 0ms
 ✓ src/engines/SafeMathParser.test.ts > SafeMathParser > security: overflow/DoS protection > should handle Infinity 0ms
 ✓ src/engines/SafeMathParser.test.ts > SafeMathParser > security: overflow/DoS protection > should handle NaN gracefully 0ms
 ✓ src/engines/SafeMathParser.test.ts > SafeMathParser > security: overflow/DoS protection > should handle deep nesting within limits 0ms
 ✓ src/engines/SafeMathParser.test.ts > SafeMathParser > edge cases > should handle single number 0ms
 ✓ src/engines/SafeMathParser.test.ts > SafeMathParser > edge cases > should handle zero 0ms
 ✓ src/engines/SafeMathParser.test.ts > SafeMathParser > edge cases > should handle negative zero 0ms
 ✓ src/engines/SafeMathParser.test.ts > SafeMathParser > edge cases > should handle very precise decimal 0ms
 ✓ src/engines/SafeMathParser.test.ts > SafeMathParser > edge cases > should handle 1 0ms
 ✓ src/engines/SafeMathParser.test.ts > SafeMathParser > edge cases > should handle expression with spaces 0ms
 ✓ src/engines/SafeMathParser.test.ts > SafeMathParser > edge cases > should handle mixed case function 0ms
 ✓ src/engines/SafeMathParser.test.ts > SafeMathParser > edge cases > should handle mixed case constant 0ms
 ✓ src/engines/SafeMathParser.test.ts > SafeMathParser > edge cases > should handle multiple operations 0ms
 ✓ src/engines/SafeMathParser.test.ts > SafeMathParser > edge cases > should handle function with no args 0ms
 ✓ src/engines/SafeMathParser.test.ts > SafeMathParser > edge cases > should handle function with single arg 0ms
 ✓ src/engines/SafeMathParser.test.ts > SafeMathParser > edge cases > should handle function with many args 0ms
 ✓ src/engines/SafeMathParser.test.ts > SafeMathParser > edge cases > should handle nested function calls 0ms
 ✓ src/engines/SafeMathParser.test.ts > SafeMathParser > edge cases > should handle function in arithmetic 0ms
 ✓ src/engines/SafeMathParser.test.ts > SafeMathParser > edge cases > should handle arithmetic in function args 0ms
 ✓ src/engines/SafeMathParser.test.ts > SafeMathParser > validate > should validate correct expression 0ms
 ✓ src/engines/SafeMathParser.test.ts > SafeMathParser > validate > should invalidate malformed expression 0ms
 ✓ src/engines/SafeMathParser.test.ts > SafeMathParser > validate > should validate empty string 0ms
 ✓ src/engines/SafeMathParser.test.ts > SafeMathParser > validate > should validate function call 0ms
 ✓ src/engines/SafeMathParser.test.ts > SafeMathParser > getDependencies > should return empty for literal-only 0ms
 ✓ src/engines/SafeMathParser.test.ts > SafeMathParser > getDependencies > should return cell refs 1ms
 ✓ src/engines/SafeMathParser.test.ts > SafeMathParser > getDependencies > should deduplicate refs 1ms
 ✓ src/engines/SafeMathParser.test.ts > SafeMathParser > getDependencies > should handle empty formula 0ms
 ✓ src/engines/SafeMathParser.test.ts > SafeMathParser > singleton instance > should work via singleton 0ms
 ✓ src/engines/SafeMathParser.test.ts > SafeMathParser > complex expressions > should evaluate complex financial formula 0ms
 ✓ src/engines/SafeMathParser.test.ts > SafeMathParser > complex expressions > should evaluate compound expression 0ms
 ✓ src/engines/SafeMathParser.test.ts > SafeMathParser > complex expressions > should evaluate expression with all operator types 0ms
 ✓ src/engines/SafeMathParser.test.ts > SafeMathParser > complex expressions > should evaluate IF with comparison 0ms
 ✓ src/engines/SafeMathParser.test.ts > SafeMathParser > complex expressions > should handle mixed operations 0ms
 ✓ src/engines/SafeMathParser.test.ts > SafeMathParser > new math & trig functions > ACOS 0ms
 ✓ src/engines/SafeMathParser.test.ts > SafeMathParser > new math & trig functions > ASIN 0ms
 ✓ src/engines/SafeMathParser.test.ts > SafeMathParser > new math & trig functions > ATAN 0ms
 ✓ src/engines/SafeMathParser.test.ts > SafeMathParser > new math & trig functions > ATAN2 0ms
 ✓ src/engines/SafeMathParser.test.ts > SafeMathParser > new math & trig functions > COS 0ms
 ✓ src/engines/SafeMathParser.test.ts > SafeMathParser > new math & trig functions > SIN 0ms
 ✓ src/engines/SafeMathParser.test.ts > SafeMathParser > new math & trig functions > TAN 0ms
 ✓ src/engines/SafeMathParser.test.ts > SafeMathParser > new math & trig functions > COSH 0ms
 ✓ src/engines/SafeMathParser.test.ts > SafeMathParser > new math & trig functions > SINH 0ms
 ✓ src/engines/SafeMathParser.test.ts > SafeMathParser > new math & trig functions > TANH 0ms
 ✓ src/engines/SafeMathParser.test.ts > SafeMathParser > new math & trig functions > RADIANS 0ms
 ✓ src/engines/SafeMathParser.test.ts > SafeMathParser > new math & trig functions > DEGREES 0ms
 ✓ src/engines/SafeMathParser.test.ts > SafeMathParser > new math & trig functions > FACTORIAL 0ms
 ✓ src/engines/SafeMathParser.test.ts > SafeMathParser > new math & trig functions > COMBIN 0ms
 ✓ src/engines/SafeMathParser.test.ts > SafeMathParser > new math & trig functions > PERMUT 0ms
 ✓ src/engines/SafeMathParser.test.ts > SafeMathParser > new math & trig functions > GCD 0ms
 ✓ src/engines/SafeMathParser.test.ts > SafeMathParser > new math & trig functions > LCM 0ms
 ✓ src/engines/SafeMathParser.test.ts > SafeMathParser > new math & trig functions > QUOTIENT 0ms
 ✓ src/engines/SafeMathParser.test.ts > SafeMathParser > new math & trig functions > POWER 0ms
 ✓ src/engines/SafeMathParser.test.ts > SafeMathParser > new math & trig functions > SQRTPI 0ms
 ✓ src/engines/SafeMathParser.test.ts > SafeMathParser > new math & trig functions > SUMSQ 0ms
 ✓ src/engines/SafeMathParser.test.ts > SafeMathParser > new math & trig functions > EVEN 0ms
 ✓ src/engines/SafeMathParser.test.ts > SafeMathParser > new math & trig functions > ODD 0ms
 ✓ src/engines/SafeMathParser.test.ts > SafeMathParser > new math & trig functions > ISEVEN 0ms
 ✓ src/engines/SafeMathParser.test.ts > SafeMathParser > new math & trig functions > ISODD 0ms
 ✓ src/engines/SafeMathParser.test.ts > SafeMathParser > new math & trig functions > SEC 0ms
 ✓ src/engines/SafeMathParser.test.ts > SafeMathParser > new math & trig functions > CSC 0ms
 ✓ src/engines/SafeMathParser.test.ts > SafeMathParser > new math & trig functions > HYPOT 0ms
 ✓ src/engines/SafeMathParser.test.ts > SafeMathParser > new math & trig functions > LOG2 0ms
 ✓ src/engines/SafeMathParser.test.ts > SafeMathParser > new math & trig functions > LOG10 0ms
 ✓ src/engines/SafeMathParser.test.ts > SafeMathParser > new math & trig functions > CBRT 0ms
 ✓ src/engines/SafeMathParser.test.ts > SafeMathParser > new math & trig functions > CLAMP 0ms
 ✓ src/engines/SafeMathParser.test.ts > SafeMathParser > new math & trig functions > LERP 0ms
 ✓ src/engines/SafeMathParser.test.ts > SafeMathParser > new math & trig functions > REMAP 0ms
 ✓ src/engines/SafeMathParser.test.ts > SafeMathParser > new math & trig functions > FLOOR_PRECISE 0ms
 ✓ src/engines/SafeMathParser.test.ts > SafeMathParser > new math & trig functions > CEILING_PRECISE 0ms
 ✓ src/engines/SafeMathParser.test.ts > SafeMathParser > new math & trig functions > MROUND 0ms
 ✓ src/engines/SafeMathParser.test.ts > SafeMathParser > new math & trig functions > SIGNUM 0ms
 ✓ src/engines/SafeMathParser.test.ts > SafeMathParser > new math & trig functions > NEAREST 0ms
 ✓ src/engines/SafeMathParser.test.ts > SafeMathParser > new math & trig functions > RECIPROCAL 0ms
 ✓ src/engines/SafeMathParser.test.ts > SafeMathParser > new math & trig functions > ISPRIME 0ms
 ✓ src/engines/SafeMathParser.test.ts > SafeMathParser > new math & trig functions > ISPRIME(4) 0ms
 ✓ src/engines/SafeMathParser.test.ts > SafeMathParser > new math & trig functions > FACTORIAL2 0ms
 ✓ src/engines/SafeMathParser.test.ts > SafeMathParser > new math & trig functions > FIBONACCI 0ms
 ✓ src/engines/SafeMathParser.test.ts > SafeMathParser > new math & trig functions > PRODUCT 0ms
 ✓ src/engines/SafeMathParser.test.ts > SafeMathParser > new math & trig functions > DELTA 0ms
 ✓ src/engines/SafeMathParser.test.ts > SafeMathParser > new math & trig functions > GESTEP 0ms
 ✓ src/engines/SafeMathParser.test.ts > SafeMathParser > new math & trig functions > ABS_DIFF 0ms
 ✓ src/engines/SafeMathParser.test.ts > SafeMathParser > new math & trig functions > PERCENT_OF 0ms
 ✓ src/engines/SafeMathParser.test.ts > SafeMathParser > new math & trig functions > CHANGE_PCT 0ms
 ✓ src/engines/SafeMathParser.test.ts > SafeMathParser > new math & trig functions > STANDARDIZE 0ms
 ✓ src/engines/SafeMathParser.test.ts > SafeMathParser > new math & trig functions > DEVSQ 0ms
 ✓ src/engines/SafeMathParser.test.ts > SafeMathParser > new math & trig functions > ROUNDUP 0ms
 ✓ src/engines/SafeMathParser.test.ts > SafeMathParser > new math & trig functions > ROUNDDOWN 0ms
 ✓ src/engines/SafeMathParser.test.ts > SafeMathParser > new math & trig functions > FRACT 0ms
 ✓ src/engines/SafeMathParser.test.ts > SafeMathParser > new math & trig functions > KURT 0ms
 ✓ src/engines/SafeMathParser.test.ts > SafeMathParser > new math & trig functions > SKEW 0ms
 ✓ src/engines/SafeMathParser.test.ts > SafeMathParser > new statistical functions > MEDIAN 0ms
 ✓ src/engines/SafeMathParser.test.ts > SafeMathParser > new statistical functions > MODE 0ms
 ✓ src/engines/SafeMathParser.test.ts > SafeMathParser > new statistical functions > STDEV 0ms
 ✓ src/engines/SafeMathParser.test.ts > SafeMathParser > new statistical functions > STDEVP 0ms
 ✓ src/engines/SafeMathParser.test.ts > SafeMathParser > new statistical functions > VAR 0ms
 ✓ src/engines/SafeMathParser.test.ts > SafeMathParser > new statistical functions > VARP 0ms
 ✓ src/engines/SafeMathParser.test.ts > SafeMathParser > new statistical functions > PERCENTILE 0ms
 ✓ src/engines/SafeMathParser.test.ts > SafeMathParser > new statistical functions > QUARTILE 0ms
 ✓ src/engines/SafeMathParser.test.ts > SafeMathParser > new statistical functions > RANK 0ms
 ✓ src/engines/SafeMathParser.test.ts > SafeMathParser > new statistical functions > CORREL 0ms
 ✓ src/engines/SafeMathParser.test.ts > SafeMathParser > new statistical functions > COVARIANCE 0ms
 ✓ src/engines/SafeMathParser.test.ts > SafeMathParser > new statistical functions > AVEDEV 0ms
 ✓ src/engines/SafeMathParser.test.ts > SafeMathParser > new statistical functions > GEOMEAN 0ms
 ✓ src/engines/SafeMathParser.test.ts > SafeMathParser > new statistical functions > HARMEAN 0ms
 ✓ src/engines/SafeMathParser.test.ts > SafeMathParser > new statistical functions > LARGE 0ms
 ✓ src/engines/SafeMathParser.test.ts > SafeMathParser > new statistical functions > SMALL 0ms
 ✓ src/engines/SafeMathParser.test.ts > SafeMathParser > new statistical functions > SLOPE 0ms
 ✓ src/engines/SafeMathParser.test.ts > SafeMathParser > new statistical functions > INTERCEPT 0ms
 ✓ src/engines/SafeMathParser.test.ts > SafeMathParser > new statistical functions > RSQ 0ms
 ✓ src/engines/SafeMathParser.test.ts > SafeMathParser > new statistical functions > NORMDIST 0ms
 ✓ src/engines/SafeMathParser.test.ts > SafeMathParser > new statistical functions > NORMSDIST 0ms
 ✓ src/engines/SafeMathParser.test.ts > SafeMathParser > new statistical functions > PERCENTRANK 0ms
 ✓ src/engines/SafeMathParser.test.ts > SafeMathParser > new statistical functions > STEYX 0ms
 ✓ src/engines/SafeMathParser.test.ts > SafeMathParser > new statistical functions > PERCENTILE_INC 0ms
 ✓ src/engines/SafeMathParser.test.ts > SafeMathParser > new statistical functions > PERCENTILE_EXC 0ms
 ✓ src/engines/SafeMathParser.test.ts > SafeMathParser > new statistical functions > QUARTILE_INC 0ms
 ✓ src/engines/SafeMathParser.test.ts > SafeMathParser > new statistical functions > QUARTILE_EXC 0ms
 ✓ src/engines/SafeMathParser.test.ts > SafeMathParser > new statistical functions > RANK_EQ 0ms
 ✓ src/engines/SafeMathParser.test.ts > SafeMathParser > new statistical functions > RANK_AVG 0ms
 ✓ src/engines/SafeMathParser.test.ts > SafeMathParser > new statistical functions > SUMXMY2 0ms
 ✓ src/engines/SafeMathParser.test.ts > SafeMathParser > new statistical functions > SUMX2MY2 0ms
 ✓ src/engines/SafeMathParser.test.ts > SafeMathParser > new statistical functions > SUMX2PY2 0ms
 ✓ src/engines/SafeMathParser.test.ts > SafeMathParser > new financial functions > MIRR 0ms
 ✓ src/engines/SafeMathParser.test.ts > SafeMathParser > new financial functions > SLN 0ms
 ✓ src/engines/SafeMathParser.test.ts > SafeMathParser > new financial functions > SYD 0ms
 ✓ src/engines/SafeMathParser.test.ts > SafeMathParser > new financial functions > DPO 0ms
 ✓ src/engines/SafeMathParser.test.ts > SafeMathParser > new financial functions > DSO 0ms
 ✓ src/engines/SafeMathParser.test.ts > SafeMathParser > new financial functions > DSI 0ms
 ✓ src/engines/SafeMathParser.test.ts > SafeMathParser > new financial functions > CURRENT_RATIO 0ms
 ✓ src/engines/SafeMathParser.test.ts > SafeMathParser > new financial functions > QUICK_RATIO 0ms
 ✓ src/engines/SafeMathParser.test.ts > SafeMathParser > new financial functions > DEBT_TO_EQUITY 0ms
 ✓ src/engines/SafeMathParser.test.ts > SafeMathParser > new financial functions > INTEREST_COVERAGE 0ms
 ✓ src/engines/SafeMathParser.test.ts > SafeMathParser > new financial functions > ROE 0ms
 ✓ src/engines/SafeMathParser.test.ts > SafeMathParser > new financial functions > ROA 0ms
 ✓ src/engines/SafeMathParser.test.ts > SafeMathParser > new financial functions > ROIC 0ms
 ✓ src/engines/SafeMathParser.test.ts > SafeMathParser > new financial functions > GROSS_MARGIN 0ms
 ✓ src/engines/SafeMathParser.test.ts > SafeMathParser > new financial functions > NET_MARGIN 0ms
 ✓ src/engines/SafeMathParser.test.ts > SafeMathParser > new financial functions > EBITDA_MARGIN 0ms
 ✓ src/engines/SafeMathParser.test.ts > SafeMathParser > new financial functions > OPERATING_MARGIN 0ms
 ✓ src/engines/SafeMathParser.test.ts > SafeMathParser > new financial functions > EBITDA 0ms
 ✓ src/engines/SafeMathParser.test.ts > SafeMathParser > new financial functions > EBIT 0ms
 ✓ src/engines/SafeMathParser.test.ts > SafeMathParser > new financial functions > NOPAT 0ms
 ✓ src/engines/SafeMathParser.test.ts > SafeMathParser > new financial functions > FCFF 0ms
 ✓ src/engines/SafeMathParser.test.ts > SafeMathParser > new financial functions > FCFE 0ms
 ✓ src/engines/SafeMathParser.test.ts > SafeMathParser > new financial functions > WACC 0ms
 ✓ src/engines/SafeMathParser.test.ts > SafeMathParser > new financial functions > ALLOCATE 0ms
 ✓ src/engines/SafeMathParser.test.ts > SafeMathParser > new financial functions > SPREAD 0ms
 ✓ src/engines/SafeMathParser.test.ts > SafeMathParser > new financial functions > YOY 0ms
 ✓ src/engines/SafeMathParser.test.ts > SafeMathParser > new financial functions > MOM 0ms
 ✓ src/engines/SafeMathParser.test.ts > SafeMathParser > new financial functions > CONVERT_CURRENCY 0ms
 ✓ src/engines/SafeMathParser.test.ts > SafeMathParser > new financial functions > ELIMINATE 0ms
 ✓ src/engines/SafeMathParser.test.ts > SafeMathParser > new financial functions > FX_GAIN_LOSS 0ms
 ✓ src/engines/SafeMathParser.test.ts > SafeMathParser > new financial functions > PRICE 0ms
 ✓ src/engines/SafeMathParser.test.ts > SafeMathParser > new financial functions > DURATION 0ms
 ✓ src/engines/SafeMathParser.test.ts > SafeMathParser > new financial functions > NOMINAL 0ms
 ✓ src/engines/SafeMathParser.test.ts > SafeMathParser > new financial functions > EFFECT 0ms
 ✓ src/engines/SafeMathParser.test.ts > SafeMathParser > new financial functions > DISCOUNTPAYBACK 0ms
 ✓ src/engines/SafeMathParser.test.ts > SafeMathParser > new financial functions > PROFITABILITYINDEX 0ms
 ✓ src/engines/SafeMathParser.test.ts > SafeMathParser > new financial functions > RATE 0ms
 ✓ src/engines/SafeMathParser.test.ts > SafeMathParser > new financial functions > NPER 0ms
 ✓ src/engines/SafeMathParser.test.ts > SafeMathParser > new financial functions > RRI 0ms
 ✓ src/engines/SafeMathParser.test.ts > SafeMathParser > new financial functions > PDURATION 0ms
 ✓ src/engines/SafeMathParser.test.ts > SafeMathParser > new financial functions > ISPMT 0ms
 ✓ src/engines/SafeMathParser.test.ts > SafeMathParser > new logical functions > IFS 0ms
 ✓ src/engines/SafeMathParser.test.ts > SafeMathParser > new logical functions > SWITCH 0ms
 ✓ src/engines/SafeMathParser.test.ts > SafeMathParser > new logical functions > CHOOSE 0ms
 ✓ src/engines/SafeMathParser.test.ts > SafeMathParser > new logical functions > BETWEEN 0ms
 ✓ src/engines/SafeMathParser.test.ts > SafeMathParser > new logical functions > COALESCE 0ms
 ✓ src/engines/SafeMathParser.test.ts > SafeMathParser > new logical functions > ISBLANK 0ms
 ✓ src/engines/SafeMathParser.test.ts > SafeMathParser > new logical functions > ISNUMBER 0ms
 ✓ src/engines/SafeMathParser.test.ts > SafeMathParser > new logical functions > ISERROR 0ms
 ✓ src/engines/SafeMathParser.test.ts > SafeMathParser > new logical functions > ISNA 0ms
 ✓ src/engines/SafeMathParser.test.ts > SafeMathParser > new logical functions > XOR 0ms
 ✓ src/engines/SafeMathParser.test.ts > SafeMathParser > new logical functions > N 0ms
 ✓ src/engines/SafeMathParser.test.ts > SafeMathParser > new logical functions > IFERROR 0ms
 ✓ src/engines/SafeMathParser.test.ts > SafeMathParser > new logical functions > IFNA 0ms
 ✓ src/engines/SafeMathParser.test.ts > SafeMathParser > text functions > LEN on number 0ms
 ✓ src/engines/SafeMathParser.test.ts > SafeMathParser > text functions > CHAR 0ms
 ✓ src/engines/SafeMathParser.test.ts > SafeMathParser > text functions > DOLLAR 0ms
 ✓ src/engines/SafeMathParser.test.ts > SafeMathParser > text functions > FIXED 0ms
 ✓ src/engines/SafeMathParser.test.ts > SafeMathParser > date functions > NOW returns timestamp 0ms
 ✓ src/engines/SafeMathParser.test.ts > SafeMathParser > date functions > TODAY returns date 0ms
 ✓ src/engines/SafeMathParser.test.ts > SafeMathParser > date functions > YEAR from NOW 0ms
 ✓ src/engines/SafeMathParser.test.ts > SafeMathParser > date functions > MONTH from NOW 0ms
 ✓ src/engines/SafeMathParser.test.ts > SafeMathParser > date functions > DAY from NOW 0ms
 ✓ src/engines/SafeMathParser.test.ts > SafeMathParser > date functions > HOUR from NOW 0ms
 ✓ src/engines/SafeMathParser.test.ts > SafeMathParser > date functions > MINUTE from NOW 0ms
 ✓ src/engines/SafeMathParser.test.ts > SafeMathParser > date functions > SECOND from NOW 0ms
 ✓ src/engines/SafeMathParser.test.ts > SafeMathParser > date functions > WEEKDAY from NOW 0ms
 ✓ src/engines/SafeMathParser.test.ts > SafeMathParser > date functions > WEEKNUM from NOW 0ms
 ✓ src/engines/SafeMathParser.test.ts > SafeMathParser > date functions > ISOWEEKNUM from NOW 0ms
 ✓ src/engines/SafeMathParser.test.ts > SafeMathParser > date functions > QUARTER_FN from NOW 0ms
 ✓ src/engines/SafeMathParser.test.ts > SafeMathParser > date functions > MONTH_END from NOW 0ms
 ✓ src/engines/SafeMathParser.test.ts > SafeMathParser > date functions > DAYS_FN 0ms
 ✓ src/engines/SafeMathParser.test.ts > SafeMathParser > date functions > NETWORKDAYS 0ms
 ✓ src/engines/SafeMathParser.test.ts > SafeMathParser > date functions > WORKDAY 0ms
 ✓ src/engines/SafeMathParser.test.ts > SafeMathParser > date functions > FISCAL_YEAR from NOW 0ms
 ✓ src/engines/SafeMathParser.test.ts > SafeMathParser > date functions > FISCAL_QUARTER from NOW 0ms
 ✓ src/engines/SafeMathParser.test.ts > SafeMathParser > new lookup functions > INDEX 0ms
 ✓ src/engines/SafeMathParser.test.ts > SafeMathParser > new lookup functions > MATCH 0ms
 ✓ src/engines/SafeMathParser.test.ts > SafeMathParser > new lookup functions > CHOOSE_LOOKUP 0ms
 ✓ src/engines/SafeMathParser.test.ts > SafeMathParser > new lookup functions > IFERROR 0ms
 ✓ src/engines/SafeMathParser.test.ts > SafeMathParser > new lookup functions > IFNA 0ms
 ✓ src/engines/SafeMathParser.test.ts > SafeMathParser > constants > PI 0ms
 ✓ src/engines/SafeMathParser.test.ts > SafeMathParser > constants > E 0ms
 ✓ src/engines/SafeMathParser.test.ts > SafeMathParser > constants > TRUE 0ms
 ✓ src/engines/SafeMathParser.test.ts > SafeMathParser > constants > FALSE 0ms
(node:4820) ExperimentalWarning: localStorage is not available because --localstorage-file was not provided.
(Use `node --trace-warnings ...` to show where the warning was created)
(node:4820) ExperimentalWarning: localStorage is not available because --localstorage-file was not provided.
(Use `node --trace-warnings ...` to show where the warning was created)
 ✓ src/engines/ConsolidationEngine.integration.test.ts > ConsolidationEngine + CubeEngine Integration > cube data feeds consolidation > should consolidate data from cube cells 5ms
 ✓ src/engines/ConsolidationEngine.integration.test.ts > ConsolidationEngine + CubeEngine Integration > cube data feeds consolidation > should write consolidated results back to cube 1ms
 ✓ src/engines/ConsolidationEngine.integration.test.ts > ConsolidationEngine + CubeEngine Integration > cube data feeds consolidation > should aggregate across entities using cube 1ms
 ✓ src/engines/ConsolidationEngine.integration.test.ts > ConsolidationEngine + CubeEngine Integration > cube data feeds consolidation > should query consolidated data with cube dimensions 1ms
 ✓ src/engines/ConsolidationEngine.integration.test.ts > ConsolidationEngine + CubeEngine Integration > IC elimination with cube > should eliminate IC entries stored in cube 2ms
 ✓ src/engines/ConsolidationEngine.integration.test.ts > ConsolidationEngine + CubeEngine Integration > IC elimination with cube > should track IC balances in cube after consolidation 0ms
 ✓ src/engines/ConsolidationEngine.integration.test.ts > ConsolidationEngine + CubeEngine Integration > minority interest with cube > should store minority interest in cube 1ms
 ✓ src/engines/ConsolidationEngine.integration.test.ts > ConsolidationEngine + CubeEngine Integration > scenario comparison > should consolidate actual vs budget scenarios 1ms
 ✓ src/engines/ConsolidationEngine.integration.test.ts > ConsolidationEngine + CubeEngine Integration > snapshot integration > should snapshot before and after consolidation 1ms
 ✓ src/engines/ConsolidationEngine.integration.test.ts > ConsolidationEngine + CubeEngine Integration > multi-subsidiary consolidation > should consolidate parent + 2 subsidiaries from cube 1ms
 ✓ src/engines/ConsolidationEngine.integration.test.ts > ConsolidationEngine + CubeEngine Integration > FX translation with cube > should translate foreign entity data and consolidate 1ms
 ✓ src/engines/ConsolidationEngine.integration.test.ts > ConsolidationEngine + CubeEngine Integration > cube aggregation post-consolidation > should aggregate consolidated entries by account hierarchy 1ms
 ✓ src/engines/ConsolidationEngine.integration.test.ts > ConsolidationEngine + CubeEngine Integration > error handling > should handle empty cube gracefully 0ms
 ✓ src/engines/ConsolidationEngine.integration.test.ts > ConsolidationEngine + CubeEngine Integration > error handling > should handle missing cube cells 0ms
 ✓ src/engines/ConsolidationEngine.integration.test.ts > ConsolidationEngine + CubeEngine Integration > error handling > should handle non-existent entity in cube 0ms
 ✓ src/engines/ConsolidationEngine.integration.test.ts > ConsolidationEngine + CubeEngine Integration > error handling > should handle consolidation with no IC pairs 0ms
 ✓ src/engines/ConsolidationEngine.integration.test.ts > ConsolidationEngine + CubeEngine Integration > validation integration > should validate consolidated data stored in cube 1ms
 ✓ src/engines/ConsolidationEngine.integration.test.ts > ConsolidationEngine + CubeEngine Integration > validation integration > should detect and report imbalanced consolidation in cube 0ms
 ✓ src/engines/ConsolidationEngine.integration.test.ts > ConsolidationEngine + CubeEngine Integration > end-to-end consolidation workflow > should complete full consolidation workflow with cube 1ms
(node:4820) ExperimentalWarning: localStorage is not available because --localstorage-file was not provided.
(Use `node --trace-warnings ...` to show where the warning was created)
(node:4820) ExperimentalWarning: localStorage is not available because --localstorage-file was not provided.
(Use `node --trace-warnings ...` to show where the warning was created)
 ✓ src/engines/VersionControlEngine.test.ts > VersionControlEngine > Branching > should create a root branch 4ms
 ✓ src/engines/VersionControlEngine.test.ts > VersionControlEngine > Branching > should create a child branch from a parent 1ms
 ✓ src/engines/VersionControlEngine.test.ts > VersionControlEngine > Branching > should reject empty branch names 1ms
 ✓ src/engines/VersionControlEngine.test.ts > VersionControlEngine > Branching > should reject duplicate branch names 1ms
 ✓ src/engines/VersionControlEngine.test.ts > VersionControlEngine > Branching > should reject non-existent parent branch 0ms
 ✓ src/engines/VersionControlEngine.test.ts > VersionControlEngine > Branching > should clone parent snapshot to child branch 2ms
 ✓ src/engines/VersionControlEngine.test.ts > VersionControlEngine > Branching > should list all branches 1ms
 ✓ src/engines/VersionControlEngine.test.ts > VersionControlEngine > Branching > should get branch by id 0ms
 ✓ src/engines/VersionControlEngine.test.ts > VersionControlEngine > Branching > should get branch by name 0ms
 ✓ src/engines/VersionControlEngine.test.ts > VersionControlEngine > Branching > should return undefined for non-existent branch 0ms
 ✓ src/engines/VersionControlEngine.test.ts > VersionControlEngine > Branching > should count branches 0ms
 ✓ src/engines/VersionControlEngine.test.ts > VersionControlEngine > Branching > should delete a branch 1ms
 ✓ src/engines/VersionControlEngine.test.ts > VersionControlEngine > Branching > should not delete a branch with children 1ms
 ✓ src/engines/VersionControlEngine.test.ts > VersionControlEngine > Branching > should return false when deleting non-existent branch 0ms
 ✓ src/engines/VersionControlEngine.test.ts > VersionControlEngine > Commits > should create a commit 1ms
 ✓ src/engines/VersionControlEngine.test.ts > VersionControlEngine > Commits > should chain commits with parent references 0ms
 ✓ src/engines/VersionControlEngine.test.ts > VersionControlEngine > Commits > should reject empty commit message 0ms
 ✓ src/engines/VersionControlEngine.test.ts > VersionControlEngine > Commits > should reject commit with no changes 0ms
 ✓ src/engines/VersionControlEngine.test.ts > VersionControlEngine > Commits > should reject commit on non-existent branch 0ms
 ✓ src/engines/VersionControlEngine.test.ts > VersionControlEngine > Commits > should update branch snapshot after commit 0ms
 ✓ src/engines/VersionControlEngine.test.ts > VersionControlEngine > Commits > should accumulate changes across commits 0ms
 ✓ src/engines/VersionControlEngine.test.ts > VersionControlEngine > Commits > should handle null (deletion) values 0ms
 ✓ src/engines/VersionControlEngine.test.ts > VersionControlEngine > Commits > should get commit by id 0ms
 ✓ src/engines/VersionControlEngine.test.ts > VersionControlEngine > Commits > should get all commits on a branch in order 0ms
 ✓ src/engines/VersionControlEngine.test.ts > VersionControlEngine > Commits > should count commits 0ms
 ✓ src/engines/VersionControlEngine.test.ts > VersionControlEngine > Commits > should handle multiple cell changes in a single commit 0ms
 ✓ src/engines/VersionControlEngine.test.ts > VersionControlEngine > Diff > should show no changes between identical branches 0ms
 ✓ src/engines/VersionControlEngine.test.ts > VersionControlEngine > Diff > should detect cell additions in one branch 0ms
 ✓ src/engines/VersionControlEngine.test.ts > VersionControlEngine > Diff > should detect cell modifications 0ms
 ✓ src/engines/VersionControlEngine.test.ts > VersionControlEngine > Diff > should detect cell deletions 0ms
 ✓ src/engines/VersionControlEngine.test.ts > VersionControlEngine > Diff > should diff between two commits 0ms
 ✓ src/engines/VersionControlEngine.test.ts > VersionControlEngine > Diff > should throw for non-existent branches in diff 0ms
 ✓ src/engines/VersionControlEngine.test.ts > VersionControlEngine > Diff > should throw for non-existent commits in diffCommits 0ms
 ✓ src/engines/VersionControlEngine.test.ts > VersionControlEngine > Diff > should detect multiple changes across branches 0ms
 ✓ src/engines/VersionControlEngine.test.ts > VersionControlEngine > Merge > should auto-merge when no conflicts 1ms
 ✓ src/engines/VersionControlEngine.test.ts > VersionControlEngine > Merge > should detect conflicts when same cell changed differently 0ms
 ✓ src/engines/VersionControlEngine.test.ts > VersionControlEngine > Merge > should auto-merge non-overlapping changes 0ms
 ✓ src/engines/VersionControlEngine.test.ts > VersionControlEngine > Merge > should reject merge with non-existent source branch 0ms
 ✓ src/engines/VersionControlEngine.test.ts > VersionControlEngine > Merge > should reject merge with non-existent target branch 0ms
 ✓ src/engines/VersionControlEngine.test.ts > VersionControlEngine > Merge > should report no changes when merging identical branches 0ms
 ✓ src/engines/VersionControlEngine.test.ts > VersionControlEngine > Merge > should detect conflict when both branches add to same cell 0ms
 ✓ src/engines/VersionControlEngine.test.ts > VersionControlEngine > Merge > should handle merge when one branch deletes and other modifies 0ms
 ✓ src/engines/VersionControlEngine.test.ts > VersionControlEngine > Merge > should auto-merge when source changed but target did not 0ms
 ✓ src/engines/VersionControlEngine.test.ts > VersionControlEngine > Merge > should update target snapshot after successful merge 0ms
 ✓ src/engines/VersionControlEngine.test.ts > VersionControlEngine > Conflict Resolution > should resolve conflicts with mergeWithResolutions 0ms
 ✓ src/engines/VersionControlEngine.test.ts > VersionControlEngine > Conflict Resolution > should throw if resolution missing for a conflict 0ms
 ✓ src/engines/VersionControlEngine.test.ts > VersionControlEngine > Conflict Resolution > should apply resolved value to target branch snapshot 0ms
 ✓ src/engines/VersionControlEngine.test.ts > VersionControlEngine > Conflict Detection > should detect no conflicts between unrelated branches 0ms
 ✓ src/engines/VersionControlEngine.test.ts > VersionControlEngine > Conflict Detection > should detect conflicts at cell granularity 0ms
 ✓ src/engines/VersionControlEngine.test.ts > VersionControlEngine > Conflict Detection > should include base value in conflict report 0ms
 ✓ src/engines/VersionControlEngine.test.ts > VersionControlEngine > History > should return full timeline for a branch 0ms
 ✓ src/engines/VersionControlEngine.test.ts > VersionControlEngine > History > should return empty timeline for branch with no commits 0ms
 ✓ src/engines/VersionControlEngine.test.ts > VersionControlEngine > History > should return cell-specific history 0ms
 ✓ src/engines/VersionControlEngine.test.ts > VersionControlEngine > History > should isolate history between branches 1ms
 ✓ src/engines/VersionControlEngine.test.ts > VersionControlEngine > Serialization > should serialize and deserialize state 1ms
 ✓ src/engines/VersionControlEngine.test.ts > VersionControlEngine > Serialization > should preserve branch relationships after deserialization 0ms
 ✓ src/engines/VersionControlEngine.test.ts > VersionControlEngine > Serialization > should preserve commit order after deserialization 0ms
 ✓ src/engines/VersionControlEngine.test.ts > VersionControlEngine > Serialization > should preserve snapshot data after deserialization 0ms
 ✓ src/engines/VersionControlEngine.test.ts > VersionControlEngine > Serialization > should handle empty engine serialization 0ms
 ✓ src/engines/VersionControlEngine.test.ts > VersionControlEngine > Snapshot Access > should read cell value from branch snapshot 0ms
 ✓ src/engines/VersionControlEngine.test.ts > VersionControlEngine > Snapshot Access > should return null for non-existent cell 0ms
 ✓ src/engines/VersionControlEngine.test.ts > VersionControlEngine > Snapshot Access > should return deep clone of commit snapshot 0ms
 ✓ src/engines/VersionControlEngine.test.ts > VersionControlEngine > Snapshot Access > should return undefined for non-existent commit snapshot 0ms
 ✓ src/engines/VersionControlEngine.test.ts > VersionControlEngine > Edge Cases > should handle boolean cell values 0ms
 ✓ src/engines/VersionControlEngine.test.ts > VersionControlEngine > Edge Cases > should handle string cell values 0ms
 ✓ src/engines/VersionControlEngine.test.ts > VersionControlEngine > Edge Cases > should handle zero as a valid cell value 0ms
 ✓ src/engines/VersionControlEngine.test.ts > VersionControlEngine > Edge Cases > should handle negative values 0ms
 ✓ src/engines/VersionControlEngine.test.ts > VersionControlEngine > Edge Cases > should handle coords with special characters 0ms
 ✓ src/engines/VersionControlEngine.test.ts > VersionControlEngine > Edge Cases > should handle many branches independently 1ms
 ✓ src/engines/VersionControlEngine.test.ts > VersionControlEngine > Edge Cases > should not share commit IDs between branches 1ms
 ✓ src/engines/CubeEnginePersistence.test.ts > CubeEnginePersistence > Initialization > should initialize successfully in browser environment 15ms
 ✓ src/engines/CubeEnginePersistence.test.ts > CubeEnginePersistence > Initialization > should not re-initialize if already initialized 17ms
 ✓ src/engines/CubeEnginePersistence.test.ts > CubeEnginePersistence > Cell Operations > should save a cell to IndexedDB 27ms
 ✓ src/engines/MonteCarloEngine.test.ts > MonteCarloEngine > simulate > validation > should throw if config is not an object 4ms
 ✓ src/engines/MonteCarloEngine.test.ts > MonteCarloEngine > simulate > validation > should throw if assumptions is not an array 1ms
 ✓ src/engines/MonteCarloEngine.test.ts > MonteCarloEngine > simulate > validation > should throw if iterations is not finite 0ms
 ✓ src/engines/MonteCarloEngine.test.ts > MonteCarloEngine > simulate > validation > should throw if iterations < 1 0ms
 ✓ src/engines/MonteCarloEngine.test.ts > MonteCarloEngine > simulate > validation > should throw if iterations > 1,000,000 0ms
 ✓ src/engines/MonteCarloEngine.test.ts > MonteCarloEngine > simulate > validation > should throw if confidenceLevel is 0 0ms
 ✓ src/engines/MonteCarloEngine.test.ts > MonteCarloEngine > simulate > validation > should throw if confidenceLevel is 1 0ms
 ✓ src/engines/MonteCarloEngine.test.ts > MonteCarloEngine > simulate > validation > should throw if model is not a function 0ms
 ✓ src/engines/MonteCarloEngine.test.ts > MonteCarloEngine > simulate > validation > should throw if distribution name is empty 1ms
 ✓ src/engines/MonteCarloEngine.test.ts > MonteCarloEngine > simulate > validation > should throw if distribution type is invalid 0ms
 ✓ src/engines/MonteCarloEngine.test.ts > MonteCarloEngine > simulate > validation > should throw if model returns non-finite value 0ms
 ✓ src/engines/MonteCarloEngine.test.ts > MonteCarloEngine > simulate > uniform distribution > should produce values within bounds 2ms
 ✓ src/engines/MonteCarloEngine.test.ts > MonteCarloEngine > simulate > uniform distribution > should have mean near midpoint 16ms
 ✓ src/engines/MonteCarloEngine.test.ts > MonteCarloEngine > simulate > uniform distribution > should be deterministic with same seed 2ms
 ✓ src/engines/MonteCarloEngine.test.ts > MonteCarloEngine > simulate > uniform distribution > should produce different results with different seeds 1ms
 ✓ src/engines/MonteCarloEngine.test.ts > MonteCarloEngine > simulate > normal distribution > should produce values centered around mean 18ms
 ✓ src/engines/MonteCarloEngine.test.ts > MonteCarloEngine > simulate > normal distribution > should have stdDev near input stdDev 13ms
 ✓ src/engines/MonteCarloEngine.test.ts > MonteCarloEngine > simulate > triangular distribution > should produce values within min/max bounds 1ms
 ✓ src/engines/MonteCarloEngine.test.ts > MonteCarloEngine > simulate > lognormal distribution > should produce positive values 0ms
 ✓ src/engines/MonteCarloEngine.test.ts > MonteCarloEngine > simulate > lognormal distribution > should be right-skewed 21ms
 ✓ src/engines/MonteCarloEngine.test.ts > MonteCarloEngine > simulate > beta distribution > should produce values between 0 and 1 2ms
 ✓ src/engines/MonteCarloEngine.test.ts > MonteCarloEngine > simulate > exponential distribution > should produce non-negative values 1ms
 ✓ src/engines/MonteCarloEngine.test.ts > MonteCarloEngine > simulate > exponential distribution > should have mean near 1/lambda 10ms
 ✓ src/engines/MonteCarloEngine.test.ts > MonteCarloEngine > simulate > poisson distribution > should produce non-negative integer-like values 2ms
 ✓ src/engines/CubeEnginePersistence.test.ts > CubeEnginePersistence > Cell Operations > should save multiple cells at once 47ms
 ✓ src/engines/CubeEnginePersistence.test.ts > CubeEnginePersistence > Cell Operations > should load cells filtered by cube 62ms
 ✓ src/engines/MonteCarloEngine.test.ts > MonteCarloEngine > simulate > poisson distribution > should have mean near lambda 13ms
 ✓ src/engines/MonteCarloEngine.test.ts > MonteCarloEngine > simulate > statistics > should compute correct percentiles 9ms
 ✓ src/engines/MonteCarloEngine.test.ts > MonteCarloEngine > simulate > statistics > should compute confidence interval 13ms
 ✓ src/engines/MonteCarloEngine.test.ts > MonteCarloEngine > simulate > statistics > should compute histogram with bins 2ms
 ✓ src/engines/MonteCarloEngine.test.ts > MonteCarloEngine > simulate > statistics > should compute variance and stdDev correctly 11ms
 ✓ src/engines/MonteCarloEngine.test.ts > MonteCarloEngine > simulate > statistics > should compute skewness near 0 for symmetric distribution 11ms
 ✓ src/engines/MonteCarloEngine.test.ts > MonteCarloEngine > simulate > statistics > should include rawSamples 1ms
 ✓ src/engines/MonteCarloEngine.test.ts > MonteCarloEngine > simulate > multi-variable model > should sum multiple distributions 1ms
 ✓ src/engines/MonteCarloEngine.test.ts > MonteCarloEngine > simulate > multi-variable model > should work with custom model function 0ms
 ✓ src/engines/MonteCarloEngine.test.ts > MonteCarloEngine > simulateScenario > validation > should throw if config is not an object 1ms
 ✓ src/engines/MonteCarloEngine.test.ts > MonteCarloEngine > simulateScenario > validation > should throw if baseMetrics is not an object 0ms
 ✓ src/engines/MonteCarloEngine.test.ts > MonteCarloEngine > simulateScenario > validation > should throw if drivers is empty 0ms
 ✓ src/engines/MonteCarloEngine.test.ts > MonteCarloEngine > simulateScenario > validation > should throw if targetMetric is invalid 0ms
 ✓ src/engines/MonteCarloEngine.test.ts > MonteCarloEngine > simulateScenario > validation > should throw if impactType is invalid 0ms
 ✓ src/engines/MonteCarloEngine.test.ts > MonteCarloEngine > simulateScenario > revenue driver with percentage impact > should vary revenue by percentage 6ms
 ✓ src/engines/MonteCarloEngine.test.ts > MonteCarloEngine > simulateScenario > revenue driver with absolute impact > should add absolute value to revenue 6ms
 ✓ src/engines/MonteCarloEngine.test.ts > MonteCarloEngine > simulateScenario > multiple drivers > should apply multiple drivers simultaneously 7ms
 ✓ src/engines/MonteCarloEngine.test.ts > MonteCarloEngine > simulateScenario > probability of profit > should compute probability > 0 for profitable base case 4ms
 ✓ src/engines/MonteCarloEngine.test.ts > MonteCarloEngine > simulateScenario > Value at Risk > should compute VaR and CVaR 21ms
 ✓ src/engines/MonteCarloEngine.test.ts > MonteCarloEngine > simulateScenario > net income recalculation > should recalculate netIncome from ebitda 1ms
 ✓ src/engines/MonteCarloEngine.test.ts > MonteCarloEngine > simulateScenario > ebitdaMargin recalculation > should recalculate ebitdaMargin from ebitda/revenue 1ms
 ✓ src/engines/MonteCarloEngine.test.ts > MonteCarloEngine > simulateScenario > deterministic with seed > should produce identical results with same seed 1ms
 ✓ src/engines/MonteCarloEngine.test.ts > MonteCarloEngine > validateDistribution > should validate normal distribution 1ms
 ✓ src/engines/MonteCarloEngine.test.ts > MonteCarloEngine > validateDistribution > should validate uniform distribution 1ms
 ✓ src/engines/MonteCarloEngine.test.ts > MonteCarloEngine > validateDistribution > should require min/max for uniform 0ms
 ✓ src/engines/MonteCarloEngine.test.ts > MonteCarloEngine > validateDistribution > should validate triangular distribution 0ms
 ✓ src/engines/MonteCarloEngine.test.ts > MonteCarloEngine > validateDistribution > should validate beta distribution alpha 0ms
 ✓ src/engines/MonteCarloEngine.test.ts > MonteCarloEngine > validateDistribution > should validate beta distribution betaParam 0ms
 ✓ src/engines/MonteCarloEngine.test.ts > MonteCarloEngine > validateDistribution > should validate exponential lambda 0ms
 ✓ src/engines/MonteCarloEngine.test.ts > MonteCarloEngine > validateDistribution > should validate poisson lambda 0ms
 ✓ src/engines/MonteCarloEngine.test.ts > MonteCarloEngine > validateDistribution > should validate lognormal stdDev 1ms
 ✓ src/engines/MonteCarloEngine.test.ts > MonteCarloEngine > validateDistribution > should pass valid distributions 1ms
 ✓ src/engines/MonteCarloEngine.test.ts > MonteCarloEngine > generateCorrelatedSamples > should generate correct number of samples 1ms
 ✓ src/engines/MonteCarloEngine.test.ts > MonteCarloEngine > generateCorrelatedSamples > should throw if matrix rows mismatch 0ms
 ✓ src/engines/MonteCarloEngine.test.ts > MonteCarloEngine > generateCorrelatedSamples > should throw if matrix is not square 0ms
 ✓ src/engines/MonteCarloEngine.test.ts > MonteCarloEngine > generateCorrelatedSamples > should produce correlated samples with identity matrix 3ms
 ✓ src/engines/MonteCarloEngine.test.ts > MonteCarloEngine > createRunner > should create a reusable runner 1ms
 ✓ src/engines/MonteCarloEngine.test.ts > MonteCarloEngine > createRunner > should produce different results with different seeds 0ms
 ✓ src/engines/MonteCarloEngine.test.ts > MonteCarloEngine > edge cases > should handle single iteration 0ms
 ✓ src/engines/MonteCarloEngine.test.ts > MonteCarloEngine > edge cases > should handle identical values (zero variance) 0ms
 ✓ src/engines/MonteCarloEngine.test.ts > MonteCarloEngine > edge cases > should handle very small confidence level 0ms
 ✓ src/engines/MonteCarloEngine.test.ts > MonteCarloEngine > edge cases > should handle large number of assumptions 1ms
 ✓ src/engines/MonteCarloEngine.test.ts > MonteCarloEngine > edge cases > should handle mixed distribution types in one simulation 1ms
 ✓ src/engines/CubeEnginePersistence.test.ts > CubeEnginePersistence > Cell Operations > should delete a cell 63ms
 ✓ src/engines/CubeEnginePersistence.test.ts > CubeEnginePersistence > Cell Operations > should return false when deleting non-existent cell 31ms
 ✓ src/engines/CubeEnginePersistence.test.ts > CubeEnginePersistence > Cell Operations > should clear all cells 79ms
 ✓ src/engines/CubeEnginePersistence.test.ts > CubeEnginePersistence > Cell Operations > should preserve cell coordinates correctly 48ms
 ✓ src/engines/CubeEnginePersistence.test.ts > CubeEnginePersistence > Cell Operations > should preserve cell comment and attachment 45ms
 ✓ src/engines/CubeEnginePersistence.test.ts > CubeEnginePersistence > Cell Operations > should overwrite existing cell on save 47ms
 ✓ src/engines/CubeEnginePersistence.test.ts > CubeEnginePersistence > Cell Operations > should handle empty cells load 32ms
 ✓ src/engines/CubeEnginePersistence.test.ts > CubeEnginePersistence > Cell Operations > should handle cells with string values 46ms
 ✓ src/engines/CubeEnginePersistence.test.ts > CubeEnginePersistence > Cell Operations > should handle cells with boolean values 31ms
 ✓ src/engines/CubeEnginePersistence.test.ts > CubeEnginePersistence > Dimension Operations > should save and load a single dimension 48ms
 ✓ src/engines/CubeEnginePersistence.test.ts > CubeEnginePersistence > Dimension Operations > should save and load multiple dimensions 33ms
 ✓ src/engines/CubeEnginePersistence.test.ts > CubeEnginePersistence > Dimension Operations > should preserve dimension hierarchies 30ms
 ✓ src/engines/CubeEnginePersistence.test.ts > CubeEnginePersistence > Dimension Operations > should preserve dimension attributes 46ms
 ✓ src/engines/CubeEnginePersistence.test.ts > CubeEnginePersistence > Dimension Operations > should preserve dimension members 33ms
 ✓ src/engines/CubeEnginePersistence.test.ts > CubeEnginePersistence > Dimension Operations > should overwrite dimensions on save 61ms
 ✓ src/engines/CubeEnginePersistence.test.ts > CubeEnginePersistence > Dimension Operations > should handle empty dimensions load 31ms
 ✓ src/engines/CubeEnginePersistence.test.ts > CubeEnginePersistence > Dimension Operations > should preserve member parentId 47ms
 ✓ src/engines/CubeEnginePersistence.test.ts > CubeEnginePersistence > Dimension Operations > should preserve member formula 47ms
 ✓ src/engines/CubeEnginePersistence.test.ts > CubeEnginePersistence > Cube Definition Operations > should save and load a cube definition 48ms
 ✓ src/engines/CubeEnginePersistence.test.ts > CubeEnginePersistence > Cube Definition Operations > should save and load multiple cube definitions 61ms
 ✓ src/engines/CubeEnginePersistence.test.ts > CubeEnginePersistence > Cube Definition Operations > should preserve cube dimensions 50ms
 ✓ src/engines/CubeEnginePersistence.test.ts > CubeEnginePersistence > Cube Definition Operations > should preserve cube measures 44ms
 ✓ src/engines/CubeEnginePersistence.test.ts > CubeEnginePersistence > Cube Definition Operations > should preserve cube storage mode 47ms
(node:4820) ExperimentalWarning: localStorage is not available because --localstorage-file was not provided.
(Use `node --trace-warnings ...` to show where the warning was created)
 ✓ src/engines/CubeEnginePersistence.test.ts > CubeEnginePersistence > Cube Definition Operations > should overwrite cube definitions on save 47ms
 ✓ src/engines/CubeEnginePersistence.test.ts > CubeEnginePersistence > Cube Definition Operations > should handle empty cubes load 31ms
 ✓ src/engines/CubeEnginePersistence.test.ts > CubeEnginePersistence > Cube Definition Operations > should preserve measure precision 31ms
(node:4820) ExperimentalWarning: localStorage is not available because --localstorage-file was not provided.
(Use `node --trace-warnings ...` to show where the warning was created)
 ✓ src/engines/AllocationEngine.test.ts > AllocationEngine > Direct Allocation > should allocate cost pool by fixed percentages 3ms
 ✓ src/engines/AllocationEngine.test.ts > AllocationEngine > Direct Allocation > should include audit comment with rule name and id 1ms
 ✓ src/engines/AllocationEngine.test.ts > AllocationEngine > Direct Allocation > should handle zero amount without error 0ms
 ✓ src/engines/AllocationEngine.test.ts > AllocationEngine > Direct Allocation > should handle single target at 100% 0ms
 ✓ src/engines/AllocationEngine.test.ts > AllocationEngine > Direct Allocation > should apply rounding correction to largest allocation 0ms
 ✓ src/engines/AllocationEngine.test.ts > AllocationEngine > Direct Allocation > should throw if percentages do not sum to 100 1ms
 ✓ src/engines/AllocationEngine.test.ts > AllocationEngine > Direct Allocation > should throw if percentages exceed 100 0ms
 ✓ src/engines/AllocationEngine.test.ts > AllocationEngine > Direct Allocation > should throw if no targets provided 0ms
 ✓ src/engines/AllocationEngine.test.ts > AllocationEngine > Direct Allocation > should throw if target has negative percentage 0ms
 ✓ src/engines/AllocationEngine.test.ts > AllocationEngine > Direct Allocation > should handle very small allocations 0ms
 ✓ src/engines/AllocationEngine.test.ts > AllocationEngine > Direct Allocation > should handle large amounts 0ms
 ✓ src/engines/AllocationEngine.test.ts > AllocationEngine > Driver-Based Allocation > should allocate proportionally to driver values 0ms
 ✓ src/engines/AllocationEngine.test.ts > AllocationEngine > Driver-Based Allocation > should apply driver weights correctly 0ms
 ✓ src/engines/AllocationEngine.test.ts > AllocationEngine > Driver-Based Allocation > should handle zero amount for driver allocation 0ms
 ✓ src/engines/AllocationEngine.test.ts > AllocationEngine > Driver-Based Allocation > should throw if total weighted driver is zero 0ms
 ✓ src/engines/AllocationEngine.test.ts > AllocationEngine > Driver-Based Allocation > should throw if driver value is negative 0ms
 ✓ src/engines/AllocationEngine.test.ts > AllocationEngine > Driver-Based Allocation > should throw if no targets provided 0ms
 ✓ src/engines/AllocationEngine.test.ts > AllocationEngine > Driver-Based Allocation > should handle missing driver values (treated as zero) 0ms
 ✓ src/engines/AllocationEngine.test.ts > AllocationEngine > Driver-Based Allocation > should handle single target with driver 0ms
 ✓ src/engines/AllocationEngine.test.ts > AllocationEngine > Driver-Based Allocation > should handle equal driver values 0ms
 ✓ src/engines/AllocationEngine.test.ts > AllocationEngine > Driver-Based Allocation > should apply rounding correction for driver allocation 0ms
 ✓ src/engines/AllocationEngine.test.ts > AllocationEngine > Driver-Based Allocation > should include driver dimension in audit comment 0ms
 ✓ src/engines/AllocationEngine.test.ts > AllocationEngine > Step-Down Allocation > should allocate service department costs sequentially 1ms
 ✓ src/engines/AllocationEngine.test.ts > AllocationEngine > Step-Down Allocation > should not allocate back to already-processed service departments 0ms
 ✓ src/engines/AllocationEngine.test.ts > AllocationEngine > Step-Down Allocation > should accumulate costs in production departments 0ms
 ✓ src/engines/AllocationEngine.test.ts > AllocationEngine > Step-Down Allocation > should handle zero cost service department 0ms
 ✓ src/engines/AllocationEngine.test.ts > AllocationEngine > Step-Down Allocation > should throw if no service departments 0ms
 ✓ src/engines/AllocationEngine.test.ts > AllocationEngine > Step-Down Allocation > should throw if no production departments 0ms
 ✓ src/engines/AllocationEngine.test.ts > AllocationEngine > Step-Down Allocation > should throw if service percentages do not sum to 100 0ms
 ✓ src/engines/AllocationEngine.test.ts > AllocationEngine > Step-Down Allocation > should handle multiple service departments with cascading costs 0ms
 ✓ src/engines/AllocationEngine.test.ts > AllocationEngine > Step-Down Allocation > should include audit comments for each step 0ms
 ✓ src/engines/AllocationEngine.test.ts > AllocationEngine > Reciprocal Allocation > should solve simultaneous equations for mutual services 1ms
 ✓ src/engines/AllocationEngine.test.ts > AllocationEngine > Reciprocal Allocation > should handle departments with no outgoing services 0ms
 ✓ src/engines/AllocationEngine.test.ts > AllocationEngine > Reciprocal Allocation > should handle zero cost department 0ms
 ✓ src/engines/AllocationEngine.test.ts > AllocationEngine > Reciprocal Allocation > should throw if no departments provided 0ms
 ✓ src/engines/AllocationEngine.test.ts > AllocationEngine > Reciprocal Allocation > should throw if service percentages exceed 100% 0ms
 ✓ src/engines/AllocationEngine.test.ts > AllocationEngine > Reciprocal Allocation > should converge for three-way reciprocal allocation 0ms
 ✓ src/engines/AllocationEngine.test.ts > AllocationEngine > Reciprocal Allocation > should handle single department 0ms
 ✓ src/engines/AllocationEngine.test.ts > AllocationEngine > Reciprocal Allocation > should include audit comments referencing reciprocal method 0ms
 ✓ src/engines/AllocationEngine.test.ts > AllocationEngine > Reciprocal Allocation > should produce allocations that respect service percentages 0ms
 ✓ src/engines/AllocationEngine.test.ts > AllocationEngine > Cube Cell Generation > should generate cube cells with dataType calculated 0ms
 ✓ src/engines/AllocationEngine.test.ts > AllocationEngine > Cube Cell Generation > should include audit comment in each cube cell 0ms
 ✓ src/engines/AllocationEngine.test.ts > AllocationEngine > Cube Cell Generation > should use custom measure name 0ms
 ✓ src/engines/AllocationEngine.test.ts > AllocationEngine > Cube Cell Generation > should handle empty allocations 0ms
 ✓ src/engines/AllocationEngine.test.ts > AllocationEngine > Validation > should validate direct rule with correct percentages 0ms
 ✓ src/engines/AllocationEngine.test.ts > AllocationEngine > Validation > should validate percentages that sum to 100 within epsilon 0ms
 ✓ src/engines/AllocationEngine.test.ts > AllocationEngine > Validation > should return warnings for missing driver values 0ms
 ✓ src/engines/AllocationEngine.test.ts > AllocationEngine > Validation > should return warnings for zero driver values 0ms
 ✓ src/engines/AllocationEngine.test.ts > AllocationEngine > Validation > should return warnings for negative driver values 0ms
 ✓ src/engines/AllocationEngine.test.ts > AllocationEngine > Validation > should return empty warnings for valid driver values 0ms
 ✓ src/engines/AllocationEngine.test.ts > AllocationEngine > Utility Methods > should compute effective percentages 0ms
 ✓ src/engines/AllocationEngine.test.ts > AllocationEngine > Utility Methods > should return empty object for zero total 1ms
 ✓ src/engines/AllocationEngine.test.ts > AllocationEngine > Utility Methods > should merge multiple allocation results 0ms
 ✓ src/engines/AllocationEngine.test.ts > AllocationEngine > Utility Methods > should detect circular references 0ms
 ✓ src/engines/AllocationEngine.test.ts > AllocationEngine > Utility Methods > should return empty for no circular references 0ms
 ✓ src/engines/AllocationEngine.test.ts > AllocationEngine > Utility Methods > should detect three-way circular references 0ms
 ✓ src/engines/AllocationEngine.test.ts > AllocationEngine > Edge Cases > should handle direct allocation with many targets 0ms
 ✓ src/engines/AllocationEngine.test.ts > AllocationEngine > Edge Cases > should handle driver allocation with uneven weights 0ms
 ✓ src/engines/AllocationEngine.test.ts > AllocationEngine > Edge Cases > should preserve percentage in direct allocation result 0ms
 ✓ src/engines/AllocationEngine.test.ts > AllocationEngine > Edge Cases > should handle step-down with single service and single production 0ms
 ✓ src/engines/AllocationEngine.test.ts > AllocationEngine > Edge Cases > should handle reciprocal allocation with asymmetric services 0ms
 ✓ src/engines/AllocationEngine.test.ts > AllocationEngine > Edge Cases > should handle timestamp generation 0ms
 ✓ src/engines/AllocationEngine.test.ts > AllocationEngine > Edge Cases > should handle step-down allocation percentages at boundaries 0ms
 ✓ src/engines/FormulaEngine.test.ts > FormulaEngine > parseFormula > valid formulas > should parse simple addition 3ms
 ✓ src/engines/FormulaEngine.test.ts > FormulaEngine > parseFormula > valid formulas > should parse simple subtraction 0ms
 ✓ src/engines/FormulaEngine.test.ts > FormulaEngine > parseFormula > valid formulas > should parse simple multiplication 0ms
 ✓ src/engines/FormulaEngine.test.ts > FormulaEngine > parseFormula > valid formulas > should parse simple division 0ms
 ✓ src/engines/FormulaEngine.test.ts > FormulaEngine > parseFormula > valid formulas > should handle leading equals sign 0ms
 ✓ src/engines/FormulaEngine.test.ts > FormulaEngine > parseFormula > valid formulas > should parse empty string as valid 1ms
 ✓ src/engines/FormulaEngine.test.ts > FormulaEngine > parseFormula > valid formulas > should parse whitespace-only string as valid 0ms
 ✓ src/engines/FormulaEngine.test.ts > FormulaEngine > parseFormula > valid formulas > should parse cell references 0ms
 ✓ src/engines/FormulaEngine.test.ts > FormulaEngine > parseFormula > valid formulas > should parse multi-letter column references 0ms
 ✓ src/engines/FormulaEngine.test.ts > FormulaEngine > parseFormula > valid formulas > should parse underscore references 0ms
 ✓ src/engines/FormulaEngine.test.ts > FormulaEngine > parseFormula > valid formulas > should parse floating point numbers 0ms
 ✓ src/engines/FormulaEngine.test.ts > FormulaEngine > parseFormula > valid formulas > should parse numbers with multiple digits 0ms
 ✓ src/engines/FormulaEngine.test.ts > FormulaEngine > parseFormula > valid formulas > should parse function calls 0ms
 ✓ src/engines/FormulaEngine.test.ts > FormulaEngine > parseFormula > valid formulas > should parse function with multiple arguments 0ms
 ✓ src/engines/FormulaEngine.test.ts > FormulaEngine > parseFormula > valid formulas > should parse function with no arguments 0ms
 ✓ src/engines/FormulaEngine.test.ts > FormulaEngine > parseFormula > valid formulas > should parse range references 0ms
 ✓ src/engines/FormulaEngine.test.ts > FormulaEngine > parseFormula > valid formulas > should parse nested parentheses 0ms
 ✓ src/engines/FormulaEngine.test.ts > FormulaEngine > parseFormula > valid formulas > should parse deeply nested parentheses 0ms
 ✓ src/engines/FormulaEngine.test.ts > FormulaEngine > parseFormula > valid formulas > should parse complex formula with mixed operations 0ms
 ✓ src/engines/FormulaEngine.test.ts > FormulaEngine > parseFormula > valid formulas > should parse formula with function inside expression 0ms
 ✓ src/engines/FormulaEngine.test.ts > FormulaEngine > parseFormula > valid formulas > should parse nested function calls 0ms
 ✓ src/engines/FormulaEngine.test.ts > FormulaEngine > parseFormula > valid formulas > should parse IF function with literals 0ms
 ✓ src/engines/FormulaEngine.test.ts > FormulaEngine > parseFormula > valid formulas > should parse IF function with cell reference condition 0ms
 ✓ src/engines/FormulaEngine.test.ts > FormulaEngine > parseFormula > valid formulas > should parse NPV function 0ms
 ✓ src/engines/FormulaEngine.test.ts > FormulaEngine > parseFormula > valid formulas > should parse CAGR function 0ms
 ✓ src/engines/FormulaEngine.test.ts > FormulaEngine > parseFormula > valid formulas > should parse comparison operators as op nodes 0ms
 ✓ src/engines/FormulaEngine.test.ts > FormulaEngine > parseFormula > invalid formulas > should reject double operators 0ms
 ✓ src/engines/FormulaEngine.test.ts > FormulaEngine > parseFormula > invalid formulas > should reject trailing operator 0ms
 ✓ src/engines/FormulaEngine.test.ts > FormulaEngine > parseFormula > invalid formulas > should reject unbalanced open parenthesis 0ms
 ✓ src/engines/FormulaEngine.test.ts > FormulaEngine > parseFormula > invalid formulas > should reject unbalanced close parenthesis 0ms
 ✓ src/engines/FormulaEngine.test.ts > FormulaEngine > parseFormula > invalid formulas > should reject lone operator 0ms
 ✓ src/engines/FormulaEngine.test.ts > FormulaEngine > parseFormula > edge cases > should handle null input gracefully 0ms
 ✓ src/engines/FormulaEngine.test.ts > FormulaEngine > parseFormula > edge cases > should handle undefined input gracefully 0ms
 ✓ src/engines/FormulaEngine.test.ts > FormulaEngine > parseFormula > edge cases > should handle numeric zero input 0ms
 ✓ src/engines/FormulaEngine.test.ts > FormulaEngine > parseFormula > edge cases > should handle boolean input gracefully 0ms
 ✓ src/engines/FormulaEngine.test.ts > FormulaEngine > parseFormula > edge cases > should handle object input gracefully 0ms
 ✓ src/engines/FormulaEngine.test.ts > FormulaEngine > parseFormula > edge cases > should handle array input gracefully 0ms
 ✓ src/engines/FormulaEngine.test.ts > FormulaEngine > parseFormula > edge cases > should trim whitespace before parsing 0ms
 ✓ src/engines/FormulaEngine.test.ts > FormulaEngine > parseFormula > edge cases > should handle formula with only equals sign 0ms
 ✓ src/engines/FormulaEngine.test.ts > FormulaEngine > evaluate > basic arithmetic > should evaluate simple addition 0ms
 ✓ src/engines/FormulaEngine.test.ts > FormulaEngine > evaluate > basic arithmetic > should evaluate simple subtraction 0ms
 ✓ src/engines/FormulaEngine.test.ts > FormulaEngine > evaluate > basic arithmetic > should evaluate simple multiplication 0ms
 ✓ src/engines/FormulaEngine.test.ts > FormulaEngine > evaluate > basic arithmetic > should evaluate simple division 0ms
 ✓ src/engines/FormulaEngine.test.ts > FormulaEngine > evaluate > basic arithmetic > should handle division by zero returning 0 0ms
 ✓ src/engines/FormulaEngine.test.ts > FormulaEngine > evaluate > basic arithmetic > should handle multiplication by zero 0ms
 ✓ src/engines/FormulaEngine.test.ts > FormulaEngine > evaluate > basic arithmetic > should handle zero divided by number 0ms
 ✓ src/engines/FormulaEngine.test.ts > FormulaEngine > evaluate > basic arithmetic > should handle negative results 0ms
 ✓ src/engines/FormulaEngine.test.ts > FormulaEngine > evaluate > operator precedence > should multiply before add 0ms
 ✓ src/engines/FormulaEngine.test.ts > FormulaEngine > evaluate > operator precedence > should divide before subtract 0ms
 ✓ src/engines/FormulaEngine.test.ts > FormulaEngine > evaluate > operator precedence > should handle parentheses overriding precedence 0ms
 ✓ src/engines/FormulaEngine.test.ts > FormulaEngine > evaluate > operator precedence > should handle nested parentheses 0ms
 ✓ src/engines/FormulaEngine.test.ts > FormulaEngine > evaluate > operator precedence > should handle complex precedence chain 0ms
 ✓ src/engines/FormulaEngine.test.ts > FormulaEngine > evaluate > cell references > should resolve cell references 0ms
 ✓ src/engines/FormulaEngine.test.ts > FormulaEngine > evaluate > cell references > should track multiple dependencies 0ms
 ✓ src/engines/FormulaEngine.test.ts > FormulaEngine > evaluate > cell references > should return unique dependencies 0ms
 ✓ src/engines/FormulaEngine.test.ts > FormulaEngine > evaluate > cell references > should resolve unknown references to 0 0ms
 ✓ src/engines/FormulaEngine.test.ts > FormulaEngine > evaluate > cell references > should resolve negative cell values 0ms
 ✓ src/engines/FormulaEngine.test.ts > FormulaEngine > evaluate > cell references > should resolve zero cell values 0ms
 ✓ src/engines/FormulaEngine.test.ts > FormulaEngine > evaluate > comparison operators in evaluator > should evaluate equal comparison (true) through parsed formula 0ms
 ✓ src/engines/FormulaEngine.test.ts > FormulaEngine > evaluate > comparison operators in evaluator > should evaluate IF false branch with zero condition 0ms
 ✓ src/engines/FormulaEngine.test.ts > FormulaEngine > evaluate > comparison operators in evaluator > should evaluate IF with cell reference condition (truthy) 0ms
 ✓ src/engines/FormulaEngine.test.ts > FormulaEngine > evaluate > comparison operators in evaluator > should evaluate IF with cell reference condition (falsy) 0ms
 ✓ src/engines/FormulaEngine.test.ts > FormulaEngine > evaluate > comparison operators in evaluator > should evaluate IF with expression condition (nonzero) 0ms
 ✓ src/engines/FormulaEngine.test.ts > FormulaEngine > evaluate > comparison operators in evaluator > should evaluate IF with expression condition (zero) 0ms
 ✓ src/engines/FormulaEngine.test.ts > FormulaEngine > evaluate > functions > should evaluate SUM with literals 0ms
 ✓ src/engines/FormulaEngine.test.ts > FormulaEngine > evaluate > functions > should evaluate SUM with cell references 0ms
 ✓ src/engines/FormulaEngine.test.ts > FormulaEngine > evaluate > functions > should evaluate SUM with mixed args 0ms
 ✓ src/engines/FormulaEngine.test.ts > FormulaEngine > evaluate > functions > should evaluate SUM with no arguments 0ms
 ✓ src/engines/FormulaEngine.test.ts > FormulaEngine > evaluate > functions > should evaluate IF true branch 0ms
 ✓ src/engines/FormulaEngine.test.ts > FormulaEngine > evaluate > functions > should evaluate IF false branch 0ms
 ✓ src/engines/FormulaEngine.test.ts > FormulaEngine > evaluate > functions > should evaluate COUNT with literals 0ms
 ✓ src/engines/FormulaEngine.test.ts > FormulaEngine > evaluate > functions > should evaluate COUNT with single argument 0ms
 ✓ src/engines/FormulaEngine.test.ts > FormulaEngine > evaluate > functions > should evaluate COUNT with range 0ms
 ✓ src/engines/FormulaEngine.test.ts > FormulaEngine > evaluate > functions > should evaluate NPV 0ms
 ✓ src/engines/FormulaEngine.test.ts > FormulaEngine > evaluate > functions > should evaluate CAGR 0ms
 ✓ src/engines/FormulaEngine.test.ts > FormulaEngine > evaluate > functions > should return 0 for CAGR with zero beginning value 0ms
 ✓ src/engines/FormulaEngine.test.ts > FormulaEngine > evaluate > functions > should return 0 for CAGR with zero periods 0ms
 ✓ src/engines/FormulaEngine.test.ts > FormulaEngine > evaluate > functions > should return 0 for unknown functions 0ms
 ✓ src/engines/FormulaEngine.test.ts > FormulaEngine > evaluate > functions > should return 0 for AVERAGE (not implemented) 0ms
 ✓ src/engines/FormulaEngine.test.ts > FormulaEngine > evaluate > functions > should handle SUM with all zeros 0ms
 ✓ src/engines/FormulaEngine.test.ts > FormulaEngine > evaluate > edge cases > should return 0 for empty nodes array 0ms
 ✓ src/engines/FormulaEngine.test.ts > FormulaEngine > evaluate > edge cases > should handle getCellValue that throws 0ms
 ✓ src/engines/FormulaEngine.test.ts > FormulaEngine > evaluate > edge cases > should handle getCellValue returning NaN 0ms
 ✓ src/engines/FormulaEngine.test.ts > FormulaEngine > evaluate > edge cases > should handle getCellValue returning Infinity 0ms
 ✓ src/engines/FormulaEngine.test.ts > FormulaEngine > evaluate > edge cases > should handle getCellValue returning -Infinity 0ms
 ✓ src/engines/FormulaEngine.test.ts > FormulaEngine > evaluate > edge cases > should handle very large numbers 0ms
 ✓ src/engines/FormulaEngine.test.ts > FormulaEngine > evaluate > edge cases > should handle very small numbers 0ms
 ✓ src/engines/FormulaEngine.test.ts > FormulaEngine > evaluate > edge cases > should return dependencies as sorted unique array 0ms
 ✓ src/engines/FormulaEngine.test.ts > FormulaEngine > evaluate > edge cases > should handle nested function evaluation 0ms
 ✓ src/engines/FormulaEngine.test.ts > FormulaEngine > evaluate > range evaluation > should evaluate single-column range 0ms
 ✓ src/engines/FormulaEngine.test.ts > FormulaEngine > evaluate > range evaluation > should evaluate single-row range 0ms
 ✓ src/engines/FormulaEngine.test.ts > FormulaEngine > evaluate > range evaluation > should handle invalid range format 0ms
 ✓ src/engines/FormulaEngine.test.ts > FormulaEngine > evaluate > range evaluation > should handle single-cell range 0ms
 ✓ src/engines/FormulaEngine.test.ts > FormulaEngine > getDependencies > should extract all cell references 0ms
 ✓ src/engines/FormulaEngine.test.ts > FormulaEngine > getDependencies > should return unique sorted dependencies 0ms
 ✓ src/engines/FormulaEngine.test.ts > FormulaEngine > getDependencies > should return empty for literal-only formula 0ms
 ✓ src/engines/FormulaEngine.test.ts > FormulaEngine > getDependencies > should return empty for empty formula 0ms
 ✓ src/engines/FormulaEngine.test.ts > FormulaEngine > getDependencies > should return empty for whitespace-only formula 0ms
 ✓ src/engines/FormulaEngine.test.ts > FormulaEngine > getDependencies > should handle formula with equals sign 0ms
 ✓ src/engines/FormulaEngine.test.ts > FormulaEngine > getDependencies > should extract dependencies from function arguments 0ms
 ✓ src/engines/FormulaEngine.test.ts > FormulaEngine > getDependencies > should handle range references in dependency collection 0ms
 ✓ src/engines/FormulaEngine.test.ts > FormulaEngine > getDependencies > should handle multi-letter column references 0ms
 ✓ src/engines/FormulaEngine.test.ts > FormulaEngine > getDependencies > should handle underscore references 0ms
 ✓ src/engines/FormulaEngine.test.ts > FormulaEngine > getDependencies > should collect refs from nested function arguments 0ms
 ✓ src/engines/FormulaEngine.test.ts > FormulaEngine > getDependencies > should handle cell references in arithmetic with comparison 0ms
 ✓ src/engines/FormulaEngine.test.ts > FormulaEngine > getDependencies > should handle null input gracefully 0ms
 ✓ src/engines/FormulaEngine.test.ts > FormulaEngine > getDependencies > should handle undefined input gracefully 0ms
 ✓ src/engines/FormulaEngine.test.ts > FormulaEngine > getDependencies > should handle very long formula 0ms
 ✓ src/engines/FormulaEngine.test.ts > FormulaEngine > validateFormula > should validate correct formula 0ms
 ✓ src/engines/FormulaEngine.test.ts > FormulaEngine > validateFormula > should validate simple arithmetic 0ms
 ✓ src/engines/FormulaEngine.test.ts > FormulaEngine > validateFormula > should invalidate malformed formula 0ms
 ✓ src/engines/FormulaEngine.test.ts > FormulaEngine > validateFormula > should handle null input 0ms
 ✓ src/engines/FormulaEngine.test.ts > FormulaEngine > validateFormula > should handle undefined input 0ms
 ✓ src/engines/FormulaEngine.test.ts > FormulaEngine > validateFormula > should validate empty string 0ms
 ✓ src/engines/FormulaEngine.test.ts > FormulaEngine > validateFormula > should validate cell reference 0ms
 ✓ src/engines/FormulaEngine.test.ts > FormulaEngine > validateFormula > should validate function call 0ms
 ✓ src/engines/FormulaEngine.test.ts > FormulaEngine > validateFormula > should validate nested parentheses 0ms
 ✓ src/engines/FormulaEngine.test.ts > FormulaEngine > validateFormula > should invalidate unbalanced parentheses 0ms
 ✓ src/engines/FormulaEngine.test.ts > FormulaEngine > validateFormula > should validate range reference 0ms
 ✓ src/engines/FormulaEngine.test.ts > FormulaEngine > validateFormula > should validate function with range argument 0ms
 ✓ src/engines/FormulaEngine.test.ts > FormulaEngine > validateFormula > should validate nested functions 0ms
 ✓ src/engines/CubeEnginePersistence.test.ts > CubeEnginePersistence > History Operations > should save and load history entries 32ms
 ✓ src/engines/CubeEnginePersistence.test.ts > CubeEnginePersistence > History Operations > should save multiple history entries 62ms
 ✓ src/engines/CubeEnginePersistence.test.ts > CubeEnginePersistence > History Operations > should preserve history cellId 47ms
 ✓ src/engines/CubeEnginePersistence.test.ts > CubeEnginePersistence > History Operations > should preserve history oldValue and newValue 47ms
 ✓ src/engines/CubeEnginePersistence.test.ts > CubeEnginePersistence > History Operations > should preserve history dataType 47ms
(node:4820) ExperimentalWarning: localStorage is not available because --localstorage-file was not provided.
(Use `node --trace-warnings ...` to show where the warning was created)
 ✓ src/engines/CubeEnginePersistence.test.ts > CubeEnginePersistence > History Operations > should preserve history reason 47ms
 ✓ src/engines/CubeEnginePersistence.test.ts > CubeEnginePersistence > History Operations > should preserve history timestamp 48ms
 ✓ src/engines/AnomalyDetectionEngine.test.ts > AnomalyDetectionEngine > constructor & config > should use default config when none provided 2ms
 ✓ src/engines/AnomalyDetectionEngine.test.ts > AnomalyDetectionEngine > constructor & config > should merge partial config with defaults 0ms
 ✓ src/engines/AnomalyDetectionEngine.test.ts > AnomalyDetectionEngine > constructor & config > should update config after construction 0ms
 ✓ src/engines/AnomalyDetectionEngine.test.ts > AnomalyDetectionEngine > constructor & config > should return a copy of config (not a reference) 0ms
 ✓ src/engines/AnomalyDetectionEngine.test.ts > AnomalyDetectionEngine > computeStatistics > should return all-zero statistics for empty input 0ms
 ✓ src/engines/AnomalyDetectionEngine.test.ts > AnomalyDetectionEngine > computeStatistics > should compute correct statistics for a known dataset 1ms
 ✓ src/engines/AnomalyDetectionEngine.test.ts > AnomalyDetectionEngine > computeStatistics > should handle single value 0ms
 ✓ src/engines/AnomalyDetectionEngine.test.ts > AnomalyDetectionEngine > computeStatistics > should handle identical values 0ms
 ✓ src/engines/AnomalyDetectionEngine.test.ts > AnomalyDetectionEngine > computeStatistics > should compute skewness for skewed data 0ms
 ✓ src/engines/AnomalyDetectionEngine.test.ts > AnomalyDetectionEngine > computeStatistics > should compute kurtosis for heavy-tailed data 1ms
 ✓ src/engines/AnomalyDetectionEngine.test.ts > AnomalyDetectionEngine > detectZScoreAnomalies > should detect obvious outliers 1ms
 ✓ src/engines/AnomalyDetectionEngine.test.ts > AnomalyDetectionEngine > detectZScoreAnomalies > should not flag normal data 0ms
 ✓ src/engines/AnomalyDetectionEngine.test.ts > AnomalyDetectionEngine > detectZScoreAnomalies > should detect multiple outliers 0ms
 ✓ src/engines/AnomalyDetectionEngine.test.ts > AnomalyDetectionEngine > detectZScoreAnomalies > should return empty for uniform data (stdDev = 0) 0ms
 ✓ src/engines/AnomalyDetectionEngine.test.ts > AnomalyDetectionEngine > detectZScoreAnomalies > should respect custom zScoreThreshold 0ms
 ✓ src/engines/AnomalyDetectionEngine.test.ts > AnomalyDetectionEngine > detectZScoreAnomalies > should include severity and reason in anomaly 1ms
 ✓ src/engines/AnomalyDetectionEngine.test.ts > AnomalyDetectionEngine > detectModifiedZScoreAnomalies > should detect outliers using MAD-based method 0ms
 ✓ src/engines/AnomalyDetectionEngine.test.ts > AnomalyDetectionEngine > detectModifiedZScoreAnomalies > should not flag normal data 0ms
 ✓ src/engines/AnomalyDetectionEngine.test.ts > AnomalyDetectionEngine > detectModifiedZScoreAnomalies > should return empty when MAD is 0 0ms
 ✓ src/engines/AnomalyDetectionEngine.test.ts > AnomalyDetectionEngine > detectModifiedZScoreAnomalies > should be more robust than Z-score for extreme outliers 0ms
 ✓ src/engines/AnomalyDetectionEngine.test.ts > AnomalyDetectionEngine > detectIQRAnomalies > should detect values outside IQR fences 0ms
 ✓ src/engines/AnomalyDetectionEngine.test.ts > AnomalyDetectionEngine > detectIQRAnomalies > should not flag data within fences 0ms
 ✓ src/engines/AnomalyDetectionEngine.test.ts > AnomalyDetectionEngine > detectIQRAnomalies > should respect custom iqrMultiplier 0ms
 ✓ src/engines/AnomalyDetectionEngine.test.ts > AnomalyDetectionEngine > detectIQRAnomalies > should return empty when IQR is 0 0ms
 ✓ src/engines/AnomalyDetectionEngine.test.ts > AnomalyDetectionEngine > detectIQRAnomalies > should include IQR fence details in reason 0ms
 ✓ src/engines/AnomalyDetectionEngine.test.ts > AnomalyDetectionEngine > detectAllAnomalies > should combine results from all statistical methods 1ms
 ✓ src/engines/AnomalyDetectionEngine.test.ts > AnomalyDetectionEngine > detectAllAnomalies > should return empty result for insufficient data 0ms
 ✓ src/engines/AnomalyDetectionEngine.test.ts > AnomalyDetectionEngine > detectAllAnomalies > should deduplicate anomalies on the same data point 0ms
 ✓ src/engines/AnomalyDetectionEngine.test.ts > AnomalyDetectionEngine > detectAllAnomalies > should sort anomalies by score descending 0ms
 ✓ src/engines/AnomalyDetectionEngine.test.ts > AnomalyDetectionEngine > detectAllAnomalies > should tag anomalies flagged by multiple methods as combined 0ms
 ✓ src/engines/AnomalyDetectionEngine.test.ts > AnomalyDetectionEngine > detectAllAnomalies > should handle normal data with no anomalies 0ms
 ✓ src/engines/AnomalyDetectionEngine.test.ts > AnomalyDetectionEngine > analyzeTrend > should detect upward trend 1ms
 ✓ src/engines/AnomalyDetectionEngine.test.ts > AnomalyDetectionEngine > analyzeTrend > should detect downward trend 0ms
 ✓ src/engines/AnomalyDetectionEngine.test.ts > AnomalyDetectionEngine > analyzeTrend > should detect flat trend 0ms
 ✓ src/engines/AnomalyDetectionEngine.test.ts > AnomalyDetectionEngine > analyzeTrend > should detect volatile trend 0ms
 ✓ src/engines/AnomalyDetectionEngine.test.ts > AnomalyDetectionEngine > analyzeTrend > should compute moving average 0ms
 ✓ src/engines/AnomalyDetectionEngine.test.ts > AnomalyDetectionEngine > analyzeTrend > should compute rate of change 1ms
 ✓ src/engines/AnomalyDetectionEngine.test.ts > AnomalyDetectionEngine > analyzeTrend > should detect change points 0ms
 ✓ src/engines/AnomalyDetectionEngine.test.ts > AnomalyDetectionEngine > analyzeTrend > should generate forecast points 1ms
 ✓ src/engines/AnomalyDetectionEngine.test.ts > AnomalyDetectionEngine > analyzeTrend > should widen confidence interval over time 0ms
 ✓ src/engines/AnomalyDetectionEngine.test.ts > AnomalyDetectionEngine > detectTrendBreakAnomalies > should detect trend breaks in upward data 1ms
 ✓ src/engines/AnomalyDetectionEngine.test.ts > AnomalyDetectionEngine > detectTrendBreakAnomalies > should not flag points on the trend line 0ms
 ✓ src/engines/AnomalyDetectionEngine.test.ts > AnomalyDetectionEngine > detectTrendBreakAnomalies > should return empty for insufficient data 0ms
 ✓ src/engines/AnomalyDetectionEngine.test.ts > AnomalyDetectionEngine > detectTrendBreakAnomalies > should include trend-break method identifier 0ms
 ✓ src/engines/AnomalyDetectionEngine.test.ts > AnomalyDetectionEngine > detectSeasonalAnomalies > should return empty when seasonal is disabled 0ms
 ✓ src/engines/AnomalyDetectionEngine.test.ts > AnomalyDetectionEngine > detectSeasonalAnomalies > should detect seasonal anomalies when enabled 0ms
 ✓ src/engines/AnomalyDetectionEngine.test.ts > AnomalyDetectionEngine > detectSeasonalAnomalies > should return empty for insufficient data (< 2 periods) 0ms
 ✓ src/engines/AnomalyDetectionEngine.test.ts > AnomalyDetectionEngine > detectSeasonalAnomalies > should include seasonal info in reason 0ms
 ✓ src/engines/AnomalyDetectionEngine.test.ts > AnomalyDetectionEngine > runFullAnalysis > should combine statistical, trend-break, and seasonal anomalies 1ms
 ✓ src/engines/AnomalyDetectionEngine.test.ts > AnomalyDetectionEngine > runFullAnalysis > should handle data with no anomalies gracefully 0ms
 ✓ src/engines/AnomalyDetectionEngine.test.ts > AnomalyDetectionEngine > runFullAnalysis > should work with seasonal disabled (default) 0ms
 ✓ src/engines/AnomalyDetectionEngine.test.ts > AnomalyDetectionEngine > runFullAnalysis > should handle minimal data (exactly minDataPoints) 0ms
 ✓ src/engines/AnomalyDetectionEngine.test.ts > AnomalyDetectionEngine > static helpers > fromValues should create DataPoint array 0ms
 ✓ src/engines/AnomalyDetectionEngine.test.ts > AnomalyDetectionEngine > static helpers > fromValues should respect startIndex 0ms
 ✓ src/engines/AnomalyDetectionEngine.test.ts > AnomalyDetectionEngine > static helpers > fromTimeSeries should create DataPoint array from timestamps 0ms
 ✓ src/engines/AnomalyDetectionEngine.test.ts > AnomalyDetectionEngine > static helpers > fromValues should handle empty array 0ms
 ✓ src/engines/AnomalyDetectionEngine.test.ts > AnomalyDetectionEngine > edge cases > should handle negative values 0ms
 ✓ src/engines/AnomalyDetectionEngine.test.ts > AnomalyDetectionEngine > edge cases > should handle very large values 0ms
 ✓ src/engines/AnomalyDetectionEngine.test.ts > AnomalyDetectionEngine > edge cases > should handle very small values (near zero) 0ms
 ✓ src/engines/AnomalyDetectionEngine.test.ts > AnomalyDetectionEngine > edge cases > should handle exactly minDataPoints 0ms
 ✓ src/engines/AnomalyDetectionEngine.test.ts > AnomalyDetectionEngine > edge cases > should handle zero values in rate of change 0ms
 ✓ src/engines/AnomalyDetectionEngine.test.ts > AnomalyDetectionEngine > edge cases > should handle all zeros 0ms
 ✓ src/engines/AnomalyDetectionEngine.test.ts > AnomalyDetectionEngine > edge cases > should handle data with metadata 0ms
 ✓ src/engines/AnomalyDetectionEngine.test.ts > AnomalyDetectionEngine > financial data scenarios > should detect revenue spike anomaly 0ms
 ✓ src/engines/AnomalyDetectionEngine.test.ts > AnomalyDetectionEngine > financial data scenarios > should detect expense anomaly in budget vs actual 0ms
 ✓ src/engines/AnomalyDetectionEngine.test.ts > AnomalyDetectionEngine > financial data scenarios > should analyze quarterly profit trend 0ms
 ✓ src/engines/AnomalyDetectionEngine.test.ts > AnomalyDetectionEngine > financial data scenarios > should detect headcount anomaly 0ms
 ✓ src/engines/AnomalyDetectionEngine.test.ts > AnomalyDetectionEngine > financial data scenarios > should handle multi-entity consolidation scenario 0ms
 ✓ src/engines/CubeEnginePersistence.test.ts > CubeEnginePersistence > History Operations > should handle null oldValue 46ms
 ✓ src/engines/CubeEnginePersistence.test.ts > CubeEnginePersistence > History Operations > should not duplicate history entries 47ms
 ✓ src/engines/CubeEnginePersistence.test.ts > CubeEnginePersistence > History Operations > should handle empty history load 31ms
 ✓ src/engines/CubeEnginePersistence.test.ts > CubeEnginePersistence > Snapshot Operations > should save and load snapshots 47ms
 ✓ src/engines/CubeEnginePersistence.test.ts > CubeEnginePersistence > Snapshot Operations > should save multiple snapshots 63ms
 ✓ src/engines/CubeEnginePersistence.test.ts > CubeEnginePersistence > Snapshot Operations > should preserve snapshot cell values 47ms
 ✓ src/engines/CubeEnginePersistence.test.ts > CubeEnginePersistence > Snapshot Operations > should preserve snapshot description 47ms
 ✓ src/engines/CubeEnginePersistence.test.ts > CubeEnginePersistence > Snapshot Operations > should preserve snapshot createdAt 49ms
 ✓ src/engines/CubeEnginePersistence.test.ts > CubeEnginePersistence > Snapshot Operations > should overwrite snapshots on save 60ms
 ✓ src/engines/CubeEnginePersistence.test.ts > CubeEnginePersistence > Snapshot Operations > should handle empty snapshots load 31ms
 ✓ src/engines/CubeEnginePersistence.test.ts > CubeEnginePersistence > Snapshot Operations > should handle snapshot with no cell values 32ms
 ✓ src/engines/CubeEnginePersistence.test.ts > CubeEnginePersistence > Round-Trip Tests > should preserve full cell data through save/load cycle 47ms
 ✓ src/engines/CubeEnginePersistence.test.ts > CubeEnginePersistence > Round-Trip Tests > should preserve dimension hierarchy through save/load cycle 47ms
 ✓ src/engines/CubeEnginePersistence.test.ts > CubeEnginePersistence > Round-Trip Tests > should preserve cube measures through save/load cycle 31ms
 ✓ src/engines/CubeEnginePersistence.test.ts > CubeEnginePersistence > Round-Trip Tests > should preserve history through save/load cycle 47ms
 ✓ src/engines/CubeEnginePersistence.test.ts > CubeEnginePersistence > Round-Trip Tests > should preserve snapshot cell values through save/load cycle 31ms
 ✓ src/engines/CubeEnginePersistence.test.ts > CubeEnginePersistence > Edge Cases > should handle very large numbers 32ms
 ✓ src/engines/CubeEnginePersistence.test.ts > CubeEnginePersistence > Edge Cases > should handle negative numbers 47ms
 ✓ src/engines/CubeEnginePersistence.test.ts > CubeEnginePersistence > Edge Cases > should handle zero values 47ms
 ✓ src/engines/CubeEnginePersistence.test.ts > CubeEnginePersistence > Edge Cases > should handle empty coordinates 47ms
 ✓ src/engines/CubeEnginePersistence.test.ts > CubeEnginePersistence > Edge Cases > should handle dimension with no members 47ms
 ✓ src/engines/CubeEnginePersistence.test.ts > CubeEnginePersistence > Edge Cases > should handle dimension with no hierarchies 32ms
 ✓ src/engines/CubeEnginePersistence.test.ts > CubeEnginePersistence > Edge Cases > should handle dimension with no attributes 47ms
 ✓ src/engines/CubeEnginePersistence.test.ts > CubeEnginePersistence > Edge Cases > should handle cube with no measures 47ms
 ✓ src/engines/CubeEnginePersistence.test.ts > CubeEnginePersistence > Edge Cases > should handle cube with no dimensions 31ms
 ✓ src/engines/CubeEnginePersistence.test.ts > CubeEnginePersistence > Edge Cases > should handle special characters in cell keys 47ms
 ✓ src/engines/CubeEnginePersistence.test.ts > CubeEnginePersistence > Edge Cases > should handle concurrent saves 32ms
(node:4820) ExperimentalWarning: localStorage is not available because --localstorage-file was not provided.
(Use `node --trace-warnings ...` to show where the warning was created)
(node:4820) ExperimentalWarning: localStorage is not available because --localstorage-file was not provided.
(Use `node --trace-warnings ...` to show where the warning was created)
 ✓ src/store/migration/storeMigrators.test.ts > migrateAuthStore > should migrate authenticated user state 4ms
 ✓ src/store/migration/storeMigrators.test.ts > migrateAuthStore > should create User dimension 1ms
 ✓ src/store/migration/storeMigrators.test.ts > migrateAuthStore > should create Auth cube 1ms
 ✓ src/store/migration/storeMigrators.test.ts > migrateAuthStore > should handle null user 0ms
 ✓ src/store/migration/storeMigrators.test.ts > migrateAuthStore > should handle empty data 0ms
 ✓ src/store/migration/storeMigrators.test.ts > migrateAuthStore > should report duration 0ms
 ✓ src/store/migration/storeMigrators.test.ts > migrateAuthStore > should not duplicate dimensions on re-migration 0ms
 ✓ src/store/migration/storeMigrators.test.ts > migrateSettingsStore > should migrate organization settings 1ms
 ✓ src/store/migration/storeMigrators.test.ts > migrateSettingsStore > should migrate preferences 0ms
 ✓ src/store/migration/storeMigrators.test.ts > migrateSettingsStore > should migrate users array 0ms
 ✓ src/store/migration/storeMigrators.test.ts > migrateSettingsStore > should create Settings dimension 0ms
 ✓ src/store/migration/storeMigrators.test.ts > migrateSettingsStore > should handle missing organization data 0ms
 ✓ src/store/migration/storeMigrators.test.ts > migrateBudgetStore > should migrate budget line items 1ms
 ✓ src/store/migration/storeMigrators.test.ts > migrateBudgetStore > should create Budget cube 0ms
 ✓ src/store/migration/storeMigrators.test.ts > migrateBudgetStore > should create Account dimension 0ms
 ✓ src/store/migration/storeMigrators.test.ts > migrateBudgetStore > should handle empty line items 0ms
 ✓ src/store/migration/storeMigrators.test.ts > migrateBudgetStore > should handle missing lineItems 0ms
 ✓ src/store/migration/storeMigrators.test.ts > migrateBudgetStore > should track cellsWritten correctly 0ms
 ✓ src/store/migration/storeMigrators.test.ts > migrateForecastStore > should migrate forecast drivers 1ms
 ✓ src/store/migration/storeMigrators.test.ts > migrateForecastStore > should create Forecast cube 0ms
 ✓ src/store/migration/storeMigrators.test.ts > migrateForecastStore > should handle empty drivers 0ms
 ✓ src/store/migration/storeMigrators.test.ts > migrateForecastStore > should handle driver with no affected accounts 0ms
 ✓ src/store/migration/storeMigrators.test.ts > migrateGlStore > should migrate GL entries 1ms
 ✓ src/store/migration/storeMigrators.test.ts > migrateGlStore > should create GL cube 0ms
 ✓ src/store/migration/storeMigrators.test.ts > migrateGlStore > should create all required dimensions 0ms
 ✓ src/store/migration/storeMigrators.test.ts > migrateGlStore > should handle empty entries 0ms
 ✓ src/store/migration/storeMigrators.test.ts > migrateGlStore > should handle entries with missing optional fields 0ms
 ✓ src/store/migration/storeMigrators.test.ts > migrateScenarioStore > should migrate scenarios with metrics 1ms
 ✓ src/store/migration/storeMigrators.test.ts > migrateScenarioStore > should create ScenarioData cube 0ms
 ✓ src/store/migration/storeMigrators.test.ts > migrateScenarioStore > should handle empty scenarios 0ms
 ✓ src/store/migration/storeMigrators.test.ts > migrateScenarioStore > should handle scenario without metrics 0ms
 ✓ src/store/migration/storeMigrators.test.ts > migrateReportStore > should migrate reports 0ms
 ✓ src/store/migration/storeMigrators.test.ts > migrateReportStore > should migrate scheduled reports 0ms
 ✓ src/store/migration/storeMigrators.test.ts > migrateReportStore > should handle empty reports 0ms
 ✓ src/store/migration/storeMigrators.test.ts > migrateVarianceStore > should migrate variance analyses 1ms
 ✓ src/store/migration/storeMigrators.test.ts > migrateVarianceStore > should create Variance cube 0ms
 ✓ src/store/migration/storeMigrators.test.ts > migrateNotificationStore > should migrate notifications 0ms
 ✓ src/store/migration/storeMigrators.test.ts > migrateNotificationStore > should handle empty notifications 0ms
 ✓ src/store/migration/storeMigrators.test.ts > migrateCollaborationStore > should migrate comments 1ms
 ✓ src/store/migration/storeMigrators.test.ts > migrateCollaborationStore > should migrate tasks 0ms
 ✓ src/store/migration/storeMigrators.test.ts > migrateDataStore > should migrate accounts 1ms
 ✓ src/store/migration/storeMigrators.test.ts > migrateDataStore > should handle nested account hierarchy 0ms
 ✓ src/store/migration/storeMigrators.test.ts > migrateDataStore > should handle empty accounts 0ms
 ✓ src/store/migration/storeMigrators.test.ts > migrateTourStore > should migrate completed tours 1ms
 ✓ src/store/migration/storeMigrators.test.ts > migrateTourStore > should migrate active tour state 0ms
 ✓ src/store/migration/storeMigrators.test.ts > migrateTourStore > should handle empty tour data 0ms
 ✓ src/store/migration/storeMigrators.test.ts > migrateAnalyticsStore > should migrate chart configurations 1ms
 ✓ src/store/migration/storeMigrators.test.ts > migrateAnalyticsStore > should handle empty charts 0ms
 ✓ src/store/migration/storeMigrators.test.ts > migrateUiStore > should migrate UI state 1ms
 ✓ src/store/migration/storeMigrators.test.ts > migrateUiStore > should handle missing date range 0ms
 ✓ src/store/migration/storeMigrators.test.ts > migrateUiStore > should create UI dimension 0ms
 ✓ src/store/migration/storeMigrators.test.ts > STORE_MIGRATORS registry > should contain all 14 stores 0ms
 ✓ src/store/migration/storeMigrators.test.ts > STORE_MIGRATORS registry > should have a migrator for each store 1ms
 ✓ src/store/migration/storeMigrators.test.ts > STORE_MIGRATORS registry > should list all expected store names 3ms
 ✓ src/store/migration/storeMigrators.test.ts > error handling > should handle corrupted data gracefully 0ms
 ✓ src/store/migration/storeMigrators.test.ts > error handling > should handle null data gracefully 1ms
 ✓ src/store/migration/storeMigrators.test.ts > error handling > should handle undefined fields in data 0ms
 ✓ src/store/migration/storeMigrators.test.ts > error handling > should return error message on failure 0ms
 ✓ src/engines/SOXComplianceEngine.test.ts > SOXComplianceEngine > initialization > should initialize with default controls 3ms
 ✓ src/engines/SOXComplianceEngine.test.ts > SOXComplianceEngine > initialization > should initialize with default SOD rules 0ms
 ✓ src/engines/SOXComplianceEngine.test.ts > SOXComplianceEngine > initialization > should initialize with default integrity check definitions 0ms
 ✓ src/engines/SOXComplianceEngine.test.ts > SOXComplianceEngine > initialization > should initialize with default audit requirements 0ms
 ✓ src/engines/SOXComplianceEngine.test.ts > SOXComplianceEngine > initialization > should create with default engines if none provided 0ms
 ✓ src/engines/SOXComplianceEngine.test.ts > SOXComplianceEngine > approval workflows > should create a SOX workflow with dual approval 1ms
 ✓ src/engines/SOXComplianceEngine.test.ts > SOXComplianceEngine > approval workflows > should create a SOX workflow with single approval 0ms
 ✓ src/engines/SOXComplianceEngine.test.ts > SOXComplianceEngine > approval workflows > should submit for approval 1ms
 ✓ src/engines/SOXComplianceEngine.test.ts > SOXComplianceEngine > approval workflows > should approve request with proper authorization 1ms
 ✓ src/engines/SOXComplianceEngine.test.ts > SOXComplianceEngine > approval workflows > should reject request from approver 0ms
 ✓ src/engines/SOXComplianceEngine.test.ts > SOXComplianceEngine > approval workflows > should prevent self-approval (SOD enforcement) 0ms
 ✓ src/engines/SOXComplianceEngine.test.ts > SOXComplianceEngine > approval workflows > should get pending approvals 0ms
 ✓ src/engines/SOXComplianceEngine.test.ts > SOXComplianceEngine > approval workflows > should check for SLA breaches 0ms
 ✓ src/engines/SOXComplianceEngine.test.ts > SOXComplianceEngine > approval workflows > should log approvals to audit trail 0ms
 ✓ src/engines/SOXComplianceEngine.test.ts > SOXComplianceEngine > segregation of duties > should detect SOD violation when assigning conflicting role 1ms
 ✓ src/engines/SOXComplianceEngine.test.ts > SOXComplianceEngine > segregation of duties > should pass when no conflicting roles 0ms
 ✓ src/engines/SOXComplianceEngine.test.ts > SOXComplianceEngine > segregation of duties > should scan all users for SOD violations 0ms
 ✓ src/engines/SOXComplianceEngine.test.ts > SOXComplianceEngine > segregation of duties > should add custom SOD rule 0ms
 ✓ src/engines/SOXComplianceEngine.test.ts > SOXComplianceEngine > segregation of duties > should remove SOD rule 0ms
 ✓ src/engines/SOXComplianceEngine.test.ts > SOXComplianceEngine > segregation of duties > should return false when removing non-existent rule 0ms
 ✓ src/engines/SOXComplianceEngine.test.ts > SOXComplianceEngine > segregation of duties > should respect enabled flag on SOD rules 0ms
 ✓ src/engines/SOXComplianceEngine.test.ts > SOXComplianceEngine > segregation of duties > should verify authorization correctly 0ms
 ✓ src/engines/SOXComplianceEngine.test.ts > SOXComplianceEngine > segregation of duties > should deny authorization for unassigned roles 0ms
 ✓ src/engines/SOXComplianceEngine.test.ts > SOXComplianceEngine > segregation of duties > should deny authorization for insufficient permissions 0ms
 ✓ src/engines/SOXComplianceEngine.test.ts > SOXComplianceEngine > audit trail compliance > should log SOX actions 0ms
 ✓ src/engines/SOXComplianceEngine.test.ts > SOXComplianceEngine > audit trail compliance > should verify audit trail compliance for tracked resource 1ms
 ✓ src/engines/SOXComplianceEngine.test.ts > SOXComplianceEngine > audit trail compliance > should return not_applicable for untracked resource 0ms
 ✓ src/engines/SOXComplianceEngine.test.ts > SOXComplianceEngine > audit trail compliance > should detect missing fields in audit entries 0ms
 ✓ src/engines/SOXComplianceEngine.test.ts > SOXComplianceEngine > audit trail compliance > should detect closed period violations 0ms
 ✓ src/engines/SOXComplianceEngine.test.ts > SOXComplianceEngine > audit trail compliance > should pass when no closed period violations 0ms
 ✓ src/engines/SOXComplianceEngine.test.ts > SOXComplianceEngine > audit trail compliance > should get audit engine instance 0ms
 ✓ src/engines/SOXComplianceEngine.test.ts > SOXComplianceEngine > data integrity checks > should verify balanced balance sheet 0ms
 ✓ src/engines/SOXComplianceEngine.test.ts > SOXComplianceEngine > data integrity checks > should detect imbalanced balance sheet 0ms
 ✓ src/engines/SOXComplianceEngine.test.ts > SOXComplianceEngine > data integrity checks > should handle balance sheet within tolerance 0ms
 ✓ src/engines/SOXComplianceEngine.test.ts > SOXComplianceEngine > data integrity checks > should verify double-entry balance 0ms
 ✓ src/engines/SOXComplianceEngine.test.ts > SOXComplianceEngine > data integrity checks > should detect double-entry mismatch 0ms
 ✓ src/engines/SOXComplianceEngine.test.ts > SOXComplianceEngine > data integrity checks > should compute and store data hash 0ms
 ✓ src/engines/SOXComplianceEngine.test.ts > SOXComplianceEngine > data integrity checks > should verify data integrity against stored hash 0ms
 ✓ src/engines/SOXComplianceEngine.test.ts > SOXComplianceEngine > data integrity checks > should detect data tampering 0ms
 ✓ src/engines/SOXComplianceEngine.test.ts > SOXComplianceEngine > data integrity checks > should verify period close integrity 0ms
 ✓ src/engines/SOXComplianceEngine.test.ts > SOXComplianceEngine > data integrity checks > should detect period close modification 0ms
 ✓ src/engines/SOXComplianceEngine.test.ts > SOXComplianceEngine > data integrity checks > should track integrity results 0ms
 ✓ src/engines/SOXComplianceEngine.test.ts > SOXComplianceEngine > data integrity checks > should clear integrity results 0ms
 ✓ src/engines/SOXComplianceEngine.test.ts > SOXComplianceEngine > access control compliance > should review privileged access 0ms
 ✓ src/engines/SOXComplianceEngine.test.ts > SOXComplianceEngine > access control compliance > should identify risk levels for privileged users 0ms
 ✓ src/engines/SOXComplianceEngine.test.ts > SOXComplianceEngine > access control compliance > should detect orphaned roles 0ms
 ✓ src/engines/SOXComplianceEngine.test.ts > SOXComplianceEngine > access control compliance > should not flag active users as orphaned 0ms
 ✓ src/engines/SOXComplianceEngine.test.ts > SOXComplianceEngine > controls management > should enable/disable controls 0ms
 ✓ src/engines/SOXComplianceEngine.test.ts > SOXComplianceEngine > controls management > should return false for non-existent control 0ms
 ✓ src/engines/SOXComplianceEngine.test.ts > SOXComplianceEngine > controls management > should add custom control 0ms
 ✓ src/engines/SOXComplianceEngine.test.ts > SOXComplianceEngine > compliance report > should generate basic compliance report 1ms
 ✓ src/engines/SOXComplianceEngine.test.ts > SOXComplianceEngine > compliance report > should generate report with balance sheet data 1ms
 ✓ src/engines/SOXComplianceEngine.test.ts > SOXComplianceEngine > compliance report > should generate report with imbalanced balance sheet 1ms
 ✓ src/engines/SOXComplianceEngine.test.ts > SOXComplianceEngine > compliance report > should generate report with ledger entries 1ms
 ✓ src/engines/SOXComplianceEngine.test.ts > SOXComplianceEngine > compliance report > should generate report with closed period checks 0ms
 ✓ src/engines/SOXComplianceEngine.test.ts > SOXComplianceEngine > compliance report > should detect SOD violations in report 1ms
 ✓ src/engines/SOXComplianceEngine.test.ts > SOXComplianceEngine > compliance report > should categorize findings by category 0ms
 ✓ src/engines/SOXComplianceEngine.test.ts > SOXComplianceEngine > compliance report > should identify critical findings 0ms
 ✓ src/engines/SOXComplianceEngine.test.ts > SOXComplianceEngine > compliance report > should be compliant when all checks pass 1ms
 ✓ src/engines/SOXComplianceEngine.test.ts > SOXComplianceEngine > compliance report > should retrieve last report 0ms
 ✓ src/engines/SOXComplianceEngine.test.ts > SOXComplianceEngine > compliance report > should return null before first report 0ms
 ✓ src/engines/SOXComplianceEngine.test.ts > SOXComplianceEngine > compliance report > should log report generation to audit trail 0ms
 ✓ src/engines/SOXComplianceEngine.test.ts > SOXComplianceEngine > serialization > should serialize and deserialize 1ms
 ✓ src/engines/SOXComplianceEngine.test.ts > SOXComplianceEngine > serialization > should handle invalid JSON gracefully 0ms
 ✓ src/engines/SOXComplianceEngine.test.ts > SOXComplianceEngine > serialization > should preserve controls across serialization 0ms
 ✓ src/engines/SOXComplianceEngine.test.ts > SOXComplianceEngine > edge cases > should handle empty ledger entries for double-entry check 0ms
 ✓ src/engines/SOXComplianceEngine.test.ts > SOXComplianceEngine > edge cases > should handle balance sheet with zero values 0ms
 ✓ src/engines/SOXComplianceEngine.test.ts > SOXComplianceEngine > edge cases > should handle very large financial values 0ms
 ✓ src/engines/SOXComplianceEngine.test.ts > SOXComplianceEngine > edge cases > should handle negative values in balance sheet 0ms
 ✓ src/engines/SOXComplianceEngine.test.ts > SOXComplianceEngine > edge cases > should handle SOD check with no existing roles 0ms
 ✓ src/engines/SOXComplianceEngine.test.ts > SOXComplianceEngine > edge cases > should handle report with SOD violations and data issues together 0ms
(node:4820) ExperimentalWarning: localStorage is not available because --localstorage-file was not provided.
(Use `node --trace-warnings ...` to show where the warning was created)
 ✓ src/engines/DriverCascadeEngine.test.ts > DriverCascadeEngine > Driver Management > should add a driver 3ms
 ✓ src/engines/DriverCascadeEngine.test.ts > DriverCascadeEngine > Driver Management > should update a driver 1ms
 ✓ src/engines/DriverCascadeEngine.test.ts > DriverCascadeEngine > Driver Management > should return undefined when updating non-existent driver 0ms
 ✓ src/engines/DriverCascadeEngine.test.ts > DriverCascadeEngine > Driver Management > should remove a driver and its rules 2ms
 ✓ src/engines/DriverCascadeEngine.test.ts > DriverCascadeEngine > Driver Management > should list all drivers 0ms
 ✓ src/engines/DriverCascadeEngine.test.ts > DriverCascadeEngine > Driver Management > should get drivers by category 1ms
 ✓ src/engines/DriverCascadeEngine.test.ts > DriverCascadeEngine > Cascade Rules > should add a rule 0ms
 ✓ src/engines/DriverCascadeEngine.test.ts > DriverCascadeEngine > Cascade Rules > should remove a rule 0ms
 ✓ src/engines/DriverCascadeEngine.test.ts > DriverCascadeEngine > Cascade Rules > should return false when removing non-existent rule 0ms
 ✓ src/engines/DriverCascadeEngine.test.ts > DriverCascadeEngine > Cascade Rules > should get all rules 0ms
 ✓ src/engines/DriverCascadeEngine.test.ts > DriverCascadeEngine > Cascade Calculation — Direct > should calculate additive cascade 1ms
 ✓ src/engines/DriverCascadeEngine.test.ts > DriverCascadeEngine > Cascade Calculation — Direct > should calculate multiplicative cascade 0ms
 ✓ src/engines/DriverCascadeEngine.test.ts > DriverCascadeEngine > Cascade Calculation — Direct > should calculate replacement cascade 0ms
 ✓ src/engines/DriverCascadeEngine.test.ts > DriverCascadeEngine > Cascade Calculation — Direct > should not create affected cell when delta is zero 0ms
 ✓ src/engines/DriverCascadeEngine.test.ts > DriverCascadeEngine > Cascade Calculation — Direct > should throw when driver not found 1ms
 ✓ src/engines/DriverCascadeEngine.test.ts > DriverCascadeEngine > Cascade Calculation — Weighted > should calculate weighted cascade 0ms
 ✓ src/engines/DriverCascadeEngine.test.ts > DriverCascadeEngine > Cascade Calculation — Formula > should calculate formula-based cascade 2ms
 ✓ src/engines/DriverCascadeEngine.test.ts > DriverCascadeEngine > Cascade Calculation — Formula > should handle formula with current value 1ms
 ✓ src/engines/DriverCascadeEngine.test.ts > DriverCascadeEngine > Cascade Calculation — Formula > should fallback to current value on invalid formula 1ms
 ✓ src/engines/DriverCascadeEngine.test.ts > DriverCascadeEngine > Multiple Rules per Driver > should cascade to multiple targets 0ms
 ✓ src/engines/DriverCascadeEngine.test.ts > DriverCascadeEngine > Apply Cascade > should apply cascade results to cells 0ms
 ✓ src/engines/DriverCascadeEngine.test.ts > DriverCascadeEngine > Batch Operations > should batch update multiple drivers 1ms
 ✓ src/engines/DriverCascadeEngine.test.ts > DriverCascadeEngine > Impact Analysis > should analyze impact before applying 0ms
 ✓ src/engines/DriverCascadeEngine.test.ts > DriverCascadeEngine > Impact Analysis > should throw when analyzing non-existent driver 0ms
 ✓ src/engines/DriverCascadeEngine.test.ts > DriverCascadeEngine > Circular Dependencies > should detect no circular dependencies in simple graph 0ms
 ✓ src/engines/DriverCascadeEngine.test.ts > DriverCascadeEngine > Snapshots > should create and restore snapshots 0ms
 ✓ src/engines/DriverCascadeEngine.test.ts > DriverCascadeEngine > Snapshots > should list snapshots 0ms
 ✓ src/engines/DriverCascadeEngine.test.ts > DriverCascadeEngine > Export/Import > should export and import state 1ms
 ✓ src/engines/DriverCascadeEngine.test.ts > DriverCascadeEngine > Reset > should reset all state 0ms
(node:4820) ExperimentalWarning: localStorage is not available because --localstorage-file was not provided.
(Use `node --trace-warnings ...` to show where the warning was created)
 ✓ src/engines/TemplateLibrary.test.ts > TemplateLibrary > Initialization > should initialize with 8 built-in templates 4ms
 ✓ src/engines/TemplateLibrary.test.ts > TemplateLibrary > Initialization > should have zero custom templates on init 1ms
 ✓ src/engines/TemplateLibrary.test.ts > TemplateLibrary > Initialization > should list all templates including built-in 1ms
 ✓ src/engines/TemplateLibrary.test.ts > TemplateLibrary > Initialization > should have unique template IDs 1ms
 ✓ src/engines/TemplateLibrary.test.ts > TemplateLibrary > Template Listing > should list all 8 built-in templates 6ms
 ✓ src/engines/TemplateLibrary.test.ts > TemplateLibrary > Template Listing > should return template count 1ms
 ✓ src/engines/TemplateLibrary.test.ts > TemplateLibrary > Template Listing > should get all unique categories 1ms
 ✓ src/engines/TemplateLibrary.test.ts > TemplateLibrary > Template Listing > should get all unique industries 1ms
 ✓ src/engines/TemplateLibrary.test.ts > TemplateLibrary > Template Retrieval > should get a template by ID 1ms
 ✓ src/engines/TemplateLibrary.test.ts > TemplateLibrary > Template Retrieval > should return undefined for non-existent template 1ms
 ✓ src/engines/TemplateLibrary.test.ts > TemplateLibrary > Template Retrieval > should get SaaS template with correct structure 0ms
 ✓ src/engines/TemplateLibrary.test.ts > TemplateLibrary > Template Retrieval > should get Manufacturing template with correct structure 0ms
 ✓ src/engines/TemplateLibrary.test.ts > TemplateLibrary > Template Retrieval > should get Retail template with correct structure 0ms
 ✓ src/engines/TemplateLibrary.test.ts > TemplateLibrary > Template Retrieval > should get Healthcare template with correct structure 0ms
 ✓ src/engines/TemplateLibrary.test.ts > TemplateLibrary > Template Retrieval > should get Banking template with correct structure 0ms
 ✓ src/engines/TemplateLibrary.test.ts > TemplateLibrary > Template Retrieval > should get Real Estate template 0ms
 ✓ src/engines/TemplateLibrary.test.ts > TemplateLibrary > Template Retrieval > should get Energy template 0ms
 ✓ src/engines/TemplateLibrary.test.ts > TemplateLibrary > Template Retrieval > should get Insurance template 0ms
 ✓ src/engines/TemplateLibrary.test.ts > TemplateLibrary > Template Filtering > should filter by industry SaaS 0ms
 ✓ src/engines/TemplateLibrary.test.ts > TemplateLibrary > Template Filtering > should filter by industry Manufacturing 0ms
 ✓ src/engines/TemplateLibrary.test.ts > TemplateLibrary > Template Filtering > should filter by industry Retail 0ms
 ✓ src/engines/TemplateLibrary.test.ts > TemplateLibrary > Template Filtering > should filter by industry Healthcare 0ms
 ✓ src/engines/TemplateLibrary.test.ts > TemplateLibrary > Template Filtering > should filter by industry Banking 0ms
 ✓ src/engines/TemplateLibrary.test.ts > TemplateLibrary > Template Filtering > should return empty for non-existent industry 0ms
 ✓ src/engines/TemplateLibrary.test.ts > TemplateLibrary > Template Filtering > should filter by category 0ms
 ✓ src/engines/TemplateLibrary.test.ts > TemplateLibrary > Template Filtering > should return empty for non-existent category 0ms
 ✓ src/engines/TemplateLibrary.test.ts > TemplateLibrary > Template Instantiation > should instantiate a SaaS template 1ms
 ✓ src/engines/TemplateLibrary.test.ts > TemplateLibrary > Template Instantiation > should instantiate a Manufacturing template 0ms
 ✓ src/engines/TemplateLibrary.test.ts > TemplateLibrary > Template Instantiation > should instantiate a Retail template 0ms
 ✓ src/engines/TemplateLibrary.test.ts > TemplateLibrary > Template Instantiation > should instantiate a Healthcare template 0ms
 ✓ src/engines/TemplateLibrary.test.ts > TemplateLibrary > Template Instantiation > should instantiate a Banking template 0ms
 ✓ src/engines/TemplateLibrary.test.ts > TemplateLibrary > Template Instantiation > should throw for non-existent template 1ms
 ✓ src/engines/TemplateLibrary.test.ts > TemplateLibrary > Template Instantiation > should produce independent copies (no shared references) 1ms
 ✓ src/engines/TemplateLibrary.test.ts > TemplateLibrary > Template Instantiation > should apply driver overrides 0ms
 ✓ src/engines/TemplateLibrary.test.ts > TemplateLibrary > Template Instantiation > should handle instantiation with empty parameters 0ms
 ✓ src/engines/TemplateLibrary.test.ts > TemplateLibrary > Template Instantiation > should handle instantiation with undefined parameters 0ms
 ✓ src/engines/TemplateLibrary.test.ts > TemplateLibrary > Template Instantiation > should instantiate all built-in templates 1ms
 ✓ src/engines/TemplateLibrary.test.ts > TemplateLibrary > Custom Templates > should save a custom template 1ms
 ✓ src/engines/TemplateLibrary.test.ts > TemplateLibrary > Custom Templates > should include custom templates in listing 0ms
 ✓ src/engines/TemplateLibrary.test.ts > TemplateLibrary > Custom Templates > should get custom template by ID 0ms
 ✓ src/engines/TemplateLibrary.test.ts > TemplateLibrary > Custom Templates > should increment custom count 0ms
 ✓ src/engines/TemplateLibrary.test.ts > TemplateLibrary > Custom Templates > should update total template count 0ms
 ✓ src/engines/TemplateLibrary.test.ts > TemplateLibrary > Custom Templates > should include custom templates in category filter 0ms
 ✓ src/engines/TemplateLibrary.test.ts > TemplateLibrary > Custom Templates > should include custom templates in industry filter 0ms
 ✓ src/engines/TemplateLibrary.test.ts > TemplateLibrary > Custom Templates > should instantiate custom template 0ms
 ✓ src/engines/TemplateLibrary.test.ts > TemplateLibrary > Custom Templates > should remove a custom template 0ms
 ✓ src/engines/TemplateLibrary.test.ts > TemplateLibrary > Custom Templates > should return false when removing non-existent custom template 0ms
 ✓ src/engines/TemplateLibrary.test.ts > TemplateLibrary > Custom Templates > should not remove built-in templates 0ms
 ✓ src/engines/TemplateLibrary.test.ts > TemplateLibrary > Custom Templates > should get only custom templates 0ms
 ✓ src/engines/TemplateLibrary.test.ts > TemplateLibrary > Custom Templates > should generate unique IDs for multiple custom templates 0ms
 ✓ src/engines/TemplateLibrary.test.ts > TemplateLibrary > Template Structure Validation > every template should have at least 1 driver 0ms
 ✓ src/engines/TemplateLibrary.test.ts > TemplateLibrary > Template Structure Validation > every template should have at least 1 account 0ms
 ✓ src/engines/TemplateLibrary.test.ts > TemplateLibrary > Template Structure Validation > every template should have cascade rules 0ms
 ✓ src/engines/TemplateLibrary.test.ts > TemplateLibrary > Template Structure Validation > every template should have tags 0ms
 ✓ src/engines/TemplateLibrary.test.ts > TemplateLibrary > Template Structure Validation > every template should have a version 1ms
 ✓ src/engines/TemplateLibrary.test.ts > TemplateLibrary > Template Structure Validation > every template should have isCustom flag 0ms
 ✓ src/engines/TemplateLibrary.test.ts > TemplateLibrary > Template Structure Validation > every template should have periods 1ms
 ✓ src/engines/TemplateLibrary.test.ts > TemplateLibrary > Template Structure Validation > every driver should have required fields 14ms
 ✓ src/engines/TemplateLibrary.test.ts > TemplateLibrary > Template Structure Validation > every account should have required fields 15ms
 ✓ src/engines/TemplateLibrary.test.ts > TemplateLibrary > Template Structure Validation > cascade rule drivers should reference existing drivers in same template 2ms
 ✓ src/engines/TemplateLibrary.test.ts > TemplateLibrary > Template Structure Validation > cascade rule targets should reference existing accounts in same template 1ms
 ✓ src/engines/TemplateLibrary.test.ts > TemplateLibrary > Validation > should validate existing template structure 1ms
 ✓ src/engines/TemplateLibrary.test.ts > TemplateLibrary > Validation > should reject template with missing ID 0ms
 ✓ src/engines/TemplateLibrary.test.ts > TemplateLibrary > Validation > should reject template with no drivers 0ms
 ✓ src/engines/TemplateLibrary.test.ts > TemplateLibrary > Validation > should reject template with no accounts 0ms
 ✓ src/engines/TemplateLibrary.test.ts > TemplateLibrary > Composition > should compose two templates 1ms
 ✓ src/engines/TemplateLibrary.test.ts > TemplateLibrary > Composition > should throw for composition with less than 2 templates 1ms
 ✓ src/engines/TemplateLibrary.test.ts > TemplateLibrary > Composition > should throw for composition with non-existent template 1ms
 ✓ src/engines/TemplateLibrary.test.ts > TemplateLibrary > Composition > should list compositions 1ms
 ✓ src/engines/TemplateLibrary.test.ts > TemplateLibrary > Composition > should get composition by ID 1ms
 ✓ src/engines/TemplateLibrary.test.ts > TemplateLibrary > Composition > should remove composition 1ms
 ✓ src/engines/TemplateLibrary.test.ts > TemplateLibrary > Serialization > should serialize and deserialize 1ms
 ✓ src/engines/TemplateLibrary.test.ts > TemplateLibrary > Serialization > should preserve custom templates through serialization 1ms
 ✓ src/engines/TemplateLibrary.test.ts > TemplateLibrary > Edge Cases > should handle multiple library instances independently 0ms
 ✓ src/engines/TemplateLibrary.test.ts > TemplateLibrary > Edge Cases > should preserve template immutability after instantiation 0ms
(node:4820) ExperimentalWarning: localStorage is not available because --localstorage-file was not provided.
(Use `node --trace-warnings ...` to show where the warning was created)
 ✓ src/engines/ThreeStatementEngine.test.ts > ThreeStatementEngine > Net Income to Retained Earnings > should link net income to retained earnings correctly 4ms
 ✓ src/engines/ThreeStatementEngine.test.ts > ThreeStatementEngine > Net Income to Retained Earnings > should detect retained earnings discrepancy 1ms
 ✓ src/engines/ThreeStatementEngine.test.ts > ThreeStatementEngine > Net Income to Retained Earnings > should account for beginning retained earnings and dividends 1ms
 ✓ src/engines/ThreeStatementEngine.test.ts > ThreeStatementEngine > Depreciation Link > should link depreciation across all three statements 1ms
 ✓ src/engines/ThreeStatementEngine.test.ts > ThreeStatementEngine > Depreciation Link > should warn when depreciation amounts differ 1ms
 ✓ src/engines/ThreeStatementEngine.test.ts > ThreeStatementEngine > CapEx Link > should link capex from CF investing to BS fixed assets 1ms
 ✓ src/engines/ThreeStatementEngine.test.ts > ThreeStatementEngine > Working Capital Link > should link working capital items to cash flow operating 2ms
 ✓ src/engines/ThreeStatementEngine.test.ts > ThreeStatementEngine > Debt Link > should link debt from CF financing to BS debt balances 1ms
 ✓ src/engines/ThreeStatementEngine.test.ts > ThreeStatementEngine > Equity Link > should link equity from CF financing to BS equity accounts 1ms
 ✓ src/engines/ThreeStatementEngine.test.ts > ThreeStatementEngine > Balance Check > should pass when assets equal liabilities plus equity 1ms
 ✓ src/engines/ThreeStatementEngine.test.ts > ThreeStatementEngine > Balance Check > should fail when balance sheet does not balance 0ms
 ✓ src/engines/ThreeStatementEngine.test.ts > ThreeStatementEngine > Balance Check > should accept small rounding differences within tolerance 0ms
 ✓ src/engines/ThreeStatementEngine.test.ts > ThreeStatementEngine > Cash Flow Consistency > should validate that O + I + F = Net Change in Cash 0ms
 ✓ src/engines/ThreeStatementEngine.test.ts > ThreeStatementEngine > Cash Flow Consistency > should detect cash flow section mismatch 0ms
 ✓ src/engines/ThreeStatementEngine.test.ts > ThreeStatementEngine > Cash Flow Consistency > should detect beginning + net change != ending cash 0ms
 ✓ src/engines/ThreeStatementEngine.test.ts > ThreeStatementEngine > Cash Flow Consistency > should detect CF ending cash != BS cash 0ms
 ✓ src/engines/ThreeStatementEngine.test.ts > ThreeStatementEngine > Input Validation > should throw when income statement is null 1ms
 ✓ src/engines/ThreeStatementEngine.test.ts > ThreeStatementEngine > Input Validation > should throw when balance sheet is null 0ms
 ✓ src/engines/ThreeStatementEngine.test.ts > ThreeStatementEngine > Input Validation > should throw when cash flow is null 0ms
 ✓ src/engines/ThreeStatementEngine.test.ts > ThreeStatementEngine > Input Validation > should throw when net income is NaN 0ms
 ✓ src/engines/ThreeStatementEngine.test.ts > ThreeStatementEngine > Input Validation > should throw when total assets is Infinity 0ms
 ✓ src/engines/ThreeStatementEngine.test.ts > ThreeStatementEngine > verifyBalance > should return balanced for equal assets and L+E 0ms
 ✓ src/engines/ThreeStatementEngine.test.ts > ThreeStatementEngine > verifyBalance > should return imbalanced when assets != L+E 0ms
 ✓ src/engines/ThreeStatementEngine.test.ts > ThreeStatementEngine > Account Code Helpers > should return correct category for known codes 0ms
 ✓ src/engines/ThreeStatementEngine.test.ts > ThreeStatementEngine > Account Code Helpers > should return undefined for unknown codes 0ms
 ✓ src/engines/ThreeStatementEngine.test.ts > ThreeStatementEngine > Account Code Helpers > should return correct statement type 0ms
 ✓ src/engines/ThreeStatementEngine.test.ts > ThreeStatementEngine > Empty Data Factories > should create empty income statement with period 1ms
 ✓ src/engines/ThreeStatementEngine.test.ts > ThreeStatementEngine > Empty Data Factories > should create empty balance sheet 0ms
 ✓ src/engines/ThreeStatementEngine.test.ts > ThreeStatementEngine > Empty Data Factories > should create empty cash flow 0ms
 ✓ src/engines/ThreeStatementEngine.test.ts > ThreeStatementEngine > Full Integration > should produce a valid result for a well-formed model 1ms
 ✓ src/engines/ThreeStatementEngine.test.ts > ThreeStatementEngine > Full Integration > should flag all discrepancies in an inconsistent model 0ms
 ✓ src/engines/ThreeStatementEngine.test.ts > ThreeStatementEngine > Full Integration > should handle zero-value statements gracefully 0ms
(node:4820) ExperimentalWarning: localStorage is not available because --localstorage-file was not provided.
(Use `node --trace-warnings ...` to show where the warning was created)
 ✓ src/engines/CubeEngine.test.ts > CubeEngine > registerDimension > should register a new dimension 6ms
 ✓ src/engines/CubeEngine.test.ts > CubeEngine > registerDimension > should throw when registering duplicate dimension 1ms
 ✓ src/engines/CubeEngine.test.ts > CubeEngine > registerDimension > should register system dimension 1ms
 ✓ src/engines/CubeEngine.test.ts > CubeEngine > registerDimension > should register dimension with hierarchies 2ms
 ✓ src/engines/CubeEngine.test.ts > CubeEngine > registerDimension > should register dimension with attributes 1ms
 ✓ src/engines/CubeEngine.test.ts > CubeEngine > addMember > should add a member to a dimension 1ms
 ✓ src/engines/CubeEngine.test.ts > CubeEngine > addMember > should throw when dimension not found 1ms
 ✓ src/engines/CubeEngine.test.ts > CubeEngine > addMember > should get all members 0ms
 ✓ src/engines/CubeEngine.test.ts > CubeEngine > addMember > should get leaf members only 0ms
 ✓ src/engines/CubeEngine.test.ts > CubeEngine > hierarchy navigation > should get ancestors 1ms
 ✓ src/engines/CubeEngine.test.ts > CubeEngine > hierarchy navigation > should get descendants 0ms
 ✓ src/engines/CubeEngine.test.ts > CubeEngine > hierarchy navigation > should return empty for leaf ancestors 0ms
 ✓ src/engines/CubeEngine.test.ts > CubeEngine > registerCube > should register a cube with dimensions and measures 0ms
 ✓ src/engines/CubeEngine.test.ts > CubeEngine > registerCube > should throw when dimension not registered 0ms
 ✓ src/engines/CubeEngine.test.ts > CubeEngine > registerCube > should support sparse storage mode 0ms
 ✓ src/engines/CubeEngine.test.ts > CubeEngine > writeCell / readCell > should write and read a cell 1ms
 ✓ src/engines/CubeEngine.test.ts > CubeEngine > writeCell / readCell > should get cell value directly 0ms
 ✓ src/engines/CubeEngine.test.ts > CubeEngine > writeCell / readCell > should return undefined for missing cell 0ms
 ✓ src/engines/CubeEngine.test.ts > CubeEngine > writeCell / readCell > should throw when cube not found 1ms
 ✓ src/engines/CubeEngine.test.ts > CubeEngine > writeCell / readCell > should throw when missing dimension in coords 1ms
 ✓ src/engines/CubeEngine.test.ts > CubeEngine > writeCell / readCell > should throw when measure not found 0ms
 ✓ src/engines/CubeEngine.test.ts > CubeEngine > writeCell / readCell > should overwrite existing cell 0ms
 ✓ src/engines/CubeEngine.test.ts > CubeEngine > writeCell / readCell > should delete a cell 0ms
 ✓ src/engines/CubeEngine.test.ts > CubeEngine > cell history > should record history on write 1ms
 ✓ src/engines/CubeEngine.test.ts > CubeEngine > cell history > should return empty history for never-written cell 0ms
 ✓ src/engines/CubeEngine.test.ts > CubeEngine > aggregate > should sum across entities 1ms
 ✓ src/engines/CubeEngine.test.ts > CubeEngine > aggregate > should average across entities 0ms
 ✓ src/engines/CubeEngine.test.ts > CubeEngine > aggregate > should count cells 0ms
 ✓ src/engines/CubeEngine.test.ts > CubeEngine > aggregate > should get min 0ms
 ✓ src/engines/CubeEngine.test.ts > CubeEngine > aggregate > should get max 0ms
 ✓ src/engines/CubeEngine.test.ts > CubeEngine > aggregate > should return null for no matching cells 0ms
 ✓ src/engines/CubeEngine.test.ts > CubeEngine > snapshots > should create a snapshot 1ms
 ✓ src/engines/CubeEngine.test.ts > CubeEngine > snapshots > should compare snapshots 1ms
 ✓ src/engines/CubeEngine.test.ts > CubeEngine > snapshots > should detect added cells in diff 0ms
 ✓ src/engines/CubeEngine.test.ts > CubeEngine > registerSystemDimensions > should register all 7 system dimensions 1ms
 ✓ src/engines/CubeEngine.test.ts > CubeEngine > registerSystemDimensions > should not duplicate on re-registration 0ms
 ✓ src/engines/CubeEngine.test.ts > CubeEngine > query > should query and return rows 1ms
 ✓ src/engines/CubeEngine.test.ts > CubeEngine > query > should include grand total when requested 0ms
 ✓ src/engines/CubeEngine.test.ts > CubeEngine > query > should throw when cube not found 0ms
 ✓ src/engines/CubeEngine.test.ts > CubeEngine > state > should report cell count 0ms
 ✓ src/engines/CubeEngine.test.ts > CubeEngine > state > should report history count 0ms
 ✓ src/engines/CubeEngine.test.ts > CubeEngine > state > should clear all data 0ms
(node:4820) ExperimentalWarning: localStorage is not available because --localstorage-file was not provided.
(Use `node --trace-warnings ...` to show where the warning was created)
 ✓ src/utils/validation.test.ts > isNonEmptyString > should return true for non-empty strings 3ms
 ✓ src/utils/validation.test.ts > isNonEmptyString > should return false for empty or whitespace strings 1ms
 ✓ src/utils/validation.test.ts > isNonEmptyString > should return false for non-string types 1ms
 ✓ src/utils/validation.test.ts > isFiniteNumber > should return true for finite numbers 1ms
 ✓ src/utils/validation.test.ts > isFiniteNumber > should return false for non-finite numbers 0ms
 ✓ src/utils/validation.test.ts > isFiniteNumber > should return false for non-number types 0ms
 ✓ src/utils/validation.test.ts > isPositiveNumber > should return true for positive numbers 0ms
 ✓ src/utils/validation.test.ts > isPositiveNumber > should return false for zero and negative 0ms
 ✓ src/utils/validation.test.ts > isPositiveNumber > should return false for NaN and Infinity 0ms
 ✓ src/utils/validation.test.ts > isNonNegativeNumber > should return true for zero and positive 0ms
 ✓ src/utils/validation.test.ts > isNonNegativeNumber > should return false for negative 0ms
 ✓ src/utils/validation.test.ts > isPercentage > should return true for 0-100 0ms
 ✓ src/utils/validation.test.ts > isPercentage > should return false for out of range 0ms
 ✓ src/utils/validation.test.ts > isPercentage > should return false for NaN 0ms
 ✓ src/utils/validation.test.ts > isValidDate > should return true for valid date strings 0ms
 ✓ src/utils/validation.test.ts > isValidDate > should return false for invalid date strings 0ms
 ✓ src/utils/validation.test.ts > isValidDate > should return false for non-string types 0ms
 ✓ src/utils/validation.test.ts > isValidCurrency > should return true for valid 3-letter codes 0ms
 ✓ src/utils/validation.test.ts > isValidCurrency > should return false for invalid formats 0ms
 ✓ src/utils/validation.test.ts > isValidCurrency > should return false for non-string types 0ms
 ✓ src/utils/validation.test.ts > isValidAccountCode > should return true for valid codes 0ms
 ✓ src/utils/validation.test.ts > isValidAccountCode > should return false for empty string 0ms
 ✓ src/utils/validation.test.ts > isValidAccountCode > should return false for codes longer than 20 chars 0ms
 ✓ src/utils/validation.test.ts > isValidAccountCode > should return false for special characters 0ms
 ✓ src/utils/validation.test.ts > isValidPeriod > should return true for YYYY format 0ms
 ✓ src/utils/validation.test.ts > isValidPeriod > should return true for YYYY-QN format 0ms
 ✓ src/utils/validation.test.ts > isValidPeriod > should return true for YYYY-MM format 0ms
 ✓ src/utils/validation.test.ts > isValidPeriod > should return true for YYYY-WNN format 0ms
 ✓ src/utils/validation.test.ts > isValidPeriod > should return false for invalid formats 0ms
 ✓ src/utils/validation.test.ts > isValidPeriod > should accept YYYY-MM format (does not validate month range) 0ms
 ✓ src/utils/validation.test.ts > isNonEmptyArray > should return true for non-empty arrays 0ms
 ✓ src/utils/validation.test.ts > isNonEmptyArray > should return false for empty array 0ms
 ✓ src/utils/validation.test.ts > isNonEmptyArray > should return false for non-arrays 0ms
 ✓ src/utils/validation.test.ts > createValidationResult > should create a valid result with empty arrays 1ms
 ✓ src/utils/validation.test.ts > addError > should add error and set valid to false 1ms
 ✓ src/utils/validation.test.ts > addError > should accumulate multiple errors 0ms
 ✓ src/utils/validation.test.ts > addWarning > should add warning without changing valid 0ms
 ✓ src/utils/validation.test.ts > validateFinancialNumber > should pass for valid numbers 0ms
 ✓ src/utils/validation.test.ts > validateFinancialNumber > should fail for non-finite numbers 0ms
 ✓ src/utils/validation.test.ts > validateFinancialNumber > should fail when zero is not allowed 0ms
 ✓ src/utils/validation.test.ts > validateFinancialNumber > should fail when negative is not allowed 0ms
 ✓ src/utils/validation.test.ts > validateFinancialNumber > should fail when below min 0ms
 ✓ src/utils/validation.test.ts > validateFinancialNumber > should fail when above max 0ms
 ✓ src/utils/validation.test.ts > validateFinancialNumber > should pass for zero when allowed 0ms
 ✓ src/utils/validation.test.ts > validateFinancialNumber > should pass for negative when allowed 0ms
 ✓ src/utils/validation.test.ts > validatePercentage > should pass for valid percentages 0ms
 ✓ src/utils/validation.test.ts > validatePercentage > should fail for out-of-range values 0ms
 ✓ src/utils/validation.test.ts > validatePercentage > should fail for non-finite values 0ms
 ✓ src/utils/validation.test.ts > validatePercentage > should use custom field name 0ms
 ✓ src/utils/validation.test.ts > validateOwnershipPercentage > should pass for valid values 0ms
 ✓ src/utils/validation.test.ts > validateOwnershipPercentage > should fail for out-of-range 0ms
 ✓ src/utils/validation.test.ts > validateOwnershipPercentage > should fail for non-numbers 0ms
 ✓ src/utils/validation.test.ts > validateDateRange > should pass for valid range 0ms
 ✓ src/utils/validation.test.ts > validateDateRange > should fail for invalid start date 0ms
 ✓ src/utils/validation.test.ts > validateDateRange > should fail for invalid end date 0ms
 ✓ src/utils/validation.test.ts > validateDateRange > should fail when start is after end 0ms
 ✓ src/utils/validation.test.ts > validateDateRange > should allow same start and end date 0ms
 ✓ src/utils/validation.test.ts > validateEntity > should pass for valid entity 0ms
 ✓ src/utils/validation.test.ts > validateEntity > should fail for null 0ms
 ✓ src/utils/validation.test.ts > validateEntity > should fail for non-object 0ms
 ✓ src/utils/validation.test.ts > validateEntity > should fail for missing fields 0ms
 ✓ src/utils/validation.test.ts > validateEntity > should fail for invalid currency 0ms
 ✓ src/utils/validation.test.ts > validateGLEntry > should pass for valid entry 0ms
 ✓ src/utils/validation.test.ts > validateGLEntry > should fail for null 0ms
 ✓ src/utils/validation.test.ts > validateGLEntry > should fail for missing fields 0ms
 ✓ src/utils/validation.test.ts > validateGLEntry > should fail when both debit and credit are negative 0ms
 ✓ src/utils/validation.test.ts > validateAllocationRule > should pass for valid rule 0ms
 ✓ src/utils/validation.test.ts > validateAllocationRule > should fail for null 0ms
 ✓ src/utils/validation.test.ts > validateAllocationRule > should fail for empty targets 0ms
 ✓ src/utils/validation.test.ts > validateAllocationRule > should fail when percentages do not sum to 100 0ms
 ✓ src/utils/validation.test.ts > validateOwnershipStructure > should pass for valid structure 0ms
 ✓ src/utils/validation.test.ts > validateOwnershipStructure > should fail when parentId equals childId 0ms
 ✓ src/utils/validation.test.ts > validateOwnershipStructure > should fail for invalid method 0ms
 ✓ src/utils/validation.test.ts > validateOwnershipStructure > should accept all valid methods 1ms
 ✓ src/utils/validation.test.ts > validateScenarioDriver > should pass for valid driver 0ms
 ✓ src/utils/validation.test.ts > validateScenarioDriver > should fail for invalid type 0ms
 ✓ src/utils/validation.test.ts > validateScenarioDriver > should fail for invalid impactType 0ms
 ✓ src/utils/validation.test.ts > validateScenarioDriver > should accept all valid types 1ms
 ✓ src/utils/validation.test.ts > validateBudget > should pass for valid budget 0ms
 ✓ src/utils/validation.test.ts > validateBudget > should fail for null 0ms
 ✓ src/utils/validation.test.ts > validateBudget > should fail for empty name 0ms
 ✓ src/utils/validation.test.ts > validateBudget > should fail for name over 200 chars 0ms
 ✓ src/utils/validation.test.ts > validateBudget > should pass for name at exactly 200 chars 0ms
 ✓ src/utils/validation.test.ts > validateForecast > should pass for valid forecast 0ms
 ✓ src/utils/validation.test.ts > validateForecast > should fail for null 0ms
 ✓ src/utils/validation.test.ts > validateForecast > should fail for empty name 0ms
 ✓ src/utils/validation.test.ts > validateMonteCarloConfig > should pass for valid config 0ms
 ✓ src/utils/validation.test.ts > validateMonteCarloConfig > should fail for null 0ms
 ✓ src/utils/validation.test.ts > validateMonteCarloConfig > should fail for non-positive iterations 0ms
 ✓ src/utils/validation.test.ts > validateMonteCarloConfig > should warn for iterations > 1,000,000 0ms
 ✓ src/utils/validation.test.ts > validateBatch > should combine multiple valid results 0ms
 ✓ src/utils/validation.test.ts > validateBatch > should combine errors from invalid results 0ms
 ✓ src/utils/validation.test.ts > validateBatch > should combine warnings 0ms
 ✓ src/utils/validation.test.ts > validateBatch > should handle empty array 0ms
 ✓ src/utils/validation.test.ts > validateRequired > should pass for non-null values 0ms
 ✓ src/utils/validation.test.ts > validateRequired > should fail for null 0ms
 ✓ src/utils/validation.test.ts > validateRequired > should fail for undefined 0ms
 ✓ src/utils/validation.test.ts > validateRequired > should fail for empty string 0ms
 ✓ src/utils/validation.test.ts > validateRequired > should fail for whitespace-only string 0ms
 ✓ src/utils/validation.test.ts > validateNonEmptyArray > should pass for non-empty arrays 0ms
 ✓ src/utils/validation.test.ts > validateNonEmptyArray > should fail for empty array 0ms
 ✓ src/utils/validation.test.ts > validateNonEmptyArray > should fail for non-arrays 0ms
(node:4820) ExperimentalWarning: localStorage is not available because --localstorage-file was not provided.
(Use `node --trace-warnings ...` to show where the warning was created)
(node:4820) ExperimentalWarning: localStorage is not available because --localstorage-file was not provided.
(Use `node --trace-warnings ...` to show where the warning was created)
(node:4820) ExperimentalWarning: localStorage is not available because --localstorage-file was not provided.
(Use `node --trace-warnings ...` to show where the warning was created)
 ✓ src/utils/security.test.ts > escapeHTML > should escape ampersand 3ms
 ✓ src/utils/security.test.ts > escapeHTML > should escape angle brackets 0ms
 ✓ src/utils/security.test.ts > escapeHTML > should escape double quotes 0ms
 ✓ src/utils/security.test.ts > escapeHTML > should escape single quotes 0ms
 ✓ src/utils/security.test.ts > escapeHTML > should escape forward slashes 0ms
 ✓ src/utils/security.test.ts > escapeHTML > should escape backticks 0ms
 ✓ src/utils/security.test.ts > escapeHTML > should handle empty string 0ms
 ✓ src/utils/security.test.ts > escapeHTML > should handle non-string input 0ms
 ✓ src/utils/security.test.ts > escapeHTML > should not alter safe text 0ms
 ✓ src/utils/security.test.ts > escapeHTML > should escape multiple entities in one string 0ms
 ✓ src/utils/security.test.ts > stripScripts > should remove script tags 0ms
 ✓ src/utils/security.test.ts > stripScripts > should remove script tags with attributes 0ms
 ✓ src/utils/security.test.ts > stripScripts > should remove multiple script tags 0ms
 ✓ src/utils/security.test.ts > stripScripts > should preserve non-script content 0ms
 ✓ src/utils/security.test.ts > stripScripts > should handle non-string input 0ms
 ✓ src/utils/security.test.ts > stripScripts > should handle empty string 0ms
 ✓ src/utils/security.test.ts > stripEventHandlers > should remove onclick handlers 0ms
 ✓ src/utils/security.test.ts > stripEventHandlers > should remove onerror handlers 0ms
 ✓ src/utils/security.test.ts > stripEventHandlers > should remove onload handlers 0ms
 ✓ src/utils/security.test.ts > stripEventHandlers > should preserve safe attributes 0ms
 ✓ src/utils/security.test.ts > stripEventHandlers > should handle non-string input 0ms
 ✓ src/utils/security.test.ts > stripDangerousURIs > should remove javascript: URIs 0ms
 ✓ src/utils/security.test.ts > stripDangerousURIs > should remove vbscript: URIs 0ms
 ✓ src/utils/security.test.ts > stripDangerousURIs > should remove data: URIs with base64 0ms
 ✓ src/utils/security.test.ts > stripDangerousURIs > should preserve http/https URIs 0ms
 ✓ src/utils/security.test.ts > stripDangerousURIs > should handle non-string input 0ms
 ✓ src/utils/security.test.ts > stripDangerousCSS > should remove CSS expression() 0ms
 ✓ src/utils/security.test.ts > stripDangerousCSS > should preserve safe CSS 0ms
 ✓ src/utils/security.test.ts > stripDangerousCSS > should handle non-string input 0ms
 ✓ src/utils/security.test.ts > sanitizeForDisplay > should sanitize script injection 0ms
 ✓ src/utils/security.test.ts > sanitizeForDisplay > should sanitize event handler injection 0ms
 ✓ src/utils/security.test.ts > sanitizeForDisplay > should escape remaining HTML 0ms
 ✓ src/utils/security.test.ts > sanitizeForDisplay > should handle complex XSS payload 0ms
 ✓ src/utils/security.test.ts > sanitizeForDisplay > should handle non-string input 0ms
 ✓ src/utils/security.test.ts > sanitizeForURL > should encode special characters 0ms
 ✓ src/utils/security.test.ts > sanitizeForURL > should encode ampersand 0ms
 ✓ src/utils/security.test.ts > sanitizeForURL > should encode angle brackets 0ms
 ✓ src/utils/security.test.ts > sanitizeForURL > should handle non-string input 0ms
 ✓ src/utils/security.test.ts > sanitizeFilename > should remove path separators 0ms
 ✓ src/utils/security.test.ts > sanitizeFilename > should remove null bytes 0ms
 ✓ src/utils/security.test.ts > sanitizeFilename > should remove leading dots 0ms
 ✓ src/utils/security.test.ts > sanitizeFilename > should collapse multiple dots 0ms
 ✓ src/utils/security.test.ts > sanitizeFilename > should preserve safe filenames 0ms
 ✓ src/utils/security.test.ts > sanitizeFilename > should handle non-string input 0ms
 ✓ src/utils/security.test.ts > stripAllTags > should strip all HTML tags 0ms
 ✓ src/utils/security.test.ts > stripAllTags > should handle self-closing tags 0ms
 ✓ src/utils/security.test.ts > stripAllTags > should handle non-string input 0ms
 ✓ src/utils/security.test.ts > sanitizeURL > should allow http URLs 0ms
 ✓ src/utils/security.test.ts > sanitizeURL > should allow https URLs 0ms
 ✓ src/utils/security.test.ts > sanitizeURL > should allow mailto URLs 0ms
 ✓ src/utils/security.test.ts > sanitizeURL > should allow relative URLs 0ms
 ✓ src/utils/security.test.ts > sanitizeURL > should block javascript: URLs 0ms
 ✓ src/utils/security.test.ts > sanitizeURL > should block data: URLs 0ms
 ✓ src/utils/security.test.ts > sanitizeURL > should block vbscript: URLs 0ms
 ✓ src/utils/security.test.ts > sanitizeURL > should handle empty string 0ms
 ✓ src/utils/security.test.ts > sanitizeURL > should handle non-string input 0ms
 ✓ src/utils/security.test.ts > sanitizeURL > should allow relative paths 0ms
 ✓ src/utils/security.test.ts > isSafeURL > should return true for http 0ms
 ✓ src/utils/security.test.ts > isSafeURL > should return true for https 0ms
 ✓ src/utils/security.test.ts > isSafeURL > should return false for javascript: 0ms
 ✓ src/utils/security.test.ts > isSafeURL > should return false for data: 0ms
 ✓ src/utils/security.test.ts > isSafeURL > should return false for vbscript: 0ms
 ✓ src/utils/security.test.ts > isSafeURL > should handle non-string input 0ms
 ✓ src/utils/security.test.ts > detectDangerousPatterns > should detect script tags 1ms
 ✓ src/utils/security.test.ts > detectDangerousPatterns > should detect event handlers 0ms
 ✓ src/utils/security.test.ts > detectDangerousPatterns > should detect javascript: URIs 0ms
 ✓ src/utils/security.test.ts > detectDangerousPatterns > should detect eval calls 0ms
 ✓ src/utils/security.test.ts > detectDangerousPatterns > should return empty array for safe input 1ms
 ✓ src/utils/security.test.ts > detectDangerousPatterns > should handle non-string input 0ms
 ✓ src/utils/security.test.ts > detectDangerousPatterns > should detect multiple threats 0ms
 ✓ src/utils/security.test.ts > isInputSafe > should return true for safe input 0ms
 ✓ src/utils/security.test.ts > isInputSafe > should return false for script injection 0ms
 ✓ src/utils/security.test.ts > isInputSafe > should return false for event handler injection 0ms
 ✓ src/utils/security.test.ts > isInputSafe > should return false for javascript: URIs 0ms
 ✓ src/utils/security.test.ts > isInputSafe > should handle non-string input 0ms
 ✓ src/utils/security.test.ts > CSRF Protection > generateCSRFToken > should generate a token of correct length 2ms
 ✓ src/utils/security.test.ts > CSRF Protection > generateCSRFToken > should generate alphanumeric tokens 0ms
 ✓ src/utils/security.test.ts > CSRF Protection > generateCSRFToken > should generate unique tokens 1ms
 ✓ src/utils/security.test.ts > CSRF Protection > getCSRFToken > should return the same token on subsequent calls 0ms
 ✓ src/utils/security.test.ts > CSRF Protection > getCSRFToken > should generate a token if none exists 0ms
 ✓ src/utils/security.test.ts > CSRF Protection > getCSRFHeader > should return an object with the CSRF header 0ms
 ✓ src/utils/security.test.ts > CSRF Protection > getCSRFHeaderName > should return X-CSRF-Token 0ms
 ✓ src/utils/security.test.ts > CSRF Protection > validateCSRFToken > should validate a correct token 0ms
 ✓ src/utils/security.test.ts > CSRF Protection > validateCSRFToken > should reject an incorrect token 0ms
 ✓ src/utils/security.test.ts > CSRF Protection > validateCSRFToken > should reject non-string input 0ms
 ✓ src/utils/security.test.ts > CSRF Protection > validateCSRFToken > should reject when no token is stored 0ms
 ✓ src/utils/security.test.ts > CSRF Protection > validateCSRFToken > should use constant-time comparison 0ms
 ✓ src/utils/security.test.ts > CSRF Protection > clearCSRFToken > should clear the stored token 0ms
 ✓ src/utils/security.test.ts > sanitizeUserInput > should sanitize safe input 0ms
 ✓ src/utils/security.test.ts > sanitizeUserInput > should detect threats in dangerous input 0ms
 ✓ src/utils/security.test.ts > sanitizeUserInput > should escape HTML by default 0ms
 ✓ src/utils/security.test.ts > sanitizeUserInput > should allow HTML when allowHTML is true 0ms
 ✓ src/utils/security.test.ts > sanitizeUserInput > should still strip scripts when allowHTML is true 0ms
 ✓ src/utils/security.test.ts > sanitizeUserInput > should reject non-string input 0ms
 ✓ src/utils/security.test.ts > sanitizeUserInput > should enforce maxLength 0ms
 ✓ src/utils/security.test.ts > sanitizeUserInput > should include fieldName in error messages 0ms
 ✓ src/utils/security.test.ts > sanitizeUserInput > should trim input 0ms
 ✓ src/utils/security.test.ts > SECURITY_CONSTANTS > should expose MAX_INPUT_LENGTH 0ms
 ✓ src/utils/security.test.ts > SECURITY_CONSTANTS > should expose CSRF_TOKEN_LENGTH 0ms
 ✓ src/utils/security.test.ts > SECURITY_CONSTANTS > should expose CSRF_HEADER_NAME 0ms
 ✓ src/utils/security.test.ts > SECURITY_CONSTANTS > should expose SAFE_PROTOCOLS 0ms
 ✓ src/utils/security.test.ts > SECURITY_CONSTANTS > should expose DANGEROUS_PROTOCOLS 0ms
 ✓ src/store/cubeStore.test.ts > cubeStore > initialize > should register system dimensions 5ms
 ✓ src/store/cubeStore.test.ts > cubeStore > initialize > should register GL_Actuals cube 2ms
 ✓ src/store/cubeStore.test.ts > cubeStore > initialize > should register GL_Budget cube 1ms
 ✓ src/store/cubeStore.test.ts > cubeStore > initialize > should register GL_Forecast cube 0ms
 ✓ src/store/cubeStore.test.ts > cubeStore > initialize > should add default Scenario members 1ms
 ✓ src/store/cubeStore.test.ts > cubeStore > initialize > should add default Currency members 1ms
 ✓ src/store/cubeStore.test.ts > cubeStore > initialize > should set isInitialized to true 0ms
 ✓ src/store/cubeStore.test.ts > cubeStore > initialize > should update cellCount and historyCount 0ms
 ✓ src/store/cubeStore.test.ts > cubeStore > writeCell / readCell > should write and read a numeric cell 1ms
 ✓ src/store/cubeStore.test.ts > cubeStore > writeCell / readCell > should write and read a string cell 1ms
 ✓ src/store/cubeStore.test.ts > cubeStore > writeCell / readCell > should return undefined for non-existent cell 0ms
 ✓ src/store/cubeStore.test.ts > cubeStore > writeCell / readCell > should update cellCount after write 0ms
 ✓ src/store/cubeStore.test.ts > cubeStore > writeCell / readCell > should track history after write 1ms
 ✓ src/store/cubeStore.test.ts > cubeStore > getCellValue > should return the value directly 0ms
 ✓ src/store/cubeStore.test.ts > cubeStore > getCellValue > should return undefined for missing cell 0ms
 ✓ src/store/cubeStore.test.ts > cubeStore > deleteCell > should delete an existing cell 1ms
 ✓ src/store/cubeStore.test.ts > cubeStore > deleteCell > should return false for non-existent cell 0ms
 ✓ src/store/cubeStore.test.ts > cubeStore > aggregate > should sum debit values across accounts 1ms
 ✓ src/store/cubeStore.test.ts > cubeStore > aggregate > should compute average correctly 0ms
 ✓ src/store/cubeStore.test.ts > cubeStore > aggregate > should count cells 0ms
 ✓ src/store/cubeStore.test.ts > cubeStore > aggregate > should return null when no cells match 0ms
 ✓ src/store/cubeStore.test.ts > cubeStore > query > should query cells with filters 1ms
 ✓ src/store/cubeStore.test.ts > cubeStore > query > should include grand total when requested 0ms
 ✓ src/store/cubeStore.test.ts > cubeStore > snapshots > should create a snapshot 1ms
 ✓ src/store/cubeStore.test.ts > cubeStore > snapshots > should list snapshots 0ms
 ✓ src/store/cubeStore.test.ts > cubeStore > snapshots > should compare snapshots and detect changes 1ms
 ✓ src/store/cubeStore.test.ts > cubeStore > snapshots > should detect added cells in diff 1ms
 ✓ src/store/cubeStore.test.ts > cubeStore > undo / redo > should undo a write 1ms
 ✓ src/store/cubeStore.test.ts > cubeStore > undo / redo > should redo after undo 1ms
 ✓ src/store/cubeStore.test.ts > cubeStore > undo / redo > should return false when nothing to undo 0ms
 ✓ src/store/cubeStore.test.ts > cubeStore > undo / redo > should return false when nothing to redo 0ms
 ✓ src/store/cubeStore.test.ts > cubeStore > undo / redo > should report canUndo / canRedo correctly 1ms
 ✓ src/store/cubeStore.test.ts > cubeStore > registerDimension / registerCube > should register a custom dimension 0ms
 ✓ src/store/cubeStore.test.ts > cubeStore > registerDimension / registerCube > should register a custom cube 0ms
 ✓ src/store/cubeStore.test.ts > cubeStore > addMember / getMembers > should add and retrieve a member 1ms
 ✓ src/store/cubeStore.test.ts > cubeStore > bulkWriteCells > should write multiple cells at once 1ms
 ✓ src/store/cubeStore.test.ts > cubeStore > bulkWriteCells > should handle empty array 0ms
 ✓ src/store/cubeStore.test.ts > cubeStore > clearAll > should reset all state 1ms
 ✓ src/store/cubeStore.test.ts > cubeStore > refreshCounts > should update counts from engine 0ms
(node:4820) ExperimentalWarning: localStorage is not available because --localstorage-file was not provided.
(Use `node --trace-warnings ...` to show where the warning was created)
 × src/components/ui/DataGrid.test.tsx > DataGrid > renders > renders without crashing 173ms
   → Invalid Chai property: toBeInTheDocument
 × src/components/ui/DataGrid.test.tsx > DataGrid > renders > renders with correct row count 9ms
   → Invalid Chai property: toHaveAttribute
 × src/components/ui/DataGrid.test.tsx > DataGrid > renders > renders with empty rows 5ms
   → Invalid Chai property: toHaveAttribute
 × src/components/ui/DataGrid.test.tsx > DataGrid > renders > applies custom className 15ms
   → Invalid Chai property: toHaveClass
 × src/components/ui/DataGrid.test.tsx > DataGrid > renders > renders loading overlay when loading 12ms
   → Invalid Chai property: toBeInTheDocument
 × src/components/ui/DataGrid.test.tsx > DataGrid > renders > does not render loading overlay when not loading 12ms
   → Invalid Chai property: toBeInTheDocument
 × src/components/ui/DataGrid.test.tsx > DataGrid > accessibility > has grid role 7ms
   → Invalid Chai property: toBeInTheDocument
 × src/components/ui/DataGrid.test.tsx > DataGrid > accessibility > has aria-label 6ms
   → Invalid Chai property: toBeInTheDocument
 × src/components/ui/DataGrid.test.tsx > DataGrid > accessibility > has aria-rowcount 14ms
   → Invalid Chai property: toHaveAttribute
 × src/components/ui/DataGrid.test.tsx > DataGrid > accessibility > has aria-colcount 10ms
   → Invalid Chai property: toHaveAttribute
 × src/components/ui/DataGrid.test.tsx > DataGrid > accessibility > has aria-busy when loading 10ms
   → Invalid Chai property: toHaveAttribute
 × src/components/ui/DataGrid.test.tsx > DataGrid > accessibility > has tabIndex for keyboard focus 10ms
   → Invalid Chai property: toHaveAttribute
 × src/components/ui/DataGrid.test.tsx > DataGrid > accessibility > loading overlay has aria-live 10ms
   → Invalid Chai property: toHaveAttribute
 × src/components/ui/DataGrid.test.tsx > DataGrid > keyboard navigation > grid container is keyboard focusable 8ms
   → Invalid Chai property: toHaveAttribute
 × src/components/ui/DataGrid.test.tsx > DataGrid > keyboard navigation > opens find/replace on Ctrl+F when enabled 28ms
   → Invalid Chai property: toBeInTheDocument
 × src/components/ui/DataGrid.test.tsx > DataGrid > keyboard navigation > does not open find/replace when disabled 8ms
   → Invalid Chai property: toBeInTheDocument
 × src/components/ui/DataGrid.test.tsx > DataGrid > keyboard navigation > closes find/replace on Escape 17ms
   → Invalid Chai property: toBeInTheDocument
 × src/components/ui/DataGrid.test.tsx > DataGrid > toolbar > renders Find button when enableFindReplace is true 11ms
   → Invalid Chai property: toBeInTheDocument
 × src/components/ui/DataGrid.test.tsx > DataGrid > toolbar > renders Export button when enableExport is true 5ms
   → Invalid Chai property: toBeInTheDocument
 × src/components/ui/DataGrid.test.tsx > DataGrid > toolbar > renders Columns button when enableColumnHiding is true 5ms
   → Invalid Chai property: toBeInTheDocument
 × src/components/ui/DataGrid.test.tsx > DataGrid > toolbar > renders Group button when enableRowGrouping is true 5ms
   → Invalid Chai property: toBeInTheDocument
 × src/components/ui/DataGrid.test.tsx > DataGrid > toolbar > does not render toolbar when no features enabled 3ms
   → Invalid Chai property: toBeInTheDocument
 × src/components/ui/DataGrid.test.tsx > DataGrid > find and replace > shows find/replace bar when Find button clicked 15ms
   → Invalid Chai property: toBeInTheDocument
 × src/components/ui/DataGrid.test.tsx > DataGrid > find and replace > shows find input field 18ms
   → Invalid Chai property: toBeInTheDocument
 × src/components/ui/DataGrid.test.tsx > DataGrid > find and replace > shows replace input field 11ms
   → Invalid Chai property: toBeInTheDocument
 × src/components/ui/DataGrid.test.tsx > DataGrid > find and replace > shows Search and Replace All buttons 10ms
   → Invalid Chai property: toBeInTheDocument
 × src/components/ui/DataGrid.test.tsx > DataGrid > find and replace > shows close button 8ms
   → Invalid Chai property: toBeInTheDocument
 × src/components/ui/DataGrid.test.tsx > DataGrid > find and replace > closes find/replace bar via close button 16ms
   → Invalid Chai property: toBeInTheDocument
 ✓ src/store/glStore.test.ts > glStore > should have correct initial state 6ms
 ✓ src/store/glStore.test.ts > glStore > should set accounts 1ms
 ✓ src/store/glStore.test.ts > glStore > should replace accounts on subsequent calls 1ms
 ✓ src/store/glStore.test.ts > glStore > should set empty accounts array 1ms
 ✓ src/store/glStore.test.ts > glStore > should set entries and reset trialBalance and accountAnalysis 1ms
 ✓ src/store/glStore.test.ts > glStore > should set empty entries 1ms
 ✓ src/store/glStore.test.ts > glStore > should add an entry with generated id 3ms
 ✓ src/store/glStore.test.ts > glStore > should append entries on multiple addEntry calls 1ms
 ✓ src/store/glStore.test.ts > glStore > should generate trial balance from entries and accounts 1ms
 ✓ src/store/glStore.test.ts > glStore > should aggregate multiple entries per account in trial balance 1ms
 ✓ src/store/glStore.test.ts > glStore > should generate empty trial balance with no entries 1ms
 ✓ src/store/glStore.test.ts > glStore > should set isLoading during trial balance generation 0ms
 ✓ src/store/glStore.test.ts > glStore > should analyze account with monthly totals 1ms
 ✓ src/store/glStore.test.ts > glStore > should return empty analysis for non-matching account 1ms
 ✓ src/store/glStore.test.ts > glStore > should set date filter 0ms
 ✓ src/store/glStore.test.ts > glStore > should set account filter 1ms
 ✓ src/store/glStore.test.ts > glStore > should set account filter with empty array 0ms
 ✓ src/store/glStore.test.ts > glStore > should clear both filters 1ms
 ✓ src/store/glStore.test.ts > glStore > should clear entries, trial balance, account analysis, and filters 1ms
 ✓ src/store/glStore.test.ts > glStore > should set import progress 0ms
 ✓ src/store/glStore.test.ts > glStore > should clamp import progress to 0 minimum 0ms
 ✓ src/store/glStore.test.ts > glStore > should clamp import progress to 100 maximum 0ms
 ✓ src/store/glStore.test.ts > glStore > should set import status and clear error for non-error status 0ms
 ✓ src/store/glStore.test.ts > glStore > should set import status to error and preserve existing error 0ms
 ✓ src/store/glStore.test.ts > glStore > should set import error and set status to error 0ms
 ✓ src/store/glStore.test.ts > glStore > should clear import error when set to null 0ms
 ✓ src/store/glStore.test.ts > glStore > should record import to history and set lastImportResult 1ms
 ✓ src/store/glStore.test.ts > glStore > should prepend new imports to history 1ms
 ✓ src/store/glStore.test.ts > glStore > should undo last import by removing entries 1ms
 ✓ src/store/glStore.test.ts > glStore > should undo last import with no entries removed when lastImportEntryIds empty 0ms
 ✓ src/store/glStore.test.ts > glStore > should detect duplicate entries based on accountCode|date|amount key 0ms
 ✓ src/store/glStore.test.ts > glStore > should treat entries with different amounts as non-duplicates 0ms
 ✓ src/store/glStore.test.ts > glStore > should return all new entries when no existing entries 0ms
 ✓ src/store/glStore.test.ts > glStore > should return empty results for empty input 0ms
 ✓ src/store/glStore.test.ts > glStore > should update column mapping 0ms
 ✓ src/store/glStore.test.ts > glStore > should replace entire column mapping 0ms
 × src/components/ui/DataGrid.test.tsx > DataGrid > find and replace > updates find text on input 14ms
   → Invalid Chai property: toHaveValue
 × src/components/ui/DataGrid.test.tsx > DataGrid > find and replace > updates replace text on input 11ms
   → Invalid Chai property: toHaveValue
 × src/components/ui/DataGrid.test.tsx > DataGrid > column visibility > shows column menu when Columns button clicked 16ms
   → Invalid Chai property: toBeInTheDocument
 × src/components/ui/DataGrid.test.tsx > DataGrid > column visibility > shows all columns in the menu 10ms
   → Invalid Chai property: toBeInTheDocument
 × src/components/ui/DataGrid.test.tsx > DataGrid > column visibility > columns are checked by default 20ms
   → Invalid Chai property: toHaveAttribute
 × src/components/ui/DataGrid.test.tsx > DataGrid > row grouping > shows grouping options when Group button clicked 9ms
   → Invalid Chai property: toBeInTheDocument
 × src/components/ui/DataGrid.test.tsx > DataGrid > row grouping > shows all columns as grouping options 8ms
   → Invalid Chai property: toBeInTheDocument
 × src/components/ui/DataGrid.test.tsx > DataGrid > callbacks > accepts onCellValueChanged callback 7ms
   → Invalid Chai property: toBeInTheDocument
 × src/components/ui/DataGrid.test.tsx > DataGrid > callbacks > accepts onSelectionChanged callback 7ms
   → Invalid Chai property: toBeInTheDocument
 × src/components/ui/DataGrid.test.tsx > DataGrid > callbacks > accepts onUndo callback 6ms
   → Invalid Chai property: toBeInTheDocument
 × src/components/ui/DataGrid.test.tsx > DataGrid > callbacks > accepts onRedo callback 9ms
   → Invalid Chai property: toBeInTheDocument
 × src/components/ui/DataGrid.test.tsx > DataGrid > edge cases > handles large row count 373ms
   → Invalid Chai property: toHaveAttribute
 × src/components/ui/DataGrid.test.tsx > DataGrid > edge cases > handles columns with custom valueFormatter 6ms
   → Invalid Chai property: toBeInTheDocument
 × src/components/ui/DataGrid.test.tsx > DataGrid > edge cases > handles columns with pinned property 4ms
   → Invalid Chai property: toBeInTheDocument
 × src/components/ui/DataGrid.test.tsx > DataGrid > edge cases > handles columns with flex property 4ms
   → Invalid Chai property: toBeInTheDocument
 × src/components/ui/DataGrid.test.tsx > DataGrid > edge cases > renders multiple toolbar features simultaneously 3ms
   → Invalid Chai property: toBeInTheDocument
 × src/components/ui/DataGrid.test.tsx > DataGrid > edge cases > handles rows with null/undefined values 4ms
   → Invalid Chai property: toHaveAttribute
(node:4820) ExperimentalWarning: localStorage is not available because --localstorage-file was not provided.
(Use `node --trace-warnings ...` to show where the warning was created)
(node:4820) ExperimentalWarning: localStorage is not available because --localstorage-file was not provided.
(Use `node --trace-warnings ...` to show where the warning was created)
 ✓ src/engines/FormulaEngine.integration.test.ts > FormulaEngine Integration > parse and evaluate together > should parse and evaluate simple formula end-to-end 5ms
 ✓ src/engines/FormulaEngine.integration.test.ts > FormulaEngine Integration > parse and evaluate together > should parse and evaluate with equals sign prefix 1ms
 ✓ src/engines/FormulaEngine.integration.test.ts > FormulaEngine Integration > parse and evaluate together > should parse and evaluate complex precedence 1ms
 ✓ src/engines/FormulaEngine.integration.test.ts > FormulaEngine Integration > parse and evaluate together > should parse and evaluate parentheses 0ms
 ✓ src/engines/FormulaEngine.integration.test.ts > FormulaEngine Integration > parse and evaluate together > should parse and evaluate nested parentheses 1ms
 ✓ src/engines/FormulaEngine.integration.test.ts > FormulaEngine Integration > parse and evaluate together > should parse and evaluate division 1ms
 ✓ src/engines/FormulaEngine.integration.test.ts > FormulaEngine Integration > parse and evaluate together > should parse and evaluate mixed operations 1ms
 ✓ src/engines/FormulaEngine.integration.test.ts > FormulaEngine Integration > parse and evaluate together > should handle equals sign with whitespace 1ms
 ✓ src/engines/FormulaEngine.integration.test.ts > FormulaEngine Integration > cell references with actual values > should resolve single cell reference 1ms
 ✓ src/engines/FormulaEngine.integration.test.ts > FormulaEngine Integration > cell references with actual values > should add two cell references 1ms
 ✓ src/engines/FormulaEngine.integration.test.ts > FormulaEngine Integration > cell references with actual values > should multiply cell references 1ms
 ✓ src/engines/FormulaEngine.integration.test.ts > FormulaEngine Integration > cell references with actual values > should divide cell references 0ms
 ✓ src/engines/FormulaEngine.integration.test.ts > FormulaEngine Integration > cell references with actual values > should subtract cell references 0ms
 ✓ src/engines/FormulaEngine.integration.test.ts > FormulaEngine Integration > cell references with actual values > should handle cell reference with literal 0ms
 ✓ src/engines/FormulaEngine.integration.test.ts > FormulaEngine Integration > cell references with actual values > should handle multiple cell references in expression 0ms
 ✓ src/engines/FormulaEngine.integration.test.ts > FormulaEngine Integration > cell references with actual values > should handle cell reference with negative result 0ms
 ✓ src/engines/FormulaEngine.integration.test.ts > FormulaEngine Integration > cell references with actual values > should handle cell reference with zero value 0ms
 ✓ src/engines/FormulaEngine.integration.test.ts > FormulaEngine Integration > cell references with actual values > should handle cell reference multiplication chain 0ms
 ✓ src/engines/FormulaEngine.integration.test.ts > FormulaEngine Integration > cell references with actual values > should track dependencies through cell references 2ms
 ✓ src/engines/FormulaEngine.integration.test.ts > FormulaEngine Integration > nested functions > should evaluate SUM of cell ranges 1ms
 ✓ src/engines/FormulaEngine.integration.test.ts > FormulaEngine Integration > nested functions > should evaluate SUM of SUM 0ms
 ✓ src/engines/FormulaEngine.integration.test.ts > FormulaEngine Integration > nested functions > should evaluate IF with SUM condition 0ms
 ✓ src/engines/FormulaEngine.integration.test.ts > FormulaEngine Integration > nested functions > should evaluate IF with zero SUM 0ms
 ✓ src/engines/FormulaEngine.integration.test.ts > FormulaEngine Integration > nested functions > should evaluate COUNT of range 0ms
 ✓ src/engines/FormulaEngine.integration.test.ts > FormulaEngine Integration > nested functions > should evaluate nested IF 0ms
 ✓ src/engines/FormulaEngine.integration.test.ts > FormulaEngine Integration > nested functions > should evaluate SUM with mixed ranges and values 0ms
 ✓ src/engines/FormulaEngine.integration.test.ts > FormulaEngine Integration > nested functions > should evaluate IF with comparison on cell values 0ms
 ✓ src/engines/FormulaEngine.integration.test.ts > FormulaEngine Integration > nested functions > should evaluate IF with equal comparison 0ms
 ✓ src/engines/FormulaEngine.integration.test.ts > FormulaEngine Integration > nested functions > should evaluate nested SUM with COUNT 0ms
 ✓ src/engines/FormulaEngine.integration.test.ts > FormulaEngine Integration > complex multi-step calculations > should calculate weighted average 0ms
 ✓ src/engines/FormulaEngine.integration.test.ts > FormulaEngine Integration > complex multi-step calculations > should calculate percentage change 0ms
 ✓ src/engines/FormulaEngine.integration.test.ts > FormulaEngine Integration > complex multi-step calculations > should calculate compound expression 0ms
 ✓ src/engines/FormulaEngine.integration.test.ts > FormulaEngine Integration > complex multi-step calculations > should calculate multi-step with division 0ms
 ✓ src/engines/FormulaEngine.integration.test.ts > FormulaEngine Integration > complex multi-step calculations > should handle large formula with many operations 0ms
 ✓ src/engines/FormulaEngine.integration.test.ts > FormulaEngine Integration > complex multi-step calculations > should calculate margin percentage 0ms
 ✓ src/engines/FormulaEngine.integration.test.ts > FormulaEngine Integration > complex multi-step calculations > should calculate ROI 0ms
 ✓ src/engines/FormulaEngine.integration.test.ts > FormulaEngine Integration > complex multi-step calculations > should calculate break-even units 0ms
 ✓ src/engines/FormulaEngine.integration.test.ts > FormulaEngine Integration > complex multi-step calculations > should calculate debt-to-equity ratio 0ms
 ✓ src/engines/FormulaEngine.integration.test.ts > FormulaEngine Integration > complex multi-step calculations > should calculate EPS 0ms
 ✓ src/engines/FormulaEngine.integration.test.ts > FormulaEngine Integration > error propagation > should propagate division by zero as 0 0ms
 ✓ src/engines/FormulaEngine.integration.test.ts > FormulaEngine Integration > error propagation > should propagate parse errors 1ms
 ✓ src/engines/FormulaEngine.integration.test.ts > FormulaEngine Integration > error propagation > should propagate evaluation errors from getCellValue 0ms
 ✓ src/engines/FormulaEngine.integration.test.ts > FormulaEngine Integration > error propagation > should handle NaN propagation 0ms
 ✓ src/engines/FormulaEngine.integration.test.ts > FormulaEngine Integration > error propagation > should handle Infinity propagation 0ms
 ✓ src/engines/FormulaEngine.integration.test.ts > FormulaEngine Integration > error propagation > should handle getCellValue returning string 0ms
 ✓ src/engines/FormulaEngine.integration.test.ts > FormulaEngine Integration > dependency tracking integration > should track dependencies through complex formula 0ms
 ✓ src/engines/FormulaEngine.integration.test.ts > FormulaEngine Integration > dependency tracking integration > should track dependencies through functions 1ms
 ✓ src/engines/FormulaEngine.integration.test.ts > FormulaEngine Integration > dependency tracking integration > should track dependencies through nested functions 0ms
 ✓ src/engines/FormulaEngine.integration.test.ts > FormulaEngine Integration > dependency tracking integration > should deduplicate dependencies 0ms
 ✓ src/engines/FormulaEngine.integration.test.ts > FormulaEngine Integration > dependency tracking integration > should sort dependencies 0ms
 ✓ src/engines/FormulaEngine.integration.test.ts > FormulaEngine Integration > dependency tracking integration > should not include literal numbers as dependencies 0ms
 ✓ src/engines/FormulaEngine.integration.test.ts > FormulaEngine Integration > validation then evaluation > should validate then evaluate valid formula 0ms
 ✓ src/engines/FormulaEngine.integration.test.ts > FormulaEngine Integration > validation then evaluation > should reject invalid formula before evaluation 0ms
 ✓ src/engines/FormulaEngine.integration.test.ts > FormulaEngine Integration > validation then evaluation > should handle validate -> parse -> evaluate pipeline 0ms
 ✓ src/engines/FormulaEngine.integration.test.ts > FormulaEngine Integration > financial calculations > should calculate net income 0ms
 ✓ src/engines/FormulaEngine.integration.test.ts > FormulaEngine Integration > financial calculations > should calculate gross margin 0ms
 ✓ src/engines/FormulaEngine.integration.test.ts > FormulaEngine Integration > financial calculations > should calculate operating margin 0ms
 ✓ src/engines/FormulaEngine.integration.test.ts > FormulaEngine Integration > financial calculations > should calculate current ratio 0ms
 ✓ src/engines/FormulaEngine.integration.test.ts > FormulaEngine Integration > financial calculations > should calculate NPV through integration 0ms
 ✓ src/engines/FormulaEngine.integration.test.ts > FormulaEngine Integration > financial calculations > should calculate CAGR through integration 0ms
 ✓ src/engines/FormulaEngine.integration.test.ts > FormulaEngine Integration > round-trip consistency > should produce same result on repeated evaluation 0ms
 ✓ src/engines/FormulaEngine.integration.test.ts > FormulaEngine Integration > round-trip consistency > should produce same result on re-parsing 0ms
 ✓ src/engines/FormulaEngine.integration.test.ts > FormulaEngine Integration > round-trip consistency > should produce same dependencies on re-parse 0ms
 ✓ src/engines/ProfessionalExportEngine.test.ts > ProfessionalExportEngine > constructor > should create with default branding 6ms
 ✓ src/engines/ProfessionalExportEngine.test.ts > ProfessionalExportEngine > constructor > should accept custom branding 1ms
 ✓ src/engines/ProfessionalExportEngine.test.ts > ProfessionalExportEngine > constructor > should merge partial branding with defaults 1ms
 ✓ src/engines/ProfessionalExportEngine.test.ts > ProfessionalExportEngine > generateBoardPack > should generate a complete board pack PDF 16ms
 ✓ src/engines/ProfessionalExportEngine.test.ts > ProfessionalExportEngine > generateBoardPack > should render cover page by default 11ms
 ✓ src/engines/ProfessionalExportEngine.test.ts > ProfessionalExportEngine > generateBoardPack > should skip cover page when includeCover is false 2ms
 ✓ src/engines/ProfessionalExportEngine.test.ts > ProfessionalExportEngine > generateBoardPack > should render KPI dashboard 2ms
 ✓ src/engines/ProfessionalExportEngine.test.ts > ProfessionalExportEngine > generateBoardPack > should render financial sections with autoTable 1ms
 ✓ src/engines/ProfessionalExportEngine.test.ts > ProfessionalExportEngine > generateBoardPack > should add page numbers 1ms
 ✓ src/engines/ProfessionalExportEngine.test.ts > ProfessionalExportEngine > generateBoardPack > should include confidential notice when enabled 1ms
 ✓ src/engines/ProfessionalExportEngine.test.ts > ProfessionalExportEngine > generateBoardPack > should render notes when provided 1ms
 ✓ src/engines/ProfessionalExportEngine.test.ts > ProfessionalExportEngine > generateFromExportData > should generate PDF from ExportData format 1ms
 ✓ src/engines/ProfessionalExportEngine.test.ts > ProfessionalExportEngine > generateFromExportData > should handle empty data gracefully 0ms
 ✓ src/engines/ProfessionalExportEngine.test.ts > ProfessionalExportEngine > generateFromExportData > should handle landscape orientation 0ms
 ✓ src/engines/ProfessionalExportEngine.test.ts > ProfessionalExportEngine > generateBatchReport > should generate batch PDF with multiple sections 1ms
 ✓ src/engines/ProfessionalExportEngine.test.ts > ProfessionalExportEngine > generateBatchReport > should handle empty sections 0ms
 ✓ src/engines/ProfessionalExportEngine.test.ts > ProfessionalExportEngine > table rendering > should auto-detect total rows 1ms
 ✓ src/engines/ProfessionalExportEngine.test.ts > ProfessionalExportEngine > table rendering > should right-align numeric columns 1ms
 ✓ src/engines/ProfessionalExportEngine.test.ts > ProfessionalExportEngine > KPI dashboard rendering > should render KPI cards with status indicators 1ms
 ✓ src/engines/ProfessionalExportEngine.test.ts > ProfessionalExportEngine > KPI dashboard rendering > should handle many KPIs (more than 4) 1ms
 ✓ src/engines/ProfessionalExportEngine.test.ts > ProfessionalExportEngine > branding > should use custom company name in headers 1ms
 ✓ src/engines/ProfessionalExportEngine.test.ts > ProfessionalExportEngine > branding > should render logo when provided 3ms
 ✓ src/engines/ProfessionalExportEngine.test.ts > ProfessionalExportEngine > branding > should use default company name when not provided 2ms
 ✓ src/engines/ProfessionalExportEngine.test.ts > ProfessionalExportEngine > edge cases > should throw when jsPDF is not loaded 2ms
 ✓ src/engines/ProfessionalExportEngine.test.ts > ProfessionalExportEngine > edge cases > should handle sections with no rows 1ms
 ✓ src/engines/ProfessionalExportEngine.test.ts > ProfessionalExportEngine > edge cases > should handle KPIs with no change value 1ms
 ✓ src/engines/ProfessionalExportEngine.test.ts > ProfessionalExportEngine > edge cases > should handle KPIs with target value 1ms
(node:4820) ExperimentalWarning: localStorage is not available because --localstorage-file was not provided.
(Use `node --trace-warnings ...` to show where the warning was created)
 ✓ src/utils/offlineCache.test.ts > offlineCache > cacheSet > should store a value with metadata 4ms
 ✓ src/utils/offlineCache.test.ts > offlineCache > cacheSet > should use default TTL when not specified 13ms
 ✓ src/utils/offlineCache.test.ts > offlineCache > cacheSet > should use custom TTL when provided 17ms
 ✓ src/utils/offlineCache.test.ts > offlineCache > cacheSet > should fail silently on error 1ms
 ✓ src/utils/offlineCache.test.ts > offlineCache > cacheGet > should return cached value when not expired 14ms
 ✓ src/utils/offlineCache.test.ts > offlineCache > cacheGet > should return null when entry is expired 15ms
 ✓ src/utils/offlineCache.test.ts > offlineCache > cacheGet > should return null when entry does not exist 1ms
 ✓ src/utils/offlineCache.test.ts > offlineCache > cacheGet > should return null on error 0ms
 ✓ src/utils/offlineCache.test.ts > offlineCache > cacheIsStale > should return true when entry does not exist 15ms
 ✓ src/utils/offlineCache.test.ts > offlineCache > cacheIsStale > should return true when entry is expired 15ms
 ✓ src/utils/offlineCache.test.ts > offlineCache > cacheIsStale > should return false when entry is fresh 16ms
 ✓ src/utils/offlineCache.test.ts > offlineCache > cacheIsStale > should return true on error 1ms
 ✓ src/utils/offlineCache.test.ts > offlineCache > cacheRemove > should remove entry from both stores 1ms
 ✓ src/utils/offlineCache.test.ts > offlineCache > cacheRemove > should fail silently on error 0ms
 ✓ src/utils/offlineCache.test.ts > offlineCache > cacheClearStore > should clear all entries for a store 29ms
 ✓ src/utils/offlineCache.test.ts > offlineCache > cacheClearAll > should clear both cache stores 16ms
 ✓ src/utils/offlineCache.test.ts > offlineCache > getCacheStatus > should return cache status 16ms
 ✓ src/utils/offlineCache.test.ts > offlineCache > markSynced > should update lastSyncAt 0ms
 ✓ src/utils/offlineCache.test.ts > offlineCache > isOnline > should return boolean 0ms
 ✓ src/utils/offlineCache.test.ts > offlineCache > onConnectivityChange > should return unsubscribe function 0ms
 ✓ src/utils/offlineCache.test.ts > offlineCache > onConnectivityChange > should call unsubscribe without error 0ms
 ✓ src/utils/offlineCache.test.ts > offlineCache > cacheBulkSet > should store multiple entries 14ms
 ✓ src/utils/offlineCache.test.ts > offlineCache > cacheBulkSet > should do nothing for empty entries 1ms
 ✓ src/utils/offlineCache.test.ts > offlineCache > cacheGetAll > should return all valid entries for a store 15ms
 ✓ src/utils/offlineCache.test.ts > offlineCache > cacheGetAll > should filter out expired entries 16ms
 ✓ src/utils/offlineCache.test.ts > offlineCache > cacheGetAll > should filter by store name 18ms
 ✓ src/utils/offlineCache.test.ts > offlineCache > cacheGetAll > should return empty array on error 1ms
(node:4820) ExperimentalWarning: localStorage is not available because --localstorage-file was not provided.
(Use `node --trace-warnings ...` to show where the warning was created)
stdout | src/engines/__benchmarks__/IncrementalCalcEngine.bench.test.ts > IncrementalCalcEngine - Mark Dirty > markDirty 1K cells < 10ms
  markDirty 1K: 1.46 ms

stdout | src/engines/__benchmarks__/IncrementalCalcEngine.bench.test.ts > IncrementalCalcEngine - Mark Dirty > markDirty 10K cells < 100ms
  markDirty 10K: 8.12 ms

stdout | src/engines/__benchmarks__/IncrementalCalcEngine.bench.test.ts > IncrementalCalcEngine - Mark Dirty > markDirty 100K cells < 2000ms
  markDirty 100K: 157.08 ms

 ✓ src/engines/__benchmarks__/IncrementalCalcEngine.bench.test.ts > IncrementalCalcEngine - Mark Dirty > markDirty 1K cells < 10ms 10ms
 ✓ src/engines/__benchmarks__/IncrementalCalcEngine.bench.test.ts > IncrementalCalcEngine - Mark Dirty > markDirty 10K cells < 100ms 46ms
(node:4820) ExperimentalWarning: localStorage is not available because --localstorage-file was not provided.
(Use `node --trace-warnings ...` to show where the warning was created)
(node:4820) ExperimentalWarning: localStorage is not available because --localstorage-file was not provided.
(Use `node --trace-warnings ...` to show where the warning was created)
 ✓ src/engines/MasterDataEngine.test.ts > MasterDataEngine > add > should add a record with auto-generated timestamps and version 4ms
 ✓ src/engines/MasterDataEngine.test.ts > MasterDataEngine > add > should auto-generate ID when not provided 1ms
 ✓ src/engines/MasterDataEngine.test.ts > MasterDataEngine > get / getByCode > should retrieve by ID 1ms
 ✓ src/engines/MasterDataEngine.test.ts > MasterDataEngine > get / getByCode > should return undefined for non-existent ID 0ms
 ✓ src/engines/MasterDataEngine.test.ts > MasterDataEngine > get / getByCode > should retrieve by type and code 0ms
 ✓ src/engines/MasterDataEngine.test.ts > MasterDataEngine > get / getByCode > should return undefined for non-existent code 0ms
 ✓ src/engines/MasterDataEngine.test.ts > MasterDataEngine > list > should list all records 1ms
 ✓ src/engines/MasterDataEngine.test.ts > MasterDataEngine > list > should filter by type 1ms
 ✓ src/engines/MasterDataEngine.test.ts > MasterDataEngine > list > should filter by status 1ms
 ✓ src/engines/MasterDataEngine.test.ts > MasterDataEngine > update > should update fields and track changes 1ms
 ✓ src/engines/MasterDataEngine.test.ts > MasterDataEngine > update > should return null for non-existent ID 0ms
 ✓ src/engines/MasterDataEngine.test.ts > MasterDataEngine > update > should not change id, createdAt, or version directly 0ms
 ✓ src/engines/MasterDataEngine.test.ts > MasterDataEngine > update > should record changes with changedBy and reason 1ms
 ✓ src/engines/MasterDataEngine.test.ts > MasterDataEngine > update > should not record change when value is identical 0ms
 ✓ src/engines/MasterDataEngine.test.ts > MasterDataEngine > search > should search by name 1ms
 ✓ src/engines/MasterDataEngine.test.ts > MasterDataEngine > search > should search by code 0ms
 ✓ src/engines/MasterDataEngine.test.ts > MasterDataEngine > search > should search by attributes 0ms
 ✓ src/engines/MasterDataEngine.test.ts > MasterDataEngine > search > should filter search by type 0ms
 ✓ src/engines/MasterDataEngine.test.ts > MasterDataEngine > search > should return empty for no match 0ms
 ✓ src/engines/MasterDataEngine.test.ts > MasterDataEngine > search > should handle multi-term search 0ms
 ✓ src/engines/MasterDataEngine.test.ts > MasterDataEngine > deactivate / archive > should deactivate a record 0ms
 ✓ src/engines/MasterDataEngine.test.ts > MasterDataEngine > deactivate / archive > should archive a record 0ms
 ✓ src/engines/MasterDataEngine.test.ts > MasterDataEngine > deactivate / archive > should return false for non-existent ID 0ms
 ✓ src/engines/MasterDataEngine.test.ts > MasterDataEngine > hierarchy > should get children of a parent 0ms
 ✓ src/engines/MasterDataEngine.test.ts > MasterDataEngine > hierarchy > should get children filtered by type 0ms
 ✓ src/engines/MasterDataEngine.test.ts > MasterDataEngine > hierarchy > should build hierarchy tree 1ms
 ✓ src/engines/MasterDataEngine.test.ts > MasterDataEngine > hierarchy > should build hierarchy from specific root 0ms
 ✓ src/engines/MasterDataEngine.test.ts > MasterDataEngine > hierarchy > should return empty for non-existent root 0ms
 ✓ src/engines/MasterDataEngine.test.ts > MasterDataEngine > hierarchy > should compute correct path 1ms
 ✓ src/engines/MasterDataEngine.test.ts > MasterDataEngine > hierarchy > should include level and path in hierarchy nodes 1ms
 ✓ src/engines/MasterDataEngine.test.ts > MasterDataEngine > validate > should validate a valid record 0ms
 ✓ src/engines/MasterDataEngine.test.ts > MasterDataEngine > validate > should fail on empty code 1ms
 ✓ src/engines/MasterDataEngine.test.ts > MasterDataEngine > validate > should fail on empty name 0ms
 ✓ src/engines/MasterDataEngine.test.ts > MasterDataEngine > validate > should fail on duplicate code when validated before adding 0ms
 ✓ src/engines/MasterDataEngine.test.ts > MasterDataEngine > validate > should fail when parent not found 0ms
 ✓ src/engines/MasterDataEngine.test.ts > MasterDataEngine > validate > should fail on parent type mismatch 0ms
 ✓ src/engines/MasterDataEngine.test.ts > MasterDataEngine > validate > should fail when effectiveFrom > effectiveTo 0ms
 ✓ src/engines/MasterDataEngine.test.ts > MasterDataEngine > validate > should warn on archived status 0ms
 ✓ src/engines/MasterDataEngine.test.ts > MasterDataEngine > getChanges > should return all changes when no recordId specified 0ms
 ✓ src/engines/MasterDataEngine.test.ts > MasterDataEngine > getChanges > should limit results 0ms
 ✓ src/engines/MasterDataEngine.test.ts > MasterDataEngine > getChanges > should sort changes newest first 0ms
 ✓ src/engines/MasterDataEngine.test.ts > MasterDataEngine > getStats > should return stats per type 0ms
 ✓ src/engines/MasterDataEngine.test.ts > MasterDataEngine > serialize / deserialize > should round-trip serialize and deserialize 1ms
 ✓ src/engines/MasterDataEngine.test.ts > MasterDataEngine > serialize / deserialize > should restore changes after deserialize 0ms
 ✓ src/engines/MasterDataEngine.test.ts > MasterDataEngine > preset creators > should create system entities 0ms
 ✓ src/engines/MasterDataEngine.test.ts > MasterDataEngine > preset creators > should create system accounts 0ms
 ✓ src/engines/MasterDataEngine.test.ts > MasterDataEngine > preset creators > should add system entities to engine 0ms
 × src/components/ui/SpreadsheetGrid.test.tsx > SpreadsheetGrid > renders > renders without crashing 91ms
   → Invalid Chai property: toBeInTheDocument
 × src/components/ui/SpreadsheetGrid.test.tsx > SpreadsheetGrid > renders > renders the formula bar 10ms
   → Invalid Chai property: toBeInTheDocument
 × src/components/ui/SpreadsheetGrid.test.tsx > SpreadsheetGrid > renders > renders the sheet tabs 20ms
   → Invalid Chai property: toBeInTheDocument
 × src/components/ui/SpreadsheetGrid.test.tsx > SpreadsheetGrid > renders > renders active sheet data 9ms
   → Invalid Chai property: toHaveAttribute
 × src/components/ui/SpreadsheetGrid.test.tsx > SpreadsheetGrid > renders > applies custom className 8ms
   → Invalid Chai property: toHaveClass
 × src/components/ui/SpreadsheetGrid.test.tsx > SpreadsheetGrid > renders > renders loading overlay when loading 18ms
   → Invalid Chai property: toBeInTheDocument
 × src/components/ui/SpreadsheetGrid.test.tsx > SpreadsheetGrid > renders > applies loading styles 10ms
   → Invalid Chai property: toBeInTheDocument
 × src/components/ui/SpreadsheetGrid.test.tsx > SpreadsheetGrid > handles data > shows active cell as --- when no cell selected 8ms
   → Invalid Chai property: toHaveTextContent
 × src/components/ui/SpreadsheetGrid.test.tsx > SpreadsheetGrid > handles data > renders all sheet tabs 6ms
   → Invalid Chai property: toBeInTheDocument
 × src/components/ui/SpreadsheetGrid.test.tsx > SpreadsheetGrid > handles data > marks the active sheet tab 5ms
   → Invalid Chai property: toHaveAttribute
 × src/components/ui/SpreadsheetGrid.test.tsx > SpreadsheetGrid > handles data > falls back to first sheet if activeSheetId not found 7ms
   → Invalid Chai property: toHaveAttribute
 × src/components/ui/SpreadsheetGrid.test.tsx > SpreadsheetGrid > keyboard navigation > grid container is focusable 142ms
   → Invalid Chai property: toHaveAttribute
 × src/components/ui/SpreadsheetGrid.test.tsx > SpreadsheetGrid > keyboard navigation > has grid role 15ms
   → Invalid Chai property: toBeInTheDocument
 × src/components/ui/SpreadsheetGrid.test.tsx > SpreadsheetGrid > keyboard navigation > has aria-label 9ms
   → Invalid Chai property: toBeInTheDocument
 ✓ src/components/ui/SpreadsheetGrid.test.tsx > SpreadsheetGrid > keyboard navigation > handles F2 key for editing 16ms
 ✓ src/components/ui/SpreadsheetGrid.test.tsx > SpreadsheetGrid > keyboard navigation > handles Delete key 21ms
 ✓ src/components/ui/SpreadsheetGrid.test.tsx > SpreadsheetGrid > sheet tabs integration > calls onSheetChange when tab clicked 10ms
 ✓ src/components/ui/SpreadsheetGrid.test.tsx > SpreadsheetGrid > sheet tabs integration > calls onSheetAdd when add button clicked 6ms
 × src/components/ui/SpreadsheetGrid.test.tsx > SpreadsheetGrid > formula bar integration > formula bar starts disabled when no cell selected 5ms
   → Invalid Chai property: toBeDisabled
 × src/components/ui/SpreadsheetGrid.test.tsx > SpreadsheetGrid > formula bar integration > formula bar shows --- when no cell selected 6ms
   → Invalid Chai property: toHaveTextContent
 × src/components/ui/SpreadsheetGrid.test.tsx > SpreadsheetGrid > context menu > opens context menu on right click 19ms
   → Invalid Chai property: toBeInTheDocument
 × src/components/ui/SpreadsheetGrid.test.tsx > SpreadsheetGrid > context menu > closes context menu on outside click 13ms
   → Invalid Chai property: toBeInTheDocument
 × src/components/ui/SpreadsheetGrid.test.tsx > SpreadsheetGrid > callbacks > accepts onCellValueChanged callback 4ms
   → Invalid Chai property: toBeInTheDocument
 × src/components/ui/SpreadsheetGrid.test.tsx > SpreadsheetGrid > callbacks > accepts onSelectionChanged callback 3ms
   → Invalid Chai property: toBeInTheDocument
 × src/components/ui/SpreadsheetGrid.test.tsx > SpreadsheetGrid > callbacks > accepts onUndo and onRedo callbacks 5ms
   → Invalid Chai property: toBeInTheDocument
 × src/components/ui/SpreadsheetGrid.test.tsx > SpreadsheetGrid > callbacks > accepts onSheetRename callback 6ms
   → Invalid Chai property: toBeInTheDocument
 × src/components/ui/SpreadsheetGrid.test.tsx > SpreadsheetGrid > callbacks > accepts onSheetDelete callback 17ms
   → Invalid Chai property: toBeInTheDocument
 × src/components/ui/SpreadsheetGrid.test.tsx > SpreadsheetGrid > callbacks > accepts onSheetReorder callback 5ms
   → Invalid Chai property: toBeInTheDocument
 × src/components/ui/SpreadsheetGrid.test.tsx > SpreadsheetGrid > column types > handles currency column type 7ms
   → Invalid Chai property: toBeInTheDocument
 × src/components/ui/SpreadsheetGrid.test.tsx > SpreadsheetGrid > column types > handles percent column type 6ms
   → Invalid Chai property: toBeInTheDocument
 × src/components/ui/SpreadsheetGrid.test.tsx > SpreadsheetGrid > column types > handles number column type 7ms
   → Invalid Chai property: toBeInTheDocument
 × src/components/ui/SpreadsheetGrid.test.tsx > SpreadsheetGrid > column types > handles text column type 6ms
   → Invalid Chai property: toBeInTheDocument
 × src/components/ui/SpreadsheetGrid.test.tsx > SpreadsheetGrid > freeze panes > handles freezeRows prop 6ms
   → Invalid Chai property: toBeInTheDocument
 × src/components/ui/SpreadsheetGrid.test.tsx > SpreadsheetGrid > freeze panes > handles freezeCols prop 5ms
   → Invalid Chai property: toBeInTheDocument
 × src/components/ui/SpreadsheetGrid.test.tsx > SpreadsheetGrid > freeze panes > handles both freeze props 5ms
   → Invalid Chai property: toBeInTheDocument
(node:4820) ExperimentalWarning: localStorage is not available because --localstorage-file was not provided.
(Use `node --trace-warnings ...` to show where the warning was created)
 × src/components/ui/SpreadsheetGrid.test.tsx > SpreadsheetGrid > edge cases > handles single sheet 4ms
   → Invalid Chai property: toBeInTheDocument
 × src/components/ui/SpreadsheetGrid.test.tsx > SpreadsheetGrid > edge cases > handles empty rows in sheet 5ms
   → Invalid Chai property: toHaveAttribute
 × src/components/ui/SpreadsheetGrid.test.tsx > SpreadsheetGrid > edge cases > handles many sheets 9ms
   → Invalid Chai property: toBeInTheDocument
 × src/components/ui/SpreadsheetGrid.test.tsx > SpreadsheetGrid > edge cases > handles missing optional callbacks 6ms
   → Invalid Chai property: toBeInTheDocument
 ✓ src/components/ui/SpreadsheetGrid.test.tsx > SpreadsheetGrid > edge cases > grid container has onContextMenu handler 24ms
 ✓ src/engines/WhatIfSandboxEngine.test.ts > WhatIfSandboxEngine > Sandbox Management > should create a sandbox 4ms
 ✓ src/engines/WhatIfSandboxEngine.test.ts > WhatIfSandboxEngine > Sandbox Management > should get a sandbox 1ms
 ✓ src/engines/WhatIfSandboxEngine.test.ts > WhatIfSandboxEngine > Sandbox Management > should list sandboxes 1ms
 ✓ src/engines/WhatIfSandboxEngine.test.ts > WhatIfSandboxEngine > Sandbox Management > should delete a sandbox 0ms
 ✓ src/engines/WhatIfSandboxEngine.test.ts > WhatIfSandboxEngine > Sandbox Management > should return false when deleting non-existent sandbox 0ms
 ✓ src/engines/WhatIfSandboxEngine.test.ts > WhatIfSandboxEngine > Sandbox Management > should archive a sandbox 0ms
 ✓ src/engines/WhatIfSandboxEngine.test.ts > WhatIfSandboxEngine > Sandbox Management > should return undefined when archiving non-existent sandbox 0ms
 ✓ src/engines/WhatIfSandboxEngine.test.ts > WhatIfSandboxEngine > Modifications > should apply a modification 1ms
 ✓ src/engines/WhatIfSandboxEngine.test.ts > WhatIfSandboxEngine > Modifications > should update sandbox after modification 0ms
 ✓ src/engines/WhatIfSandboxEngine.test.ts > WhatIfSandboxEngine > Modifications > should throw when modifying non-existent sandbox 1ms
 ✓ src/engines/WhatIfSandboxEngine.test.ts > WhatIfSandboxEngine > Modifications > should remove a modification 1ms
 ✓ src/engines/WhatIfSandboxEngine.test.ts > WhatIfSandboxEngine > Modifications > should restore original value when removing modification 0ms
 ✓ src/engines/WhatIfSandboxEngine.test.ts > WhatIfSandboxEngine > Modifications > should return false when removing non-existent modification 0ms
 ✓ src/engines/WhatIfSandboxEngine.test.ts > WhatIfSandboxEngine > Modifications > should get modifications for a sandbox 0ms
 ✓ src/engines/WhatIfSandboxEngine.test.ts > WhatIfSandboxEngine > Modifications > should apply batch modifications 0ms
 ✓ src/engines/WhatIfSandboxEngine.test.ts > WhatIfSandboxEngine > Cell Access > should get cell value from sandbox 0ms
 ✓ src/engines/WhatIfSandboxEngine.test.ts > WhatIfSandboxEngine > Cell Access > should return undefined for non-existent cell 0ms
 ✓ src/engines/WhatIfSandboxEngine.test.ts > WhatIfSandboxEngine > Cell Access > should return undefined for non-existent sandbox 0ms
 ✓ src/engines/WhatIfSandboxEngine.test.ts > WhatIfSandboxEngine > Cell Access > should get modified cells 1ms
 ✓ src/engines/WhatIfSandboxEngine.test.ts > WhatIfSandboxEngine > Cell Access > should return empty map for sandbox with no modifications 0ms
 ✓ src/engines/WhatIfSandboxEngine.test.ts > WhatIfSandboxEngine > Comparison > should compare two sandboxes 1ms
 ✓ src/engines/WhatIfSandboxEngine.test.ts > WhatIfSandboxEngine > Comparison > should throw when comparing sandboxes without snapshots 0ms
 ✓ src/engines/WhatIfSandboxEngine.test.ts > WhatIfSandboxEngine > Comparison > should calculate summary correctly 0ms
 ✓ src/engines/WhatIfSandboxEngine.test.ts > WhatIfSandboxEngine > Comparison > should return empty comparison for identical sandboxes 1ms
 ✓ src/engines/WhatIfSandboxEngine.test.ts > WhatIfSandboxEngine > Comparison > should cache comparison results 0ms
 ✓ src/engines/WhatIfSandboxEngine.test.ts > WhatIfSandboxEngine > Comparison > should invalidate cache when modification applied 1ms
 ✓ src/engines/WhatIfSandboxEngine.test.ts > WhatIfSandboxEngine > Comparison > should sort differences by absolute delta 0ms
 ✓ src/engines/WhatIfSandboxEngine.test.ts > WhatIfSandboxEngine > Clone > should clone a sandbox 1ms
 ✓ src/engines/WhatIfSandboxEngine.test.ts > WhatIfSandboxEngine > Clone > should have same cell values as source 0ms
 ✓ src/engines/WhatIfSandboxEngine.test.ts > WhatIfSandboxEngine > Clone > should throw when cloning non-existent sandbox 0ms
 ✓ src/engines/WhatIfSandboxEngine.test.ts > WhatIfSandboxEngine > Export/Import > should export and import state 1ms
 ✓ src/engines/WhatIfSandboxEngine.test.ts > WhatIfSandboxEngine > Export/Import > should preserve cell values after import 0ms
 ✓ src/engines/WhatIfSandboxEngine.test.ts > WhatIfSandboxEngine > Reset > should reset all state 0ms
(node:4820) ExperimentalWarning: localStorage is not available because --localstorage-file was not provided.
(Use `node --trace-warnings ...` to show where the warning was created)
 ✓ src/engines/FormulaFunctionRegistry.test.ts > FormulaFunctionRegistry > registry API > should have all functions registered after initialize 3ms
 ✓ src/engines/FormulaFunctionRegistry.test.ts > FormulaFunctionRegistry > registry API > should list all registered functions 2ms
 ✓ src/engines/FormulaFunctionRegistry.test.ts > FormulaFunctionRegistry > registry API > should list functions by category 1ms
 ✓ src/engines/FormulaFunctionRegistry.test.ts > FormulaFunctionRegistry > registry API > should get function by name 0ms
 ✓ src/engines/FormulaFunctionRegistry.test.ts > FormulaFunctionRegistry > registry API > should return undefined for unknown function 0ms
 ✓ src/engines/FormulaFunctionRegistry.test.ts > FormulaFunctionRegistry > registry API > should call function by name 0ms
 ✓ src/engines/FormulaFunctionRegistry.test.ts > FormulaFunctionRegistry > registry API > should throw for unknown function call 1ms
 ✓ src/engines/FormulaFunctionRegistry.test.ts > FormulaFunctionRegistry > registry API > should throw for insufficient arguments 0ms
 ✓ src/engines/FormulaFunctionRegistry.test.ts > FormulaFunctionRegistry > registry API > should be case insensitive 0ms
 ✓ src/engines/FormulaFunctionRegistry.test.ts > FormulaFunctionRegistry > financial functions > EBITDA: revenue - cogs - opex 0ms
 ✓ src/engines/FormulaFunctionRegistry.test.ts > FormulaFunctionRegistry > financial functions > EBIT: ebitda - depreciation 0ms
 ✓ src/engines/FormulaFunctionRegistry.test.ts > FormulaFunctionRegistry > financial functions > NOPAT: ebit * (1 - taxRate) 0ms
 ✓ src/engines/FormulaFunctionRegistry.test.ts > FormulaFunctionRegistry > financial functions > FCFF: nopat + depreciation - capex - deltaWC 0ms
 ✓ src/engines/FormulaFunctionRegistry.test.ts > FormulaFunctionRegistry > financial functions > FCFE: fcff + netBorrowing 0ms
 ✓ src/engines/FormulaFunctionRegistry.test.ts > FormulaFunctionRegistry > financial functions > WACC: weighted average cost of capital 0ms
 ✓ src/engines/FormulaFunctionRegistry.test.ts > FormulaFunctionRegistry > financial functions > NPV: net present value 0ms
 ✓ src/engines/FormulaFunctionRegistry.test.ts > FormulaFunctionRegistry > financial functions > NPV: single cashflow at time 1 0ms
 ✓ src/engines/FormulaFunctionRegistry.test.ts > FormulaFunctionRegistry > financial functions > IRR: internal rate of return 0ms
 ✓ src/engines/FormulaFunctionRegistry.test.ts > FormulaFunctionRegistry > financial functions > IRR: simple two-period 0ms
 ✓ src/engines/FormulaFunctionRegistry.test.ts > FormulaFunctionRegistry > financial functions > PV: present value 0ms
 ✓ src/engines/FormulaFunctionRegistry.test.ts > FormulaFunctionRegistry > financial functions > PV: zero rate 0ms
 ✓ src/engines/FormulaFunctionRegistry.test.ts > FormulaFunctionRegistry > financial functions > FV: future value 0ms
 ✓ src/engines/FormulaFunctionRegistry.test.ts > FormulaFunctionRegistry > financial functions > FV: zero rate 0ms
 ✓ src/engines/FormulaFunctionRegistry.test.ts > FormulaFunctionRegistry > financial functions > PMT: payment per period 0ms
 ✓ src/engines/FormulaFunctionRegistry.test.ts > FormulaFunctionRegistry > financial functions > PMT: zero rate 0ms
 ✓ src/engines/FormulaFunctionRegistry.test.ts > FormulaFunctionRegistry > financial functions > CAGR: compound annual growth rate 0ms
 ✓ src/engines/FormulaFunctionRegistry.test.ts > FormulaFunctionRegistry > financial functions > CAGR: zero begin value 0ms
 ✓ src/engines/FormulaFunctionRegistry.test.ts > FormulaFunctionRegistry > financial functions > PAYBACK: payback period 0ms
 ✓ src/engines/FormulaFunctionRegistry.test.ts > FormulaFunctionRegistry > financial functions > PAYBACK: never pays back 0ms
 ✓ src/engines/FormulaFunctionRegistry.test.ts > FormulaFunctionRegistry > financial functions > DPO: days payable outstanding 0ms
 ✓ src/engines/FormulaFunctionRegistry.test.ts > FormulaFunctionRegistry > financial functions > DSI: days sales of inventory 0ms
 ✓ src/engines/FormulaFunctionRegistry.test.ts > FormulaFunctionRegistry > financial functions > DSO: days sales outstanding 0ms
 ✓ src/engines/FormulaFunctionRegistry.test.ts > FormulaFunctionRegistry > growth & time series functions > GROWTH_RATE: (current - previous) / |previous| 0ms
 ✓ src/engines/FormulaFunctionRegistry.test.ts > FormulaFunctionRegistry > growth & time series functions > GROWTH_RATE: zero previous 0ms
 ✓ src/engines/FormulaFunctionRegistry.test.ts > FormulaFunctionRegistry > growth & time series functions > YOY: year-over-year growth 0ms
 ✓ src/engines/FormulaFunctionRegistry.test.ts > FormulaFunctionRegistry > growth & time series functions > MOM: month-over-month growth 0ms
 ✓ src/engines/FormulaFunctionRegistry.test.ts > FormulaFunctionRegistry > growth & time series functions > YTD: year-to-date sum 0ms
 ✓ src/engines/FormulaFunctionRegistry.test.ts > FormulaFunctionRegistry > growth & time series functions > QTD: quarter-to-date sum 0ms
 ✓ src/engines/FormulaFunctionRegistry.test.ts > FormulaFunctionRegistry > growth & time series functions > ROLLING: rolling average 1ms
 ✓ src/engines/FormulaFunctionRegistry.test.ts > FormulaFunctionRegistry > growth & time series functions > ROLLING: window larger than data 0ms
 ✓ src/engines/FormulaFunctionRegistry.test.ts > FormulaFunctionRegistry > growth & time series functions > TREND: linear trend 0ms
 ✓ src/engines/FormulaFunctionRegistry.test.ts > FormulaFunctionRegistry > growth & time series functions > MOVING_AVERAGE: same as ROLLING 0ms
 ✓ src/engines/FormulaFunctionRegistry.test.ts > FormulaFunctionRegistry > growth & time series functions > WEIGHTED_AVERAGE 0ms
 ✓ src/engines/FormulaFunctionRegistry.test.ts > FormulaFunctionRegistry > growth & time series functions > WEIGHTED_AVERAGE: mismatched lengths 0ms
 ✓ src/engines/FormulaFunctionRegistry.test.ts > FormulaFunctionRegistry > growth & time series functions > PERCENTILE 0ms
 ✓ src/engines/FormulaFunctionRegistry.test.ts > FormulaFunctionRegistry > allocation functions > ALLOCATE: distribute by weights 0ms
 ✓ src/engines/FormulaFunctionRegistry.test.ts > FormulaFunctionRegistry > allocation functions > ALLOCATE: zero weights 0ms
 ✓ src/engines/FormulaFunctionRegistry.test.ts > FormulaFunctionRegistry > allocation functions > SPREAD: even distribution 0ms
 ✓ src/engines/FormulaFunctionRegistry.test.ts > FormulaFunctionRegistry > allocation functions > SPREAD: zero periods 0ms
 ✓ src/engines/FormulaFunctionRegistry.test.ts > FormulaFunctionRegistry > allocation functions > DISTRIBUTE: by distribution array 0ms
 ✓ src/engines/FormulaFunctionRegistry.test.ts > FormulaFunctionRegistry > allocation functions > SPLIT: by ratios 0ms
 ✓ src/engines/FormulaFunctionRegistry.test.ts > FormulaFunctionRegistry > allocation functions > PRO_RATA: proportional allocation 0ms
 ✓ src/engines/FormulaFunctionRegistry.test.ts > FormulaFunctionRegistry > allocation functions > PRO_RATA: zero total basis 0ms
 ✓ src/engines/FormulaFunctionRegistry.test.ts > FormulaFunctionRegistry > currency & consolidation functions > CONVERT_CURRENCY: amount * rate 0ms
 ✓ src/engines/FormulaFunctionRegistry.test.ts > FormulaFunctionRegistry > currency & consolidation functions > TRANSLATE: amount * rate 0ms
 ✓ src/engines/FormulaFunctionRegistry.test.ts > FormulaFunctionRegistry > currency & consolidation functions > ELIMINATE: reduce by percentage 0ms
 ✓ src/engines/FormulaFunctionRegistry.test.ts > FormulaFunctionRegistry > currency & consolidation functions > FX_GAIN_LOSS: gain from rate change 0ms
 ✓ src/engines/FormulaFunctionRegistry.test.ts > FormulaFunctionRegistry > currency & consolidation functions > HYPERINFLATION_ADJUST: adjust by index ratio 0ms
 ✓ src/engines/FormulaFunctionRegistry.test.ts > FormulaFunctionRegistry > currency & consolidation functions > HYPERINFLATION_ADJUST: zero base index 0ms
 ✓ src/engines/FormulaFunctionRegistry.test.ts > FormulaFunctionRegistry > statistical functions > SUM 0ms
 ✓ src/engines/FormulaFunctionRegistry.test.ts > FormulaFunctionRegistry > statistical functions > COUNT 0ms
 ✓ src/engines/FormulaFunctionRegistry.test.ts > FormulaFunctionRegistry > statistical functions > AVERAGE 0ms
 ✓ src/engines/FormulaFunctionRegistry.test.ts > FormulaFunctionRegistry > statistical functions > MEDIAN: odd count 0ms
 ✓ src/engines/FormulaFunctionRegistry.test.ts > FormulaFunctionRegistry > statistical functions > MEDIAN: even count 0ms
 ✓ src/engines/FormulaFunctionRegistry.test.ts > FormulaFunctionRegistry > statistical functions > STDEV: sample standard deviation 0ms
 ✓ src/engines/FormulaFunctionRegistry.test.ts > FormulaFunctionRegistry > statistical functions > STDEV: single value 0ms
 ✓ src/engines/FormulaFunctionRegistry.test.ts > FormulaFunctionRegistry > statistical functions > VARIANCE: sample variance 0ms
 ✓ src/engines/FormulaFunctionRegistry.test.ts > FormulaFunctionRegistry > statistical functions > CORREL: perfect positive 0ms
 ✓ src/engines/FormulaFunctionRegistry.test.ts > FormulaFunctionRegistry > statistical functions > CORREL: perfect negative 0ms
 ✓ src/engines/FormulaFunctionRegistry.test.ts > FormulaFunctionRegistry > statistical functions > MIN 0ms
 ✓ src/engines/FormulaFunctionRegistry.test.ts > FormulaFunctionRegistry > statistical functions > MAX 0ms
 ✓ src/engines/FormulaFunctionRegistry.test.ts > FormulaFunctionRegistry > statistical functions > ABS 0ms
 ✓ src/engines/FormulaFunctionRegistry.test.ts > FormulaFunctionRegistry > logical functions > IFS: condition true 0ms
 ✓ src/engines/FormulaFunctionRegistry.test.ts > FormulaFunctionRegistry > logical functions > IFS: condition false 0ms
 ✓ src/engines/FormulaFunctionRegistry.test.ts > FormulaFunctionRegistry > logical functions > CHOOSE: valid index 0ms
 ✓ src/engines/FormulaFunctionRegistry.test.ts > FormulaFunctionRegistry > logical functions > CHOOSE: out of range 0ms
 ✓ src/engines/FormulaFunctionRegistry.test.ts > FormulaFunctionRegistry > logical functions > BETWEEN: inside range 0ms
 ✓ src/engines/FormulaFunctionRegistry.test.ts > FormulaFunctionRegistry > logical functions > BETWEEN: outside range 0ms
 ✓ src/engines/FormulaFunctionRegistry.test.ts > FormulaFunctionRegistry > logical functions > BETWEEN: on boundary 0ms
 ✓ src/engines/FormulaFunctionRegistry.test.ts > FormulaFunctionRegistry > logical functions > CLAMP: within range 0ms
 ✓ src/engines/FormulaFunctionRegistry.test.ts > FormulaFunctionRegistry > logical functions > CLAMP: below min 0ms
 ✓ src/engines/FormulaFunctionRegistry.test.ts > FormulaFunctionRegistry > logical functions > CLAMP: above max 0ms
 ✓ src/engines/FormulaFunctionRegistry.test.ts > FormulaFunctionRegistry > logical functions > COALESCE: first non-zero 0ms
 ✓ src/engines/FormulaFunctionRegistry.test.ts > FormulaFunctionRegistry > logical functions > COALESCE: all zero 0ms
(node:4820) ExperimentalWarning: localStorage is not available because --localstorage-file was not provided.
(Use `node --trace-warnings ...` to show where the warning was created)
(node:4820) ExperimentalWarning: localStorage is not available because --localstorage-file was not provided.
(Use `node --trace-warnings ...` to show where the warning was created)
 ✓ src/store/migration/cubeMigration.test.ts > CubeMigration > construction > should create a CubeMigration instance 3ms
 ✓ src/store/migration/cubeMigration.test.ts > CubeMigration > construction > should accept a CubeEngine instance 0ms
 ✓ src/store/migration/cubeMigration.test.ts > CubeMigration > full migration > should run full migration with default config 6ms
 ✓ src/store/migration/cubeMigration.test.ts > CubeMigration > full migration > should report overall success when all stores pass 1ms
 ✓ src/store/migration/cubeMigration.test.ts > CubeMigration > full migration > should track total cells written 1ms
 ✓ src/store/migration/cubeMigration.test.ts > CubeMigration > full migration > should track dimensions created 1ms
 ✓ src/store/migration/cubeMigration.test.ts > CubeMigration > full migration > should track cubes created 1ms
 ✓ src/store/migration/cubeMigration.test.ts > CubeMigration > full migration > should have non-zero duration 1ms
 ✓ src/store/migration/cubeMigration.test.ts > CubeMigration > full migration > should include all store results 3ms
 ✓ src/store/migration/cubeMigration.test.ts > CubeMigration > full migration > should verify migration by default 2ms
 ✓ src/store/migration/cubeMigration.test.ts > CubeMigration > dry run > should not write cells in dry run mode 1ms
 ✓ src/store/migration/cubeMigration.test.ts > CubeMigration > dry run > should still validate all stores in dry run 1ms
 ✓ src/store/migration/cubeMigration.test.ts > CubeMigration > dry run > should not create dimensions in dry run 0ms
 ✓ src/store/migration/cubeMigration.test.ts > CubeMigration > dry run > should not create cubes in dry run 0ms
 ✓ src/store/migration/cubeMigration.test.ts > CubeMigration > dry run > should report success in dry run for valid data 0ms
 ✓ src/store/migration/cubeMigration.test.ts > CubeMigration > dry run > should not create backup in dry run 1ms
 ✓ src/store/migration/cubeMigration.test.ts > CubeMigration > selective migration > should migrate only specified stores 1ms
 ✓ src/store/migration/cubeMigration.test.ts > CubeMigration > selective migration > should handle single store migration 0ms
 ✓ src/store/migration/cubeMigration.test.ts > CubeMigration > selective migration > should handle empty store list gracefully 0ms
 ✓ src/store/migration/cubeMigration.test.ts > CubeMigration > selective migration > should handle unknown store name 0ms
 ✓ src/store/migration/cubeMigration.test.ts > CubeMigration > backup > should create backup before migration when enabled 3ms
 ✓ src/store/migration/cubeMigration.test.ts > CubeMigration > backup > should not create backup when disabled 2ms
 ✓ src/store/migration/cubeMigration.test.ts > CubeMigration > backup > should store backup data for all migrated stores 1ms
 ✓ src/store/migration/cubeMigration.test.ts > CubeMigration > backup > should generate unique backup IDs 2ms
 ✓ src/store/migration/cubeMigration.test.ts > CubeMigration > backup > should include timestamp in backup 1ms
 ✓ src/store/migration/cubeMigration.test.ts > CubeMigration > backup > should track backup in migration instance 0ms
 ✓ src/store/migration/cubeMigration.test.ts > CubeMigration > backup > should create backup for specific stores 1ms
 ✓ src/store/migration/cubeMigration.test.ts > CubeMigration > rollback > should rollback using backup ID 0ms
 ✓ src/store/migration/cubeMigration.test.ts > CubeMigration > rollback > should return false for non-existent backup 0ms
 ✓ src/store/migration/cubeMigration.test.ts > CubeMigration > rollback > should rollback specific stores only 0ms
 ✓ src/store/migration/cubeMigration.test.ts > CubeMigration > rollback > should rollback all stores when no specific stores given 1ms
 ✓ src/store/migration/cubeMigration.test.ts > CubeMigration > verification > should verify migration results 1ms
 ✓ src/store/migration/cubeMigration.test.ts > CubeMigration > verification > should pass verification for empty stores 0ms
 ✓ src/store/migration/cubeMigration.test.ts > CubeMigration > verification > should include expected vs actual cell counts 0ms
 ✓ src/store/migration/cubeMigration.test.ts > CubeMigration > verification > should track mismatched cells 0ms
 ✓ src/store/migration/cubeMigration.test.ts > CubeMigration > verification > should pass verification with 90% threshold 0ms
 ✓ src/store/migration/cubeMigration.test.ts > CubeMigration > reports > should track migration reports 0ms
 ✓ src/store/migration/cubeMigration.test.ts > CubeMigration > reports > should get latest report 0ms
 ✓ src/store/migration/cubeMigration.test.ts > CubeMigration > reports > should return null when no reports exist 0ms
 ✓ src/store/migration/cubeMigration.test.ts > CubeMigration > reports > should accumulate reports across multiple migrations 0ms
 ✓ src/store/migration/cubeMigration.test.ts > CubeMigration > reports > should include config in report 0ms
 ✓ src/store/migration/cubeMigration.test.ts > CubeMigration > stop on failure > should stop migration when stopOnFailure is true 0ms
 ✓ src/store/migration/cubeMigration.test.ts > CubeMigration > stop on failure > should continue migration when stopOnFailure is false 0ms
 ✓ src/store/migration/cubeMigration.test.ts > CubeMigration > edge cases > should handle migration with no store data 0ms
 ✓ src/store/migration/cubeMigration.test.ts > CubeMigration > edge cases > should handle concurrent migrations 0ms
 ✓ src/store/migration/cubeMigration.test.ts > CubeMigration > edge cases > should handle migration with very large store list 1ms
 ✓ src/store/migration/cubeMigration.test.ts > CubeMigration > edge cases > should handle migration with duplicate store names 0ms
 ✓ src/store/migration/cubeMigration.test.ts > convenience functions > runFullMigration should run all stores 1ms
 ✓ src/store/migration/cubeMigration.test.ts > convenience functions > runDryMigration should not write cells 0ms
 ✓ src/store/migration/cubeMigration.test.ts > convenience functions > runSelectiveMigration should run specified stores 0ms
 ✓ src/store/migration/cubeMigration.test.ts > convenience functions > createMigrationBackup should create a backup 0ms
(node:4820) ExperimentalWarning: localStorage is not available because --localstorage-file was not provided.
(Use `node --trace-warnings ...` to show where the warning was created)
(node:4820) ExperimentalWarning: localStorage is not available because --localstorage-file was not provided.
(Use `node --trace-warnings ...` to show where the warning was created)
(node:4820) ExperimentalWarning: localStorage is not available because --localstorage-file was not provided.
(Use `node --trace-warnings ...` to show where the warning was created)
 ✓ src/store/budgetStore.test.ts > budgetStore > should have correct initial state 5ms
 ✓ src/store/budgetStore.test.ts > budgetStore > should set budgets 3ms
 ✓ src/store/budgetStore.test.ts > budgetStore > should replace budgets on subsequent calls 1ms
 ✓ src/store/budgetStore.test.ts > budgetStore > should set active budget id for existing budget 1ms
 ✓ src/store/budgetStore.test.ts > budgetStore > should not set active budget id for non-existent budget 0ms
 ✓ src/store/budgetStore.test.ts > budgetStore > should set line items 1ms
 ✓ src/store/budgetStore.test.ts > budgetStore > should replace line items on subsequent calls 1ms
 ✓ src/store/budgetStore.test.ts > budgetStore > should update amount of existing line item 1ms
 ✓ src/store/budgetStore.test.ts > budgetStore > should not mutate state for non-existent line item id 1ms
 ✓ src/store/budgetStore.test.ts > budgetStore > should create budget with generated id and timestamps 1ms
 ✓ src/store/budgetStore.test.ts > budgetStore > should create multiple budgets 1ms
 ✓ src/store/budgetStore.test.ts > budgetStore > should delete budget by id 1ms
 ✓ src/store/budgetStore.test.ts > budgetStore > should clear activeBudgetId when deleting active budget 1ms
 ✓ src/store/budgetStore.test.ts > budgetStore > should preserve activeBudgetId when deleting non-active budget 1ms
 ✓ src/store/budgetStore.test.ts > budgetStore > should duplicate budget with (Copy) suffix 1ms
 ✓ src/store/budgetStore.test.ts > budgetStore > should return empty string when duplicating non-existent budget 1ms
 ✓ src/engines/MultiBookEngine.test.ts > MultiBookEngine > createBook > creates a new accounting book 4ms
 ✓ src/engines/MultiBookEngine.test.ts > MultiBookEngine > createBook > creates books with different GAAP types 38ms
 ✓ src/engines/MultiBookEngine.test.ts > MultiBookEngine > getBook > returns a book by id 1ms
 ✓ src/engines/MultiBookEngine.test.ts > MultiBookEngine > getBook > returns undefined for non-existent book 0ms
 ✓ src/engines/MultiBookEngine.test.ts > MultiBookEngine > listBooks > lists all books 11ms
 ✓ src/engines/MultiBookEngine.test.ts > MultiBookEngine > listBooks > filters books by entity 19ms
 ✓ src/engines/MultiBookEngine.test.ts > MultiBookEngine > postEntry > posts an entry to a book 1ms
 ✓ src/engines/MultiBookEngine.test.ts > MultiBookEngine > postEntry > throws for non-existent book 1ms
 ✓ src/engines/MultiBookEngine.test.ts > MultiBookEngine > postEntry > throws for closed period 1ms
 ✓ src/engines/MultiBookEngine.test.ts > MultiBookEngine > postEntry > throws for non-active book 0ms
 ✓ src/engines/MultiBookEngine.test.ts > MultiBookEngine > getEntries > returns all entries for a book 0ms
 ✓ src/engines/MultiBookEngine.test.ts > MultiBookEngine > getEntries > filters entries by period 0ms
 ✓ src/engines/MultiBookEngine.test.ts > MultiBookEngine > getEntries > filters entries by accountId 0ms
 ✓ src/engines/MultiBookEngine.test.ts > MultiBookEngine > adjustEntry > creates an adjustment entry 0ms
 ✓ src/engines/MultiBookEngine.test.ts > MultiBookEngine > adjustEntry > preserves original credit when adjusting debit only 0ms
 ✓ src/engines/MultiBookEngine.test.ts > MultiBookEngine > adjustEntry > throws for non-existent entry 0ms
 ✓ src/engines/MultiBookEngine.test.ts > MultiBookEngine > closeBook / reopenBook > closes a period 1ms
 ✓ src/engines/MultiBookEngine.test.ts > MultiBookEngine > closeBook / reopenBook > throws when closing already-closed period 0ms
 ✓ src/engines/MultiBookEngine.test.ts > MultiBookEngine > closeBook / reopenBook > reopens a closed period 0ms
 ✓ src/engines/MultiBookEngine.test.ts > MultiBookEngine > closeBook / reopenBook > throws closing non-existent book 0ms
 ✓ src/engines/MultiBookEngine.test.ts > MultiBookEngine > closeBook / reopenBook > throws reopening non-existent book 0ms
 ✓ src/engines/MultiBookEngine.test.ts > MultiBookEngine > consolidateBooks > consolidates entries across books 6ms
 ✓ src/engines/MultiBookEngine.test.ts > MultiBookEngine > consolidateBooks > detects GAAP differences 16ms
 ✓ src/engines/MultiBookEngine.test.ts > MultiBookEngine > consolidateBooks > returns empty array for no books 0ms
 ✓ src/engines/MultiBookEngine.test.ts > MultiBookEngine > compareBooks > compares account totals across books 2ms
 ✓ src/engines/MultiBookEngine.test.ts > MultiBookEngine > compareBooks > returns accounts unique across books 35ms
 ✓ src/engines/MultiBookEngine.test.ts > MultiBookEngine > deleteBook > deletes a book and returns true 1ms
 ✓ src/engines/MultiBookEngine.test.ts > MultiBookEngine > deleteBook > returns false for non-existent book 0ms
 ✓ src/store/budgetStore.test.ts > budgetStore > should change budget status to InReview after submission 1011ms
 ✓ src/store/budgetStore.test.ts > budgetStore > should change budget status to Approved 1ms
 ✓ src/store/budgetStore.test.ts > budgetStore > should not throw when approving non-existent budget 2ms
 ✓ src/store/budgetStore.test.ts > budgetStore > should change budget status back to Draft 1ms
 ✓ src/store/budgetStore.test.ts > budgetStore > should reject non-existent budget without error 1ms
 ✓ src/store/budgetStore.test.ts > budgetStore > should undo to previous line items state 1ms
 ✓ src/store/budgetStore.test.ts > budgetStore > should not undo when already at beginning 0ms
 ✓ src/store/budgetStore.test.ts > budgetStore > should redo to next line items state 1ms
 ✓ src/store/budgetStore.test.ts > budgetStore > should not redo when already at end 0ms
 ✓ src/store/budgetStore.test.ts > budgetStore > should set selected cell id 0ms
 ✓ src/store/budgetStore.test.ts > budgetStore > should clear selected cell id with null 1ms
(node:4820) ExperimentalWarning: localStorage is not available because --localstorage-file was not provided.
(Use `node --trace-warnings ...` to show where the warning was created)
 ✓ src/engines/DataClassificationEngine.test.ts > DataClassificationEngine > tags > should add a tag 5ms
 ✓ src/engines/DataClassificationEngine.test.ts > DataClassificationEngine > tags > should remove a tag 1ms
 ✓ src/engines/DataClassificationEngine.test.ts > DataClassificationEngine > tags > should return false when removing non-existent tag 1ms
 ✓ src/engines/DataClassificationEngine.test.ts > DataClassificationEngine > tags > should list all tags 1ms
 ✓ src/engines/DataClassificationEngine.test.ts > DataClassificationEngine > rules > should add a rule 1ms
 ✓ src/engines/DataClassificationEngine.test.ts > DataClassificationEngine > rules > should remove a rule 1ms
 ✓ src/engines/DataClassificationEngine.test.ts > DataClassificationEngine > rules > should return false when removing non-existent rule 0ms
 ✓ src/engines/DataClassificationEngine.test.ts > DataClassificationEngine > rules > should support string field patterns 2ms
 ✓ src/engines/DataClassificationEngine.test.ts > DataClassificationEngine > rules > should support RegExp field patterns 1ms
 ✓ src/engines/DataClassificationEngine.test.ts > DataClassificationEngine > PII detection > should detect email addresses 1ms
 ✓ src/engines/DataClassificationEngine.test.ts > DataClassificationEngine > PII detection > should detect phone numbers 0ms
 ✓ src/engines/DataClassificationEngine.test.ts > DataClassificationEngine > PII detection > should detect SSN 0ms
 ✓ src/engines/DataClassificationEngine.test.ts > DataClassificationEngine > PII detection > should detect credit card numbers 0ms
 ✓ src/engines/DataClassificationEngine.test.ts > DataClassificationEngine > PII detection > should detect IP addresses 0ms
 ✓ src/engines/DataClassificationEngine.test.ts > DataClassificationEngine > PII detection > should detect date of birth 0ms
 ✓ src/engines/DataClassificationEngine.test.ts > DataClassificationEngine > PII detection > should detect street addresses 0ms
 ✓ src/engines/DataClassificationEngine.test.ts > DataClassificationEngine > PII detection > should return no PII for clean text 0ms
 ✓ src/engines/DataClassificationEngine.test.ts > DataClassificationEngine > PII detection > should detect multiple PII types in one string 0ms
 ✓ src/engines/DataClassificationEngine.test.ts > DataClassificationEngine > PII detection > should deduplicate PII types 0ms
 ✓ src/engines/DataClassificationEngine.test.ts > DataClassificationEngine > addPIIType > should add custom PII type 0ms
 ✓ src/engines/DataClassificationEngine.test.ts > DataClassificationEngine > classifyField > should classify a field with matching rule 0ms
 ✓ src/engines/DataClassificationEngine.test.ts > DataClassificationEngine > classifyField > should use highest sensitivity from rules and PII 0ms
 ✓ src/engines/DataClassificationEngine.test.ts > DataClassificationEngine > classifyField > should default to public when no rules match 0ms
 ✓ src/engines/DataClassificationEngine.test.ts > DataClassificationEngine > classifyField > should include tags matching sensitivity level 1ms
 ✓ src/engines/DataClassificationEngine.test.ts > DataClassificationEngine > classifyField > should not include tags above field sensitivity 0ms
 ✓ src/engines/DataClassificationEngine.test.ts > DataClassificationEngine > classifyField > should handle value patterns in rules 0ms
 ✓ src/engines/DataClassificationEngine.test.ts > DataClassificationEngine > classifyDataset > should classify all fields in a dataset 0ms
 ✓ src/engines/DataClassificationEngine.test.ts > DataClassificationEngine > classifyDataset > should return empty for empty dataset 1ms
 ✓ src/engines/DataClassificationEngine.test.ts > DataClassificationEngine > classifyDataset > should sample all rows for PII detection 0ms
 ✓ src/engines/DataClassificationEngine.test.ts > DataClassificationEngine > getSensitiveFields > should return only fields above minimum sensitivity 0ms
 ✓ src/engines/DataClassificationEngine.test.ts > DataClassificationEngine > getSensitiveFields > should default to confidential minimum 0ms
 ✓ src/engines/DataClassificationEngine.test.ts > DataClassificationEngine > maskValue > should mask email 0ms
 ✓ src/engines/DataClassificationEngine.test.ts > DataClassificationEngine > maskValue > should mask phone 0ms
 ✓ src/engines/DataClassificationEngine.test.ts > DataClassificationEngine > maskValue > should mask SSN 0ms
 ✓ src/engines/DataClassificationEngine.test.ts > DataClassificationEngine > maskValue > should mask credit card 0ms
 ✓ src/engines/DataClassificationEngine.test.ts > DataClassificationEngine > maskValue > should mask unknown types with *** 0ms
 ✓ src/engines/DataClassificationEngine.test.ts > DataClassificationEngine > maskValue > should return non-string values unchanged 0ms
 ✓ src/engines/DataClassificationEngine.test.ts > DataClassificationEngine > maskValue > should mask email without @ gracefully 0ms
 ✓ src/engines/DataClassificationEngine.test.ts > DataClassificationEngine > preset PII detection rules > should create preset rules 1ms
 ✓ src/engines/DataClassificationEngine.test.ts > DataClassificationEngine > preset PII detection rules > should work with engine when loaded 1ms
(node:4820) ExperimentalWarning: localStorage is not available because --localstorage-file was not provided.
(Use `node --trace-warnings ...` to show where the warning was created)
 ✓ src/services/nim.test.ts > nim service > getApiKey (round-robin) > should rotate between available keys 24ms
 ✓ src/services/nim.test.ts > nim service > getApiKey (round-robin) > should throw when no keys configured 2ms
 ✓ src/services/nim.test.ts > nim service > nimFetch > should make POST request with correct headers 4ms
 ✓ src/services/nim.test.ts > nim service > nimFetch > should throw on non-OK response 1ms
 ✓ src/services/nim.test.ts > nim service > nimFetch > should throw with fallback message when text() fails 1ms
 ✓ src/services/nim.test.ts > nim service > nimChat > should send correct payload with defaults 1ms
 ✓ src/services/nim.test.ts > nim service > nimChat > should accept custom options 1ms
 ✓ src/services/nim.test.ts > nim service > nimChatStream > should yield parsed SSE chunks 2ms
 ✓ src/services/nim.test.ts > nim service > nimChatStream > should throw on stream error 1ms
 ✓ src/services/nim.test.ts > nim service > nimChatStream > should throw when no response body 1ms
 ✓ src/services/nim.test.ts > nim service > financial helpers > analyzeVariance should call nimChat with correct prompt 1ms
 ✓ src/services/nim.test.ts > nim service > financial helpers > analyzeVariance should handle zero budget 0ms
 ✓ src/services/nim.test.ts > nim service > financial helpers > generateForecastInsight should format historical data 1ms
 ✓ src/services/nim.test.ts > nim service > financial helpers > explainFormula should pass formula to nimChat 1ms
 ✓ src/services/nim.test.ts > nim service > financial helpers > summarizeBudget should pass budget data to nimChat 1ms
 ✓ src/services/nim.test.ts > nim service > financial helpers > should return fallback message when response has no content 0ms
 ✓ src/services/nim.test.ts > nim service > utility functions > isNimConfigured should return true when keys exist 0ms
 ✓ src/services/nim.test.ts > nim service > utility functions > isNimConfigured should return false when no keys 3ms
 ✓ src/services/nim.test.ts > nim service > utility functions > getNimKeyCount should return number of configured keys 1ms
 ✓ src/services/nim.test.ts > nim service > utility functions > getNimKeyCount should return 1 when only one key set 1ms
 ✓ src/services/nim.test.ts > nim service > NIM_MODELS > should expose expected model IDs 1ms
(node:4820) ExperimentalWarning: localStorage is not available because --localstorage-file was not provided.
(Use `node --trace-warnings ...` to show where the warning was created)
(node:4820) ExperimentalWarning: localStorage is not available because --localstorage-file was not provided.
(Use `node --trace-warnings ...` to show where the warning was created)
stdout | src/engines/__benchmarks__/IncrementalCalcEngine.bench.test.ts > IncrementalCalcEngine - Mark Dirty > markRangeDirty 1M cells < 20000ms
  markRangeDirty 1M: 1.60 s

 ✓ src/engines/__benchmarks__/IncrementalCalcEngine.bench.test.ts > IncrementalCalcEngine - Mark Dirty > markDirty 100K cells < 2000ms 880ms
stdout | src/engines/__benchmarks__/IncrementalCalcEngine.bench.test.ts > IncrementalCalcEngine - Dependency Graph Setup > setDependencies 1K cells < 20ms
  setDependencies 1K: 1.45 ms

 ✓ src/pages/smoke3.test.tsx > Page Smoke Tests (Batch 3 — 5 Untested Pages) > LoanLossPage > renders without crashing 49ms
 × src/pages/smoke3.test.tsx > Page Smoke Tests (Batch 3 — 5 Untested Pages) > LoanLossPage > displays the empty state when no GL entries 37ms
   → Invalid Chai property: toBeInTheDocument
 × src/pages/smoke3.test.tsx > Page Smoke Tests (Batch 3 — 5 Untested Pages) > LoanLossPage > shows import button in empty state 7ms
   → Invalid Chai property: toBeInTheDocument
 ✓ src/pages/smoke3.test.tsx > Page Smoke Tests (Batch 3 — 5 Untested Pages) > BudgetVAReport > renders without crashing 13ms
 × src/pages/smoke3.test.tsx > Page Smoke Tests (Batch 3 — 5 Untested Pages) > BudgetVAReport > displays the page heading 13ms
   → Invalid Chai property: toBeInTheDocument
 × src/pages/smoke3.test.tsx > Page Smoke Tests (Batch 3 — 5 Untested Pages) > BudgetVAReport > shows the empty state when no budget is selected 13ms
   → Invalid Chai property: toBeInTheDocument
 ✓ src/pages/smoke3.test.tsx > Page Smoke Tests (Batch 3 — 5 Untested Pages) > DepreciationForecastPage > renders without crashing 8ms
 × src/pages/smoke3.test.tsx > Page Smoke Tests (Batch 3 — 5 Untested Pages) > DepreciationForecastPage > displays the empty state when no GL entries 8ms
   → Invalid Chai property: toBeInTheDocument
 × src/pages/smoke3.test.tsx > Page Smoke Tests (Batch 3 — 5 Untested Pages) > DepreciationForecastPage > shows import button in empty state 8ms
   → Invalid Chai property: toBeInTheDocument
 ✓ src/pages/smoke3.test.tsx > Page Smoke Tests (Batch 3 — 5 Untested Pages) > DebtSchedulePage > renders without crashing 13ms
 × src/pages/smoke3.test.tsx > Page Smoke Tests (Batch 3 — 5 Untested Pages) > DebtSchedulePage > displays the page heading 5ms
   → Invalid Chai property: toBeInTheDocument
 × src/pages/smoke3.test.tsx > Page Smoke Tests (Batch 3 — 5 Untested Pages) > DebtSchedulePage > displays the empty state when no GL entries 5ms
   → Invalid Chai property: toBeInTheDocument
 ✓ src/pages/smoke3.test.tsx > Page Smoke Tests (Batch 3 — 5 Untested Pages) > WorkingCapitalPage > renders without crashing 6ms
 × src/pages/smoke3.test.tsx > Page Smoke Tests (Batch 3 — 5 Untested Pages) > WorkingCapitalPage > displays the empty state when no GL entries 5ms
   → Invalid Chai property: toBeInTheDocument
 × src/pages/smoke3.test.tsx > Page Smoke Tests (Batch 3 — 5 Untested Pages) > WorkingCapitalPage > shows import button in empty state 5ms
   → Invalid Chai property: toBeInTheDocument
 ✓ src/engines/EncryptionEngine.test.ts > EncryptionEngine — encrypt/decrypt round-trip > encrypt / decrypt > should encrypt and decrypt a string round-trip 53ms
 ✓ src/engines/EncryptionEngine.test.ts > EncryptionEngine — encrypt/decrypt round-trip > encrypt / decrypt > should produce different ciphertext for same plaintext (random salt/IV) 63ms
 ✓ src/engines/EncryptionEngine.test.ts > EncryptionEngine — encrypt/decrypt round-trip > encrypt / decrypt > should use AES-GCM algorithm 25ms
 ✓ src/engines/EncryptionEngine.test.ts > EncryptionEngine — encrypt/decrypt round-trip > encrypt / decrypt > should produce base64-encoded ciphertext, iv, and salt 23ms
 ✓ src/engines/EncryptionEngine.test.ts > EncryptionEngine — encrypt/decrypt round-trip > encrypt / decrypt > should encrypt empty string 54ms
 ✓ src/engines/EncryptionEngine.test.ts > EncryptionEngine — encrypt/decrypt round-trip > encrypt / decrypt > should encrypt unicode characters 54ms
stdout | src/engines/__benchmarks__/IncrementalCalcEngine.bench.test.ts > IncrementalCalcEngine - Dependency Graph Setup > setDependencies 100K cells < 5000ms
  setDependencies 100K: 391.23 ms

 ✓ src/engines/__benchmarks__/IncrementalCalcEngine.bench.test.ts > IncrementalCalcEngine - Mark Dirty > markRangeDirty 1M cells < 20000ms 8220ms
 ✓ src/engines/__benchmarks__/IncrementalCalcEngine.bench.test.ts > IncrementalCalcEngine - Dependency Graph Setup > setDependencies 1K cells < 20ms 2ms
 ✓ src/engines/EncryptionEngine.test.ts > EncryptionEngine — encrypt/decrypt round-trip > encrypt / decrypt > should encrypt large text 48ms
 ✓ src/engines/EncryptionEngine.test.ts > EncryptionEngine — encrypt/decrypt round-trip > encrypt / decrypt > should fail decryption with wrong password 41ms
 ✓ src/engines/EncryptionEngine.test.ts > EncryptionEngine — encrypt/decrypt round-trip > encrypt / decrypt > should fail decryption with tampered ciphertext 47ms
 ✓ src/engines/EncryptionEngine.test.ts > EncryptionEngine — encrypt/decrypt round-trip > encrypt / decrypt > should fail decryption with tampered IV 43ms
 ✓ src/engines/EncryptionEngine.test.ts > EncryptionEngine — encrypt/decrypt round-trip > encrypt / decrypt > should fail decryption with tampered salt 45ms
(node:4820) ExperimentalWarning: localStorage is not available because --localstorage-file was not provided.
(Use `node --trace-warnings ...` to show where the warning was created)
 ✓ src/engines/TaxEngine.test.ts > TaxEngine > calculateCurrentTax > should calculate current tax on positive income 3ms
 ✓ src/engines/TaxEngine.test.ts > TaxEngine > calculateCurrentTax > should include permanent differences in taxable income 1ms
 ✓ src/engines/TaxEngine.test.ts > TaxEngine > calculateCurrentTax > should apply tax credits to reduce current tax 0ms
 ✓ src/engines/TaxEngine.test.ts > TaxEngine > calculateCurrentTax > should return 0 tax for zero income 0ms
 ✓ src/engines/TaxEngine.test.ts > TaxEngine > calculateCurrentTax > should return 0 tax for negative income 0ms
 ✓ src/engines/TaxEngine.test.ts > TaxEngine > calculateCurrentTax > should handle large permanent differences 0ms
 ✓ src/engines/TaxEngine.test.ts > TaxEngine > calculateCurrentTax > should not let tax go below 0 with large credits 0ms
 ✓ src/engines/TaxEngine.test.ts > TaxEngine > calculateCurrentTax > should handle negative permanent differences 0ms
 ✓ src/engines/TaxEngine.test.ts > TaxEngine > calculateDeferredTax > should calculate deferred tax liability from taxable temporary differences 0ms
 ✓ src/engines/TaxEngine.test.ts > TaxEngine > calculateDeferredTax > should calculate deferred tax asset from deductible temporary differences 0ms
 ✓ src/engines/TaxEngine.test.ts > TaxEngine > calculateDeferredTax > should handle multiple temporary differences 0ms
 ✓ src/engines/TaxEngine.test.ts > TaxEngine > calculateDeferredTax > should return zeros when no temporary differences 0ms
 ✓ src/engines/TaxEngine.test.ts > TaxEngine > calculateDeferredTax > should handle zero tax rate 0ms
 ✓ src/engines/TaxEngine.test.ts > TaxEngine > calculateEffectiveRate > should return totalTaxExpense / pretaxIncome 0ms
 ✓ src/engines/TaxEngine.test.ts > TaxEngine > calculateEffectiveRate > should return 0 for zero pretax income 0ms
 ✓ src/engines/TaxEngine.test.ts > TaxEngine > calculateEffectiveRate > should return benefit rate for negative pretax income 0ms
 ✓ src/engines/TaxEngine.test.ts > TaxEngine > calculateEffectiveRate > should handle rate > 1 with low income and high tax 0ms
 ✓ src/engines/TaxEngine.test.ts > TaxEngine > computeProvision > should compute full provision for basic case 0ms
 ✓ src/engines/TaxEngine.test.ts > TaxEngine > computeProvision > should compute provision with differences and credits 0ms
 ✓ src/engines/TaxEngine.test.ts > TaxEngine > computeProvision > should handle zero everything 0ms
 ✓ src/engines/TaxEngine.test.ts > TaxEngine > computeProvision > should handle loss case with deferred tax benefit 0ms
 ✓ src/engines/TaxEngine.test.ts > TaxEngine > computeProvision > should apply loss carryforward to reduce taxable income 0ms
 ✓ src/engines/TaxEngine.test.ts > TaxEngine > computeProvision > should carry forward excess loss 0ms
 ✓ src/engines/TaxEngine.test.ts > TaxEngine > computeProvision > should apply valuation allowance to DTA 0ms
 ✓ src/engines/TaxEngine.test.ts > TaxEngine > computeProvision > should handle jurisdiction identifier 0ms
 ✓ src/engines/TaxEngine.test.ts > TaxEngine > computeProvision > should default jurisdiction to default 0ms
 ✓ src/engines/TaxEngine.test.ts > TaxEngine > computeProvision > should round financial values to 2 decimal places 0ms
 ✓ src/engines/EncryptionEngine.test.ts > EncryptionEngine — encrypt/decrypt round-trip > encryptField / decryptField > should encrypt and decrypt a string field 41ms
 ✓ src/engines/EncryptionEngine.test.ts > EncryptionEngine — encrypt/decrypt round-trip > encryptField / decryptField > should encrypt and decrypt an object 41ms
 ✓ src/engines/EncryptionEngine.test.ts > EncryptionEngine — encrypt/decrypt round-trip > encryptField / decryptField > should encrypt and decrypt an array 43ms
 ✓ src/engines/EncryptionEngine.test.ts > EncryptionEngine — encrypt/decrypt round-trip > encryptField / decryptField > should encrypt and decrypt null 47ms
 ✓ src/engines/EncryptionEngine.test.ts > EncryptionEngine — encrypt/decrypt round-trip > encryptField / decryptField > should encrypt and decrypt a number 49ms
 ✓ src/engines/EncryptionEngine.test.ts > EncryptionEngine — encrypt/decrypt round-trip > encryptField / decryptField > should produce enc: prefixed strings 20ms
 ✓ src/engines/EncryptionEngine.test.ts > EncryptionEngine — encrypt/decrypt round-trip > encryptField / decryptField > should throw on non-enc: prefixed input 1ms
 ✓ src/engines/EncryptionEngine.test.ts > EncryptionEngine — encrypt/decrypt round-trip > encryptField / decryptField > should fail with wrong password 45ms
 ✓ src/engines/EncryptionEngine.test.ts > EncryptionEngine — encrypt/decrypt round-trip > isEncrypted > should return true for enc: prefixed strings 0ms
 ✓ src/engines/EncryptionEngine.test.ts > EncryptionEngine — encrypt/decrypt round-trip > isEncrypted > should return false for non-enc: strings 0ms
 ✓ src/engines/EncryptionEngine.test.ts > EncryptionEngine — encrypt/decrypt round-trip > isEncrypted > should return false for non-strings 0ms
 ✓ src/engines/EncryptionEngine.test.ts > EncryptionEngine — encrypt/decrypt round-trip > deriveKey > should derive a CryptoKey from password and salt 25ms
 ✓ src/engines/EncryptionEngine.test.ts > EncryptionEngine — encrypt/decrypt round-trip > deriveKey > should derive deterministic key from same salt 44ms
 ✓ src/engines/EncryptionEngine.test.ts > EncryptionEngine — encrypt/decrypt round-trip > deriveKey > should derive different keys from different salts 49ms
 ✓ src/engines/EncryptionEngine.test.ts > EncryptionEngine — encrypt/decrypt round-trip > AES-256-GCM verification > should use 256-bit key length 69ms
 ✓ src/engines/EncryptionEngine.test.ts > EncryptionEngine — encrypt/decrypt round-trip > AES-256-GCM verification > should use 12-byte IV (GCM standard) 21ms
 ✓ src/engines/EncryptionEngine.test.ts > EncryptionEngine — encrypt/decrypt round-trip > AES-256-GCM verification > should use 16-byte salt 22ms
 ✓ src/engines/EncryptionEngine.test.ts > EncryptionEngine — encrypt/decrypt round-trip > AES-256-GCM verification > should use PBKDF2 with SHA-256 for key derivation 44ms
 ✓ src/engines/EncryptionEngine.test.ts > EncryptionEngine — encrypt/decrypt round-trip > edge cases > should handle very long password 42ms
 ✓ src/engines/EncryptionEngine.test.ts > EncryptionEngine — encrypt/decrypt round-trip > edge cases > should handle special characters in password 37ms
 ✓ src/engines/EncryptionEngine.test.ts > EncryptionEngine — encrypt/decrypt round-trip > edge cases > should handle JSON with nested objects in encryptField 47ms
 ✓ src/engines/EncryptionEngine.test.ts > EncryptionEngine — without crypto.subtle > should export static methods 0ms
 ✓ src/engines/EncryptionEngine.test.ts > EncryptionEngine — without crypto.subtle > isEncrypted should work without crypto 0ms
(node:4820) ExperimentalWarning: localStorage is not available because --localstorage-file was not provided.
(Use `node --trace-warnings ...` to show where the warning was created)
 ✓ src/pages/smoke-five-pages.test.tsx > Page Smoke Tests — 5 New Pages > ProjectCostingPage > renders without crashing 74ms
(node:4820) ExperimentalWarning: localStorage is not available because --localstorage-file was not provided.
(Use `node --trace-warnings ...` to show where the warning was created)
 × src/pages/smoke-five-pages.test.tsx > Page Smoke Tests — 5 New Pages > ProjectCostingPage > displays the page heading 61ms
   → Invalid Chai property: toBeInTheDocument
 ✓ src/pages/smoke-five-pages.test.tsx > Page Smoke Tests — 5 New Pages > ProjectCostingPage > renders KPI cards 19ms
 × src/pages/smoke-five-pages.test.tsx > Page Smoke Tests — 5 New Pages > ProjectCostingPage > renders the cost code analysis table 18ms
   → Invalid Chai property: toBeInTheDocument
 × src/pages/smoke-five-pages.test.tsx > Page Smoke Tests — 5 New Pages > HedgeManagementPage > renders the empty state when no GL entries exist 10ms
   → Invalid Chai property: toBeInTheDocument
 ✓ src/engines/FormulaEngine.performance.test.ts > FormulaEngine Performance > parsing speed > should parse 1000 simple formulas in under 1 second 6ms
 ✓ src/engines/FormulaEngine.performance.test.ts > FormulaEngine Performance > parsing speed > should parse 1000 cell reference formulas in under 1 second 5ms
 ✓ src/engines/FormulaEngine.performance.test.ts > FormulaEngine Performance > parsing speed > should parse 500 function formulas in under 1 second 2ms
 ✓ src/engines/FormulaEngine.performance.test.ts > FormulaEngine Performance > parsing speed > should parse 200 complex nested formulas in under 1 second 2ms
 ✓ src/engines/FormulaEngine.performance.test.ts > FormulaEngine Performance > parsing speed > should parse 100 deeply nested parentheses in under 1 second 1ms
 ✓ src/engines/FormulaEngine.performance.test.ts > FormulaEngine Performance > evaluation speed > should evaluate 10000 simple expressions in under 1 second 9ms
 ✓ src/engines/FormulaEngine.performance.test.ts > FormulaEngine Performance > evaluation speed > should evaluate 5000 cell reference formulas in under 1 second 13ms
 ✓ src/engines/FormulaEngine.performance.test.ts > FormulaEngine Performance > evaluation speed > should evaluate 2000 SUM functions in under 1 second 28ms
 ✓ src/engines/FormulaEngine.performance.test.ts > FormulaEngine Performance > evaluation speed > should evaluate 1000 IF functions in under 1 second 5ms
 ✓ src/engines/FormulaEngine.performance.test.ts > FormulaEngine Performance > evaluation speed > should evaluate 500 NPV calculations in under 1 second 7ms
 ✓ src/engines/FormulaEngine.performance.test.ts > FormulaEngine Performance > complex formula performance > should evaluate complex formula with many operations in under 10ms 3ms
 ✓ src/engines/FormulaEngine.performance.test.ts > FormulaEngine Performance > complex formula performance > should evaluate nested function calls in under 10ms 3ms
 ✓ src/engines/FormulaEngine.performance.test.ts > FormulaEngine Performance > complex formula performance > should evaluate large SUM range in under 10ms 2ms
 ✓ src/engines/FormulaEngine.performance.test.ts > FormulaEngine Performance > complex formula performance > should evaluate deeply nested parentheses in under 10ms 1ms
 ✓ src/engines/FormulaEngine.performance.test.ts > FormulaEngine Performance > dependency extraction speed > should extract dependencies from 1000 formulas in under 1 second 5ms
 ✓ src/engines/FormulaEngine.performance.test.ts > FormulaEngine Performance > dependency extraction speed > should extract dependencies from complex formula in under 5ms 1ms
 ✓ src/engines/FormulaEngine.performance.test.ts > FormulaEngine Performance > validation speed > should validate 1000 formulas in under 1 second 2ms
 ✓ src/engines/FormulaEngine.performance.test.ts > FormulaEngine Performance > validation speed > should validate complex formula in under 5ms 0ms
 ✓ src/engines/FormulaEngine.performance.test.ts > FormulaEngine Performance > end-to-end parse+evaluate pipeline > should complete 1000 parse+evaluate cycles in under 2 seconds 8ms
 ✓ src/engines/FormulaEngine.performance.test.ts > FormulaEngine Performance > end-to-end parse+evaluate pipeline > should complete 500 complex parse+evaluate cycles in under 2 seconds 9ms
 ✓ src/engines/FormulaEngine.performance.test.ts > FormulaEngine Performance > memory usage > should not leak memory with repeated evaluations 13ms
 ✓ src/engines/FormulaEngine.performance.test.ts > FormulaEngine Performance > memory usage > should not leak memory with repeated parsing 13ms
 ✓ src/engines/FormulaEngine.performance.test.ts > FormulaEngine Performance > memory usage > should handle large number of unique formulas 13ms
 × src/pages/smoke-five-pages.test.tsx > Page Smoke Tests — 5 New Pages > HedgeManagementPage > shows the import data button in empty state 186ms
   → Invalid Chai property: toBeInTheDocument
 ✓ src/pages/smoke-five-pages.test.tsx > Page Smoke Tests — 5 New Pages > HedgeManagementPage > renders without crashing 5ms
 × src/pages/smoke-five-pages.test.tsx > Page Smoke Tests — 5 New Pages > TranslationResultPage > renders the empty state when no GL entries exist 7ms
   → Invalid Chai property: toBeInTheDocument
 × src/pages/smoke-five-pages.test.tsx > Page Smoke Tests — 5 New Pages > TranslationResultPage > shows the import data button in empty state 8ms
   → Invalid Chai property: toBeInTheDocument
 ✓ src/pages/smoke-five-pages.test.tsx > Page Smoke Tests — 5 New Pages > TranslationResultPage > renders without crashing 7ms
 × src/pages/smoke-five-pages.test.tsx > Page Smoke Tests — 5 New Pages > ChartOfAccountsPage > renders the empty state when no accounts exist 14ms
   → Invalid Chai property: toBeInTheDocument
 × src/pages/smoke-five-pages.test.tsx > Page Smoke Tests — 5 New Pages > ChartOfAccountsPage > shows the add first account button 10ms
   → Invalid Chai property: toBeInTheDocument
 × src/pages/smoke-five-pages.test.tsx > Page Smoke Tests — 5 New Pages > ChartOfAccountsPage > shows the import from CSV button 12ms
   → Invalid Chai property: toBeInTheDocument
 ✓ src/pages/smoke-five-pages.test.tsx > Page Smoke Tests — 5 New Pages > ChartOfAccountsPage > renders without crashing 9ms
 × src/pages/smoke-five-pages.test.tsx > Page Smoke Tests — 5 New Pages > GLAccountAnalysisPage > renders the empty state when no GL entries exist 12ms
   → Invalid Chai property: toBeInTheDocument
 × src/pages/smoke-five-pages.test.tsx > Page Smoke Tests — 5 New Pages > GLAccountAnalysisPage > shows the import data button in empty state 5ms
   → Invalid Chai property: toBeInTheDocument
 ✓ src/pages/smoke-five-pages.test.tsx > Page Smoke Tests — 5 New Pages > GLAccountAnalysisPage > renders without crashing 4ms
(node:4820) ExperimentalWarning: localStorage is not available because --localstorage-file was not provided.
(Use `node --trace-warnings ...` to show where the warning was created)
 ✓ src/engines/CubeSecurityEngine.test.ts > CubeSecurityEngine > addRule / getRule / removeRule > should add a security rule 4ms
 ✓ src/engines/CubeSecurityEngine.test.ts > CubeSecurityEngine > addRule / getRule / removeRule > should retrieve a rule by ID 1ms
 ✓ src/engines/CubeSecurityEngine.test.ts > CubeSecurityEngine > addRule / getRule / removeRule > should return undefined for non-existent rule 0ms
 ✓ src/engines/CubeSecurityEngine.test.ts > CubeSecurityEngine > addRule / getRule / removeRule > should remove an existing rule 0ms
 ✓ src/engines/CubeSecurityEngine.test.ts > CubeSecurityEngine > addRule / getRule / removeRule > should return false when removing non-existent rule 0ms
 ✓ src/engines/CubeSecurityEngine.test.ts > CubeSecurityEngine > getRulesForUser > should return rules for a specific user 1ms
 ✓ src/engines/CubeSecurityEngine.test.ts > CubeSecurityEngine > getRulesForUser > should return empty array for user with no rules 0ms
 ✓ src/engines/CubeSecurityEngine.test.ts > CubeSecurityEngine > listRules > should return all rules 0ms
 ✓ src/engines/CubeSecurityEngine.test.ts > CubeSecurityEngine > listRules > should return empty array when no rules exist 0ms
 ✓ src/engines/CubeSecurityEngine.test.ts > CubeSecurityEngine > hasAccess > should return true when user has a matching rule 0ms
 ✓ src/engines/CubeSecurityEngine.test.ts > CubeSecurityEngine > hasAccess > should return false when user has no matching rule 0ms
 ✓ src/engines/CubeSecurityEngine.test.ts > CubeSecurityEngine > hasAccess > should support wildcard (*) member access 0ms
 ✓ src/engines/CubeSecurityEngine.test.ts > CubeSecurityEngine > hasAccess > should respect expired rules 0ms
 ✓ src/engines/CubeSecurityEngine.test.ts > CubeSecurityEngine > hasAccess > should accept rules that have not expired 0ms
 ✓ src/engines/CubeSecurityEngine.test.ts > CubeSecurityEngine > checkAccess > should grant read access when rule matches 0ms
 ✓ src/engines/CubeSecurityEngine.test.ts > CubeSecurityEngine > checkAccess > should deny access when no rules match 0ms
 ✓ src/engines/CubeSecurityEngine.test.ts > CubeSecurityEngine > checkAccess > should deny access when user has no rules 0ms
 ✓ src/engines/CubeSecurityEngine.test.ts > CubeSecurityEngine > checkAccess > should deny write for read-only permission 0ms
 ✓ src/engines/CubeSecurityEngine.test.ts > CubeSecurityEngine > checkAccess > should grant write for write permission 0ms
 ✓ src/engines/CubeSecurityEngine.test.ts > CubeSecurityEngine > checkAccess > should grant write for admin permission 0ms
 ✓ src/engines/CubeSecurityEngine.test.ts > CubeSecurityEngine > checkAccess > should deny for none permission 0ms
 ✓ src/engines/CubeSecurityEngine.test.ts > CubeSecurityEngine > checkAccess > should respect expired rules 0ms
 ✓ src/engines/CubeSecurityEngine.test.ts > CubeSecurityEngine > checkAccess > should support wildcard (*) member access 0ms
 ✓ src/engines/CubeSecurityEngine.test.ts > CubeSecurityEngine > filterCells > should filter cells based on access rules 0ms
 ✓ src/engines/CubeSecurityEngine.test.ts > CubeSecurityEngine > filterCells > should return empty map when no access 0ms
 ✓ src/engines/CubeSecurityEngine.test.ts > CubeSecurityEngine > audit log > should return empty audit log initially 0ms
 ✓ src/engines/CubeSecurityEngine.test.ts > CubeSecurityEngine > audit log > should limit audit log entries 0ms
 ✓ src/engines/CubeSecurityEngine.test.ts > CubeSecurityEngine > audit log > should clear audit log 0ms
 ✓ src/engines/CubeSecurityEngine.test.ts > CubeSecurityEngine > exportRules / importRules > should export rules as JSON 0ms
 ✓ src/engines/CubeSecurityEngine.test.ts > CubeSecurityEngine > exportRules / importRules > should import rules from JSON 0ms
 ✓ src/engines/CubeSecurityEngine.test.ts > CubeSecurityEngine > exportRules / importRules > should round-trip export then import 0ms
 ✓ src/engines/CubeSecurityEngine.test.ts > CubeSecurityEngine > permission levels > should support none permission 0ms
 ✓ src/engines/CubeSecurityEngine.test.ts > CubeSecurityEngine > permission levels > should support admin permission 0ms
(node:4820) ExperimentalWarning: localStorage is not available because --localstorage-file was not provided.
(Use `node --trace-warnings ...` to show where the warning was created)
(node:4820) ExperimentalWarning: localStorage is not available because --localstorage-file was not provided.
(Use `node --trace-warnings ...` to show where the warning was created)
stdout | src/engines/__benchmarks__/IncrementalCalcEngine.bench.test.ts > IncrementalCalcEngine - Dependency Graph Setup > setDependencies 1M cells < 30000ms
  setDependencies 1M: 4.46 s

 ✓ src/engines/__benchmarks__/IncrementalCalcEngine.bench.test.ts > IncrementalCalcEngine - Dependency Graph Setup > setDependencies 100K cells < 5000ms 396ms
stdout | src/engines/__benchmarks__/IncrementalCalcEngine.bench.test.ts > IncrementalCalcEngine - getAffectedCells BFS > getAffectedCells from leaf of 1K chain < 500ms
  getAffectedCells 1K: 2.16 ms, affected=999

stdout | src/engines/__benchmarks__/IncrementalCalcEngine.bench.test.ts > IncrementalCalcEngine - getAffectedCells BFS > getAffectedCells from leaf of 10K chain < 500ms
  getAffectedCells 10K: 7.82 ms, affected=9999

 × src/pages/smoke-energy-esg.test.tsx > Page Smoke Tests — Energy & ESG Pages > EnergyProductionDashboard > renders the empty state when no GL entries exist 78ms
   → Invalid Chai property: toBeInTheDocument
(node:4820) ExperimentalWarning: localStorage is not available because --localstorage-file was not provided.
(Use `node --trace-warnings ...` to show where the warning was created)
 × src/pages/smoke-energy-esg.test.tsx > Page Smoke Tests — Energy & ESG Pages > EnergyProductionDashboard > shows the import data button in empty state 160ms
   → Invalid Chai property: toBeInTheDocument
 ✓ src/pages/smoke-energy-esg.test.tsx > Page Smoke Tests — Energy & ESG Pages > EnergyProductionDashboard > renders without crashing 12ms
 ✓ src/pages/smoke-energy-esg.test.tsx > Page Smoke Tests — Energy & ESG Pages > EnergyRiskPage > renders without crashing 21ms
 × src/pages/smoke-energy-esg.test.tsx > Page Smoke Tests — Energy & ESG Pages > EnergyRiskPage > displays the page heading 18ms
   → Invalid Chai property: toBeInTheDocument
 ✓ src/pages/smoke-energy-esg.test.tsx > Page Smoke Tests — Energy & ESG Pages > EnergyRiskPage > renders KPI cards 15ms
 × src/pages/smoke-energy-esg.test.tsx > Page Smoke Tests — Energy & ESG Pages > EnergyRiskPage > renders the hedge positions table 22ms
   → Invalid Chai property: toBeInTheDocument
stderr | src/pages/smoke-sectors.test.tsx > Sector Page Smoke Tests > InsuranceDashboardPage > renders without crashing
The tag <stop> is unrecognized in this browser. If you meant to render a React component, start its name with an 
uppercase letter.
<linearGradient /> is using incorrect casing. Use PascalCase for React components, or lowercase for HTML elements.
The tag <linearGradient> is unrecognized in this browser. If you meant to render a React component, start its name 
with an uppercase letter.
The tag <defs> is unrecognized in this browser. If you meant to render a React component, start its name with an 
uppercase letter.

 ✓ src/pages/smoke-sectors.test.tsx > Sector Page Smoke Tests > CapitalAdequacyPage > renders without crashing 38ms
 × src/pages/smoke-sectors.test.tsx > Sector Page Smoke Tests > CapitalAdequacyPage > displays the page heading 33ms
   → Invalid Chai property: toBeInTheDocument
 ✓ src/pages/smoke-sectors.test.tsx > Sector Page Smoke Tests > NIMDashboardPage > renders without crashing 7ms
 × src/pages/smoke-sectors.test.tsx > Sector Page Smoke Tests > NIMDashboardPage > displays the page heading 7ms
   → Invalid Chai property: toBeInTheDocument
 ✓ src/services/api-integration/XeroConnector.test.ts > XeroConnector > construction > should create connector with correct properties 3ms
 ✓ src/services/api-integration/XeroConnector.test.ts > XeroConnector > health check > should return connected status on success 1ms
 ✓ src/services/api-integration/XeroConnector.test.ts > XeroConnector > health check > should return error status on failure 1ms
 ✓ src/services/api-integration/XeroConnector.test.ts > XeroConnector > getAccounts > should fetch and map accounts 2ms
 ✓ src/services/api-integration/XeroConnector.test.ts > XeroConnector > getInvoices > should fetch and map invoices 1ms
 ✓ src/services/api-integration/XeroConnector.test.ts > XeroConnector > getTransactions > should fetch bank transactions for an account 1ms
 ✓ src/services/api-integration/XeroConnector.test.ts > XeroConnector > getBudgets > should fetch and map budgets 1ms
 ✓ src/services/api-integration/XeroConnector.test.ts > XeroConnector > getBudgets > should return empty when budgets API not available 0ms
 ✓ src/services/api-integration/XeroConnector.test.ts > XeroConnector > account type mapping > should map Xero account types correctly 1ms
 ✓ src/services/api-integration/XeroConnector.test.ts > XeroConnector > invoice status mapping > should map invoice statuses correctly 1ms
 ✓ src/services/api-integration/XeroConnector.test.ts > XeroConnector > connect > should return true when health check passes 1ms
 ✓ src/services/api-integration/XeroConnector.test.ts > XeroConnector > sync > should pull data and return sync result 1ms
stderr | src/pages/smoke-sectors.test.tsx > Sector Page Smoke Tests > InsuranceDashboardPage > displays the page 
heading
<linearGradient /> is using incorrect casing. Use PascalCase for React components, or lowercase for HTML elements.

 ✓ src/pages/smoke-energy-esg.test.tsx > Page Smoke Tests — Energy & ESG Pages > RenewableEnergyPage > renders without crashing 14ms
 × src/pages/smoke-energy-esg.test.tsx > Page Smoke Tests — Energy & ESG Pages > RenewableEnergyPage > displays the page heading 41ms
   → Invalid Chai property: toBeInTheDocument
 ✓ src/pages/smoke-energy-esg.test.tsx > Page Smoke Tests — Energy & ESG Pages > RenewableEnergyPage > renders KPI cards 13ms
 × src/pages/smoke-energy-esg.test.tsx > Page Smoke Tests — Energy & ESG Pages > RenewableEnergyPage > renders the asset portfolio table 14ms
   → Invalid Chai property: toBeInTheDocument
 × src/pages/smoke-energy-esg.test.tsx > Page Smoke Tests — Energy & ESG Pages > CarbonDashboardPage > renders the empty state when no GL entries exist 8ms
   → Invalid Chai property: toBeInTheDocument
 × src/pages/smoke-energy-esg.test.tsx > Page Smoke Tests — Energy & ESG Pages > CarbonDashboardPage > shows the import data button in empty state 12ms
   → Invalid Chai property: toBeInTheDocument
 ✓ src/pages/smoke-energy-esg.test.tsx > Page Smoke Tests — Energy & ESG Pages > CarbonDashboardPage > renders without crashing 4ms
stderr | src/pages/smoke-sectors.test.tsx > Sector Page Smoke Tests > EnergyDashboardPage > renders without crashing
<linearGradient /> is using incorrect casing. Use PascalCase for React components, or lowercase for HTML elements.
<linearGradient /> is using incorrect casing. Use PascalCase for React components, or lowercase for HTML elements.

 ✓ src/pages/smoke-energy-esg.test.tsx > Page Smoke Tests — Energy & ESG Pages > CSRDReportPage > renders without crashing 11ms
 × src/pages/smoke-energy-esg.test.tsx > Page Smoke Tests — Energy & ESG Pages > CSRDReportPage > displays the page heading 12ms
   → Invalid Chai property: toBeInTheDocument
 ✓ src/pages/smoke-energy-esg.test.tsx > Page Smoke Tests — Energy & ESG Pages > CSRDReportPage > renders KPI cards 7ms
 × src/pages/smoke-energy-esg.test.tsx > Page Smoke Tests — Energy & ESG Pages > CSRDReportPage > renders the metrics table 11ms
   → Invalid Chai property: toBeInTheDocument
stderr | src/pages/smoke-sectors.test.tsx > Sector Page Smoke Tests > EnergyDashboardPage > displays the page heading
<linearGradient /> is using incorrect casing. Use PascalCase for React components, or lowercase for HTML elements.
<linearGradient /> is using incorrect casing. Use PascalCase for React components, or lowercase for HTML elements.

 ✓ src/pages/smoke-sectors.test.tsx > Sector Page Smoke Tests > InsuranceDashboardPage > renders without crashing 17ms
 × src/pages/smoke-sectors.test.tsx > Sector Page Smoke Tests > InsuranceDashboardPage > displays the page heading 16ms
   → Invalid Chai property: toBeInTheDocument
 ✓ src/pages/smoke-sectors.test.tsx > Sector Page Smoke Tests > HealthcareDashboardPage > renders without crashing 8ms
 × src/pages/smoke-sectors.test.tsx > Sector Page Smoke Tests > HealthcareDashboardPage > displays the page heading 7ms
   → Invalid Chai property: toBeInTheDocument
 ✓ src/pages/smoke-sectors.test.tsx > Sector Page Smoke Tests > EnergyDashboardPage > renders without crashing 39ms
stderr | src/pages/smoke-sectors.test.tsx > Sector Page Smoke Tests > RetailDashboardPage > renders without crashing
<linearGradient /> is using incorrect casing. Use PascalCase for React components, or lowercase for HTML elements.

stderr | src/pages/smoke-sectors.test.tsx > Sector Page Smoke Tests > RetailDashboardPage > displays the page heading
<linearGradient /> is using incorrect casing. Use PascalCase for React components, or lowercase for HTML elements.

 × src/pages/smoke-sectors.test.tsx > Sector Page Smoke Tests > EnergyDashboardPage > displays the page heading 36ms
   → Invalid Chai property: toBeInTheDocument
 ✓ src/pages/smoke-sectors.test.tsx > Sector Page Smoke Tests > ConstructionDashboardPage > renders without crashing 16ms
 × src/pages/smoke-sectors.test.tsx > Sector Page Smoke Tests > ConstructionDashboardPage > displays the page heading 17ms
   → Invalid Chai property: toBeInTheDocument
 ✓ src/pages/smoke-sectors.test.tsx > Sector Page Smoke Tests > RetailDashboardPage > renders without crashing 12ms
 × src/pages/smoke-sectors.test.tsx > Sector Page Smoke Tests > RetailDashboardPage > displays the page heading 11ms
   → Invalid Chai property: toBeInTheDocument
 ✓ src/pages/smoke-sectors.test.tsx > Sector Page Smoke Tests > ProductionDashboardPage > renders without crashing 3ms
 × src/pages/smoke-sectors.test.tsx > Sector Page Smoke Tests > ProductionDashboardPage > displays the page heading 4ms
   → Invalid Chai property: toBeInTheDocument
stdout | src/engines/__benchmarks__/IncrementalCalcEngine.bench.test.ts > IncrementalCalcEngine - getAffectedCells BFS > getAffectedCells from leaf of 100K chain < 5000ms
  getAffectedCells 100K: 122.79 ms, affected=99999

 ✓ src/engines/__benchmarks__/IncrementalCalcEngine.bench.test.ts > IncrementalCalcEngine - Dependency Graph Setup > setDependencies 1M cells < 30000ms 4574ms
 ✓ src/engines/__benchmarks__/IncrementalCalcEngine.bench.test.ts > IncrementalCalcEngine - getAffectedCells BFS > getAffectedCells from leaf of 1K chain < 500ms 25ms
 ✓ src/engines/__benchmarks__/IncrementalCalcEngine.bench.test.ts > IncrementalCalcEngine - getAffectedCells BFS > getAffectedCells from leaf of 10K chain < 500ms 29ms
stdout | src/engines/__benchmarks__/IncrementalCalcEngine.bench.test.ts > IncrementalCalcEngine - calculateIncremental > calculateIncremental 1,000 cells (1 dirty) < 2.00 s
  calc 1,000: 9.54 ms, affected=999, iterations=2

stdout | src/engines/__benchmarks__/IncrementalCalcEngine.bench.test.ts > IncrementalCalcEngine - calculateIncremental > calculateIncremental 10,000 cells (1 dirty) < 2.00 s
  calc 10,000: 68.01 ms, affected=9999, iterations=2

 ✓ src/engines/__benchmarks__/IncrementalCalcEngine.bench.test.ts > IncrementalCalcEngine - getAffectedCells BFS > getAffectedCells from leaf of 100K chain < 5000ms 631ms
 ✓ src/engines/__benchmarks__/IncrementalCalcEngine.bench.test.ts > IncrementalCalcEngine - calculateIncremental > calculateIncremental 1,000 cells (1 dirty) < 2.00 s 18ms
(node:4820) ExperimentalWarning: localStorage is not available because --localstorage-file was not provided.
(Use `node --trace-warnings ...` to show where the warning was created)
(node:4820) ExperimentalWarning: localStorage is not available because --localstorage-file was not provided.
(Use `node --trace-warnings ...` to show where the warning was created)
stdout | src/engines/__benchmarks__/IncrementalCalcEngine.bench.test.ts > IncrementalCalcEngine - calculateIncremental > calculateIncremental 1,00,000 cells (1 dirty) < 15.00 s
  calc 1,00,000: 867.10 ms, affected=99999, iterations=2

 ✓ src/engines/__benchmarks__/IncrementalCalcEngine.bench.test.ts > IncrementalCalcEngine - calculateIncremental > calculateIncremental 10,000 cells (1 dirty) < 2.00 s 84ms
(node:4820) ExperimentalWarning: localStorage is not available because --localstorage-file was not provided.
(Use `node --trace-warnings ...` to show where the warning was created)
 ✓ src/engines/ScenarioEngine.test.ts > ScenarioEngine > monteCarlo > should return empty array for zero iterations 5ms
 ✓ src/engines/ScenarioEngine.test.ts > ScenarioEngine > monteCarlo > should return empty array for empty assumptions 1ms
 ✓ src/engines/ScenarioEngine.test.ts > ScenarioEngine > monteCarlo > should generate correct number of iterations 1ms
 ✓ src/engines/ScenarioEngine.test.ts > ScenarioEngine > monteCarlo > should produce values within uniform bounds 2ms
 ✓ src/engines/ScenarioEngine.test.ts > ScenarioEngine > monteCarlo > should produce deterministic values with seeded random (uniform) 1ms
 ✓ src/engines/ScenarioEngine.test.ts > ScenarioEngine > monteCarlo > should support normal distribution with seeded random 1ms
 ✓ src/engines/ScenarioEngine.test.ts > ScenarioEngine > monteCarlo > should support triangular distribution 0ms
 ✓ src/engines/ScenarioEngine.test.ts > ScenarioEngine > monteCarlo > should aggregate multiple assumptions into output 0ms
 ✓ src/engines/ScenarioEngine.test.ts > ScenarioEngine > sensitivityAnalysis > should apply low/high ratios to base case 1ms
 ✓ src/engines/ScenarioEngine.test.ts > ScenarioEngine > sensitivityAnalysis > should scale all financial metrics proportionally 0ms
 ✓ src/engines/ScenarioEngine.test.ts > ScenarioEngine > sensitivityAnalysis > should handle headcount rounding 0ms
 ✓ src/engines/ScenarioEngine.test.ts > ScenarioEngine > sensitivityAnalysis > should handle zero base value with ratio fallback 0ms
 ✓ src/engines/ScenarioEngine.test.ts > ScenarioEngine > sensitivityAnalysis > should preserve margin metrics 0ms
 ✓ src/engines/ScenarioEngine.test.ts > ScenarioEngine > sensitivityAnalysis > should invert runway ratio 0ms
 ✓ src/engines/ScenarioEngine.test.ts > ScenarioEngine > sensitivityAnalysis > should handle multiple inputs 0ms
 ✓ src/engines/ScenarioEngine.test.ts > ScenarioEngine > tornadoChart > should sort inputs by range descending 0ms
 ✓ src/engines/ScenarioEngine.test.ts > ScenarioEngine > tornadoChart > should include range for each item 0ms
 ✓ src/engines/ScenarioEngine.test.ts > ScenarioEngine > tornadoChart > should handle single input 0ms
 ✓ src/engines/ScenarioEngine.test.ts > ScenarioEngine > tornadoChart > should handle equal ranges maintaining input order 0ms
 ✓ src/engines/ScenarioEngine.test.ts > ScenarioEngine > probabilityWeighted > should return zero metrics for empty scenarios 1ms
 ✓ src/engines/ScenarioEngine.test.ts > ScenarioEngine > probabilityWeighted > should weight single scenario correctly 0ms
 ✓ src/engines/ScenarioEngine.test.ts > ScenarioEngine > probabilityWeighted > should combine multiple scenarios by probability 0ms
 ✓ src/engines/ScenarioEngine.test.ts > ScenarioEngine > probabilityWeighted > should normalize probabilities that do not sum to 1 0ms
 ✓ src/engines/ScenarioEngine.test.ts > ScenarioEngine > probabilityWeighted > should handle all equal probabilities 0ms
 ✓ src/engines/ScenarioEngine.test.ts > ScenarioEngine > probabilityWeighted > should handle zero total probability gracefully 0ms
 × src/workers/worker-pool.test.ts > WorkerPool > construction > should create a pool with default options 13ms
   → expected undefined to be +0 // Object.is equality
 × src/workers/worker-pool.test.ts > WorkerPool > construction > should accept custom options 2ms
   → expected undefined to be +0 // Object.is equality
 × src/workers/worker-pool.test.ts > WorkerPool > task execution > should execute a task and return result 1ms
   → pool.run is not a function
 × src/workers/worker-pool.test.ts > WorkerPool > task execution > should handle worker errors 1ms
   → pool.run is not a function
 × src/workers/worker-pool.test.ts > WorkerPool > task execution > should retry on failure 1ms
   → pool.run is not a function
 × src/workers/worker-pool.test.ts > WorkerPool > task execution > should forward progress callbacks 1ms
   → pool.run is not a function
 × src/workers/worker-pool.test.ts > WorkerPool > worker lifecycle > should create workers lazily 1ms
   → pool.run is not a function
 × src/workers/worker-pool.test.ts > WorkerPool > worker lifecycle > should reuse idle workers 1ms
   → pool.run is not a function
 × src/workers/worker-pool.test.ts > WorkerPool > worker lifecycle > should terminate all workers 1ms
   → pool.run is not a function
 × src/workers/worker-pool.test.ts > WorkerPool > worker lifecycle > should reject tasks after termination 1ms
   → pool.terminate is not a function
 × src/workers/worker-pool.test.ts > WorkerPool > task queuing > should queue tasks when all workers are busy 1ms
   → pool.run is not a function
 × src/workers/worker-pool.test.ts > WorkerPool > task queuing > should reject queued tasks on termination 0ms
   → pool.run is not a function
 × src/workers/worker-pool.test.ts > WorkerPool > timeout > should timeout tasks that take too long 2ms
   → pool.run is not a function
stdout | src/engines/__benchmarks__/IncrementalCalcEngine.bench.test.ts > IncrementalCalcEngine - Worst Case (all dirty) > all 1,000 cells dirty < 5.00 s
  allDirty 1,000: 312.08 ms, affected=999, iterations=2

 ✓ src/engines/__benchmarks__/IncrementalCalcEngine.bench.test.ts > IncrementalCalcEngine - calculateIncremental > calculateIncremental 1,00,000 cells (1 dirty) < 15.00 s 1340ms
 ✓ src/engines/MigrationEngine.test.ts > ImportEngine (base) > auto-detection > should detect CSV files by extension 3ms
 ✓ src/engines/MigrationEngine.test.ts > ImportEngine (base) > auto-detection > should detect Excel files by extension 1ms
 ✓ src/engines/MigrationEngine.test.ts > ImportEngine (base) > auto-detection > should detect JSON files by extension 1ms
 ✓ src/engines/MigrationEngine.test.ts > ImportEngine (base) > auto-detection > should return unknown for unsupported formats 0ms
 ✓ src/engines/MigrationEngine.test.ts > ImportEngine (base) > CSV import > should import valid CSV with auto-delimiter detection 3ms
 ✓ src/engines/MigrationEngine.test.ts > ImportEngine (base) > CSV import > should handle tab-delimited CSV 1ms
 ✓ src/engines/MigrationEngine.test.ts > ImportEngine (base) > CSV import > should reject empty CSV 1ms
 ✓ src/engines/MigrationEngine.test.ts > ImportEngine (base) > CSV import > should handle quoted fields with commas 0ms
 ✓ src/engines/MigrationEngine.test.ts > ImportEngine (base) > JSON import > should import valid JSON array 1ms
 ✓ src/engines/MigrationEngine.test.ts > ImportEngine (base) > JSON import > should handle single JSON object 0ms
 ✓ src/engines/MigrationEngine.test.ts > ImportEngine (base) > JSON import > should reject invalid JSON 0ms
 ✓ src/engines/MigrationEngine.test.ts > ImportEngine (base) > validation > should detect non-numeric values in numeric columns 0ms
 ✓ src/engines/MigrationEngine.test.ts > ImportEngine (base) > validation > should warn about unrecognized date formats 0ms
 ✓ src/engines/MigrationEngine.test.ts > ImportEngine (base) > rollback > should create and rollback snapshots 1ms
 ✓ src/engines/MigrationEngine.test.ts > ImportEngine (base) > rollback > should clear snapshots 1ms
 ✓ src/engines/MigrationEngine.test.ts > ImportEngine (base) > progress tracking > should emit progress events during import 1ms
 ✓ src/engines/MigrationEngine.test.ts > MigrationEngine > source detection > should auto-detect Planful format 79ms
 ✓ src/engines/MigrationEngine.test.ts > MigrationEngine > source detection > should auto-detect Adaptive format 21ms
 ✓ src/engines/MigrationEngine.test.ts > MigrationEngine > source detection > should auto-detect Anaplan format 20ms
 ✓ src/engines/MigrationEngine.test.ts > MigrationEngine > migration analysis > should perform full migration analysis 21ms
 ✓ src/engines/MigrationEngine.test.ts > MigrationEngine > migration execution > should execute migration and create snapshot 34ms
 ✓ src/engines/MigrationEngine.test.ts > MigrationEngine > migration execution > should rollback migration 39ms
 ✓ src/engines/MigrationEngine.test.ts > MigrationEngine > progress tracking > should emit progress events during migration 15ms
(node:4820) ExperimentalWarning: localStorage is not available because --localstorage-file was not provided.
(Use `node --trace-warnings ...` to show where the warning was created)
 ✓ src/services/api-integration/BaseConnector.test.ts > BaseConnector > identity getters > should expose id, name, and provider from config 3ms
 ✓ src/services/api-integration/BaseConnector.test.ts > BaseConnector > connect > should return true when health check passes 1ms
 ✓ src/services/api-integration/BaseConnector.test.ts > BaseConnector > connect > should return false when health check returns error 0ms
 ✓ src/services/api-integration/BaseConnector.test.ts > BaseConnector > connect > should set status to error when health check throws 0ms
 ✓ src/services/api-integration/BaseConnector.test.ts > BaseConnector > connect > should catch exceptions from performHealthCheck and return false 1ms
 ✓ src/services/api-integration/BaseConnector.test.ts > BaseConnector > connect > should handle non-Error exceptions in connect 1ms
 ✓ src/services/api-integration/BaseConnector.test.ts > BaseConnector > disconnect > should set status to disconnected 1ms
 ✓ src/services/api-integration/BaseConnector.test.ts > BaseConnector > checkHealth > should return health from performHealthCheck 1ms
 ✓ src/services/api-integration/BaseConnector.test.ts > BaseConnector > checkHealth > should update internal status on success 1ms
 ✓ src/services/api-integration/BaseConnector.test.ts > BaseConnector > checkHealth > should return error status when performHealthCheck returns error 1ms
 ✓ src/services/api-integration/BaseConnector.test.ts > BaseConnector > checkHealth > should catch exceptions and return error 1ms
 ✓ src/services/api-integration/BaseConnector.test.ts > BaseConnector > checkHealth > should handle non-Error exceptions in checkHealth 1ms
 ✓ src/services/api-integration/BaseConnector.test.ts > BaseConnector > getHealth > should return current status, lastSyncAt, and lastError 1ms
 ✓ src/services/api-integration/BaseConnector.test.ts > BaseConnector > getHealth > should reflect status after connect 0ms
 ✓ src/services/api-integration/BaseConnector.test.ts > BaseConnector > setOAuthTokens > should delegate to client.setOAuthTokens 2ms
 ✓ src/services/api-integration/BaseConnector.test.ts > BaseConnector > sync > should pull data and return success result 2ms
 ✓ src/services/api-integration/BaseConnector.test.ts > BaseConnector > sync > should push data and return success result 0ms
 ✓ src/services/api-integration/BaseConnector.test.ts > BaseConnector > sync > should handle bidirectional sync 0ms
 ✓ src/services/api-integration/BaseConnector.test.ts > BaseConnector > sync > should return failure when pull throws 1ms
 ✓ src/services/api-integration/BaseConnector.test.ts > BaseConnector > sync > should return failure when push throws 1ms
 ✓ src/services/api-integration/BaseConnector.test.ts > BaseConnector > sync > should handle non-Error exceptions in sync 1ms
 ✓ src/services/api-integration/BaseConnector.test.ts > BaseConnector > sync > should update lastSyncAt on success 1ms
 ✓ src/services/api-integration/BaseConnector.test.ts > BaseConnector > sync > should update lastError on failure 1ms
 ✓ src/services/api-integration/BaseConnector.test.ts > BaseConnector > default domain methods > getAccounts should return empty paginated response 1ms
 ✓ src/services/api-integration/BaseConnector.test.ts > BaseConnector > default domain methods > getTransactions should return empty paginated response 1ms
 ✓ src/services/api-integration/BaseConnector.test.ts > BaseConnector > default domain methods > getInvoices should return empty paginated response 1ms
 ✓ src/services/api-integration/BaseConnector.test.ts > BaseConnector > default domain methods > getBudgets should return empty paginated response 0ms
(node:4820) ExperimentalWarning: localStorage is not available because --localstorage-file was not provided.
(Use `node --trace-warnings ...` to show where the warning was created)
 ✓ src/store/dataStore.test.ts > dataStore > should have correct initial state 5ms
 ✓ src/store/dataStore.test.ts > dataStore > should set accounts 1ms
 ✓ src/store/dataStore.test.ts > dataStore > should replace existing accounts 2ms
 ✓ src/store/dataStore.test.ts > dataStore > should add account with generated id and empty children 1ms
 ✓ src/store/dataStore.test.ts > dataStore > should add multiple accounts 1ms
 ✓ src/store/dataStore.test.ts > dataStore > should update existing account by id 1ms
 ✓ src/store/dataStore.test.ts > dataStore > should not throw when updating non-existent account 1ms
 ✓ src/store/dataStore.test.ts > dataStore > should update nested child account 1ms
 ✓ src/store/dataStore.test.ts > dataStore > should delete account by id 1ms
 ✓ src/store/dataStore.test.ts > dataStore > should clear selectedAccountId when deleting selected account 1ms
 ✓ src/store/dataStore.test.ts > dataStore > should preserve selectedAccountId when deleting non-selected account 0ms
 ✓ src/store/dataStore.test.ts > dataStore > should remove nested child account 1ms
 ✓ src/store/dataStore.test.ts > dataStore > should not throw when deleting non-existent account 1ms
 ✓ src/store/dataStore.test.ts > dataStore > should toggle isActive from true to false 1ms
 ✓ src/store/dataStore.test.ts > dataStore > should toggle isActive from false to true 1ms
 ✓ src/store/dataStore.test.ts > dataStore > should toggle nested child account 1ms
 ✓ src/store/dataStore.test.ts > dataStore > should not throw when toggling non-existent account 1ms
 ✓ src/store/dataStore.test.ts > dataStore > should add import job with generated id and pending status 1ms
 ✓ src/store/dataStore.test.ts > dataStore > should prepend new import jobs 1ms
 ✓ src/store/dataStore.test.ts > dataStore > should update import job status to Completed and set timestamp 1ms
 ✓ src/store/dataStore.test.ts > dataStore > should update import job status to Failed with error 1ms
 ✓ src/store/dataStore.test.ts > dataStore > should not fail when updating non-existent job 1ms
 ✓ src/store/dataStore.test.ts > dataStore > should set selected account id 0ms
 ✓ src/store/dataStore.test.ts > dataStore > should clear selected account id with null 0ms
(node:4820) ExperimentalWarning: localStorage is not available because --localstorage-file was not provided.
(Use `node --trace-warnings ...` to show where the warning was created)
 ✓ src/pages/smoke-all-pages.test.tsx > Smoke: uncovered pages render without crashing > renders BankingDashboardPage without crashing 303ms
 ✓ src/pages/smoke-all-pages.test.tsx > Smoke: uncovered pages render without crashing > renders ConstructionDashboardPage without crashing 45ms
 ✓ src/pages/smoke-all-pages.test.tsx > Smoke: uncovered pages render without crashing > renders EmissionsTradingPage without crashing 23ms
 ✓ src/pages/smoke-all-pages.test.tsx > Smoke: uncovered pages render without crashing > renders EnergyDashboardPage without crashing 37ms
 ✓ src/pages/smoke-all-pages.test.tsx > Smoke: uncovered pages render without crashing > renders EquipmentManagementPage without crashing 35ms
 ✓ src/pages/smoke-all-pages.test.tsx > Smoke: uncovered pages render without crashing > renders HealthcareDashboardPage without crashing 60ms
 ✓ src/pages/smoke-all-pages.test.tsx > Smoke: uncovered pages render without crashing > renders InsuranceDashboardPage without crashing 44ms
 ✓ src/pages/smoke-all-pages.test.tsx > Smoke: uncovered pages render without crashing > renders RealEstateDashboardPage without crashing 43ms
 ✓ src/pages/smoke-all-pages.test.tsx > Smoke: uncovered pages render without crashing > renders SectorPage without crashing 86ms
 ✓ src/pages/smoke-all-pages.test.tsx > Smoke: uncovered pages render without crashing > renders RetailDashboard without crashing 52ms
 ✓ src/pages/smoke-all-pages.test.tsx > Smoke: uncovered pages render without crashing > renders StoreDashboardPage without crashing 38ms
 ✓ src/pages/smoke-all-pages.test.tsx > Smoke: uncovered pages render without crashing > renders InventoryDashboard without crashing 43ms
(node:4820) ExperimentalWarning: localStorage is not available because --localstorage-file was not provided.
(Use `node --trace-warnings ...` to show where the warning was created)
(node:4820) ExperimentalWarning: localStorage is not available because --localstorage-file was not provided.
(Use `node --trace-warnings ...` to show where the warning was created)
 ✓ src/workers/worker-compute.test.ts > Worker compute logic > Monte Carlo sampling > should sample uniform distribution correctly 4ms
 ✓ src/workers/worker-compute.test.ts > Worker compute logic > Monte Carlo sampling > should sample triangular distribution correctly 1ms
 ✓ src/workers/worker-compute.test.ts > Worker compute logic > Monte Carlo sampling > should compute statistics correctly 1ms
 ✓ src/workers/worker-compute.test.ts > Worker compute logic > Monte Carlo sampling > should handle single value 0ms
 ✓ src/workers/worker-compute.test.ts > Worker compute logic > Monte Carlo sampling > should handle empty array gracefully 0ms
 ✓ src/workers/worker-compute.test.ts > Worker compute logic > Consolidation logic > should categorize accounts correctly 1ms
 ✓ src/workers/worker-compute.test.ts > Worker compute logic > Consolidation logic > should sum by category correctly 0ms
 ✓ src/workers/worker-compute.test.ts > Worker compute logic > Consolidation logic > should detect IC accounts by prefix 0ms
 ✓ src/workers/worker-compute.test.ts > Worker compute logic > Consolidation logic > should calculate minority interest correctly 0ms
 ✓ src/workers/worker-compute.test.ts > Worker compute logic > Batch calculation logic > should build dependency graph correctly 0ms
 ✓ src/workers/worker-compute.test.ts > Worker compute logic > Batch calculation logic > should perform topological sort correctly 1ms
 ✓ src/workers/worker-compute.test.ts > Worker compute logic > Batch calculation logic > should evaluate simple arithmetic formula 0ms
 ✓ src/workers/worker-compute.test.ts > Worker compute logic > Batch calculation logic > should handle cell key encoding/decoding 0ms
 ✓ src/workers/worker-compute.test.ts > Worker compute logic > Type definitions > should define MonteCarloRequest shape 0ms
 ✓ src/workers/worker-compute.test.ts > Worker compute logic > Type definitions > should define ConsolidationRequest shape 0ms
 ✓ src/workers/worker-compute.test.ts > Worker compute logic > Type definitions > should define BatchCalcRequest shape 0ms
 × src/components/ui/FormulaBar.test.tsx > FormulaBar > renders > renders without crashing 244ms
   → Invalid Chai property: toBeInTheDocument
 × src/components/ui/FormulaBar.test.tsx > FormulaBar > renders > renders the formula input with correct placeholder 12ms
   → Invalid Chai property: toBeInTheDocument
 × src/components/ui/FormulaBar.test.tsx > FormulaBar > renders > renders the active cell reference 16ms
   → Invalid Chai property: toBeInTheDocument
 × src/components/ui/FormulaBar.test.tsx > FormulaBar > renders > renders "---" when no active cell 10ms
   → Invalid Chai property: toBeInTheDocument
 × src/components/ui/FormulaBar.test.tsx > FormulaBar > renders > renders the fx icon 9ms
   → Invalid Chai property: toBeInTheDocument
 × src/components/ui/FormulaBar.test.tsx > FormulaBar > renders > renders cancel and confirm buttons 8ms
   → Invalid Chai property: toBeInTheDocument
 × src/components/ui/FormulaBar.test.tsx > FormulaBar > renders > applies custom className 10ms
   → Invalid Chai property: toHaveClass
 × src/components/ui/FormulaBar.test.tsx > FormulaBar > disabled state > disables the input when disabled prop is true 21ms
   → Invalid Chai property: toBeDisabled
 × src/components/ui/FormulaBar.test.tsx > FormulaBar > disabled state > applies opacity style when disabled 10ms
   → Invalid Chai property: toBeInTheDocument
 × src/components/ui/FormulaBar.test.tsx > FormulaBar > handles data > displays the provided value 7ms
   → Invalid Chai property: toBeInTheDocument
 ✓ src/components/ui/FormulaBar.test.tsx > FormulaBar > handles data > calls onChange when input value changes 20ms
 ✓ src/components/ui/FormulaBar.test.tsx > FormulaBar > handles data > calls onChange with empty string when cancel button clicked 9ms
 ✓ src/components/ui/FormulaBar.test.tsx > FormulaBar > handles data > calls onEvaluate when confirm button clicked 6ms
 ✓ src/components/ui/FormulaBar.test.tsx > FormulaBar > keyboard navigation > calls onEvaluate on Enter key 16ms
 ✓ src/components/ui/FormulaBar.test.tsx > FormulaBar > keyboard navigation > clears value on Escape key when autocomplete is hidden 13ms
 × src/components/ui/FormulaBar.test.tsx > FormulaBar > autocomplete > shows autocomplete when typing =SU with 2+ characters 40ms
   → Invalid Chai property: toHaveAttribute
 × src/components/ui/FormulaBar.test.tsx > FormulaBar > autocomplete > hides autocomplete for less than 2 characters after = 17ms
   → Invalid Chai property: toHaveAttribute
 × src/components/ui/FormulaBar.test.tsx > FormulaBar > autocomplete > does not show autocomplete for non-formula values 18ms
   → Invalid Chai property: toHaveAttribute
 × src/components/ui/FormulaBar.test.tsx > FormulaBar > autocomplete > shows function suggestions when typing =SU 19ms
   → Invalid Chai property: toBeInTheDocument
 ✓ src/components/ui/FormulaBar.test.tsx > FormulaBar > autocomplete > navigates autocomplete with ArrowDown 36ms
 ✓ src/components/ui/FormulaBar.test.tsx > FormulaBar > autocomplete > navigates autocomplete with ArrowUp 25ms
 × src/components/ui/FormulaBar.test.tsx > FormulaBar > autocomplete > inserts function on Tab key 22ms
   → expected "vi.fn()" to be called with arguments: [ '=SUM(' ]

Number of calls: 0

 × src/components/ui/FormulaBar.test.tsx > FormulaBar > autocomplete > inserts function on Enter key when autocomplete is open 18ms
   → expected "vi.fn()" to be called with arguments: [ '=SUM(' ]

Number of calls: 0

 × src/components/ui/FormulaBar.test.tsx > FormulaBar > autocomplete > closes autocomplete on Escape key 20ms
   → Invalid Chai property: toHaveAttribute
 ✓ src/components/ui/FormulaBar.test.tsx > FormulaBar > autocomplete > inserts function on mouse click 18ms
 × src/components/ui/FormulaBar.test.tsx > FormulaBar > category filter > shows category filter buttons when autocomplete is open 24ms
   → Invalid Chai property: toBeInTheDocument
 ✓ src/components/ui/FormulaBar.test.tsx > FormulaBar > category filter > filters functions by category when category button clicked 22ms
 × src/components/ui/FormulaBar.test.tsx > FormulaBar > accessibility > has combobox role on input 13ms
   → Invalid Chai property: toBeInTheDocument
 × src/components/ui/FormulaBar.test.tsx > FormulaBar > accessibility > has aria-label on formula input 9ms
   → Invalid Chai property: toBeInTheDocument
 × src/components/ui/FormulaBar.test.tsx > FormulaBar > accessibility > has aria-live on active cell display 8ms
   → Invalid Chai property: toBeInTheDocument
 × src/components/ui/FormulaBar.test.tsx > FormulaBar > accessibility > shows listbox role for autocomplete dropdown 17ms
   → Invalid Chai property: toBeInTheDocument
 × src/components/ui/FormulaBar.test.tsx > FormulaBar > accessibility > has aria-label on autocomplete listbox 16ms
   → Invalid Chai property: toBeInTheDocument
 × src/components/ui/FormulaBar.test.tsx > FormulaBar > accessibility > sets aria-selected on the active option 22ms
   → Invalid Chai property: toHaveAttribute
 × src/components/ui/FormulaBar.test.tsx > FormulaBar > accessibility > shows parameters for selected function 21ms
   → Invalid Chai property: toBeInTheDocument
 × src/components/ui/FormulaBar.test.tsx > FormulaBar > edge cases > handles value without = prefix 12ms
   → Invalid Chai property: toHaveAttribute
 × src/components/ui/FormulaBar.test.tsx > FormulaBar > edge cases > handles empty value gracefully 11ms
   → Invalid Chai property: toHaveValue
 × src/components/ui/FormulaBar.test.tsx > FormulaBar > edge cases > handles value with only = sign 10ms
   → Invalid Chai property: toHaveAttribute
 × src/components/ui/FormulaBar.test.tsx > FormulaBar > edge cases > inserts function preserving text before the token 36ms
   → expected "vi.fn()" to be called with arguments: [ '=A1+SUM(' ]

Number of calls: 0

(node:4820) ExperimentalWarning: localStorage is not available because --localstorage-file was not provided.
(Use `node --trace-warnings ...` to show where the warning was created)
 ✓ src/pages/smoke-all-pages.test.tsx > Smoke: uncovered pages render without crashing > renders InventoryPlanningPage without crashing 2440ms
 ✓ src/pages/smoke-all-pages.test.tsx > Smoke: uncovered pages render without crashing > renders PromoAnalysisPage without crashing 90ms
 ✓ src/pages/smoke-all-pages.test.tsx > Smoke: uncovered pages render without crashing > renders ARRDashboard without crashing 167ms
 ✓ src/pages/smoke-all-pages.test.tsx > Smoke: uncovered pages render without crashing > renders ChurnDashboard without crashing 41ms
 ✓ src/pages/smoke-all-pages.test.tsx > Smoke: uncovered pages render without crashing > renders ChurnAnalysisPage without crashing 41ms
 ✓ src/pages/smoke-uncovered-pages.test.tsx > Page Smoke Tests — 5 Uncovered Pages > WorkingCapitalPage > renders without crashing 50ms
 × src/pages/smoke-uncovered-pages.test.tsx > Page Smoke Tests — 5 Uncovered Pages > WorkingCapitalPage > displays the empty state when no GL entries exist 32ms
   → Invalid Chai property: toBeInTheDocument
 × src/pages/smoke-uncovered-pages.test.tsx > Page Smoke Tests — 5 Uncovered Pages > WorkingCapitalPage > shows the import data button in empty state 10ms
   → Invalid Chai property: toBeInTheDocument
 ✓ src/pages/smoke-all-pages.test.tsx > Smoke: uncovered pages render without crashing > renders CohortAnalysisPage without crashing 26ms
 ✓ src/pages/smoke-all-pages.test.tsx > Smoke: uncovered pages render without crashing > renders TaxProvisionPage without crashing 40ms
 ✓ src/pages/smoke-all-pages.test.tsx > Smoke: uncovered pages render without crashing > renders TransferPricingPage without crashing 53ms
 ✓ src/pages/smoke-all-pages.test.tsx > Smoke: uncovered pages render without crashing > renders FXExposurePage without crashing 64ms
 ✓ src/pages/smoke-all-pages.test.tsx > Smoke: uncovered pages render without crashing > renders HeadcountPlanPage without crashing 40ms
 ✓ src/pages/smoke-uncovered-pages.test.tsx > Page Smoke Tests — 5 Uncovered Pages > ApprovalQueuePage > renders without crashing 11ms
 × src/pages/smoke-uncovered-pages.test.tsx > Page Smoke Tests — 5 Uncovered Pages > ApprovalQueuePage > displays the page heading 14ms
   → Invalid Chai property: toBeInTheDocument
 ✓ src/pages/smoke-all-pages.test.tsx > Smoke: uncovered pages render without crashing > renders CompModelingPage without crashing 38ms
 ✓ src/pages/smoke-all-pages.test.tsx > Smoke: uncovered pages render without crashing > renders PayrollForecastPage without crashing 77ms
 × src/pages/smoke-uncovered-pages.test.tsx > Page Smoke Tests — 5 Uncovered Pages > ApprovalQueuePage > shows filter buttons 208ms
   → Invalid Chai property: toBeInTheDocument
 ✓ src/pages/smoke-uncovered-pages.test.tsx > Page Smoke Tests — 5 Uncovered Pages > CollaborationPage > renders without crashing 21ms
 × src/pages/smoke-uncovered-pages.test.tsx > Page Smoke Tests — 5 Uncovered Pages > CollaborationPage > displays the page heading 19ms
   → Invalid Chai property: toBeInTheDocument
 × src/pages/smoke-uncovered-pages.test.tsx > Page Smoke Tests — 5 Uncovered Pages > CollaborationPage > shows the discussion thread section 17ms
   → Invalid Chai property: toBeInTheDocument
 ✓ src/pages/smoke-uncovered-pages.test.tsx > Page Smoke Tests — 5 Uncovered Pages > ConsolidationDashboard > renders without crashing 10ms
 × src/pages/smoke-uncovered-pages.test.tsx > Page Smoke Tests — 5 Uncovered Pages > ConsolidationDashboard > displays the page heading 20ms
   → Invalid Chai property: toBeInTheDocument
 × src/pages/smoke-uncovered-pages.test.tsx > Page Smoke Tests — 5 Uncovered Pages > ConsolidationDashboard > shows the empty state for entities 8ms
   → Invalid Chai property: toBeInTheDocument
stderr | src/pages/smoke-all-pages.test.tsx > Smoke: uncovered pages render without crashing > renders 
UserManagementPage without crashing
Encountered two children with the same key, `id`. Keys should be unique so that components maintain their identity 
across updates. Non-unique keys may cause children to be duplicated and/or omitted — the behavior is unsupported and 
could change in a future version.

 ✓ src/pages/smoke-uncovered-pages.test.tsx > Page Smoke Tests — 5 Uncovered Pages > OwnershipTreePage > renders without crashing 23ms
 × src/pages/smoke-uncovered-pages.test.tsx > Page Smoke Tests — 5 Uncovered Pages > OwnershipTreePage > displays the page heading 27ms
   → Invalid Chai property: toBeInTheDocument
 × src/pages/smoke-uncovered-pages.test.tsx > Page Smoke Tests — 5 Uncovered Pages > OwnershipTreePage > shows the entity hierarchy 20ms
   → Invalid Chai property: toBeInTheDocument
 ✓ src/pages/smoke-all-pages.test.tsx > Smoke: uncovered pages render without crashing > renders UserManagementPage without crashing 85ms
(node:4820) ExperimentalWarning: localStorage is not available because --localstorage-file was not provided.
(Use `node --trace-warnings ...` to show where the warning was created)
 ✓ src/pages/smoke-all-pages.test.tsx > Smoke: uncovered pages render without crashing > renders SecuritySettingsPage without crashing 93ms
 ✓ src/pages/smoke-all-pages.test.tsx > Smoke: uncovered pages render without crashing > renders IntegrationSettingsPage without crashing 71ms
 ✓ src/pages/smoke-all-pages.test.tsx > Smoke: uncovered pages render without crashing > renders BackupRestorePage without crashing 64ms
 ✓ src/pages/smoke-all-pages.test.tsx > Smoke: uncovered pages render without crashing > renders ConnectorSettingsPage without crashing 206ms
 ✓ src/pages/smoke-all-pages.test.tsx > Smoke: uncovered pages render without crashing > renders TemplateGalleryPage without crashing 148ms
 ✓ src/pages/smoke-all-pages.test.tsx > Smoke: uncovered pages render without crashing > renders TemplatePreviewPage without crashing 23ms
 ✓ src/pages/smoke-all-pages.test.tsx > Smoke: uncovered pages render without crashing > renders ThreeStatementDashboardPage without crashing 44ms
 ✓ src/pages/smoke-all-pages.test.tsx > Smoke: uncovered pages render without crashing > renders ReportBookBuilder without crashing 37ms
 ✓ src/pages/smoke-all-pages.test.tsx > Smoke: uncovered pages render without crashing > renders ReportScheduler without crashing 39ms
 ✓ src/pages/smoke-all-pages.test.tsx > Smoke: uncovered pages render without crashing > renders ReportTemplateLibraryPage without crashing 59ms
 ✓ src/pages/smoke-all-pages.test.tsx > Smoke: uncovered pages render without crashing > renders FinancialStatementTemplates without crashing 52ms
 ✓ src/pages/smoke-all-pages.test.tsx > Smoke: uncovered pages render without crashing > renders RollingForecastPage without crashing 53ms
 ✓ src/pages/smoke-all-pages.test.tsx > Smoke: uncovered pages render without crashing > renders WhatIfPage without crashing 35ms
 ✓ src/pages/smoke-all-pages.test.tsx > Smoke: uncovered pages render without crashing > renders ScenarioBuilderPage without crashing 62ms
 ✓ src/pages/smoke-data-pages.test.tsx > Page Smoke Tests — 5 Data Pages > GLJournalsPage > renders without crashing 47ms
 × src/pages/smoke-data-pages.test.tsx > Page Smoke Tests — 5 Data Pages > GLJournalsPage > displays empty state when no entries 37ms
   → Invalid Chai property: toBeInTheDocument
 ✓ src/pages/smoke-data-pages.test.tsx > Page Smoke Tests — 5 Data Pages > GLReportingPage > renders without crashing 8ms
 × src/pages/smoke-data-pages.test.tsx > Page Smoke Tests — 5 Data Pages > GLReportingPage > displays empty state when no entries 9ms
   → Invalid Chai property: toBeInTheDocument
 ✓ src/pages/smoke-data-pages.test.tsx > Page Smoke Tests — 5 Data Pages > GLTrialBalancePage > renders without crashing 6ms
 × src/pages/smoke-data-pages.test.tsx > Page Smoke Tests — 5 Data Pages > GLTrialBalancePage > displays empty state when no entries 6ms
   → Invalid Chai property: toBeInTheDocument
 ✓ src/pages/smoke-data-pages.test.tsx > Page Smoke Tests — 5 Data Pages > GLUploadPage > renders without crashing 8ms
 × src/pages/smoke-data-pages.test.tsx > Page Smoke Tests — 5 Data Pages > GLUploadPage > displays upload empty state 5ms
   → Invalid Chai property: toBeInTheDocument
 ✓ src/pages/smoke-data-pages.test.tsx > Page Smoke Tests — 5 Data Pages > VersionDiffPage > renders without crashing 14ms
 × src/pages/smoke-data-pages.test.tsx > Page Smoke Tests — 5 Data Pages > VersionDiffPage > displays the page heading 27ms
   → Invalid Chai property: toBeInTheDocument
 × src/pages/smoke-all-pages.test.tsx > Smoke: uncovered pages render without crashing > renders ChartShowcasePage without crashing 67ms
   → Element type is invalid: expected a string (for built-in components) or a class/function (for composite components) but got: undefined. You likely forgot to export your component from the file it's defined in, or you might have mixed up default and named imports.
 ✓ src/pages/smoke-all-pages.test.tsx > Smoke: uncovered pages render without crashing > renders MigrationPage without crashing 126ms
 ✓ src/pages/smoke-all-pages.test.tsx > Smoke: uncovered pages render without crashing > renders VarianceDashboardPage without crashing 116ms
 ✓ src/pages/smoke-all-pages.test.tsx > Smoke: uncovered pages render without crashing > renders TelecomPage without crashing 24ms
(node:4820) ExperimentalWarning: localStorage is not available because --localstorage-file was not provided.
(Use `node --trace-warnings ...` to show where the warning was created)
stderr | src/pages/smoke-sector-subpages.test.tsx > Sector Sub-Page Smoke Tests > ClaimsAnalyticsPage > renders 
without crashing
The tag <stop> is unrecognized in this browser. If you meant to render a React component, start its name with an 
uppercase letter.
<linearGradient /> is using incorrect casing. Use PascalCase for React components, or lowercase for HTML elements.
The tag <linearGradient> is unrecognized in this browser. If you meant to render a React component, start its name 
with an uppercase letter.
The tag <defs> is unrecognized in this browser. If you meant to render a React component, start its name with an 
uppercase letter.

 ✓ src/pages/smoke-sector-subpages.test.tsx > Sector Sub-Page Smoke Tests > AIIntelligencePage > renders without crashing 42ms
 × src/pages/smoke-sector-subpages.test.tsx > Sector Sub-Page Smoke Tests > AIIntelligencePage > displays the page heading 42ms
   → Invalid Chai property: toBeInTheDocument
stderr | src/pages/smoke-sector-subpages.test.tsx > Sector Sub-Page Smoke Tests > ClaimsAnalyticsPage > displays the 
page heading
<linearGradient /> is using incorrect casing. Use PascalCase for React components, or lowercase for HTML elements.

stderr | src/pages/smoke-sector-subpages.test.tsx > Sector Sub-Page Smoke Tests > EmissionsTradingPage > renders 
without crashing
<linearGradient /> is using incorrect casing. Use PascalCase for React components, or lowercase for HTML elements.

stderr | src/pages/smoke-sector-subpages.test.tsx > Sector Sub-Page Smoke Tests > EmissionsTradingPage > displays the 
page heading
<linearGradient /> is using incorrect casing. Use PascalCase for React components, or lowercase for HTML elements.

stderr | src/pages/smoke-sector-subpages.test.tsx > Sector Sub-Page Smoke Tests > EquipmentManagementPage > renders 
without crashing
<linearGradient /> is using incorrect casing. Use PascalCase for React components, or lowercase for HTML elements.

 ✓ src/pages/smoke-sector-subpages.test.tsx > Sector Sub-Page Smoke Tests > ClaimsAnalyticsPage > renders without crashing 43ms
 × src/pages/smoke-sector-subpages.test.tsx > Sector Sub-Page Smoke Tests > ClaimsAnalyticsPage > displays the page heading 19ms
   → Invalid Chai property: toBeInTheDocument
 ✓ src/pages/smoke-sector-subpages.test.tsx > Sector Sub-Page Smoke Tests > ClinicalTrialCostPage > renders without crashing 27ms
 × src/pages/smoke-sector-subpages.test.tsx > Sector Sub-Page Smoke Tests > ClinicalTrialCostPage > displays the page heading 15ms
   → Invalid Chai property: toBeInTheDocument
 ✓ src/pages/smoke-sector-subpages.test.tsx > Sector Sub-Page Smoke Tests > EmissionsTradingPage > renders without crashing 14ms
 × src/pages/smoke-sector-subpages.test.tsx > Sector Sub-Page Smoke Tests > EmissionsTradingPage > displays the page heading 14ms
   → Invalid Chai property: toBeInTheDocument
stderr | src/pages/smoke-sector-subpages.test.tsx > Sector Sub-Page Smoke Tests > EquipmentManagementPage > displays 
the page heading
<linearGradient /> is using incorrect casing. Use PascalCase for React components, or lowercase for HTML elements.

 ✓ src/pages/smoke-sector-subpages.test.tsx > Sector Sub-Page Smoke Tests > EquipmentManagementPage > renders without crashing 13ms
 × src/pages/smoke-sector-subpages.test.tsx > Sector Sub-Page Smoke Tests > EquipmentManagementPage > displays the page heading 17ms
   → Invalid Chai property: toBeInTheDocument
(node:4820) ExperimentalWarning: localStorage is not available because --localstorage-file was not provided.
(Use `node --trace-warnings ...` to show where the warning was created)
 ✓ src/engines/BankingEngine.test.ts > BankingEngine > calculateLoanLossStats > should calculate gross loans from 13xx accounts 4ms
 ✓ src/engines/BankingEngine.test.ts > BankingEngine > calculateLoanLossStats > should calculate reserve balance from 215x accounts (absolute value) 1ms
 ✓ src/engines/BankingEngine.test.ts > BankingEngine > calculateLoanLossStats > should calculate NPL balance from 92xx accounts 2ms
 ✓ src/engines/BankingEngine.test.ts > BankingEngine > calculateLoanLossStats > should calculate provision expense from 65xx accounts 1ms
 ✓ src/engines/BankingEngine.test.ts > BankingEngine > calculateLoanLossStats > should calculate NPL ratio as nplBalance / grossLoans * 100 0ms
 ✓ src/engines/BankingEngine.test.ts > BankingEngine > calculateLoanLossStats > should return 0 NPL ratio when gross loans is zero 0ms
 ✓ src/engines/BankingEngine.test.ts > BankingEngine > calculateLoanLossStats > should calculate coverage ratio as reserveBalance / nplBalance * 100 0ms
 ✓ src/engines/BankingEngine.test.ts > BankingEngine > calculateLoanLossStats > should return 0 coverage ratio when NPL balance is zero 0ms
 ✓ src/engines/BankingEngine.test.ts > BankingEngine > calculateLoanLossStats > should return netChargeOffs as 0 (placeholder) 0ms
 ✓ src/engines/BankingEngine.test.ts > BankingEngine > calculateLoanLossStats > should handle empty entries 1ms
 ✓ src/engines/BankingEngine.test.ts > BankingEngine > calculateCapitalStats > should calculate CET1 capital from 31xx accounts 1ms
 ✓ src/engines/BankingEngine.test.ts > BankingEngine > calculateCapitalStats > should calculate AT1 capital from 32xx accounts 0ms
 ✓ src/engines/BankingEngine.test.ts > BankingEngine > calculateCapitalStats > should calculate Tier 2 capital from 33xx accounts 0ms
 ✓ src/engines/BankingEngine.test.ts > BankingEngine > calculateCapitalStats > should calculate total capital as tier1 + tier2 0ms
 ✓ src/engines/BankingEngine.test.ts > BankingEngine > calculateCapitalStats > should calculate RWA with correct risk weights 0ms
 ✓ src/engines/BankingEngine.test.ts > BankingEngine > calculateCapitalStats > should calculate tier1 ratio as tier1Capital / RWA * 100 0ms
 ✓ src/engines/BankingEngine.test.ts > BankingEngine > calculateCapitalStats > should calculate total ratio as totalCapital / RWA * 100 0ms
 ✓ src/engines/BankingEngine.test.ts > BankingEngine > calculateCapitalStats > should calculate leverage ratio as tier1Capital / totalAssets * 100 0ms
 ✓ src/engines/BankingEngine.test.ts > BankingEngine > calculateCapitalStats > should return 0 ratios when RWA is zero 0ms
 ✓ src/engines/BankingEngine.test.ts > BankingEngine > calculateCapitalStats > should return 0 leverage ratio when total assets is zero 0ms
 ✓ src/engines/BankingEngine.test.ts > BankingEngine > calculateCapitalStats > should generate trend data from monthly entries 2ms
 ✓ src/engines/BankingEngine.test.ts > BankingEngine > calculateCapitalStats > should limit trend data to last 4 periods 1ms
 ✓ src/engines/BankingEngine.test.ts > BankingEngine > calculateCapitalStats > should handle empty entries 0ms
 ✓ src/engines/BankingEngine.test.ts > BankingEngine > calculateNIMStats > should calculate interest income from 41xx accounts 0ms
 ✓ src/engines/BankingEngine.test.ts > BankingEngine > calculateNIMStats > should calculate interest expense from 61xx accounts (absolute value) 0ms
 ✓ src/engines/BankingEngine.test.ts > BankingEngine > calculateNIMStats > should calculate net interest income 0ms
 ✓ src/engines/BankingEngine.test.ts > BankingEngine > calculateNIMStats > should calculate NIM as (interestInc - interestExp) * 12 / avgEarningAssets * 100 0ms
 ✓ src/engines/BankingEngine.test.ts > BankingEngine > calculateNIMStats > should calculate yield on assets 0ms
 ✓ src/engines/BankingEngine.test.ts > BankingEngine > calculateNIMStats > should calculate cost of funds 0ms
 ✓ src/engines/BankingEngine.test.ts > BankingEngine > calculateNIMStats > should return 0 NIM when earning assets is zero 0ms
 ✓ src/engines/BankingEngine.test.ts > BankingEngine > calculateNIMStats > should include trend data 1ms
 ✓ src/engines/BankingEngine.test.ts > BankingEngine > calculateNIMStats > should handle empty entries 0ms
(node:4820) ExperimentalWarning: localStorage is not available because --localstorage-file was not provided.
(Use `node --trace-warnings ...` to show where the warning was created)
 ✓ src/engines/LeaseEngine.test.ts > LeaseEngine > calculateROUAsset > should produce correct number of periods 4ms
 ✓ src/engines/LeaseEngine.test.ts > LeaseEngine > calculateROUAsset > should start with correct opening balance 1ms
 ✓ src/engines/LeaseEngine.test.ts > LeaseEngine > calculateROUAsset > should end with zero closing balance 0ms
 ✓ src/engines/LeaseEngine.test.ts > LeaseEngine > calculateROUAsset > should have consistent depreciation across periods 1ms
 ✓ src/engines/LeaseEngine.test.ts > LeaseEngine > calculateLeaseLiability > should produce correct number of periods 0ms
 ✓ src/engines/LeaseEngine.test.ts > LeaseEngine > calculateLeaseLiability > should decrease liability over time 0ms
 ✓ src/engines/LeaseEngine.test.ts > LeaseEngine > calculateLeaseLiability > should end near zero 0ms
 ✓ src/engines/LeaseEngine.test.ts > LeaseEngine > calculateLeaseLiability > should handle varying payments 0ms
 ✓ src/engines/LeaseEngine.test.ts > LeaseEngine > calculateLeaseLiability > should calculate interest correctly 0ms
 ✓ src/engines/LeaseEngine.test.ts > LeaseEngine > calculateLeaseLiability > should have payment = interest + reduction 0ms
 ✓ src/engines/LeaseEngine.test.ts > LeaseEngine > testImpairment > should detect no impairment when undiscounted CF covers balance 0ms
 ✓ src/engines/LeaseEngine.test.ts > LeaseEngine > testImpairment > should detect impairment when fair value is lower 0ms
 ✓ src/engines/LeaseEngine.test.ts > LeaseEngine > testImpairment > should return no impairment when fair value exceeds balance 0ms
 ✓ src/engines/LeaseEngine.test.ts > LeaseEngine > classifyLease > should classify as finance when transfer of ownership 0ms
 ✓ src/engines/LeaseEngine.test.ts > LeaseEngine > classifyLease > should classify as finance when purchase option is reasonably certain 0ms
 ✓ src/engines/LeaseEngine.test.ts > LeaseEngine > classifyLease > should classify as finance when lease term >= 75% of economic life 0ms
 ✓ src/engines/LeaseEngine.test.ts > LeaseEngine > classifyLease > should classify as finance when PV >= 90% of fair value 0ms
 ✓ src/engines/LeaseEngine.test.ts > LeaseEngine > classifyLease > should classify as operating when no finance criteria met 0ms
 ✓ src/engines/LeaseEngine.test.ts > LeaseEngine > isShortTermLease > should identify short-term lease (<=12 months, no purchase option) 0ms
 ✓ src/engines/LeaseEngine.test.ts > LeaseEngine > isShortTermLease > should not identify as short-term when term > 12 months 0ms
 ✓ src/engines/LeaseEngine.test.ts > LeaseEngine > isShortTermLease > should not identify as short-term when purchase option exists 0ms
 ✓ src/engines/LeaseEngine.test.ts > LeaseEngine > isLowValueAsset > should identify low-value asset (<=5000) 0ms
 ✓ src/engines/LeaseEngine.test.ts > LeaseEngine > isLowValueAsset > should not identify as low-value when > 5000 0ms
 ✓ src/engines/LeaseEngine.test.ts > LeaseEngine > modifyLease > should modify payments 0ms
 ✓ src/engines/LeaseEngine.test.ts > LeaseEngine > modifyLease > should modify discount rate 0ms
 ✓ src/engines/LeaseEngine.test.ts > LeaseEngine > modifyLease > should extend term and add payments 0ms
 ✓ src/engines/LeaseEngine.test.ts > LeaseEngine > modifyLease > should preserve original lease when no modifications 1ms
 ✓ src/engines/LeaseEngine.test.ts > LeaseEngine > extendLease > should extend lease by additional months 0ms
 ✓ src/engines/LeaseEngine.test.ts > LeaseEngine > extendLease > should use last payment amount for new months 0ms
 ✓ src/engines/LeaseEngine.test.ts > LeaseEngine > terminateLease > should calculate remaining liability at termination 0ms
 ✓ src/engines/LeaseEngine.test.ts > LeaseEngine > terminateLease > should calculate ROU asset removal at termination 0ms
 ✓ src/engines/LeaseEngine.test.ts > LeaseEngine > terminateLease > should include termination fee in gain/loss calculation 0ms
 ✓ src/engines/LeaseEngine.test.ts > LeaseEngine > terminateLease > should return zero for period beyond lease term 0ms
 ✓ src/engines/LeaseEngine.test.ts > LeaseEngine > generateDisclosure > should generate disclosure with all required fields 1ms
 ✓ src/engines/LeaseEngine.test.ts > LeaseEngine > generateDisclosure > should calculate total lease payments correctly 0ms
 ✓ src/engines/LeaseEngine.test.ts > LeaseEngine > generateDisclosure > should report correct remaining term 0ms
 ✓ src/engines/LeaseEngine.test.ts > LeaseEngine > generateDisclosure > should report correct discount rate 0ms
 ✓ src/engines/LeaseEngine.test.ts > LeaseEngine > generateDisclosure > should identify short-term leases 0ms
 ✓ src/engines/LeaseEngine.test.ts > LeaseEngine > generateDisclosure > should use explicit classification when set 0ms
(node:4820) ExperimentalWarning: localStorage is not available because --localstorage-file was not provided.
(Use `node --trace-warnings ...` to show where the warning was created)
 ✓ src/engines/AggregationDesigner.test.ts > AggregationDesigner > define > should create a new aggregation definition 8ms
 ✓ src/engines/AggregationDesigner.test.ts > AggregationDesigner > define > should generate unique IDs 1ms
 ✓ src/engines/AggregationDesigner.test.ts > AggregationDesigner > define > should default aggregation to sum 1ms
 ✓ src/engines/AggregationDesigner.test.ts > AggregationDesigner > define > should support all aggregation types 1ms
 ✓ src/engines/AggregationDesigner.test.ts > AggregationDesigner > getDefinition / listDefinitions > should retrieve a definition by ID 0ms
 ✓ src/engines/AggregationDesigner.test.ts > AggregationDesigner > getDefinition / listDefinitions > should return undefined for non-existent ID 0ms
 ✓ src/engines/AggregationDesigner.test.ts > AggregationDesigner > getDefinition / listDefinitions > should list all definitions 1ms
 ✓ src/engines/AggregationDesigner.test.ts > AggregationDesigner > deleteDefinition > should delete an existing definition 0ms
 ✓ src/engines/AggregationDesigner.test.ts > AggregationDesigner > deleteDefinition > should return false for non-existent ID 0ms
 ✓ src/engines/AggregationDesigner.test.ts > AggregationDesigner > materialize > should return null for non-existent definition 1ms
 ✓ src/engines/AggregationDesigner.test.ts > AggregationDesigner > materialize > should aggregate cells with sum 1ms
 ✓ src/engines/AggregationDesigner.test.ts > AggregationDesigner > materialize > should aggregate cells with avg 0ms
 ✓ src/engines/AggregationDesigner.test.ts > AggregationDesigner > materialize > should aggregate cells with count 0ms
 ✓ src/engines/AggregationDesigner.test.ts > AggregationDesigner > materialize > should aggregate cells with min 0ms
 ✓ src/engines/AggregationDesigner.test.ts > AggregationDesigner > materialize > should aggregate cells with max 0ms
 ✓ src/engines/AggregationDesigner.test.ts > AggregationDesigner > materialize > should skip cells from non-matching cubes 0ms
 ✓ src/engines/AggregationDesigner.test.ts > AggregationDesigner > materialize > should skip cells with non-matching measures 0ms
 ✓ src/engines/AggregationDesigner.test.ts > AggregationDesigner > query > should return null for non-existent definition 0ms
 ✓ src/engines/AggregationDesigner.test.ts > AggregationDesigner > query > should return all cells when no filters applied 0ms
 ✓ src/engines/AggregationDesigner.test.ts > AggregationDesigner > query > should filter cells by dimension value 1ms
 ✓ src/engines/AggregationDesigner.test.ts > AggregationDesigner > query > should return empty cells when definition is not materialized 0ms
 ✓ src/engines/AggregationDesigner.test.ts > AggregationDesigner > query > should track hit counts 0ms
 ✓ src/engines/AggregationDesigner.test.ts > AggregationDesigner > query > should report queryTimeMs >= 0 0ms
 ✓ src/engines/AggregationDesigner.test.ts > AggregationDesigner > refresh > should return false for non-existent definition 0ms
 ✓ src/engines/AggregationDesigner.test.ts > AggregationDesigner > refresh > should re-materialize existing definition 0ms
 ✓ src/engines/AggregationDesigner.test.ts > AggregationDesigner > getStats > should return zero stats when empty 0ms
 ✓ src/engines/AggregationDesigner.test.ts > AggregationDesigner > getStats > should count definitions and materialized 0ms
 ✓ src/engines/AggregationDesigner.test.ts > AggregationDesigner > edge cases > should handle empty cell map 0ms
 ✓ src/engines/AggregationDesigner.test.ts > AggregationDesigner > edge cases > should handle cells with non-numeric values 0ms
 ✓ src/engines/AggregationDesigner.test.ts > AggregationDesigner > edge cases > should handle multiple aggregations on same cube 0ms
(node:4820) ExperimentalWarning: localStorage is not available because --localstorage-file was not provided.
(Use `node --trace-warnings ...` to show where the warning was created)
(node:4820) ExperimentalWarning: localStorage is not available because --localstorage-file was not provided.
(Use `node --trace-warnings ...` to show where the warning was created)
 ✓ src/workers/WorkerPool.test.ts > WorkerPool (alternative implementation) > construction > creates a pool with default maxWorkers 6ms
 ✓ src/workers/WorkerPool.test.ts > WorkerPool (alternative implementation) > construction > creates a pool with specified maxWorkers 1ms
 ✓ src/workers/WorkerPool.test.ts > WorkerPool (alternative implementation) > task execution > dispatches a task to a worker 19ms
 ✓ src/workers/WorkerPool.test.ts > WorkerPool (alternative implementation) > task execution > completes task and receives result via onmessage 17ms
 ✓ src/workers/WorkerPool.test.ts > WorkerPool (alternative implementation) > task execution > handles worker error event 17ms
 ✓ src/workers/WorkerPool.test.ts > WorkerPool (alternative implementation) > task queuing > queues tasks when all workers busy 12ms
 ✓ src/workers/WorkerPool.test.ts > WorkerPool (alternative implementation) > task queuing > dequeues and processes after worker completes 31ms
 ✓ src/workers/WorkerPool.test.ts > WorkerPool (alternative implementation) > batch execution > executes multiple tasks and returns all results 16ms
 ✓ src/workers/WorkerPool.test.ts > WorkerPool (alternative implementation) > cancellation > cancels a queued task 1ms
 ✓ src/workers/WorkerPool.test.ts > WorkerPool (alternative implementation) > cancellation > returns false for unknown task id 0ms
 ✓ src/workers/WorkerPool.test.ts > WorkerPool (alternative implementation) > pool management > generates unique task ids 1ms
 ✓ src/workers/WorkerPool.test.ts > WorkerPool (alternative implementation) > pool management > resizes to more workers 0ms
 ✓ src/workers/WorkerPool.test.ts > WorkerPool (alternative implementation) > pool management > resizes to fewer workers 0ms
 ✓ src/workers/WorkerPool.test.ts > WorkerPool (alternative implementation) > pool management > throws on resize below 1 0ms
 ✓ src/workers/WorkerPool.test.ts > WorkerPool (alternative implementation) > pool management > terminates all workers and clears state 0ms
 ✓ src/workers/WorkerPool.test.ts > WorkerPool (alternative implementation) > stats and status > reports idle state 0ms
 ✓ src/workers/WorkerPool.test.ts > WorkerPool (alternative implementation) > stats and status > reports busy state during task 11ms
 ✓ src/workers/WorkerPool.test.ts > WorkerPool (alternative implementation) > stats and status > tracks completed task count 31ms
 ✓ src/workers/WorkerPool.test.ts > WorkerPool (alternative implementation) > idle detection > returns idle when no tasks 1ms
 ✓ src/workers/WorkerPool.test.ts > WorkerPool (alternative implementation) > idle detection > returns not idle during active task 15ms
 ✓ src/workers/WorkerPool.test.ts > WorkerPool (alternative implementation) > idle detection > returns idle after task completes 32ms
 ✓ src/pages/smoke-banking-bonds-credit-data.test.tsx > Page Smoke Tests — Banking, Bonds, Credit, Data > BankingDashboard > renders without crashing (empty state) 54ms
 × src/pages/smoke-banking-bonds-credit-data.test.tsx > Page Smoke Tests — Banking, Bonds, Credit, Data > BankingDashboard > displays empty state when no GL data 35ms
   → Invalid Chai property: toBeInTheDocument
 ✓ src/pages/smoke-banking-bonds-credit-data.test.tsx > Page Smoke Tests — Banking, Bonds, Credit, Data > BondPortfolioPage > renders without crashing (empty state) 6ms
 × src/pages/smoke-banking-bonds-credit-data.test.tsx > Page Smoke Tests — Banking, Bonds, Credit, Data > BondPortfolioPage > displays empty state when no GL data 7ms
   → Invalid Chai property: toBeInTheDocument
 ✓ src/pages/smoke-banking-bonds-credit-data.test.tsx > Page Smoke Tests — Banking, Bonds, Credit, Data > YieldCurvePage > renders without crashing (empty state) 7ms
 × src/pages/smoke-banking-bonds-credit-data.test.tsx > Page Smoke Tests — Banking, Bonds, Credit, Data > YieldCurvePage > displays empty state when no GL data 7ms
   → Invalid Chai property: toBeInTheDocument
 ✓ src/pages/smoke-banking-bonds-credit-data.test.tsx > Page Smoke Tests — Banking, Bonds, Credit, Data > CreditRiskPage > renders without crashing (empty state) 5ms
 × src/pages/smoke-banking-bonds-credit-data.test.tsx > Page Smoke Tests — Banking, Bonds, Credit, Data > CreditRiskPage > displays empty state when no GL data 4ms
   → Invalid Chai property: toBeInTheDocument
 ✓ src/pages/smoke-banking-bonds-credit-data.test.tsx > Page Smoke Tests — Banking, Bonds, Credit, Data > GLExplorerPage > renders without crashing (empty state) 5ms
 × src/pages/smoke-banking-bonds-credit-data.test.tsx > Page Smoke Tests — Banking, Bonds, Credit, Data > GLExplorerPage > displays empty state when no GL data 5ms
   → Invalid Chai property: toBeInTheDocument
(node:4820) ExperimentalWarning: localStorage is not available because --localstorage-file was not provided.
(Use `node --trace-warnings ...` to show where the warning was created)
 ✓ src/engines/RollingForecastEngine.test.ts > RollingForecastEngine > Configuration > should configure a forecast with defaults 3ms
 ✓ src/engines/RollingForecastEngine.test.ts > RollingForecastEngine > Configuration > should configure with custom values 1ms
 ✓ src/engines/RollingForecastEngine.test.ts > RollingForecastEngine > Configuration > should get config 0ms
 ✓ src/engines/RollingForecastEngine.test.ts > RollingForecastEngine > Configuration > should get state 0ms
 ✓ src/engines/RollingForecastEngine.test.ts > RollingForecastEngine > Configuration > should return undefined for non-existent config 0ms
 ✓ src/engines/RollingForecastEngine.test.ts > RollingForecastEngine > Roll Forward > should roll forward with actuals 1ms
 ✓ src/engines/RollingForecastEngine.test.ts > RollingForecastEngine > Roll Forward > should throw when forecast not configured 1ms
 ✓ src/engines/RollingForecastEngine.test.ts > RollingForecastEngine > Roll Forward > should update state after roll 1ms
 ✓ src/engines/RollingForecastEngine.test.ts > RollingForecastEngine > Blend Methods > should blend with weighted method 1ms
 ✓ src/engines/RollingForecastEngine.test.ts > RollingForecastEngine > Blend Methods > should blend with full-replace method 0ms
 ✓ src/engines/RollingForecastEngine.test.ts > RollingForecastEngine > Confidence > should calculate decreasing confidence for forecast periods 1ms
 ✓ src/engines/RollingForecastEngine.test.ts > RollingForecastEngine > Should Roll > should return true when no roll has happened 0ms
 ✓ src/engines/RollingForecastEngine.test.ts > RollingForecastEngine > Should Roll > should return false when far from window end 0ms
 ✓ src/engines/RollingForecastEngine.test.ts > RollingForecastEngine > Actualized Boundary > should return null before any roll 0ms
 ✓ src/engines/RollingForecastEngine.test.ts > RollingForecastEngine > Actualized Boundary > should return boundary after roll 0ms
 ✓ src/engines/RollingForecastEngine.test.ts > RollingForecastEngine > Forecast from Drivers > should generate forecast from driver values 0ms
 ✓ src/engines/RollingForecastEngine.test.ts > RollingForecastEngine > Forecast from Drivers > should handle missing driver values 0ms
 ✓ src/engines/RollingForecastEngine.test.ts > RollingForecastEngine > Export/Import > should export and import state 1ms
 ✓ src/engines/RollingForecastEngine.test.ts > RollingForecastEngine > Reset > should reset all state 0ms
(node:4820) ExperimentalWarning: localStorage is not available because --localstorage-file was not provided.
(Use `node --trace-warnings ...` to show where the warning was created)
(node:4820) ExperimentalWarning: localStorage is not available because --localstorage-file was not provided.
(Use `node --trace-warnings ...` to show where the warning was created)
 × src/components/dashboard/TrafficLightIndicator.test.tsx > TrafficLightIndicator > renders without crashing 66ms
   → Invalid Chai property: toBeInTheDocument
 × src/components/dashboard/TrafficLightIndicator.test.tsx > TrafficLightIndicator > renders the label 8ms
   → Invalid Chai property: toBeInTheDocument
 × src/components/dashboard/TrafficLightIndicator.test.tsx > TrafficLightIndicator > renders the formatted value 7ms
   → Invalid Chai property: toBeInTheDocument
 × src/components/dashboard/TrafficLightIndicator.test.tsx > TrafficLightIndicator > renders the status dot 10ms
   → Invalid Chai property: toBeInTheDocument
 × src/components/dashboard/TrafficLightIndicator.test.tsx > TrafficLightIndicator > Status Colors > applies green styles for green status 7ms
   → Invalid Chai property: toBeInTheDocument
 × src/components/dashboard/TrafficLightIndicator.test.tsx > TrafficLightIndicator > Status Colors > applies yellow styles for yellow status 5ms
   → Invalid Chai property: toBeInTheDocument
 × src/components/dashboard/TrafficLightIndicator.test.tsx > TrafficLightIndicator > Status Colors > applies red styles for red status 4ms
   → Invalid Chai property: toBeInTheDocument
 × src/components/dashboard/TrafficLightIndicator.test.tsx > TrafficLightIndicator > Status Colors > applies gray styles for gray status 7ms
   → Invalid Chai property: toBeInTheDocument
 × src/components/dashboard/TrafficLightIndicator.test.tsx > TrafficLightIndicator > Value Formatting > formats as number by default 6ms
   → Invalid Chai property: toBeInTheDocument
 × src/components/dashboard/TrafficLightIndicator.test.tsx > TrafficLightIndicator > Value Formatting > formats as currency 7ms
   → Invalid Chai property: toBeInTheDocument
 × src/components/dashboard/TrafficLightIndicator.test.tsx > TrafficLightIndicator > Value Formatting > formats as percent 4ms
   → Invalid Chai property: toBeInTheDocument
 × src/components/dashboard/TrafficLightIndicator.test.tsx > TrafficLightIndicator > Value Formatting > formats as compact 4ms
   → Invalid Chai property: toBeInTheDocument
 × src/components/dashboard/TrafficLightIndicator.test.tsx > TrafficLightIndicator > Description > renders description when provided 5ms
   → Invalid Chai property: toBeInTheDocument
 × src/components/dashboard/TrafficLightIndicator.test.tsx > TrafficLightIndicator > Description > does not render description when not provided 5ms
   → Invalid Chai property: toBeInTheDocument
 ✓ src/components/dashboard/TrafficLightIndicator.test.tsx > TrafficLightIndicator > Props > applies custom className 3ms
 × src/components/dashboard/TrafficLightIndicator.test.tsx > TrafficLightBatch > renders without crashing 8ms
   → Invalid Chai property: toBeInTheDocument
 × src/components/dashboard/TrafficLightIndicator.test.tsx > TrafficLightBatch > renders all items 8ms
   → Invalid Chai property: toBeInTheDocument
 ✓ src/components/dashboard/TrafficLightIndicator.test.tsx > TrafficLightBatch > assigns green status to values above green threshold 8ms
 ✓ src/components/dashboard/TrafficLightIndicator.test.tsx > TrafficLightBatch > assigns yellow status to values between yellow and green thresholds 5ms
 ✓ src/components/dashboard/TrafficLightIndicator.test.tsx > TrafficLightBatch > assigns red status to values below yellow threshold 3ms
 ✓ src/components/dashboard/TrafficLightIndicator.test.tsx > TrafficLightBatch > Direction: lower-is-better > assigns green status to values below green max 3ms
 ✓ src/components/dashboard/TrafficLightIndicator.test.tsx > TrafficLightBatch > Direction: lower-is-better > assigns yellow status to values between green max and yellow max 3ms
 ✓ src/components/dashboard/TrafficLightIndicator.test.tsx > TrafficLightBatch > Direction: lower-is-better > assigns red status to values above yellow max 3ms
 ✓ src/components/dashboard/TrafficLightIndicator.test.tsx > TrafficLightBatch > Props > applies custom className 4ms
 ✓ src/components/dashboard/TrafficLightIndicator.test.tsx > TrafficLightBatch > Props > defaults to higher-is-better direction 3ms
 × src/components/dashboard/TrafficLightIndicator.test.tsx > TrafficLightBatch > Edge Cases > handles empty items array 2ms
   → Invalid Chai property: toBeInTheDocument
 ✓ src/components/dashboard/TrafficLightIndicator.test.tsx > TrafficLightBatch > Edge Cases > renders correct number of indicators 6ms
(node:4820) ExperimentalWarning: localStorage is not available because --localstorage-file was not provided.
(Use `node --trace-warnings ...` to show where the warning was created)
 ✓ src/utils/localeFormatting.test.ts > formatNumber > should format number with default en locale 4ms
 ✓ src/utils/localeFormatting.test.ts > formatNumber > should format zero 1ms
 ✓ src/utils/localeFormatting.test.ts > formatNumber > should format negative numbers 1ms
 ✓ src/utils/localeFormatting.test.ts > formatNumber > should format with custom options 1ms
 ✓ src/utils/localeFormatting.test.ts > formatNumber > should format with different locales 1ms
 ✓ src/utils/localeFormatting.test.ts > formatNumber > should handle all supported locales without throwing 3ms
 ✓ src/utils/localeFormatting.test.ts > formatNumber > should format very large numbers 0ms
 ✓ src/utils/localeFormatting.test.ts > formatNumber > should format very small decimals 0ms
 ✓ src/utils/localeFormatting.test.ts > formatCurrency > should format USD currency 1ms
 ✓ src/utils/localeFormatting.test.ts > formatCurrency > should format EUR currency 1ms
 ✓ src/utils/localeFormatting.test.ts > formatCurrency > should format zero currency 0ms
 ✓ src/utils/localeFormatting.test.ts > formatCurrency > should format negative currency 0ms
 ✓ src/utils/localeFormatting.test.ts > formatCurrency > should always show 2 decimal places 0ms
 ✓ src/utils/localeFormatting.test.ts > formatCurrency > should format JPY currency 0ms
 ✓ src/utils/localeFormatting.test.ts > formatCurrency > should handle all supported locales for currency 2ms
 ✓ src/utils/localeFormatting.test.ts > formatPercent > should format percentage with default 1 decimal 1ms
 ✓ src/utils/localeFormatting.test.ts > formatPercent > should format zero percent 0ms
 ✓ src/utils/localeFormatting.test.ts > formatPercent > should format 100 percent 0ms
 ✓ src/utils/localeFormatting.test.ts > formatPercent > should divide by 100 (value is already in percentage form) 0ms
 ✓ src/utils/localeFormatting.test.ts > formatPercent > should respect custom decimal places 0ms
 ✓ src/utils/localeFormatting.test.ts > formatPercent > should handle negative percentages 0ms
 ✓ src/utils/localeFormatting.test.ts > formatDate > should format Date object 1ms
 ✓ src/utils/localeFormatting.test.ts > formatDate > should format date string 1ms
 ✓ src/utils/localeFormatting.test.ts > formatDate > should format with different styles 1ms
 ✓ src/utils/localeFormatting.test.ts > formatDate > should format with different locales 1ms
 ✓ src/utils/localeFormatting.test.ts > formatDate > should handle ISO date strings 0ms
 ✓ src/utils/localeFormatting.test.ts > formatDateTime > should format Date object with time 0ms
 ✓ src/utils/localeFormatting.test.ts > formatDateTime > should format date string with time 0ms
 ✓ src/utils/localeFormatting.test.ts > formatDateTime > should format with different locales 2ms
 ✓ src/utils/localeFormatting.test.ts > formatCompactNumber > should format thousands 1ms
 ✓ src/utils/localeFormatting.test.ts > formatCompactNumber > should format millions 0ms
 ✓ src/utils/localeFormatting.test.ts > formatCompactNumber > should format billions 0ms
 ✓ src/utils/localeFormatting.test.ts > formatCompactNumber > should format small numbers without suffix 0ms
 ✓ src/utils/localeFormatting.test.ts > formatCompactNumber > should format zero 0ms
 ✓ src/utils/localeFormatting.test.ts > formatCompactNumber > should format negative numbers compactly 0ms
 ✓ src/utils/localeFormatting.test.ts > isRTL > should return true for Arabic 0ms
 ✓ src/utils/localeFormatting.test.ts > isRTL > should return false for English 0ms
 ✓ src/utils/localeFormatting.test.ts > isRTL > should return false for all non-RTL locales 1ms
 ✓ src/utils/localeFormatting.test.ts > getLocaleDirection > should return rtl for Arabic 0ms
 ✓ src/utils/localeFormatting.test.ts > getLocaleDirection > should return ltr for English 0ms
 ✓ src/utils/localeFormatting.test.ts > getLocaleDirection > should return ltr for all non-RTL locales 0ms
 ✓ src/utils/localeFormatting.test.ts > getCurrencySymbol > should return $ for USD 2ms
 ✓ src/utils/localeFormatting.test.ts > getCurrencySymbol > should return EUR symbol for EUR in en locale 0ms
 ✓ src/utils/localeFormatting.test.ts > getCurrencySymbol > should return currency code as fallback for unknown currency 1ms
 ✓ src/utils/localeFormatting.test.ts > getCurrencySymbol > should return JPY symbol 0ms
 ✓ src/utils/localeFormatting.test.ts > getCurrencySymbol > should handle all supported locales 2ms
 ✓ src/pages/smoke-retail-saas.test.tsx > Retail pages smoke tests > InventoryDashboard > renders without crashing 55ms
 ✓ src/pages/smoke-retail-saas.test.tsx > Retail pages smoke tests > InventoryDashboard > shows empty state with no data 35ms
 ✓ src/pages/smoke-retail-saas.test.tsx > Retail pages smoke tests > InventoryPlanningPage > renders without crashing 8ms
 ✓ src/pages/smoke-retail-saas.test.tsx > Retail pages smoke tests > InventoryPlanningPage > shows empty state with no data 8ms
 ✓ src/pages/smoke-retail-saas.test.tsx > Retail pages smoke tests > PromoAnalysisPage > renders without crashing 59ms
 ✓ src/pages/smoke-retail-saas.test.tsx > Retail pages smoke tests > PromoAnalysisPage > displays page heading 51ms
 ✓ src/pages/smoke-retail-saas.test.tsx > Retail pages smoke tests > RetailDashboard > renders without crashing 7ms
 ✓ src/pages/smoke-retail-saas.test.tsx > Retail pages smoke tests > RetailDashboard > shows empty state with no data 6ms
 ✓ src/pages/smoke-retail-saas.test.tsx > Retail pages smoke tests > StoreDashboardPage > renders without crashing 6ms
 ✓ src/pages/smoke-retail-saas.test.tsx > Retail pages smoke tests > StoreDashboardPage > shows empty state with no data 6ms
 ✓ src/pages/smoke-retail-saas.test.tsx > SaaS pages smoke tests > ARRDashboard > renders without crashing 7ms
 ✓ src/pages/smoke-retail-saas.test.tsx > SaaS pages smoke tests > ARRDashboard > shows empty state with no SaaS data 5ms
 ✓ src/pages/smoke-retail-saas.test.tsx > SaaS pages smoke tests > ChurnAnalysisPage > renders without crashing 6ms
 ✓ src/pages/smoke-retail-saas.test.tsx > SaaS pages smoke tests > ChurnAnalysisPage > shows empty state with no data 5ms
 ✓ src/pages/smoke-retail-saas.test.tsx > SaaS pages smoke tests > ChurnDashboard > renders without crashing 6ms
 ✓ src/pages/smoke-retail-saas.test.tsx > SaaS pages smoke tests > ChurnDashboard > shows empty state with no data 3ms
 ✓ src/pages/smoke-retail-saas.test.tsx > SaaS pages smoke tests > CohortAnalysisPage > renders without crashing 3ms
 ✓ src/pages/smoke-retail-saas.test.tsx > SaaS pages smoke tests > CohortAnalysisPage > shows empty state with no data 5ms
(node:4820) ExperimentalWarning: localStorage is not available because --localstorage-file was not provided.
(Use `node --trace-warnings ...` to show where the warning was created)
 ✓ src/engines/MDXEngine.test.ts > parseMDX > should parse a basic SELECT with FROM clause 6ms
 ✓ src/engines/MDXEngine.test.ts > parseMDX > should parse multi-axis query (rows and columns) 1ms
 ✓ src/engines/MDXEngine.test.ts > parseMDX > should parse NON EMPTY modifier 0ms
 ✓ src/engines/MDXEngine.test.ts > parseMDX > should default nonEmpty to false when not specified 0ms
 ✓ src/engines/MDXEngine.test.ts > parseMDX > should parse WHERE (slicer) clause 0ms
 ✓ src/engines/MDXEngine.test.ts > parseMDX > should return empty slicer when no WHERE clause 0ms
 ✓ src/engines/MDXEngine.test.ts > parseMDX > should parse calculated members 1ms
 ✓ src/engines/MDXEngine.test.ts > parseMDX > should parse ORDER BY clause 0ms
 ✓ src/engines/MDXEngine.test.ts > parseMDX > should parse ORDER BY DESC 0ms
 ✓ src/engines/MDXEngine.test.ts > parseMDX > should throw when FROM clause is missing 1ms
 ✓ src/engines/MDXEngine.test.ts > parseMDX > should handle .ALL members 0ms
 ✓ src/engines/MDXEngine.test.ts > parseMDX > should normalize whitespace 0ms
 ✓ src/engines/MDXEngine.test.ts > parseMDX > should handle multiple members on one axis 1ms
 ✓ src/engines/MDXEngine.test.ts > MDXEngine > should execute a simple MDX query 4ms
 ✓ src/engines/MDXEngine.test.ts > MDXEngine > should evaluate a parsed MDXQuery 1ms
 ✓ src/engines/MDXEngine.test.ts > MDXEngine > should filter cells by slicer (WHERE clause) 0ms
 ✓ src/engines/MDXEngine.test.ts > MDXEngine > should filter out null cells when NON EMPTY is used 1ms
 ✓ src/engines/MDXEngine.test.ts > MDXEngine > should build axis results with tuples 0ms
 ✓ src/engines/MDXEngine.test.ts > MDXEngine > should sort tuples when ORDER BY is specified 1ms
 ✓ src/engines/MDXEngine.test.ts > MDXEngine > should sort tuples DESC 0ms
 ✓ src/engines/MDXEngine.test.ts > MDXEngine > should still parse query for non-existent cube (no cube-level filtering) 0ms
 ✓ src/engines/MDXEngine.test.ts > MDXEngine > should return empty warnings by default 0ms
 ✓ src/engines/MDXEngine.test.ts > MDXEngine > should deduplicate tuples 0ms
 ✓ src/engines/MDXEngine.test.ts > formatMDXResult > should format axes with tuples 1ms
 ✓ src/engines/MDXEngine.test.ts > formatMDXResult > should include warnings when present 0ms
 ✓ src/engines/MDXEngine.test.ts > formatMDXResult > should not include warnings section when empty 0ms
(node:4820) ExperimentalWarning: localStorage is not available because --localstorage-file was not provided.
(Use `node --trace-warnings ...` to show where the warning was created)
 ✓ src/pages/smoke-5-untested-pages.test.tsx > Page Smoke Tests — 5 Untested Pages > ProjectCostingPage > renders without crashing 68ms
 × src/pages/smoke-5-untested-pages.test.tsx > Page Smoke Tests — 5 Untested Pages > ProjectCostingPage > displays the page heading 49ms
   → Invalid Chai property: toBeInTheDocument
 ✓ src/pages/smoke-5-untested-pages.test.tsx > Page Smoke Tests — 5 Untested Pages > HedgeManagementPage > renders without crashing 8ms
 × src/pages/smoke-5-untested-pages.test.tsx > Page Smoke Tests — 5 Untested Pages > HedgeManagementPage > displays the empty state heading 7ms
   → Invalid Chai property: toBeInTheDocument
 ✓ src/pages/smoke-5-untested-pages.test.tsx > Page Smoke Tests — 5 Untested Pages > TranslationResultPage > renders without crashing 6ms
 × src/pages/smoke-5-untested-pages.test.tsx > Page Smoke Tests — 5 Untested Pages > TranslationResultPage > displays the empty state heading 7ms
   → Invalid Chai property: toBeInTheDocument
 ✓ src/pages/smoke-5-untested-pages.test.tsx > Page Smoke Tests — 5 Untested Pages > ChartOfAccountsPage > renders without crashing 11ms
 × src/pages/smoke-5-untested-pages.test.tsx > Page Smoke Tests — 5 Untested Pages > ChartOfAccountsPage > displays the page heading 10ms
   → Invalid Chai property: toBeInTheDocument
 ✓ src/pages/smoke-5-untested-pages.test.tsx > Page Smoke Tests — 5 Untested Pages > GLAccountAnalysisPage > renders without crashing 8ms
 × src/pages/smoke-5-untested-pages.test.tsx > Page Smoke Tests — 5 Untested Pages > GLAccountAnalysisPage > displays the empty state heading 7ms
   → Invalid Chai property: toBeInTheDocument
(node:4820) ExperimentalWarning: localStorage is not available because --localstorage-file was not provided.
(Use `node --trace-warnings ...` to show where the warning was created)
 ✓ src/store/glStore.cube.test.ts > glStore ↔ CubeEngine integration > addEntry → cube sync > should write entries to CubeEngine when synced 7ms
 ✓ src/store/glStore.cube.test.ts > glStore ↔ CubeEngine integration > addEntry → cube sync > should write multiple entries as array 3ms
 ✓ src/store/glStore.cube.test.ts > glStore ↔ CubeEngine integration > addEntry → cube sync > should not throw when CubeEngine is not initialized 2ms
 ✓ src/store/glStore.cube.test.ts > glStore ↔ CubeEngine integration > addEntry → cube sync > should preserve glStore entries array 1ms
 ✓ src/store/glStore.cube.test.ts > glStore ↔ CubeEngine integration > setAccounts → cube dimension sync > should register accounts as cube dimension members 1ms
 ✓ src/store/glStore.cube.test.ts > glStore ↔ CubeEngine integration > setAccounts → cube dimension sync > should not throw when CubeEngine is not initialized 1ms
 ✓ src/store/glStore.cube.test.ts > glStore ↔ CubeEngine integration > generateTrialBalance > should compute trial balance from entries 2ms
 ✓ src/store/glStore.cube.test.ts > glStore ↔ CubeEngine integration > analyzeAccount > should compute monthly totals for an account 8ms
 ✓ src/store/glStore.cube.test.ts > glStore ↔ CubeEngine integration > syncToCube > should sync all entries to CubeEngine 3ms
 ✓ src/store/glStore.cube.test.ts > glStore ↔ CubeEngine integration > syncToCube > should not throw when CubeEngine is not initialized 1ms
 ✓ src/store/glStore.cube.test.ts > glStore ↔ CubeEngine integration > syncFromCube > should update trialBalance from cube query 2ms
 ✓ src/store/glStore.cube.test.ts > glStore ↔ CubeEngine integration > syncFromCube > should not throw when CubeEngine is not initialized 1ms
 ✓ src/store/glStore.cube.test.ts > glStore ↔ CubeEngine integration > getCubeState > should return cube state when initialized 1ms
 ✓ src/store/glStore.cube.test.ts > glStore ↔ CubeEngine integration > getCubeState > should return cube state when not initialized 0ms
 ✓ src/store/glStore.cube.test.ts > glStore ↔ CubeEngine integration > existing glStore actions still work > setEntries should update entries 1ms
 ✓ src/store/glStore.cube.test.ts > glStore ↔ CubeEngine integration > existing glStore actions still work > clearData should reset entries and trialBalance 1ms
 ✓ src/store/glStore.cube.test.ts > glStore ↔ CubeEngine integration > existing glStore actions still work > checkDuplicates should detect duplicates 1ms
 ✓ src/store/glStore.cube.test.ts > glStore ↔ CubeEngine integration > existing glStore actions still work > undoLastImport should remove last imported entries 1ms
(node:4820) ExperimentalWarning: localStorage is not available because --localstorage-file was not provided.
(Use `node --trace-warnings ...` to show where the warning was created)
 ✓ src/utils/__tests__/validation.test.ts > validation > type guards > isNonEmptyString 3ms
 ✓ src/utils/__tests__/validation.test.ts > validation > type guards > isFiniteNumber 1ms
 ✓ src/utils/__tests__/validation.test.ts > validation > type guards > isPositiveNumber 1ms
 ✓ src/utils/__tests__/validation.test.ts > validation > type guards > isNonNegativeNumber 1ms
 ✓ src/utils/__tests__/validation.test.ts > validation > type guards > isPercentage 1ms
 ✓ src/utils/__tests__/validation.test.ts > validation > type guards > isValidDate 0ms
 ✓ src/utils/__tests__/validation.test.ts > validation > type guards > isValidCurrency 1ms
 ✓ src/utils/__tests__/validation.test.ts > validation > type guards > isValidAccountCode 1ms
 ✓ src/utils/__tests__/validation.test.ts > validation > type guards > isValidPeriod 1ms
 ✓ src/utils/__tests__/validation.test.ts > validation > type guards > isNonEmptyArray 0ms
 ✓ src/utils/__tests__/validation.test.ts > validation > ValidationResult helpers > createValidationResult returns valid 1ms
 ✓ src/utils/__tests__/validation.test.ts > validation > ValidationResult helpers > addError marks invalid and adds message 0ms
 ✓ src/utils/__tests__/validation.test.ts > validation > ValidationResult helpers > addWarning adds warning 0ms
 ✓ src/utils/__tests__/validation.test.ts > validation > validateFinancialNumber > validates number 0ms
 ✓ src/utils/__tests__/validation.test.ts > validation > validateFinancialNumber > rejects non-numbers 0ms
 ✓ src/utils/__tests__/validation.test.ts > validation > validateFinancialNumber > rejects zero when not allowed 0ms
 ✓ src/utils/__tests__/validation.test.ts > validation > validateFinancialNumber > rejects negative when not allowed 0ms
 ✓ src/utils/__tests__/validation.test.ts > validation > validateFinancialNumber > enforces min/max bounds 0ms
 ✓ src/utils/__tests__/validation.test.ts > validation > validatePercentage > validates valid percentage 0ms
 ✓ src/utils/__tests__/validation.test.ts > validation > validatePercentage > rejects out of range 0ms
 ✓ src/utils/__tests__/validation.test.ts > validation > validateOwnershipPercentage > validates valid percentage 0ms
 ✓ src/utils/__tests__/validation.test.ts > validation > validateOwnershipPercentage > rejects out of range 0ms
 ✓ src/utils/__tests__/validation.test.ts > validation > validateDateRange > validates valid range 0ms
 ✓ src/utils/__tests__/validation.test.ts > validation > validateDateRange > rejects inverted dates 0ms
 ✓ src/utils/__tests__/validation.test.ts > validation > validateDateRange > rejects invalid dates 0ms
 ✓ src/utils/__tests__/validation.test.ts > validation > validateEntity > validates valid entity 0ms
 ✓ src/utils/__tests__/validation.test.ts > validation > validateEntity > rejects invalid entity 0ms
 ✓ src/utils/__tests__/validation.test.ts > validation > validateGLEntry > validates valid GL entry 0ms
 ✓ src/utils/__tests__/validation.test.ts > validation > validateGLEntry > rejects entry with both negative 0ms
 ✓ src/utils/__tests__/validation.test.ts > validation > validateAllocationRule > validates valid allocation rule 0ms
 ✓ src/utils/__tests__/validation.test.ts > validation > validateAllocationRule > rejects percentages not summing to 100 0ms
 ✓ src/utils/__tests__/validation.test.ts > validation > validateOwnershipStructure > validates valid structure 0ms
 ✓ src/utils/__tests__/validation.test.ts > validation > validateOwnershipStructure > rejects same parent and child 0ms
 ✓ src/utils/__tests__/validation.test.ts > validation > validateScenarioDriver > validates valid driver 0ms
 ✓ src/utils/__tests__/validation.test.ts > validation > validateScenarioDriver > rejects invalid type 0ms
 ✓ src/utils/__tests__/validation.test.ts > validation > validateBudget > validates valid budget 0ms
 ✓ src/utils/__tests__/validation.test.ts > validation > validateBudget > rejects long name 0ms
 ✓ src/utils/__tests__/validation.test.ts > validation > validateForecast > validates valid forecast 0ms
 ✓ src/utils/__tests__/validation.test.ts > validation > validateMonteCarloConfig > validates valid config 0ms
 ✓ src/utils/__tests__/validation.test.ts > validation > validateMonteCarloConfig > warns on many iterations 1ms
 ✓ src/utils/__tests__/validation.test.ts > validation > validateBatch > aggregates results 0ms
 ✓ src/utils/__tests__/validation.test.ts > validation > validateRequired > accepts present value 0ms
 ✓ src/utils/__tests__/validation.test.ts > validation > validateRequired > rejects null 0ms
 ✓ src/utils/__tests__/validation.test.ts > validation > validateRequired > rejects empty string 0ms
 ✓ src/utils/__tests__/validation.test.ts > validation > validateNonEmptyArray > validates non-empty array 1ms
 ✓ src/utils/__tests__/validation.test.ts > validation > validateNonEmptyArray > rejects empty array 0ms
 ✓ src/utils/__tests__/validation.test.ts > validation > validateNonEmptyArray > rejects non-array 0ms
(node:4820) ExperimentalWarning: localStorage is not available because --localstorage-file was not provided.
(Use `node --trace-warnings ...` to show where the warning was created)
(node:4820) ExperimentalWarning: localStorage is not available because --localstorage-file was not provided.
(Use `node --trace-warnings ...` to show where the warning was created)
 ✓ src/store/entityStore.test.ts > entityStore > should have correct initial state 6ms
 ✓ src/store/entityStore.test.ts > entityStore > should set entities 5ms
 ✓ src/store/entityStore.test.ts > entityStore > should add an entity with generated id 2ms
 ✓ src/store/entityStore.test.ts > entityStore > should update an existing entity 1ms
 ✓ src/store/entityStore.test.ts > entityStore > should not update if entity not found 1ms
 ✓ src/store/entityStore.test.ts > entityStore > should delete an entity 1ms
 ✓ src/store/entityStore.test.ts > entityStore > should delete entity and its descendants 1ms
 ✓ src/store/entityStore.test.ts > entityStore > should clear selectedEntityId if deleted entity was selected 1ms
 ✓ src/store/entityStore.test.ts > entityStore > should set selected entity 1ms
 ✓ src/store/entityStore.test.ts > entityStore > should get selected entity 1ms
 ✓ src/store/entityStore.test.ts > entityStore > should return null when no entity is selected 0ms
 ✓ src/store/entityStore.test.ts > entityStore > should return null when selected entity does not exist 0ms
 ✓ src/store/entityStore.test.ts > entityStore > should return child entities 1ms
 ✓ src/store/entityStore.test.ts > entityStore > should return empty array when no children 0ms
 ✓ src/store/entityStore.test.ts > entityStore > should return parent entity 0ms
 ✓ src/store/entityStore.test.ts > entityStore > should return null for root entity 0ms
 ✓ src/store/entityStore.test.ts > entityStore > should return full entity tree from root 1ms
 ✓ src/store/entityStore.test.ts > entityStore > should return subtree from specified root 1ms
 ✓ src/store/entityStore.test.ts > entityStore > should sync to cache 3ms
 ✓ src/store/entityStore.test.ts > entityStore > should load from cache 1ms
 ✓ src/store/entityStore.test.ts > entityStore > should return false when cache is empty 1ms
 ✓ src/store/entityStore.test.ts > entityStore > should clear cache 1ms
 ✓ src/store/entityStore.test.ts > entityStore > should set error 1ms
 ✓ src/store/entityStore.test.ts > entityStore > should clear error 1ms
 ✓ src/store/entityStore.test.ts > entityStore > should set loading state 1ms
 ✓ src/services/api-integration/RestApiClient.test.ts > RestApiClient > construction > should create client with default options 4ms
 ✓ src/services/api-integration/RestApiClient.test.ts > RestApiClient > construction > should create client with custom options 1ms
 ✓ src/services/api-integration/RestApiClient.test.ts > RestApiClient > auth headers > should inject bearer token 2ms
 ✓ src/services/api-integration/RestApiClient.test.ts > RestApiClient > auth headers > should inject API key header 1ms
 ✓ src/services/api-integration/RestApiClient.test.ts > RestApiClient > auth headers > should inject basic auth header 1ms
 ✓ src/services/api-integration/RestApiClient.test.ts > RestApiClient > auth headers > should inject OAuth2 token 1ms
 ✓ src/services/api-integration/RestApiClient.test.ts > RestApiClient > convenience methods > should make GET request 1ms
 ✓ src/services/api-integration/RestApiClient.test.ts > RestApiClient > convenience methods > should make POST request 1ms
 ✓ src/services/api-integration/RestApiClient.test.ts > RestApiClient > convenience methods > should make PUT request 0ms
 ✓ src/services/api-integration/RestApiClient.test.ts > RestApiClient > convenience methods > should make PATCH request 1ms
 ✓ src/services/api-integration/RestApiClient.test.ts > RestApiClient > convenience methods > should make DELETE request 0ms
 ✓ src/services/api-integration/RestApiClient.test.ts > RestApiClient > error handling > should throw ApiError on HTTP error 3ms
(node:4820) ExperimentalWarning: localStorage is not available because --localstorage-file was not provided.
(Use `node --trace-warnings ...` to show where the warning was created)
 ✓ src/engines/CubeMigrationEngine.test.ts > CubeMigrationEngine > migrateFromCSV > should import valid CSV data 3ms
 ✓ src/engines/CubeMigrationEngine.test.ts > CubeMigrationEngine > migrateFromCSV > should fail when CSV has no data rows 1ms
 ✓ src/engines/CubeMigrationEngine.test.ts > CubeMigrationEngine > migrateFromCSV > should report row column mismatch errors 1ms
 ✓ src/engines/CubeMigrationEngine.test.ts > CubeMigrationEngine > migrateFromCSV > should handle custom delimiter 0ms
 ✓ src/engines/CubeMigrationEngine.test.ts > CubeMigrationEngine > migrateFromCSV > should warn on non-numeric measure values 0ms
 ✓ src/engines/CubeMigrationEngine.test.ts > CubeMigrationEngine > migrateFromCSV > should strip quotes from values 0ms
 ✓ src/engines/CubeMigrationEngine.test.ts > CubeMigrationEngine > migrateFromCSV > should skip unmapped columns 0ms
 ✓ src/engines/CubeMigrationEngine.test.ts > CubeMigrationEngine > migrateFromCSV > should report durationMs >= 0 0ms
 ✓ src/engines/CubeMigrationEngine.test.ts > CubeMigrationEngine > migrateFromJSON > should import valid JSON array 0ms
 ✓ src/engines/CubeMigrationEngine.test.ts > CubeMigrationEngine > migrateFromJSON > should fail on invalid JSON 0ms
 ✓ src/engines/CubeMigrationEngine.test.ts > CubeMigrationEngine > migrateFromJSON > should fail when JSON is not an array 0ms
 ✓ src/engines/CubeMigrationEngine.test.ts > CubeMigrationEngine > migrateFromJSON > should handle empty array 0ms
 ✓ src/engines/CubeMigrationEngine.test.ts > CubeMigrationEngine > migrateFromJSON > should skip non-string dimension values 0ms
 ✓ src/engines/CubeMigrationEngine.test.ts > CubeMigrationEngine > migrateFromJSON > should skip non-number measure values 0ms
 ✓ src/engines/CubeMigrationEngine.test.ts > CubeMigrationEngine > migrateFromEssbase > should parse Essbase-style data 0ms
 ✓ src/engines/CubeMigrationEngine.test.ts > CubeMigrationEngine > migrateFromEssbase > should skip comment lines 0ms
 ✓ src/engines/CubeMigrationEngine.test.ts > CubeMigrationEngine > migrateFromEssbase > should handle empty data 0ms
 ✓ src/engines/CubeMigrationEngine.test.ts > CubeMigrationEngine > migrateFromTM1 > should parse TM1-style data 0ms
 ✓ src/engines/CubeMigrationEngine.test.ts > CubeMigrationEngine > migrateFromTM1 > should skip comment lines but count data lines 0ms
 ✓ src/engines/CubeMigrationEngine.test.ts > CubeMigrationEngine > migrateFromSSAS > should parse tab-delimited SSAS data 0ms
 ✓ src/engines/CubeMigrationEngine.test.ts > CubeMigrationEngine > migrateFromSSAS > should handle empty data 0ms
 ✓ src/engines/CubeMigrationEngine.test.ts > CubeMigrationEngine > migration history > should track migration history 1ms
 ✓ src/engines/CubeMigrationEngine.test.ts > CubeMigrationEngine > migration history > should return last migration 0ms
 ✓ src/engines/CubeMigrationEngine.test.ts > CubeMigrationEngine > migration history > should clear history 0ms
 ✓ src/engines/CubeMigrationEngine.test.ts > CubeMigrationEngine > migration history > should return undefined when no migrations 0ms
 ✓ src/engines/CubeMigrationEngine.test.ts > CubeMigrationEngine > dimensionsCreated > should list mapped dimension names 0ms
(node:4820) ExperimentalWarning: localStorage is not available because --localstorage-file was not provided.
(Use `node --trace-warnings ...` to show where the warning was created)
(node:4820) ExperimentalWarning: localStorage is not available because --localstorage-file was not provided.
(Use `node --trace-warnings ...` to show where the warning was created)
 ✓ src/pages/smoke-reports-retail-saas-1.test.tsx > Reports pages smoke tests > BudgetVsActualSummary > renders without crashing 37ms
 ✓ src/pages/smoke-reports-retail-saas-1.test.tsx > Reports pages smoke tests > BudgetVsActualSummary > displays summary labels 30ms
 ✓ src/pages/smoke-reports-retail-saas-1.test.tsx > Reports pages smoke tests > BudgetVsActualTable > renders without crashing 6ms
 × src/pages/smoke-reports-retail-saas-1.test.tsx > Reports pages smoke tests > BudgetVsActualTable > renders table headers 9ms
   → Unable to find an element with the text: /Account/i. This could be because the text is broken up by multiple elements. In this case, you can provide a function for your text matcher to make your matcher more flexible.

Ignored nodes: comments, script, style
[36m<body>[39m
  [36m<div>[39m
    [36m<div[39m
      [33mclass[39m=[32m"bg-[var(--bg-surface)] border border-[var(--border-subtle)] rounded-xl p-8 text-center"[39m
    [36m>[39m
      [36m<p[39m
        [33mclass[39m=[32m"text-slate-400 text-sm"[39m
      [36m>[39m
        [0mNo matching variance rows for current filters.[0m
      [36m</p>[39m
    [36m</div>[39m
  [36m</div>[39m
[36m</body>[39m
 ✓ src/pages/smoke-reports-retail-saas-1.test.tsx > Reports pages smoke tests > FinancialStatementTemplatesPage > renders without crashing 14ms
 ✓ src/pages/smoke-reports-retail-saas-1.test.tsx > Reports pages smoke tests > FinancialStatementTemplatesPage > shows empty state with no GL data 4ms
 ✓ src/pages/smoke-reports-retail-saas-1.test.tsx > Reports pages smoke tests > ReportBookBuilderPage > renders without crashing 4ms
 ✓ src/pages/smoke-reports-retail-saas-1.test.tsx > Reports pages smoke tests > ReportBookBuilderPage > shows empty state with no GL data 3ms
 ✓ src/pages/smoke-reports-retail-saas-1.test.tsx > Reports pages smoke tests > ReportSchedulerPage > renders without crashing 3ms
 ✓ src/pages/smoke-reports-retail-saas-1.test.tsx > Reports pages smoke tests > ReportSchedulerPage > shows empty state with no GL data 3ms
 ✓ src/pages/smoke-reports-retail-saas-1.test.tsx > Reports pages smoke tests > ReportTemplateLibraryPage > renders without crashing 2ms
 ✓ src/pages/smoke-reports-retail-saas-1.test.tsx > Reports pages smoke tests > ReportTemplateLibraryPage > renders template library component 4ms
(node:4820) ExperimentalWarning: localStorage is not available because --localstorage-file was not provided.
(Use `node --trace-warnings ...` to show where the warning was created)
 × src/components/dashboard/KPICardEnhanced.test.tsx > KPICardEnhanced > renders without crashing 57ms
   → Invalid Chai property: toBeInTheDocument
 × src/components/dashboard/KPICardEnhanced.test.tsx > KPICardEnhanced > renders the title 9ms
   → Invalid Chai property: toBeInTheDocument
 × src/components/dashboard/KPICardEnhanced.test.tsx > KPICardEnhanced > renders the formatted value as compact currency 6ms
   → Invalid Chai property: toBeInTheDocument
 ✓ src/components/dashboard/KPICardEnhanced.test.tsx > KPICardEnhanced > Loading State > renders loading skeleton when loading is true 6ms
 × src/components/dashboard/KPICardEnhanced.test.tsx > KPICardEnhanced > Loading State > does not render the title when loading 4ms
   → Invalid Chai property: toBeInTheDocument
 × src/components/dashboard/KPICardEnhanced.test.tsx > KPICardEnhanced > Loading State > does not render the value when loading 3ms
   → Invalid Chai property: toBeInTheDocument
 × src/components/dashboard/KPICardEnhanced.test.tsx > KPICardEnhanced > Value Formatting > formats as currency 3ms
   → Invalid Chai property: toBeInTheDocument
 × src/components/dashboard/KPICardEnhanced.test.tsx > KPICardEnhanced > Value Formatting > formats as percent 5ms
   → Invalid Chai property: toBeInTheDocument
 × src/components/dashboard/KPICardEnhanced.test.tsx > KPICardEnhanced > Value Formatting > formats as number by default 4ms
   → Invalid Chai property: toBeInTheDocument
 × src/components/dashboard/KPICardEnhanced.test.tsx > KPICardEnhanced > Value Formatting > formats billions in compact mode 4ms
   → Invalid Chai property: toBeInTheDocument
 × src/components/dashboard/KPICardEnhanced.test.tsx > KPICardEnhanced > Value Formatting > formats thousands in compact mode 5ms
   → Invalid Chai property: toBeInTheDocument
 × src/components/dashboard/KPICardEnhanced.test.tsx > KPICardEnhanced > Variance Display > shows favorable variance with up arrow and green styling 8ms
   → Invalid Chai property: toBeInTheDocument
 × src/components/dashboard/KPICardEnhanced.test.tsx > KPICardEnhanced > Variance Display > shows unfavorable variance with down arrow and red styling 5ms
   → Invalid Chai property: toBeInTheDocument
 ✓ src/components/dashboard/KPICardEnhanced.test.tsx > KPICardEnhanced > Variance Display > shows neutral variance with right arrow and gray styling 5ms
 × src/components/dashboard/KPICardEnhanced.test.tsx > KPICardEnhanced > Variance Display > does not render variance badge when variancePercent is undefined 3ms
   → Invalid Chai property: toBeInTheDocument
 × src/components/dashboard/KPICardEnhanced.test.tsx > KPICardEnhanced > Variance Display > shows variance amount with "vs budget" text 6ms
   → Invalid Chai property: toBeInTheDocument
 × src/components/dashboard/KPICardEnhanced.test.tsx > KPICardEnhanced > Prior Year and Budget > shows prior year value when provided 6ms
   → Invalid Chai property: toBeInTheDocument
 × src/components/dashboard/KPICardEnhanced.test.tsx > KPICardEnhanced > Prior Year and Budget > shows budget value when provided 5ms
   → Invalid Chai property: toBeInTheDocument
 × src/components/dashboard/KPICardEnhanced.test.tsx > KPICardEnhanced > Prior Year and Budget > does not show PY/Budget when both are undefined 2ms
   → Invalid Chai property: toBeInTheDocument
 × src/components/dashboard/KPICardEnhanced.test.tsx > KPICardEnhanced > Target Progress > shows target progress bar when target is provided 13ms
   → Invalid Chai property: toBeInTheDocument
 × src/components/dashboard/KPICardEnhanced.test.tsx > KPICardEnhanced > Target Progress > calculates and displays correct progress percentage 9ms
   → Invalid Chai property: toBeInTheDocument
 × src/components/dashboard/KPICardEnhanced.test.tsx > KPICardEnhanced > Target Progress > caps progress at 100% 12ms
   → Invalid Chai property: toBeInTheDocument
 × src/components/dashboard/KPICardEnhanced.test.tsx > KPICardEnhanced > Target Progress > does not show target progress when target is undefined 5ms
   → Invalid Chai property: toBeInTheDocument
 × src/components/dashboard/KPICardEnhanced.test.tsx > KPICardEnhanced > Sparkline > renders sparkline when sparklineData is provided with 2+ points 5ms
   → Invalid Chai property: toBeInTheDocument
 × src/components/dashboard/KPICardEnhanced.test.tsx > KPICardEnhanced > Sparkline > does not render sparkline with fewer than 2 data points 3ms
   → Invalid Chai property: toBeInTheDocument
 ✓ src/components/dashboard/KPICardEnhanced.test.tsx > KPICardEnhanced > Sparkline > uses green sparkline color for favorable variance 4ms
 ✓ src/components/dashboard/KPICardEnhanced.test.tsx > KPICardEnhanced > Sparkline > uses red sparkline color for unfavorable variance 3ms
 ✓ src/components/dashboard/KPICardEnhanced.test.tsx > KPICardEnhanced > Sparkline > uses gray sparkline color for neutral variance 3ms
 ✓ src/components/dashboard/KPICardEnhanced.test.tsx > KPICardEnhanced > Click Behavior > calls onDrillDown when clicked 131ms
 × src/components/dashboard/KPICardEnhanced.test.tsx > KPICardEnhanced > Click Behavior > renders as button when onDrillDown is provided 12ms
   → Invalid Chai property: toBeInTheDocument
 × src/components/dashboard/KPICardEnhanced.test.tsx > KPICardEnhanced > Click Behavior > does not render as button when onDrillDown is not provided 4ms
   → Invalid Chai property: toBeInTheDocument
 ✓ src/components/dashboard/KPICardEnhanced.test.tsx > KPICardEnhanced > Click Behavior > handles Enter key for accessibility 9ms
 ✓ src/components/dashboard/KPICardEnhanced.test.tsx > KPICardEnhanced > Click Behavior > adds hover classes when onDrillDown is provided 3ms
 ✓ src/components/dashboard/KPICardEnhanced.test.tsx > KPICardEnhanced > Props > applies custom className 3ms
(node:4820) ExperimentalWarning: localStorage is not available because --localstorage-file was not provided.
(Use `node --trace-warnings ...` to show where the warning was created)
 ✓ src/plugins/PluginRegistry.test.ts > PluginRegistry > register > registers a plugin 4ms
 ✓ src/plugins/PluginRegistry.test.ts > PluginRegistry > register > throws on duplicate registration 2ms
 ✓ src/plugins/PluginRegistry.test.ts > PluginRegistry > register > emits install event 4ms
 ✓ src/plugins/PluginRegistry.test.ts > PluginRegistry > unregister > removes a plugin 0ms
 ✓ src/plugins/PluginRegistry.test.ts > PluginRegistry > unregister > returns false for unknown id 0ms
 ✓ src/plugins/PluginRegistry.test.ts > PluginRegistry > unregister > deactivates before removing 1ms
 ✓ src/plugins/PluginRegistry.test.ts > PluginRegistry > activate / deactivate > activates a plugin 1ms
 ✓ src/plugins/PluginRegistry.test.ts > PluginRegistry > activate / deactivate > returns true if already active 0ms
 ✓ src/plugins/PluginRegistry.test.ts > PluginRegistry > activate / deactivate > returns false for unknown id 0ms
 ✓ src/plugins/PluginRegistry.test.ts > PluginRegistry > activate / deactivate > checks dependencies before activating 0ms
 ✓ src/plugins/PluginRegistry.test.ts > PluginRegistry > activate / deactivate > fails activation if dependency not active 0ms
 ✓ src/plugins/PluginRegistry.test.ts > PluginRegistry > activate / deactivate > fails activation if conflict is active 0ms
 ✓ src/plugins/PluginRegistry.test.ts > PluginRegistry > activate / deactivate > deactivates a plugin 1ms
 ✓ src/plugins/PluginRegistry.test.ts > PluginRegistry > activate / deactivate > returns false when deactivating non-active plugin 0ms
 ✓ src/plugins/PluginRegistry.test.ts > PluginRegistry > activate / deactivate > fails deactivation if another plugin depends on it 0ms
 ✓ src/plugins/PluginRegistry.test.ts > PluginRegistry > activate / deactivate > handles init throwing 1ms
 ✓ src/plugins/PluginRegistry.test.ts > PluginRegistry > activate / deactivate > emits activate event 0ms
 ✓ src/plugins/PluginRegistry.test.ts > PluginRegistry > activate / deactivate > emits deactivate event 1ms
 ✓ src/plugins/PluginRegistry.test.ts > PluginRegistry > queries > get returns entry 0ms
 ✓ src/plugins/PluginRegistry.test.ts > PluginRegistry > queries > get returns undefined for unknown 0ms
 ✓ src/plugins/PluginRegistry.test.ts > PluginRegistry > queries > list returns all entries 1ms
 ✓ src/plugins/PluginRegistry.test.ts > PluginRegistry > queries > getByType filters by type 0ms
 ✓ src/plugins/PluginRegistry.test.ts > PluginRegistry > queries > getByState filters by state 0ms
 ✓ src/plugins/PluginRegistry.test.ts > PluginRegistry > queries > has returns boolean 0ms
 ✓ src/plugins/PluginRegistry.test.ts > PluginRegistry > queries > hasPermission checks permission 0ms
 ✓ src/plugins/PluginRegistry.test.ts > PluginRegistry > queries > size returns count 0ms
 ✓ src/plugins/PluginRegistry.test.ts > PluginRegistry > events > off removes handler 0ms
 ✓ src/plugins/PluginRegistry.test.ts > PluginRegistry > storage > set and get storage value 0ms
 ✓ src/plugins/PluginRegistry.test.ts > PluginRegistry > storage > getStorage returns map 0ms
 ✓ src/plugins/PluginRegistry.test.ts > PluginRegistry > clear > clears all entries 0ms
(node:4820) ExperimentalWarning: localStorage is not available because --localstorage-file was not provided.
(Use `node --trace-warnings ...` to show where the warning was created)
 ✓ src/engines/RetailEngine.test.ts > RetailEngine > getStoreBreakdown > should calculate revenue from 4xxx accounts 3ms
 ✓ src/engines/RetailEngine.test.ts > RetailEngine > getStoreBreakdown > should calculate COGS from 50xx accounts 0ms
 ✓ src/engines/RetailEngine.test.ts > RetailEngine > getStoreBreakdown > should calculate labor from 51xx accounts 0ms
 ✓ src/engines/RetailEngine.test.ts > RetailEngine > getStoreBreakdown > should calculate occupancy from 52xx accounts 0ms
 ✓ src/engines/RetailEngine.test.ts > RetailEngine > getStoreBreakdown > should calculate gross profit as revenue minus COGS 0ms
 ✓ src/engines/RetailEngine.test.ts > RetailEngine > getStoreBreakdown > should calculate net profit as revenue minus COGS minus labor minus occupancy 0ms
 ✓ src/engines/RetailEngine.test.ts > RetailEngine > getStoreBreakdown > should calculate margin as netProfit / revenue * 100 0ms
 ✓ src/engines/RetailEngine.test.ts > RetailEngine > getStoreBreakdown > should calculate labor percent as labor / revenue * 100 0ms
 ✓ src/engines/RetailEngine.test.ts > RetailEngine > getStoreBreakdown > should return 0 margin when revenue is zero 0ms
 ✓ src/engines/RetailEngine.test.ts > RetailEngine > getStoreBreakdown > should rank stores by net profit descending 1ms
 ✓ src/engines/RetailEngine.test.ts > RetailEngine > getStoreBreakdown > should filter out stores with zero revenue 0ms
 ✓ src/engines/RetailEngine.test.ts > RetailEngine > getStoreBreakdown > should use accountName from first entry for store name 0ms
 ✓ src/engines/RetailEngine.test.ts > RetailEngine > getStoreBreakdown > should handle empty entries 0ms
 ✓ src/engines/RetailEngine.test.ts > RetailEngine > getStoreBreakdown > should handle multiple stores 0ms
 ✓ src/engines/RetailEngine.test.ts > RetailEngine > calculateDashboardStats > should calculate average revenue per store 0ms
 ✓ src/engines/RetailEngine.test.ts > RetailEngine > calculateDashboardStats > should calculate average net margin 0ms
 ✓ src/engines/RetailEngine.test.ts > RetailEngine > calculateDashboardStats > should return default values when no stores have revenue 0ms
 ✓ src/engines/RetailEngine.test.ts > RetailEngine > calculateDashboardStats > should return salesPerLaborHour as placeholder 254 0ms
 ✓ src/engines/RetailEngine.test.ts > RetailEngine > getPnLTrend > should return monthly P&L trend for last 6 periods 0ms
 ✓ src/engines/RetailEngine.test.ts > RetailEngine > getPnLTrend > should calculate gross profit in trend 0ms
 ✓ src/engines/RetailEngine.test.ts > RetailEngine > getPnLTrend > should calculate labor in trend 0ms
 ✓ src/engines/RetailEngine.test.ts > RetailEngine > getPnLTrend > should limit to last 6 periods 0ms
 ✓ src/engines/RetailEngine.test.ts > RetailEngine > getPnLTrend > should handle empty entries 0ms
 ✓ src/engines/RetailEngine.test.ts > RetailEngine > getPnLTrend > should sort periods chronologically 0ms
(node:4820) ExperimentalWarning: localStorage is not available because --localstorage-file was not provided.
(Use `node --trace-warnings ...` to show where the warning was created)
 ✓ src/engines/RevRecEngine.test.ts > RevRecEngine > allocateTransactionPrice > should allocate price proportionally 3ms
 ✓ src/engines/RevRecEngine.test.ts > RevRecEngine > allocateTransactionPrice > should handle zero total standalone price 1ms
 ✓ src/engines/RevRecEngine.test.ts > RevRecEngine > calculateRevenueSchedule > should calculate monthly revenue schedule 2ms
 ✓ src/engines/RevRecEngine.test.ts > RevRecEngine > calculateRevenueSchedule > should handle single period 0ms
 ✓ src/engines/RevRecEngine.test.ts > RevRecEngine > calculateRevenueSchedule > should NOT recognize point-in-time when completionMetric is undefined 0ms
 ✓ src/engines/RevRecEngine.test.ts > RevRecEngine > calculateRevenueSchedule > should recognize point-in-time when completionMetric is 1 0ms
 ✓ src/engines/RevRecEngine.test.ts > RevRecEngine > handleContractModification > should add modification and update total value 1ms
 ✓ src/engines/RevRecEngine.test.ts > RevRecEngine > handleContractModification > should handle discount modification 0ms
 ✓ src/engines/RevRecEngine.test.ts > RevRecEngine > handleContractModification > should handle termination modification 0ms
 ✓ src/engines/RevRecEngine.test.ts > RevRecEngine > handleContractModification > should not allow negative total value on termination 0ms
 ✓ src/engines/RevRecEngine.test.ts > RevRecEngine > handleContractModification > should not mutate original contract 0ms
 ✓ src/engines/RevRecEngine.test.ts > RevRecEngine > getContractAssetLiability > should calculate contract liability (deferred revenue) when billed > recognized 1ms
 ✓ src/engines/RevRecEngine.test.ts > RevRecEngine > getContractAssetLiability > should calculate contract asset (unbilled) when recognized > billed 0ms
 ✓ src/engines/RevRecEngine.test.ts > RevRecEngine > constrainVariableConsideration > should include variable consideration when reversal probability is low 0ms
 ✓ src/engines/RevRecEngine.test.ts > RevRecEngine > constrainVariableConsideration > should constrain variable consideration when reversal probability is high 0ms
 ✓ src/engines/RevRecEngine.test.ts > RevRecEngine > constrainVariableConsideration > should respect custom constraint threshold 0ms
 ✓ src/engines/RevRecEngine.test.ts > RevRecEngine > getDeferredRevenue > should return remaining to recognize for a given date 1ms
 ✓ src/engines/RevRecEngine.test.ts > RevRecEngine > getDeferredRevenue > should return 0 if no schedules match 0ms
(node:4820) ExperimentalWarning: localStorage is not available because --localstorage-file was not provided.
(Use `node --trace-warnings ...` to show where the warning was created)
 ✓ src/engines/RealEstateEngine.test.ts > RealEstateEngine > calculatePortfolioStats > should calculate cost basis from 15xx accounts 3ms
 ✓ src/engines/RealEstateEngine.test.ts > RealEstateEngine > calculatePortfolioStats > should calculate market value from 16xx accounts 1ms
 ✓ src/engines/RealEstateEngine.test.ts > RealEstateEngine > calculatePortfolioStats > should calculate unrealized gain as market value minus cost basis 0ms
 ✓ src/engines/RealEstateEngine.test.ts > RealEstateEngine > calculatePortfolioStats > should calculate LTV ratio from debt (25xx) / market value 1ms
 ✓ src/engines/RealEstateEngine.test.ts > RealEstateEngine > calculatePortfolioStats > should return 0 LTV when market value is zero 0ms
 ✓ src/engines/RealEstateEngine.test.ts > RealEstateEngine > calculatePortfolioStats > should count unique entities as total properties 0ms
 ✓ src/engines/RealEstateEngine.test.ts > RealEstateEngine > calculatePortfolioStats > should handle empty entries 0ms
 ✓ src/engines/RealEstateEngine.test.ts > RealEstateEngine > calculatePortfolioStats > should handle negative unrealized gain (market below cost) 0ms
 ✓ src/engines/RealEstateEngine.test.ts > RealEstateEngine > calculateDashboardStats > should calculate NOI as rental income minus operating expenses 0ms
 ✓ src/engines/RealEstateEngine.test.ts > RealEstateEngine > calculateDashboardStats > should calculate cap rate as NOI / market value 0ms
 ✓ src/engines/RealEstateEngine.test.ts > RealEstateEngine > calculateDashboardStats > should return fair value from portfolio market value 0ms
 ✓ src/engines/RealEstateEngine.test.ts > RealEstateEngine > calculateDashboardStats > should return 0 cap rate when market value is zero 0ms
 ✓ src/engines/RealEstateEngine.test.ts > RealEstateEngine > calculateDashboardStats > should handle empty entries 0ms
 ✓ src/engines/RealEstateEngine.test.ts > RealEstateEngine > calculateREITStats > should calculate FFO as net income plus depreciation 0ms
 ✓ src/engines/RealEstateEngine.test.ts > RealEstateEngine > calculateREITStats > should calculate AFFO as FFO minus maintenance CapEx (10% of revenue) 0ms
 ✓ src/engines/RealEstateEngine.test.ts > RealEstateEngine > calculateREITStats > should calculate payout ratio as dividends / FFO 0ms
 ✓ src/engines/RealEstateEngine.test.ts > RealEstateEngine > calculateREITStats > should return 0 payout ratio when FFO is zero 0ms
 ✓ src/engines/RealEstateEngine.test.ts > RealEstateEngine > calculateREITStats > should calculate NAV per share assuming 1M shares 0ms
 ✓ src/engines/RealEstateEngine.test.ts > RealEstateEngine > calculateREITStats > should handle empty entries 0ms
 ✓ src/engines/RealEstateEngine.test.ts > RealEstateEngine > getPropertyBreakdown > should group entries by entityId and calculate cost/market 2ms
 ✓ src/engines/RealEstateEngine.test.ts > RealEstateEngine > getPropertyBreakdown > should assign status based on cost basis threshold 0ms
 ✓ src/engines/RealEstateEngine.test.ts > RealEstateEngine > getPropertyBreakdown > should filter out properties with zero purchase price 0ms
 ✓ src/engines/RealEstateEngine.test.ts > RealEstateEngine > getPropertyBreakdown > should handle empty entries 0ms
 ✓ src/engines/RealEstateEngine.test.ts > RealEstateEngine > getPropertyBreakdown > should use accountName from first entry for property name 0ms
(node:4820) ExperimentalWarning: localStorage is not available because --localstorage-file was not provided.
(Use `node --trace-warnings ...` to show where the warning was created)
 ✓ src/services/api-integration/RestApiClient.test.ts > RestApiClient > error handling > should throw ApiError for network errors 7222ms
 ✓ src/pages/forecasts/DriverPlanningPage.test.tsx > DriverPlanningPage > renders without crashing 77ms
 × src/pages/forecasts/DriverPlanningPage.test.tsx > DriverPlanningPage > renders the page title 59ms
   → Invalid Chai property: toBeInTheDocument
 × src/pages/forecasts/DriverPlanningPage.test.tsx > DriverPlanningPage > renders the page description 36ms
   → Invalid Chai property: toBeInTheDocument
 × src/pages/forecasts/DriverPlanningPage.test.tsx > DriverPlanningPage > renders KPI cards 29ms
   → Invalid Chai property: toBeInTheDocument
 ✓ src/pages/forecasts/DriverPlanningPage.test.tsx > DriverPlanningPage > renders Add Driver button 25ms
(node:4820) ExperimentalWarning: localStorage is not available because --localstorage-file was not provided.
(Use `node --trace-warnings ...` to show where the warning was created)
 ✓ src/engines/PluginEngine.test.ts > PluginEngine > discover > returns empty array (manual registration only) 3ms
 ✓ src/engines/PluginEngine.test.ts > PluginEngine > install > installs a valid plugin 1ms
 ✓ src/engines/PluginEngine.test.ts > PluginEngine > install > calls plugin.init on install 0ms
 ✓ src/engines/PluginEngine.test.ts > PluginEngine > install > rejects plugin with missing id 2ms
 ✓ src/engines/PluginEngine.test.ts > PluginEngine > install > rejects plugin with invalid id format 1ms
 ✓ src/engines/PluginEngine.test.ts > PluginEngine > install > rejects plugin with missing type 0ms
 ✓ src/engines/PluginEngine.test.ts > PluginEngine > install > rejects plugin with missing entry 0ms
 ✓ src/engines/PluginEngine.test.ts > PluginEngine > install > rejects plugin with conflicting dependency 1ms
 ✓ src/engines/PluginEngine.test.ts > PluginEngine > install > rejects plugin with missing dependency 1ms
 ✓ src/engines/PluginEngine.test.ts > PluginEngine > install > rejects plugin requiring higher FinPlan version 1ms
 ✓ src/engines/PluginEngine.test.ts > PluginEngine > uninstall > uninstalls an installed plugin 1ms
 ✓ src/engines/PluginEngine.test.ts > PluginEngine > uninstall > calls plugin.destroy on uninstall 0ms
 ✓ src/engines/PluginEngine.test.ts > PluginEngine > uninstall > throws for non-existent plugin 0ms
 ✓ src/engines/PluginEngine.test.ts > PluginEngine > enable / disable > disables a plugin 0ms
 ✓ src/engines/PluginEngine.test.ts > PluginEngine > enable / disable > re-enables a disabled plugin 0ms
 ✓ src/engines/PluginEngine.test.ts > PluginEngine > enable / disable > throws for non-existent plugin 0ms
 ✓ src/engines/PluginEngine.test.ts > PluginEngine > query > getPlugin returns installed plugin 0ms
 ✓ src/engines/PluginEngine.test.ts > PluginEngine > query > getAllPlugins returns all installed 0ms
 ✓ src/engines/PluginEngine.test.ts > PluginEngine > query > getPluginsByType filters correctly 0ms
 ✓ src/engines/PluginEngine.test.ts > PluginEngine > plugin API — formula registration > registers formula function via plugin API 0ms
 ✓ src/engines/PluginEngine.test.ts > PluginEngine > plugin API — formula registration > unregisters formula function 0ms
 ✓ src/engines/PluginEngine.test.ts > PluginEngine > plugin API — storage > stores and retrieves data 1ms
 ✓ src/engines/PluginEngine.test.ts > PluginEngine > plugin API — storage > returns null for missing key 0ms
 ✓ src/engines/PluginEngine.test.ts > PluginEngine > plugin API — events > registers and fires event handler 0ms
 ✓ src/engines/PluginEngine.test.ts > PluginEngine > plugin API — events > unregisters event handler 0ms
 × src/pages/forecasts/DriverPlanningPage.test.tsx > DriverPlanningPage > renders Templates button 19ms
   → Invalid Chai property: toBeInTheDocument
 × src/pages/forecasts/DriverPlanningPage.test.tsx > DriverPlanningPage > renders Reset button 23ms
   → Invalid Chai property: toBeInTheDocument
 × src/pages/forecasts/DriverPlanningPage.test.tsx > DriverPlanningPage > shows empty state when no drivers 17ms
   → Invalid Chai property: toBeInTheDocument
 × src/pages/forecasts/DriverPlanningPage.test.tsx > DriverPlanningPage > shows Add Driver and Load Template buttons in empty state 21ms
   → Invalid Chai property: toBeInTheDocument
 × src/pages/forecasts/DriverPlanningPage.test.tsx > DriverPlanningPage > opens add form when Add Driver is clicked 69ms
   → Invalid Chai property: toBeInTheDocument
 × src/pages/forecasts/DriverPlanningPage.test.tsx > DriverPlanningPage > opens templates panel when Templates is clicked 43ms
   → Invalid Chai property: toBeInTheDocument
 ✓ src/pages/forecasts/DriverPlanningPage.test.tsx > DriverPlanningPage > calls reset when Reset is clicked 20ms
 × src/pages/forecasts/DriverPlanningPage.test.tsx > DriverPlanningPage > renders the add form with all fields 42ms
   → Invalid Chai property: toBeInTheDocument
 × src/pages/forecasts/DriverPlanningPage.test.tsx > DriverPlanningPage > renders Quick Actions panel 14ms
   → Invalid Chai property: toBeInTheDocument
 × src/pages/forecasts/DriverPlanningPage.test.tsx > DriverPlanningPage > renders Cascade Summary panel 21ms
   → Invalid Chai property: toBeInTheDocument
 ✓ src/pages/forecasts/DriverPlanningPage.test.tsx > DriverPlanningPage > calls addDriver when form is submitted with valid data 79ms
 ✓ src/pages/forecasts/DriverPlanningPage.test.tsx > DriverPlanningPage > loads template when template card is clicked 65ms
(node:4820) ExperimentalWarning: localStorage is not available because --localstorage-file was not provided.
(Use `node --trace-warnings ...` to show where the warning was created)
 ✓ src/workers/consolidation.worker.test.ts > consolidation.worker > basic consolidation > consolidates two entities 4ms
 ✓ src/workers/consolidation.worker.test.ts > consolidation.worker > basic consolidation > returns zero values for empty entities 1ms
 ✓ src/workers/consolidation.worker.test.ts > consolidation.worker > intercompany elimination > eliminates intercompany receivables/payables 1ms
 ✓ src/workers/consolidation.worker.test.ts > consolidation.worker > minority interest > calculates minority interest for 80% ownership 1ms
 ✓ src/workers/consolidation.worker.test.ts > consolidation.worker > minority interest > returns zero minority for 100% ownership 0ms
 ✓ src/workers/consolidation.worker.test.ts > consolidation.worker > FX translation > translates foreign entity to USD 1ms
 ✓ src/workers/consolidation.worker.test.ts > consolidation.worker > FX translation > returns untranslated when no FX rates provided 0ms
 ✓ src/workers/consolidation.worker.test.ts > consolidation.worker > adjustments > applies manual adjustments 0ms
 ✓ src/workers/consolidation.worker.test.ts > consolidation.worker > error handling > handles missing payload gracefully 1ms
 ✓ src/services/api-integration/RestApiClient.test.ts > RestApiClient > error handling > should retry on 500 errors 2948ms
(node:4820) ExperimentalWarning: localStorage is not available because --localstorage-file was not provided.
(Use `node --trace-warnings ...` to show where the warning was created)
 ✓ src/utils/__tests__/security.test.ts > security > escapeHTML > escapes HTML entities 3ms
 ✓ src/utils/__tests__/security.test.ts > security > escapeHTML > returns empty for non-string 1ms
 ✓ src/utils/__tests__/security.test.ts > security > escapeHTML > passes through safe strings 0ms
 ✓ src/utils/__tests__/security.test.ts > security > stripScripts > removes script tags 1ms
 ✓ src/utils/__tests__/security.test.ts > security > stripScripts > handles nested script tags 0ms
 ✓ src/utils/__tests__/security.test.ts > security > stripScripts > returns empty for non-string 0ms
 ✓ src/utils/__tests__/security.test.ts > security > stripEventHandlers > removes onclick handlers 1ms
 ✓ src/utils/__tests__/security.test.ts > security > stripEventHandlers > removes onerror handlers 0ms
 ✓ src/utils/__tests__/security.test.ts > security > stripEventHandlers > returns empty for non-string 0ms
 ✓ src/utils/__tests__/security.test.ts > security > stripDangerousURIs > removes javascript: URIs 1ms
 ✓ src/utils/__tests__/security.test.ts > security > stripDangerousURIs > returns empty for non-string 0ms
 ✓ src/utils/__tests__/security.test.ts > security > stripDangerousCSS > removes expression() calls 0ms
 ✓ src/utils/__tests__/security.test.ts > security > stripDangerousCSS > returns empty for non-string 0ms
 ✓ src/utils/__tests__/security.test.ts > security > sanitizeForDisplay > removes scripts and escapes HTML 0ms
 ✓ src/utils/__tests__/security.test.ts > security > sanitizeForDisplay > returns empty for non-string 0ms
 ✓ src/utils/__tests__/security.test.ts > security > sanitizeForURL > encodes URL characters 0ms
 ✓ src/utils/__tests__/security.test.ts > security > sanitizeForURL > returns empty for non-string 0ms
 ✓ src/utils/__tests__/security.test.ts > security > sanitizeFilename > removes path separators 0ms
 ✓ src/utils/__tests__/security.test.ts > security > sanitizeFilename > removes leading dots 0ms
 ✓ src/utils/__tests__/security.test.ts > security > sanitizeFilename > removes null bytes 0ms
 ✓ src/utils/__tests__/security.test.ts > security > sanitizeFilename > returns empty for non-string 0ms
 ✓ src/utils/__tests__/security.test.ts > security > stripAllTags > removes all HTML tags 0ms
 ✓ src/utils/__tests__/security.test.ts > security > stripAllTags > returns empty for non-string 0ms
 ✓ src/utils/__tests__/security.test.ts > security > sanitizeURL > allows http URLs 0ms
 ✓ src/utils/__tests__/security.test.ts > security > sanitizeURL > blocks javascript: URLs 0ms
 ✓ src/utils/__tests__/security.test.ts > security > sanitizeURL > allows relative URLs 0ms
 ✓ src/utils/__tests__/security.test.ts > security > sanitizeURL > returns empty for non-string 0ms
 ✓ src/utils/__tests__/security.test.ts > security > isSafeURL > returns true for http 0ms
 ✓ src/utils/__tests__/security.test.ts > security > isSafeURL > returns false for javascript: 0ms
 ✓ src/utils/__tests__/security.test.ts > security > isSafeURL > returns false for non-string 0ms
 ✓ src/utils/__tests__/security.test.ts > security > detectDangerousPatterns > detects script tag 1ms
 ✓ src/utils/__tests__/security.test.ts > security > detectDangerousPatterns > returns empty for safe input 1ms
 ✓ src/utils/__tests__/security.test.ts > security > detectDangerousPatterns > returns empty for non-string 0ms
 ✓ src/utils/__tests__/security.test.ts > security > isInputSafe > returns true for safe input 0ms
 ✓ src/utils/__tests__/security.test.ts > security > isInputSafe > returns false for dangerous input 0ms
 ✓ src/utils/__tests__/security.test.ts > security > CSRF token > generateCSRFToken returns token 0ms
 ✓ src/utils/__tests__/security.test.ts > security > CSRF token > getCSRFToken generates token if not set 0ms
 ✓ src/utils/__tests__/security.test.ts > security > CSRF token > getCSRFToken returns same token if already set 0ms
 ✓ src/utils/__tests__/security.test.ts > security > CSRF token > getCSRFHeader returns header object 0ms
 ✓ src/utils/__tests__/security.test.ts > security > CSRF token > getCSRFHeaderName returns header name 0ms
 ✓ src/utils/__tests__/security.test.ts > security > CSRF token > validateCSRFToken validates correct token 0ms
 ✓ src/utils/__tests__/security.test.ts > security > CSRF token > validateCSRFToken rejects wrong token 0ms
 ✓ src/utils/__tests__/security.test.ts > security > CSRF token > validateCSRFToken rejects null token 0ms
 ✓ src/utils/__tests__/security.test.ts > security > CSRF token > clearCSRFToken clears stored token 0ms
 ✓ src/utils/__tests__/security.test.ts > security > sanitizeUserInput > returns safe output for clean input 0ms
 ✓ src/utils/__tests__/security.test.ts > security > sanitizeUserInput > returns error for non-string input 0ms
 ✓ src/utils/__tests__/security.test.ts > security > sanitizeUserInput > returns error for too-long input 0ms
 ✓ src/utils/__tests__/security.test.ts > security > sanitizeUserInput > detects threats in unsafe input 0ms
 ✓ src/utils/__tests__/security.test.ts > security > sanitizeUserInput > allows HTML when option set 0ms
 ✓ src/utils/__tests__/security.test.ts > security > SECURITY_CONSTANTS > contains expected constants 0ms
 ✓ src/services/api-integration/RestApiClient.test.ts > RestApiClient > error handling > should retry on 429 (rate limit) 1016ms
 ✓ src/services/api-integration/RestApiClient.test.ts > RestApiClient > response mapping > should map response correctly 1ms
 ✓ src/services/api-integration/RestApiClient.test.ts > RestApiClient > OAuth2 token refresh > should detect expired tokens 1ms
(node:4820) ExperimentalWarning: localStorage is not available because --localstorage-file was not provided.
(Use `node --trace-warnings ...` to show where the warning was created)
(node:4820) ExperimentalWarning: localStorage is not available because --localstorage-file was not provided.
(Use `node --trace-warnings ...` to show where the warning was created)
 ✓ src/components/reports/ReportGrid.test.tsx > ReportGrid > renders without crashing 51ms
 ✓ src/engines/ExcelImportEngine.test.ts > ExcelImportEngine > autoDetectMappings > detects date column from header keywords 4ms
 ✓ src/engines/ExcelImportEngine.test.ts > ExcelImportEngine > autoDetectMappings > detects account code column 1ms
 ✓ src/engines/ExcelImportEngine.test.ts > ExcelImportEngine > autoDetectMappings > detects debit and credit columns 1ms
 ✓ src/engines/ExcelImportEngine.test.ts > ExcelImportEngine > autoDetectMappings > detects amount column 0ms
 ✓ src/engines/ExcelImportEngine.test.ts > ExcelImportEngine > autoDetectMappings > marks unmapped columns as skip 1ms
 ✓ src/engines/ExcelImportEngine.test.ts > ExcelImportEngine > autoDetectMappings > resolves conflicts: keeps highest confidence for unique fields 0ms
 ✓ src/engines/ExcelImportEngine.test.ts > ExcelImportEngine > autoDetectMappings > boosts confidence with date pattern in sample data 1ms
 ✓ src/engines/ExcelImportEngine.test.ts > ExcelImportEngine > autoDetectMappings > boosts confidence with numeric pattern for debit/credit 0ms
 ✓ src/engines/ExcelImportEngine.test.ts > ExcelImportEngine > mapData > maps rows with correct field assignments 2ms
 ✓ src/engines/ExcelImportEngine.test.ts > ExcelImportEngine > mapData > errors on missing account code 1ms
 ✓ src/engines/ExcelImportEngine.test.ts > ExcelImportEngine > mapData > warns on missing date 0ms
 ✓ src/engines/ExcelImportEngine.test.ts > ExcelImportEngine > mapData > parses numeric values with commas 0ms
 ✓ src/engines/ExcelImportEngine.test.ts > ExcelImportEngine > validate > returns valid for balanced data 0ms
 ✓ src/engines/ExcelImportEngine.test.ts > ExcelImportEngine > validate > warns on imbalanced debits/credits 1ms
 ✓ src/engines/ExcelImportEngine.test.ts > ExcelImportEngine > validate > errors on empty data 0ms
 ✓ src/engines/ExcelImportEngine.test.ts > ExcelImportEngine > getPreview > returns first N rows 0ms
 ✓ src/engines/ExcelImportEngine.test.ts > ExcelImportEngine > getPreview > returns all rows if fewer than count 0ms
 × src/components/reports/ReportGrid.test.tsx > ReportGrid > renders the grid table with role 201ms
   → Invalid Chai property: toBeInTheDocument
 × src/components/reports/ReportGrid.test.tsx > ReportGrid > renders empty state when no rows exist 12ms
   → Invalid Chai property: toBeInTheDocument
 × src/components/reports/ReportGrid.test.tsx > ReportGrid > renders column headers 11ms
   → Invalid Chai property: toBeInTheDocument
 × src/components/reports/ReportGrid.test.tsx > ReportGrid > renders row data 23ms
   → Invalid Chai property: toBeInTheDocument
 × src/components/reports/ReportGrid.test.tsx > ReportGrid > renders total rows with distinct styling 10ms
   → Invalid Chai property: toBeInTheDocument
 × src/components/reports/ReportGrid.test.tsx > ReportGrid > renders the footer with row and column counts 9ms
   → Invalid Chai property: toBeInTheDocument
 × src/components/reports/ReportGrid.test.tsx > ReportGrid > renders export buttons when callbacks are provided 42ms
   → Invalid Chai property: toBeInTheDocument
 × src/components/reports/ReportGrid.test.tsx > ReportGrid > does not render export buttons when callbacks are not provided 8ms
   → Invalid Chai property: toBeInTheDocument
 ✓ src/components/reports/ReportGrid.test.tsx > ReportGrid > calls export callbacks when buttons are clicked 20ms
 × src/components/reports/ReportGrid.test.tsx > ReportGrid > renders metric cells with dash for missing data 12ms
   → Invalid Chai property: toBeInTheDocument
(node:4820) ExperimentalWarning: localStorage is not available because --localstorage-file was not provided.
(Use `node --trace-warnings ...` to show where the warning was created)
 × src/components/dashboard/ActivityFeed.test.tsx > ActivityFeed > renders empty state when no activities exist 59ms
   → Invalid Chai property: toBeInTheDocument
 × src/components/dashboard/ActivityFeed.test.tsx > ActivityFeed > renders empty state with default message about importing data 6ms
   → Invalid Chai property: toBeInTheDocument
 × src/components/dashboard/ActivityFeed.test.tsx > ActivityFeed > renders activities from localStorage 13ms
   → Invalid Chai property: toBeInTheDocument
 ✓ src/components/dashboard/ActivityFeed.test.tsx > ActivityFeed > limits items based on maxItems prop 14ms
 ✓ src/components/dashboard/ActivityFeed.test.tsx > ActivityFeed > uses default maxItems of 10 when not specified 17ms
 × src/components/dashboard/ActivityFeed.test.tsx > ActivityFeed > renders fallback text when userName is missing 7ms
   → Invalid Chai property: toBeInTheDocument
 × src/components/dashboard/ActivityFeed.test.tsx > ActivityFeed > renders fallback text when action is missing 6ms
   → Invalid Chai property: toBeInTheDocument
 × src/components/dashboard/ActivityFeed.test.tsx > ActivityFeed > renders fallback text when resourceName is missing 5ms
   → Invalid Chai property: toBeInTheDocument
 × src/components/dashboard/ActivityFeed.test.tsx > ActivityFeed > handles malformed JSON in localStorage gracefully 5ms
   → Invalid Chai property: toBeInTheDocument
 × src/components/dashboard/ActivityFeed.test.tsx > ActivityFeed > applies correct dot color for import type 8ms
   → Invalid Chai property: toBeInTheDocument
 × src/components/dashboard/ActivityFeed.test.tsx > ActivityFeed > applies correct dot color for edit type 5ms
   → Invalid Chai property: toBeInTheDocument
 × src/components/dashboard/ActivityFeed.test.tsx > ActivityFeed > applies correct dot color for approve type 5ms
   → Invalid Chai property: toBeInTheDocument
 × src/components/dashboard/ActivityFeed.test.tsx > ActivityFeed > applies default dot color for unknown type 5ms
   → Invalid Chai property: toBeInTheDocument
 × src/components/dashboard/ActivityFeed.test.tsx > ActivityFeed > formats relative time as "Just now" for recent timestamps 9ms
   → Invalid Chai property: toBeInTheDocument
 × src/components/dashboard/ActivityFeed.test.tsx > ActivityFeed > formats relative time in minutes 5ms
   → Invalid Chai property: toBeInTheDocument
 × src/components/dashboard/ActivityFeed.test.tsx > ActivityFeed > formats relative time in hours 8ms
   → Invalid Chai property: toBeInTheDocument
 × src/components/dashboard/ActivityFeed.test.tsx > ActivityFeed > formats relative time in days 5ms
   → Invalid Chai property: toBeInTheDocument
 ✓ src/components/dashboard/ActivityFeed.test.tsx > ActivityFeed > shows empty timestamp when timestamp is missing 4ms
(node:4820) ExperimentalWarning: localStorage is not available because --localstorage-file was not provided.
(Use `node --trace-warnings ...` to show where the warning was created)
(node:4820) ExperimentalWarning: localStorage is not available because --localstorage-file was not provided.
(Use `node --trace-warnings ...` to show where the warning was created)
 ✓ src/services/api-integration/QuickBooksConnector.test.ts > QuickBooksConnector > construction > should create connector with correct properties 4ms
 ✓ src/services/api-integration/QuickBooksConnector.test.ts > QuickBooksConnector > health check > should return connected status on success 1ms
 ✓ src/services/api-integration/QuickBooksConnector.test.ts > QuickBooksConnector > health check > should return error status on failure 1ms
 ✓ src/services/api-integration/QuickBooksConnector.test.ts > QuickBooksConnector > getAccounts > should fetch and map accounts 3ms
 ✓ src/services/api-integration/QuickBooksConnector.test.ts > QuickBooksConnector > getInvoices > should fetch and map invoices 2ms
 ✓ src/services/api-integration/QuickBooksConnector.test.ts > QuickBooksConnector > connect > should return true when health check passes 1ms
 ✓ src/services/api-integration/QuickBooksConnector.test.ts > QuickBooksConnector > connect > should return false when health check fails 1ms
 ✓ src/services/api-integration/QuickBooksConnector.test.ts > QuickBooksConnector > sync > should pull data and return sync result 1ms
 ✓ src/services/api-integration/QuickBooksConnector.test.ts > QuickBooksConnector > account type mapping > should map QuickBooks account types correctly 1ms
 × src/components/ui/Heatmap.test.tsx > Heatmap > should render without crashing with valid data 181ms
   → Invalid Chai property: toBeInTheDocument
 ✓ src/components/ui/Heatmap.test.tsx > Heatmap > should render row labels 30ms
 ✓ src/components/ui/Heatmap.test.tsx > Heatmap > should render column headers 14ms
(node:4820) ExperimentalWarning: localStorage is not available because --localstorage-file was not provided.
(Use `node --trace-warnings ...` to show where the warning was created)
 × src/components/dashboard/SankeyDiagram.test.tsx > SankeyDiagram > renders without crashing 67ms
   → Invalid Chai property: toBeInTheDocument
 × src/components/dashboard/SankeyDiagram.test.tsx > SankeyDiagram > renders the SVG element 9ms
   → Invalid Chai property: toBeInTheDocument
 ✓ src/components/dashboard/SankeyDiagram.test.tsx > SankeyDiagram > renders node labels in the SVG 19ms
 × src/components/ui/Heatmap.test.tsx > Heatmap > should render title when provided 125ms
   → Invalid Chai property: toBeInTheDocument
 ✓ src/components/ui/Heatmap.test.tsx > Heatmap > should not render title when not provided 12ms
 × src/components/ui/Heatmap.test.tsx > Heatmap > should render intensity scale with min and max values 13ms
   → Invalid Chai property: toBeInTheDocument
 ✓ src/components/ui/Heatmap.test.tsx > Heatmap > should apply custom className 8ms
 × src/components/ui/Heatmap.test.tsx > Heatmap > should apply custom width and height 16ms
   → Invalid Chai property: toBeInTheDocument
 × src/components/ui/Heatmap.test.tsx > Heatmap > should show "No data" when data is empty array 4ms
   → Invalid Chai property: toBeInTheDocument
 × src/components/ui/Heatmap.test.tsx > Heatmap > should show "No data" when data is null/undefined 4ms
   → Invalid Chai property: toBeInTheDocument
 ✓ src/components/ui/Heatmap.test.tsx > Heatmap > should render a single cell without crashing 7ms
 ✓ src/components/dashboard/SankeyDiagram.test.tsx > SankeyDiagram > renders link paths between nodes 10ms
 × src/components/dashboard/SankeyDiagram.test.tsx > SankeyDiagram > renders title when provided 10ms
   → Invalid Chai property: toBeInTheDocument
 × src/components/dashboard/SankeyDiagram.test.tsx > SankeyDiagram > does not render title when not provided 8ms
   → Invalid Chai property: toBeInTheDocument
 ✓ src/components/dashboard/SankeyDiagram.test.tsx > SankeyDiagram > Node Rendering > renders rect elements for each node 6ms
 × src/components/dashboard/SankeyDiagram.test.tsx > SankeyDiagram > Node Rendering > applies node colors to rect elements 10ms
   → Invalid Chai property: toHaveAttribute
 ✓ src/components/dashboard/SankeyDiagram.test.tsx > SankeyDiagram > Formatting > formats values as compact by default 6ms
 ✓ src/components/dashboard/SankeyDiagram.test.tsx > SankeyDiagram > Formatting > formats values as currency when specified 6ms
 ✓ src/components/dashboard/SankeyDiagram.test.tsx > SankeyDiagram > Formatting > formats values as number when specified 5ms
 ✓ src/components/dashboard/SankeyDiagram.test.tsx > SankeyDiagram > Click Behavior > calls onNodeClick with node id when a node is clicked 11ms
 ✓ src/components/dashboard/SankeyDiagram.test.tsx > SankeyDiagram > Click Behavior > does not add cursor-pointer when onNodeClick is not provided 6ms
 ✓ src/components/dashboard/SankeyDiagram.test.tsx > SankeyDiagram > Click Behavior > adds cursor-pointer to nodes when onNodeClick is provided 6ms
 ✓ src/components/dashboard/SankeyDiagram.test.tsx > SankeyDiagram > Link Tooltips > renders title elements inside link paths for tooltips 5ms
 ✓ src/components/dashboard/SankeyDiagram.test.tsx > SankeyDiagram > Link Tooltips > formats tooltip text with source, target, and value 6ms
 × src/components/dashboard/SankeyDiagram.test.tsx > SankeyDiagram > Dimensions > uses default width of 800 7ms
   → Invalid Chai property: toHaveAttribute
 × src/components/dashboard/SankeyDiagram.test.tsx > SankeyDiagram > Dimensions > uses default height of 400 15ms
   → Invalid Chai property: toHaveAttribute
 × src/components/dashboard/SankeyDiagram.test.tsx > SankeyDiagram > Dimensions > applies custom width 6ms
   → Invalid Chai property: toHaveAttribute
 × src/components/dashboard/SankeyDiagram.test.tsx > SankeyDiagram > Dimensions > applies custom height 7ms
   → Invalid Chai property: toHaveAttribute
 ✓ src/components/dashboard/SankeyDiagram.test.tsx > SankeyDiagram > Props > applies custom className 6ms
 ✓ src/components/dashboard/SankeyDiagram.test.tsx > SankeyDiagram > Edge Cases > handles nodes without custom colors 4ms
 × src/components/dashboard/SankeyDiagram.test.tsx > SankeyDiagram > Edge Cases > handles disconnected nodes gracefully 5ms
   → Invalid Chai property: toBeInTheDocument
 × src/components/ui/Heatmap.test.tsx > Heatmap > should handle 1000+ data points without crashing 386ms
   → Invalid Chai property: toBeInTheDocument
 ✓ src/components/ui/Heatmap.test.tsx > Heatmap > should handle negative values 8ms
 × src/components/ui/Heatmap.test.tsx > Heatmap > should handle NaN values without crashing 7ms
   → Invalid Chai property: toBeInTheDocument
 × src/components/ui/Heatmap.test.tsx > Heatmap > should handle Infinity values without crashing 6ms
   → Invalid Chai property: toBeInTheDocument
 ✓ src/components/ui/Heatmap.test.tsx > Heatmap > should handle zero range (all values identical) 8ms
 × src/components/ui/Heatmap.test.tsx > Heatmap > should render with green color scheme 7ms
   → Invalid Chai property: toBeInTheDocument
 × src/components/ui/Heatmap.test.tsx > Heatmap > should render with red color scheme 7ms
   → Invalid Chai property: toBeInTheDocument
 × src/components/ui/Heatmap.test.tsx > Heatmap > should render with blue color scheme (default) 7ms
   → Invalid Chai property: toBeInTheDocument
 × src/components/ui/Heatmap.test.tsx > Heatmap > should have aria-label on cells when onClick is provided 10ms
   → Invalid Chai property: toHaveAttribute
 ✓ src/components/ui/Heatmap.test.tsx > Heatmap > should not have role="button" when onClick is not provided 6ms
 ✓ src/components/ui/Heatmap.test.tsx > Heatmap > should include row, col, and value in aria-label 6ms
 ✓ src/components/ui/Heatmap.test.tsx > Heatmap > should call onClick with cell data when a cell is clicked 15ms
 ✓ src/components/ui/Heatmap.test.tsx > Heatmap > should not throw when onClick is not provided 10ms
(node:4820) ExperimentalWarning: localStorage is not available because --localstorage-file was not provided.
(Use `node --trace-warnings ...` to show where the warning was created)
 ✓ src/engines/ImportEngine.test.ts > ImportEngine > should initialize with idle progress 3ms
 ✓ src/engines/ImportEngine.test.ts > ImportEngine > should detect CSV format 1ms
 ✓ src/engines/ImportEngine.test.ts > ImportEngine > should detect JSON format 0ms
 ✓ src/engines/ImportEngine.test.ts > ImportEngine > should detect unknown format 0ms
 ✓ src/engines/ImportEngine.test.ts > ImportEngine > should import CSV with auto-delimiter detection 3ms
 ✓ src/engines/ImportEngine.test.ts > ImportEngine > should import CSV with tab delimiter 1ms
 ✓ src/engines/ImportEngine.test.ts > ImportEngine > should import CSV with semicolon delimiter 0ms
 ✓ src/engines/ImportEngine.test.ts > ImportEngine > should handle quoted fields with commas 0ms
 ✓ src/engines/ImportEngine.test.ts > ImportEngine > should validate required columns 0ms
 ✓ src/engines/ImportEngine.test.ts > ImportEngine > should validate numeric columns 1ms
 ✓ src/engines/ImportEngine.test.ts > ImportEngine > should handle empty file 1ms
 ✓ src/engines/ImportEngine.test.ts > ImportEngine > should handle file with only headers 1ms
 ✓ src/engines/ImportEngine.test.ts > ImportEngine > should import JSON array 1ms
 ✓ src/engines/ImportEngine.test.ts > ImportEngine > should import JSON single object 1ms
 ✓ src/engines/ImportEngine.test.ts > ImportEngine > should handle invalid JSON 0ms
 ✓ src/engines/ImportEngine.test.ts > ImportEngine > should validate JSON required fields 1ms
 ✓ src/engines/ImportEngine.test.ts > ImportEngine > should track snapshots for rollback 1ms
 ✓ src/engines/ImportEngine.test.ts > ImportEngine > should clear snapshots 1ms
 ✓ src/engines/ImportEngine.test.ts > ImportEngine > should auto-import via importFile 1ms
 ✓ src/engines/ImportEngine.test.ts > ImportEngine > should reject unsupported formats 0ms
 ✓ src/engines/ImportEngine.test.ts > ImportEngine > should track progress during import 1ms
 ✓ src/engines/ImportEngine.test.ts > ImportEngine > should respect maxRows limit 2ms
 ✓ src/engines/ImportEngine.test.ts > ImportEngine > should handle date column validation 1ms
(node:4820) ExperimentalWarning: localStorage is not available because --localstorage-file was not provided.
(Use `node --trace-warnings ...` to show where the warning was created)
(node:4820) ExperimentalWarning: localStorage is not available because --localstorage-file was not provided.
(Use `node --trace-warnings ...` to show where the warning was created)
 ✓ src/store/capexStore.test.ts > capexStore > should have initial empty state after reset 5ms
 ✓ src/store/capexStore.test.ts > capexStore > should set projects 2ms
 ✓ src/store/capexStore.test.ts > capexStore > should add a project 2ms
 ✓ src/store/capexStore.test.ts > capexStore > should update a project 1ms
 ✓ src/store/capexStore.test.ts > capexStore > should not update non-existent project 1ms
 ✓ src/store/capexStore.test.ts > capexStore > should remove a project 1ms
 ✓ src/store/capexStore.test.ts > capexStore > should set assets 1ms
 ✓ src/store/capexStore.test.ts > capexStore > should set depreciation schedule 0ms
 ✓ src/store/capexStore.test.ts > capexStore > should set loading state 0ms
 ✓ src/store/capexStore.test.ts > capexStore > should set error state 1ms
 ✓ src/store/capexStore.test.ts > capexStore > should clear all data 1ms
 ✓ src/store/capexStore.test.ts > capexStore > should filter projects by status 1ms
 ✓ src/store/capexStore.test.ts > capexStore > should calculate total budget 0ms
 ✓ src/store/capexStore.test.ts > capexStore > should return 0 total budget for empty projects 0ms
 ✓ src/store/capexStore.test.ts > capexStore > should calculate total actual 0ms
 ✓ src/store/capexStore.test.ts > capexStore > should filter assets by category 1ms
 × src/components/dashboard/HeatmapGrid.test.tsx > HeatmapGrid > renders without crashing 288ms
   → Invalid Chai property: toBeInTheDocument
 × src/components/dashboard/HeatmapGrid.test.tsx > HeatmapGrid > renders column headers 17ms
   → Invalid Chai property: toBeInTheDocument
 × src/components/dashboard/HeatmapGrid.test.tsx > HeatmapGrid > renders the Account header column 9ms
   → Invalid Chai property: toBeInTheDocument
 × src/components/dashboard/HeatmapGrid.test.tsx > HeatmapGrid > renders row labels 7ms
   → Invalid Chai property: toBeInTheDocument
 × src/components/dashboard/HeatmapGrid.test.tsx > HeatmapGrid > renders cell values formatted as numbers by default 9ms
   → Invalid Chai property: toBeInTheDocument
 × src/components/dashboard/HeatmapGrid.test.tsx > HeatmapGrid > renders title when provided 15ms
   → Invalid Chai property: toBeInTheDocument
 × src/components/dashboard/HeatmapGrid.test.tsx > HeatmapGrid > does not render title when not provided 11ms
   → Invalid Chai property: toBeInTheDocument
 ✓ src/components/dashboard/HeatmapGrid.test.tsx > HeatmapGrid > renders correct number of data cells 8ms
 × src/components/dashboard/HeatmapGrid.test.tsx > HeatmapGrid > Color Scale > applies red-green color scale by default 8ms
   → Invalid Chai property: toHaveAttribute
 × src/components/dashboard/HeatmapGrid.test.tsx > HeatmapGrid > Color Scale > applies blue-orange color scale when specified 21ms
   → Invalid Chai property: toHaveAttribute
 ✓ src/components/dashboard/HeatmapGrid.test.tsx > HeatmapGrid > Formatting > formats as currency when format is currency 6ms
 ✓ src/components/dashboard/HeatmapGrid.test.tsx > HeatmapGrid > Formatting > formats as percent when format is percent 5ms
 ✓ src/components/dashboard/HeatmapGrid.test.tsx > HeatmapGrid > Formatting > formats as compact when format is compact 5ms
 ✓ src/components/dashboard/HeatmapGrid.test.tsx > HeatmapGrid > Callbacks > calls onCellClick with correct arguments 15ms
 ✓ src/components/dashboard/HeatmapGrid.test.tsx > HeatmapGrid > Callbacks > calls onCellHover with correct arguments 16ms
 ✓ src/components/dashboard/HeatmapGrid.test.tsx > HeatmapGrid > Callbacks > adds hover ring on mouse enter and removes on mouse leave 23ms
 × src/components/dashboard/HeatmapGrid.test.tsx > HeatmapGrid > Legend > renders color gradient legend 10ms
   → Invalid Chai property: toBeInTheDocument
 ✓ src/components/dashboard/HeatmapGrid.test.tsx > HeatmapGrid > Legend > displays min and max values in legend 6ms
 × src/components/dashboard/HeatmapGrid.test.tsx > HeatmapGrid > Edge Cases > handles empty cells array 19ms
   → Invalid Chai property: toBeInTheDocument
 × src/components/dashboard/HeatmapGrid.test.tsx > HeatmapGrid > Edge Cases > renders cell value as 0 when cell data is missing 13ms
   → Invalid Chai property: toBeInTheDocument
 ✓ src/components/dashboard/HeatmapGrid.test.tsx > HeatmapGrid > Edge Cases > applies custom className 5ms
 × src/components/dashboard/HeatmapGrid.test.tsx > HeatmapGrid > Edge Cases > uses explicit min and max when provided 12ms
   → Invalid Chai property: toBeInTheDocument
 × src/components/dashboard/HeatmapGrid.test.tsx > HeatmapGrid > Accessibility > sets title attribute on cells for tooltip 6ms
   → Invalid Chai property: toHaveAttribute
 × src/components/dashboard/HeatmapGrid.test.tsx > HeatmapGrid > Accessibility > renders a proper table with thead and tbody 5ms
   → Invalid Chai property: toBeInTheDocument
(node:4820) ExperimentalWarning: localStorage is not available because --localstorage-file was not provided.
(Use `node --trace-warnings ...` to show where the warning was created)
 × src/components/dashboard/KPICard.test.tsx > KPICard > renders without crashing 66ms
   → Invalid Chai property: toBeInTheDocument
 × src/components/dashboard/KPICard.test.tsx > KPICard > renders the title 8ms
   → Invalid Chai property: toBeInTheDocument
 × src/components/dashboard/KPICard.test.tsx > KPICard > renders the formatted value as number by default 7ms
   → Invalid Chai property: toBeInTheDocument
 × src/components/dashboard/KPICard.test.tsx > KPICard > formats value as currency 6ms
   → Invalid Chai property: toBeInTheDocument
 × src/components/dashboard/KPICard.test.tsx > KPICard > formats value as percent 6ms
   → Invalid Chai property: toBeInTheDocument
 ✓ src/components/dashboard/KPICard.test.tsx > KPICard > Loading State > renders loading skeleton when loading is true 20ms
 × src/components/dashboard/KPICard.test.tsx > KPICard > Loading State > does not render the title when loading 9ms
   → Invalid Chai property: toBeInTheDocument
 × src/components/dashboard/KPICard.test.tsx > KPICard > Loading State > does not render the value when loading 8ms
   → Invalid Chai property: toBeInTheDocument
 × src/components/dashboard/KPICard.test.tsx > KPICard > Change and Trend > renders positive change with up arrow 6ms
   → Invalid Chai property: toBeInTheDocument
 × src/components/dashboard/KPICard.test.tsx > KPICard > Change and Trend > renders negative change with down arrow 5ms
   → Invalid Chai property: toBeInTheDocument
 × src/components/dashboard/KPICard.test.tsx > KPICard > Change and Trend > renders neutral change with right arrow 5ms
   → Invalid Chai property: toBeInTheDocument
 × src/components/dashboard/KPICard.test.tsx > KPICard > Change and Trend > does not render change when change is undefined 6ms
   → Invalid Chai property: toBeInTheDocument
 × src/components/dashboard/KPICard.test.tsx > KPICard > Change and Trend > applies green color for up trend 7ms
   → Invalid Chai property: toBeInTheDocument
 × src/components/dashboard/KPICard.test.tsx > KPICard > Change and Trend > applies red color for down trend 4ms
   → Invalid Chai property: toBeInTheDocument
 × src/components/dashboard/KPICard.test.tsx > KPICard > Sparkline > renders sparkline when sparklineData is provided 8ms
   → Invalid Chai property: toBeInTheDocument
 × src/components/dashboard/KPICard.test.tsx > KPICard > Sparkline > does not render sparkline when sparklineData is empty 5ms
   → Invalid Chai property: toBeInTheDocument
 × src/components/dashboard/KPICard.test.tsx > KPICard > Sparkline > does not render sparkline when sparklineData is not provided 3ms
   → Invalid Chai property: toBeInTheDocument
 × src/components/dashboard/KPICard.test.tsx > KPICard > Variance Badge > renders favorable variance badge 4ms
   → Invalid Chai property: toBeInTheDocument
 × src/components/dashboard/KPICard.test.tsx > KPICard > Variance Badge > renders unfavorable variance badge 4ms
   → Invalid Chai property: toBeInTheDocument
 × src/components/dashboard/KPICard.test.tsx > KPICard > Variance Badge > renders custom variance label 5ms
   → Invalid Chai property: toBeInTheDocument
 × src/components/dashboard/KPICard.test.tsx > KPICard > Variance Badge > hides change row when varianceBadge is present 5ms
   → Invalid Chai property: toBeInTheDocument
 × src/components/dashboard/KPICard.test.tsx > KPICard > Prior Year and Budget > renders PY and Budget values 6ms
   → Invalid Chai property: toBeInTheDocument
 ✓ src/components/dashboard/KPICard.test.tsx > KPICard > Click Behavior > calls onClick when card is clicked 153ms
 ✓ src/components/dashboard/KPICard.test.tsx > KPICard > Click Behavior > adds cursor-pointer class when onClick is provided 3ms
 × src/components/dashboard/KPICard.test.tsx > KPICard > Click Behavior > does not render as button when onClick is not provided 4ms
   → Invalid Chai property: toBeInTheDocument
 ✓ src/components/dashboard/KPICard.test.tsx > KPICard > Click Behavior > handles Enter key press for accessibility 13ms
 ✓ src/components/dashboard/KPICard.test.tsx > KPICard > Click Behavior > does not trigger onClick on other keys 9ms
(node:4820) ExperimentalWarning: localStorage is not available because --localstorage-file was not provided.
(Use `node --trace-warnings ...` to show where the warning was created)
 ✓ src/engines/FinancialInstrumentsEngine.test.ts > FinancialInstrumentsEngine > Bond Pricing > should calculate bond price at par when coupon equals yield 3ms
 ✓ src/engines/FinancialInstrumentsEngine.test.ts > FinancialInstrumentsEngine > Bond Pricing > should calculate bond price above par when coupon > yield 0ms
 ✓ src/engines/FinancialInstrumentsEngine.test.ts > FinancialInstrumentsEngine > Bond Pricing > should calculate bond price below par when coupon < yield 0ms
 ✓ src/engines/FinancialInstrumentsEngine.test.ts > FinancialInstrumentsEngine > Bond Pricing > should calculate YTM for a bond priced at par 0ms
 ✓ src/engines/FinancialInstrumentsEngine.test.ts > FinancialInstrumentsEngine > Bond Pricing > should calculate duration 0ms
 ✓ src/engines/FinancialInstrumentsEngine.test.ts > FinancialInstrumentsEngine > Bond Pricing > should calculate convexity 0ms
 ✓ src/engines/FinancialInstrumentsEngine.test.ts > FinancialInstrumentsEngine > Bond Pricing > should calculate accrued interest 0ms
 ✓ src/engines/FinancialInstrumentsEngine.test.ts > FinancialInstrumentsEngine > Loan Amortization > should calculate monthly payment 0ms
 ✓ src/engines/FinancialInstrumentsEngine.test.ts > FinancialInstrumentsEngine > Loan Amortization > should generate amortization schedule 2ms
 ✓ src/engines/FinancialInstrumentsEngine.test.ts > FinancialInstrumentsEngine > Loan Amortization > should have decreasing interest over time 0ms
 ✓ src/engines/FinancialInstrumentsEngine.test.ts > FinancialInstrumentsEngine > Loan Amortization > should have increasing principal over time 0ms
 ✓ src/engines/FinancialInstrumentsEngine.test.ts > FinancialInstrumentsEngine > Option Pricing > should calculate call and put prices 0ms
 ✓ src/engines/FinancialInstrumentsEngine.test.ts > FinancialInstrumentsEngine > Option Pricing > should satisfy put-call parity 0ms
 ✓ src/engines/FinancialInstrumentsEngine.test.ts > FinancialInstrumentsEngine > Option Pricing > should calculate Greeks 0ms
 ✓ src/engines/FinancialInstrumentsEngine.test.ts > FinancialInstrumentsEngine > Option Pricing > should have delta near 1 for deep in-the-money calls 0ms
 ✓ src/engines/FinancialInstrumentsEngine.test.ts > FinancialInstrumentsEngine > Option Pricing > should have delta near 0 for deep out-of-the-money calls 0ms
 ✓ src/engines/FinancialInstrumentsEngine.test.ts > FinancialInstrumentsEngine > DCF Valuation > should calculate enterprise value 0ms
 ✓ src/engines/FinancialInstrumentsEngine.test.ts > FinancialInstrumentsEngine > DCF Valuation > should calculate WACC 0ms
 ✓ src/engines/FinancialInstrumentsEngine.test.ts > FinancialInstrumentsEngine > DCF Valuation > should have terminal value as significant portion of EV 0ms
 ✓ src/engines/FinancialInstrumentsEngine.test.ts > FinancialInstrumentsEngine > Comparable Analysis > should calculate EV/Revenue multiple 0ms
 ✓ src/engines/FinancialInstrumentsEngine.test.ts > FinancialInstrumentsEngine > Yield Curve > should interpolate linearly 0ms
 ✓ src/engines/FinancialInstrumentsEngine.test.ts > FinancialInstrumentsEngine > Yield Curve > should return first value for x before range 0ms
 ✓ src/engines/FinancialInstrumentsEngine.test.ts > FinancialInstrumentsEngine > Yield Curve > should return last value for x after range 0ms
 ✓ src/engines/FinancialInstrumentsEngine.test.ts > FinancialInstrumentsEngine > Credit Risk > should calculate expected loss 0ms
 ✓ src/engines/FinancialInstrumentsEngine.test.ts > FinancialInstrumentsEngine > Credit Risk > should return 0 for zero PD 0ms
(node:4820) ExperimentalWarning: localStorage is not available because --localstorage-file was not provided.
(Use `node --trace-warnings ...` to show where the warning was created)
 ✓ src/workers/batch-calc.worker.test.ts > batch-calc.worker > dependency graph and topological sort > processes simple formula A1 = B1 + C1 4ms
 ✓ src/workers/batch-calc.worker.test.ts > batch-calc.worker > dependency graph and topological sort > handles chained dependencies A1 = B1, B1 = C1 1ms
 ✓ src/workers/batch-calc.worker.test.ts > batch-calc.worker > dependency graph and topological sort > detects affected cells through reverse graph 1ms
 ✓ src/workers/batch-calc.worker.test.ts > batch-calc.worker > empty and edge cases > returns initial values for empty cells 1ms
 ✓ src/workers/batch-calc.worker.test.ts > batch-calc.worker > empty and edge cases > converges immediately for single constant 1ms
 ✓ src/workers/batch-calc.worker.test.ts > batch-calc.worker > formula evaluation > evaluates SUM function 1ms
 ✓ src/workers/batch-calc.worker.test.ts > batch-calc.worker > formula evaluation > evaluates AVERAGE function 1ms
 ✓ src/workers/batch-calc.worker.test.ts > batch-calc.worker > formula evaluation > evaluates MAX and MIN functions 1ms
 ✓ src/workers/batch-calc.worker.test.ts > batch-calc.worker > error handling > reports worker errors 1ms
(node:4820) ExperimentalWarning: localStorage is not available because --localstorage-file was not provided.
(Use `node --trace-warnings ...` to show where the warning was created)
 ✓ src/store/workforceStore.test.ts > workforceStore > should have initial empty state after reset 3ms
 ✓ src/store/workforceStore.test.ts > workforceStore > should set employees 2ms
 ✓ src/store/workforceStore.test.ts > workforceStore > should add an employee 2ms
 ✓ src/store/workforceStore.test.ts > workforceStore > should update an employee 1ms
 ✓ src/store/workforceStore.test.ts > workforceStore > should not update non-existent employee 1ms
 ✓ src/store/workforceStore.test.ts > workforceStore > should remove an employee 1ms
 ✓ src/store/workforceStore.test.ts > workforceStore > should set departments 1ms
 ✓ src/store/workforceStore.test.ts > workforceStore > should set payroll periods 1ms
 ✓ src/store/workforceStore.test.ts > workforceStore > should set loading state 1ms
 ✓ src/store/workforceStore.test.ts > workforceStore > should set error state 1ms
 ✓ src/store/workforceStore.test.ts > workforceStore > should clear all data 1ms
 ✓ src/store/workforceStore.test.ts > workforceStore > should filter employees by department 1ms
 ✓ src/store/workforceStore.test.ts > workforceStore > should return empty array for empty employees 0ms
 ✓ src/store/workforceStore.test.ts > workforceStore > should calculate total payroll for active employees 0ms
 ✓ src/store/workforceStore.test.ts > workforceStore > should return 0 total payroll for empty employees 0ms
 ✓ src/store/workforceStore.test.ts > workforceStore > should calculate headcount by department for active employees only 1ms
 ✓ src/store/workforceStore.test.ts > workforceStore > should return empty headcount for empty employees 0ms
(node:4820) ExperimentalWarning: localStorage is not available because --localstorage-file was not provided.
(Use `node --trace-warnings ...` to show where the warning was created)
(node:4820) ExperimentalWarning: localStorage is not available because --localstorage-file was not provided.
(Use `node --trace-warnings ...` to show where the warning was created)
 ✓ src/pages/smoke-sector-scenarios-settings.test.tsx > Sector, Scenarios, Settings smoke tests > SectorPage > renders without crashing 50ms
 ✓ src/pages/smoke-sector-scenarios-settings.test.tsx > Sector, Scenarios, Settings smoke tests > SectorPage > shows empty state with no data 32ms
 ✓ src/engines/AuditEngine.test.ts > AuditEngine > log > creates audit entry with required fields 4ms
 ✓ src/engines/AuditEngine.test.ts > AuditEngine > log > captures old and new values 1ms
 ✓ src/engines/AuditEngine.test.ts > AuditEngine > log > appends to entries list 2ms
 ✓ src/engines/AuditEngine.test.ts > AuditEngine > query > returns all when no filters 1ms
 ✓ src/engines/AuditEngine.test.ts > AuditEngine > query > filters by userId 1ms
 ✓ src/engines/AuditEngine.test.ts > AuditEngine > query > filters by resourceType 1ms
 ✓ src/engines/AuditEngine.test.ts > AuditEngine > query > filters by severity 1ms
 ✓ src/engines/AuditEngine.test.ts > AuditEngine > query > applies limit 0ms
 ✓ src/engines/AuditEngine.test.ts > AuditEngine > query > sorts by timestamp descending 0ms
 ✓ src/engines/AuditEngine.test.ts > AuditEngine > exportCSV > generates CSV with headers and rows 1ms
 ✓ src/engines/AuditEngine.test.ts > AuditEngine > exportCSV > respects filters 0ms
 ✓ src/engines/AuditEngine.test.ts > AuditEngine > exportJSON > returns valid JSON 0ms
 ✓ src/engines/AuditEngine.test.ts > AuditEngine > getStats > counts by severity and resource type 1ms
 ✓ src/engines/AuditEngine.test.ts > AuditEngine > getStats > returns empty stats when no entries 0ms
 ✓ src/engines/AuditEngine.test.ts > AuditEngine > archive > removes entries older than retention 0ms
 ✓ src/engines/AuditEngine.test.ts > AuditEngine > reset > clears all entries 0ms
 ✓ src/pages/smoke-sector-scenarios-settings.test.tsx > Sector, Scenarios, Settings smoke tests > ScenarioBuilderPage > renders without crashing 47ms
 ✓ src/pages/smoke-sector-scenarios-settings.test.tsx > Sector, Scenarios, Settings smoke tests > ScenarioBuilderPage > displays the page heading 35ms
 ✓ src/pages/smoke-sector-scenarios-settings.test.tsx > Sector, Scenarios, Settings smoke tests > BackupRestorePage > renders without crashing 20ms
 ✓ src/pages/smoke-sector-scenarios-settings.test.tsx > Sector, Scenarios, Settings smoke tests > BackupRestorePage > displays the page heading 18ms
 ✓ src/pages/smoke-sector-scenarios-settings.test.tsx > Sector, Scenarios, Settings smoke tests > IntegrationSettingsPage > renders without crashing 39ms
stderr | src/pages/smoke-sector-scenarios-settings.test.tsx > Sector, Scenarios, Settings smoke tests > 
UserManagementPage > renders without crashing
Encountered two children with the same key, `id`. Keys should be unique so that components maintain their identity 
across updates. Non-unique keys may cause children to be duplicated and/or omitted — the behavior is unsupported and 
could change in a future version.

stderr | src/pages/smoke-sector-scenarios-settings.test.tsx > Sector, Scenarios, Settings smoke tests > 
UserManagementPage > displays the page heading
Encountered two children with the same key, `id`. Keys should be unique so that components maintain their identity 
across updates. Non-unique keys may cause children to be duplicated and/or omitted — the behavior is unsupported and 
could change in a future version.

 × src/pages/smoke-sector-scenarios-settings.test.tsx > Sector, Scenarios, Settings smoke tests > IntegrationSettingsPage > displays the page heading 204ms
   → Invalid Chai property: toHaveTextContent
 ✓ src/pages/smoke-sector-scenarios-settings.test.tsx > Sector, Scenarios, Settings smoke tests > SecuritySettingsPage > renders without crashing 22ms
 × src/pages/smoke-sector-scenarios-settings.test.tsx > Sector, Scenarios, Settings smoke tests > SecuritySettingsPage > displays the page heading 32ms
   → Invalid Chai property: toHaveTextContent
 ✓ src/pages/smoke-sector-scenarios-settings.test.tsx > Sector, Scenarios, Settings smoke tests > UserManagementPage > renders without crashing 23ms
 ✓ src/pages/smoke-sector-scenarios-settings.test.tsx > Sector, Scenarios, Settings smoke tests > UserManagementPage > displays the page heading 23ms
(node:4820) ExperimentalWarning: localStorage is not available because --localstorage-file was not provided.
(Use `node --trace-warnings ...` to show where the warning was created)
 ✓ src/components/reports/ReportTemplateLibrary.test.tsx > ReportTemplateLibrary > renders without crashing 73ms
 × src/components/reports/ReportTemplateLibrary.test.tsx > ReportTemplateLibrary > renders the Report Library heading 56ms
   → Invalid Chai property: toBeInTheDocument
 × src/components/reports/ReportTemplateLibrary.test.tsx > ReportTemplateLibrary > renders the Templates tab as active by default 40ms
   → Invalid Chai property: toBeInTheDocument
 × src/components/reports/ReportTemplateLibrary.test.tsx > ReportTemplateLibrary > renders template cards 27ms
   → Invalid Chai property: toBeInTheDocument
 × src/components/reports/ReportTemplateLibrary.test.tsx > ReportTemplateLibrary > renders template descriptions 21ms
   → Invalid Chai property: toBeInTheDocument
 × src/components/reports/ReportTemplateLibrary.test.tsx > ReportTemplateLibrary > renders the search input 27ms
   → Invalid Chai property: toBeInTheDocument
 × src/components/reports/ReportTemplateLibrary.test.tsx > ReportTemplateLibrary > filters templates based on search query 35ms
   → Invalid Chai property: toBeInTheDocument
 × src/components/reports/ReportTemplateLibrary.test.tsx > ReportTemplateLibrary > switches to saved reports tab 49ms
   → Invalid Chai property: toBeInTheDocument
 × src/components/reports/ReportTemplateLibrary.test.tsx > ReportTemplateLibrary > renders saved report count in tab 22ms
   → Invalid Chai property: toBeInTheDocument
 × src/components/reports/ReportTemplateLibrary.test.tsx > ReportTemplateLibrary > renders empty state for saved reports when none exist 40ms
   → Invalid Chai property: toBeInTheDocument
 ✓ src/components/reports/ReportTemplateLibrary.test.tsx > ReportTemplateLibrary > calls onSelectTemplate when a template is clicked 25ms
 ✓ src/components/reports/ReportTemplateLibrary.test.tsx > ReportTemplateLibrary > calls onSelectReport when a saved report is clicked 36ms
 × src/components/reports/ReportTemplateLibrary.test.tsx > ReportTemplateLibrary > renders version badge for saved reports 41ms
   → Invalid Chai property: toBeInTheDocument
(node:4820) ExperimentalWarning: localStorage is not available because --localstorage-file was not provided.
(Use `node --trace-warnings ...` to show where the warning was created)
 ✓ src/components/reports/ReportTemplateLibrary.test.tsx > ReportTemplateLibrary > renders clone button when onCloneReport is provided 247ms
 ✓ src/components/reports/ReportTemplateLibrary.test.tsx > ReportTemplateLibrary > renders delete button when onDeleteReport is provided 83ms
 × src/components/reports/ReportTemplateLibrary.test.tsx > ReportTemplateLibrary > filters saved reports by search query 34ms
   → Invalid Chai property: toBeInTheDocument
(node:4820) ExperimentalWarning: localStorage is not available because --localstorage-file was not provided.
(Use `node --trace-warnings ...` to show where the warning was created)
 ✓ src/pages/smoke-new-sectors.test.tsx > New Sector Page Smoke Tests > ManufacturingPage (ProductionDashboardPage) > renders without crashing 48ms
 × src/pages/smoke-new-sectors.test.tsx > New Sector Page Smoke Tests > ManufacturingPage (ProductionDashboardPage) > displays the no-data state when entries are empty 39ms
   → Invalid Chai property: toBeInTheDocument
 ✓ src/pages/smoke-new-sectors.test.tsx > New Sector Page Smoke Tests > LogisticsPage > renders without crashing 13ms
 × src/pages/smoke-new-sectors.test.tsx > New Sector Page Smoke Tests > LogisticsPage > displays the no-data state when entries are empty 9ms
   → Invalid Chai property: toBeInTheDocument
 ✓ src/pages/smoke-new-sectors.test.tsx > New Sector Page Smoke Tests > GovernmentPage > renders without crashing 8ms
 × src/pages/smoke-new-sectors.test.tsx > New Sector Page Smoke Tests > GovernmentPage > displays the no-data state when entries are empty 9ms
   → Invalid Chai property: toBeInTheDocument
 ✓ src/pages/smoke-new-sectors.test.tsx > New Sector Page Smoke Tests > EducationPage > renders without crashing 6ms
 × src/pages/smoke-new-sectors.test.tsx > New Sector Page Smoke Tests > EducationPage > displays the no-data state when entries are empty 10ms
   → Invalid Chai property: toBeInTheDocument
 ✓ src/pages/smoke-new-sectors.test.tsx > New Sector Page Smoke Tests > SectorPage > renders without crashing 12ms
 × src/pages/smoke-new-sectors.test.tsx > New Sector Page Smoke Tests > SectorPage > displays the no-data state when entries are empty 9ms
   → Invalid Chai property: toBeInTheDocument
 ✓ src/components/auth/ProtectedRoute.test.tsx > hasMinimumRole > returns true when candidate equals required role 3ms
 ✓ src/components/auth/ProtectedRoute.test.tsx > hasMinimumRole > returns true when candidate is more privileged than required 1ms
 ✓ src/components/auth/ProtectedRoute.test.tsx > hasMinimumRole > returns true for Admin > FP&A_Manager 1ms
 ✓ src/components/auth/ProtectedRoute.test.tsx > hasMinimumRole > returns true for FP&A_Manager > Analyst 0ms
 ✓ src/components/auth/ProtectedRoute.test.tsx > hasMinimumRole > returns true for Analyst > Department_Head 0ms
 ✓ src/components/auth/ProtectedRoute.test.tsx > hasMinimumRole > returns true for Department_Head > Viewer 0ms
 ✓ src/components/auth/ProtectedRoute.test.tsx > hasMinimumRole > returns false when candidate is less privileged 0ms
 ✓ src/components/auth/ProtectedRoute.test.tsx > hasMinimumRole > returns false for Viewer vs Analyst 0ms
 ✓ src/components/auth/ProtectedRoute.test.tsx > hasMinimumRole > returns false for unknown candidate role 0ms
 ✓ src/components/auth/ProtectedRoute.test.tsx > hasAllowedRole > returns false when user is null 0ms
 ✓ src/components/auth/ProtectedRoute.test.tsx > hasAllowedRole > returns false when allowedRoles is empty 0ms
 ✓ src/components/auth/ProtectedRoute.test.tsx > hasAllowedRole > returns true when user role is in the list 0ms
 ✓ src/components/auth/ProtectedRoute.test.tsx > hasAllowedRole > returns false when user role is not in the list 0ms
 ✓ src/components/auth/ProtectedRoute.test.tsx > hasAllowedRole > works with a single-role list 0ms
 × src/components/auth/ProtectedRoute.test.tsx > ProtectedRoute > redirects to /login when not authenticated 67ms
   → Invalid Chai property: toBeInTheDocument
 × src/components/auth/ProtectedRoute.test.tsx > ProtectedRoute > renders children when authenticated with no role restrictions 9ms
   → Invalid Chai property: toBeInTheDocument
 × src/components/auth/ProtectedRoute.test.tsx > ProtectedRoute > renders children when user role is in roles list 7ms
   → Invalid Chai property: toBeInTheDocument
 × src/components/auth/ProtectedRoute.test.tsx > ProtectedRoute > shows access denied when user role is not in roles list 15ms
   → Invalid Chai property: toBeInTheDocument
 × src/components/auth/ProtectedRoute.test.tsx > ProtectedRoute > allows Analyst on Analyst-only route 9ms
   → Invalid Chai property: toBeInTheDocument
 × src/components/auth/ProtectedRoute.test.tsx > ProtectedRoute > blocks Viewer from Analyst-only route 13ms
   → Invalid Chai property: toBeInTheDocument
 × src/components/auth/ProtectedRoute.test.tsx > ProtectedRoute > role "Admin" with roles Admin → true 5ms
   → Invalid Chai property: toBeInTheDocument
 × src/components/auth/ProtectedRoute.test.tsx > ProtectedRoute > role "Admin" with roles Admin,FP&A_Manager,Analyst,Department_Head,Viewer → true 5ms
   → Invalid Chai property: toBeInTheDocument
 × src/components/auth/ProtectedRoute.test.tsx > ProtectedRoute > role "FP&A_Manager" with roles Admin → false 7ms
   → Invalid Chai property: toBeInTheDocument
 × src/components/auth/ProtectedRoute.test.tsx > ProtectedRoute > role "FP&A_Manager" with roles Admin,FP&A_Manager → true 5ms
   → Invalid Chai property: toBeInTheDocument
 × src/components/auth/ProtectedRoute.test.tsx > ProtectedRoute > role "Analyst" with roles Admin,FP&A_Manager → false 5ms
   → Invalid Chai property: toBeInTheDocument
 × src/components/auth/ProtectedRoute.test.tsx > ProtectedRoute > role "Analyst" with roles Admin,FP&A_Manager,Analyst → true 4ms
   → Invalid Chai property: toBeInTheDocument
 × src/components/auth/ProtectedRoute.test.tsx > ProtectedRoute > role "Department_Head" with roles Admin,FP&A_Manager,Analyst → false 5ms
   → Invalid Chai property: toBeInTheDocument
 × src/components/auth/ProtectedRoute.test.tsx > ProtectedRoute > role "Department_Head" with roles Admin,FP&A_Manager,Analyst,Department_Head → true 3ms
   → Invalid Chai property: toBeInTheDocument
 × src/components/auth/ProtectedRoute.test.tsx > ProtectedRoute > role "Viewer" with roles Admin,FP&A_Manager,Analyst,Department_Head,Viewer → true 3ms
   → Invalid Chai property: toBeInTheDocument
 × src/components/auth/ProtectedRoute.test.tsx > ProtectedRoute > role "Viewer" with roles Admin → false 6ms
   → Invalid Chai property: toBeInTheDocument
(node:4820) ExperimentalWarning: localStorage is not available because --localstorage-file was not provided.
(Use `node --trace-warnings ...` to show where the warning was created)
 ✓ src/components/reports/ReportBuilder.test.tsx > ReportBuilder > renders without crashing 235ms
 × src/components/reports/ReportBuilder.test.tsx > ReportBuilder > renders the report name input with default value 152ms
   → Invalid Chai property: toBeInTheDocument
 × src/components/reports/ReportBuilder.test.tsx > ReportBuilder > renders the save button 497ms
   → Invalid Chai property: toBeInTheDocument
 × src/components/reports/ReportBuilder.test.tsx > ReportBuilder > renders the preview toggle button 103ms
   → Invalid Chai property: toBeInTheDocument
 × src/components/reports/ReportBuilder.test.tsx > ReportBuilder > renders undo and redo buttons 63ms
   → Invalid Chai property: toBeInTheDocument
 × src/components/reports/ReportBuilder.test.tsx > ReportBuilder > renders the rows panel by default 28ms
   → Invalid Chai property: toBeInTheDocument
 × src/components/reports/ReportBuilder.test.tsx > ReportBuilder > renders row type options 36ms
   → Invalid Chai property: toBeInTheDocument
 × src/components/reports/ReportBuilder.test.tsx > ReportBuilder > renders the empty rows placeholder 25ms
   → Invalid Chai property: toBeInTheDocument
 × src/components/reports/ReportBuilder.test.tsx > ReportBuilder > renders the live preview panel 26ms
   → Invalid Chai property: toBeInTheDocument
 × src/components/reports/ReportBuilder.test.tsx > ReportBuilder > renders with initial report prop 20ms
   → Invalid Chai property: toBeInTheDocument
 × src/components/reports/ReportBuilder.test.tsx > ReportBuilder > applies custom className 34ms
   → Invalid Chai property: toHaveClass
 × src/components/reports/ReportBuilder.test.tsx > ReportBuilder > has correct aria-label on region 38ms
   → Invalid Chai property: toBeInTheDocument
 × src/components/reports/ReportBuilder.test.tsx > ReportBuilder > renders formula tab 18ms
   → Invalid Chai property: toBeInTheDocument
 × src/components/reports/ReportBuilder.test.tsx > ReportBuilder > renders format tab 18ms
   → Invalid Chai property: toBeInTheDocument
 × src/components/reports/ReportBuilder.test.tsx > ReportBuilder > renders export tab 17ms
   → Invalid Chai property: toBeInTheDocument
 × src/components/reports/ReportBuilder.test.tsx > ReportBuilder > renders add row button 45ms
   → Invalid Chai property: toBeInTheDocument
 × src/components/reports/ReportBuilder.test.tsx > ReportBuilder > renders add column button 68ms
   → Invalid Chai property: toBeInTheDocument
(node:4820) ExperimentalWarning: localStorage is not available because --localstorage-file was not provided.
(Use `node --trace-warnings ...` to show where the warning was created)
 ✓ src/engines/WorkflowActionEngine.test.ts > WorkflowActionEngine > createAction > creates a notify action 4ms
 ✓ src/engines/WorkflowActionEngine.test.ts > WorkflowActionEngine > createAction > creates a calculate action 1ms
 ✓ src/engines/WorkflowActionEngine.test.ts > WorkflowActionEngine > createAction > creates with default empty config 1ms
 ✓ src/engines/WorkflowActionEngine.test.ts > WorkflowActionEngine > getAction / listActions > retrieves an action by id 0ms
 ✓ src/engines/WorkflowActionEngine.test.ts > WorkflowActionEngine > getAction / listActions > returns undefined for missing id 1ms
 ✓ src/engines/WorkflowActionEngine.test.ts > WorkflowActionEngine > getAction / listActions > lists all actions 0ms
 ✓ src/engines/WorkflowActionEngine.test.ts > WorkflowActionEngine > deleteAction > deletes an existing action 1ms
 ✓ src/engines/WorkflowActionEngine.test.ts > WorkflowActionEngine > deleteAction > returns false for non-existent id 0ms
 ✓ src/engines/WorkflowActionEngine.test.ts > WorkflowActionEngine > updateActionConfig > merges config properties 2ms
 ✓ src/engines/WorkflowActionEngine.test.ts > WorkflowActionEngine > updateActionConfig > returns false for non-existent action 1ms
 ✓ src/engines/WorkflowActionEngine.test.ts > WorkflowActionEngine > setInputMapping / setOutputMapping > sets input mapping 0ms
 ✓ src/engines/WorkflowActionEngine.test.ts > WorkflowActionEngine > setInputMapping / setOutputMapping > sets output mapping 0ms
 ✓ src/engines/WorkflowActionEngine.test.ts > WorkflowActionEngine > execute > executes a notify action 1ms
 ✓ src/engines/WorkflowActionEngine.test.ts > WorkflowActionEngine > execute > executes a calculate action 1ms
 ✓ src/engines/WorkflowActionEngine.test.ts > WorkflowActionEngine > execute > executes a validate action with rules 1ms
 ✓ src/engines/WorkflowActionEngine.test.ts > WorkflowActionEngine > execute > returns failed for non-existent action 0ms
 ✓ src/engines/WorkflowActionEngine.test.ts > WorkflowActionEngine > execute > records duration 0ms
 ✓ src/engines/WorkflowActionEngine.test.ts > WorkflowActionEngine > getResults / clearResults > stores execution results 0ms
 ✓ src/engines/WorkflowActionEngine.test.ts > WorkflowActionEngine > getResults / clearResults > filters results by action id 0ms
 ✓ src/engines/WorkflowActionEngine.test.ts > WorkflowActionEngine > getResults / clearResults > clears all results 0ms
 ✓ src/engines/WorkflowActionEngine.test.ts > WorkflowActionEngine > templates > returns action templates 0ms
 ✓ src/engines/WorkflowActionEngine.test.ts > WorkflowActionEngine > templates > filters templates by category 0ms
 ✓ src/engines/WorkflowActionEngine.test.ts > WorkflowActionEngine > templates > creates action from template 1ms
 ✓ src/engines/WorkflowActionEngine.test.ts > WorkflowActionEngine > serialize / deserialize > round-trips actions and results 0ms
 ✓ src/engines/WorkflowActionEngine.test.ts > WorkflowActionEngine > serialize / deserialize > returns false for invalid JSON 0ms
(node:4820) ExperimentalWarning: localStorage is not available because --localstorage-file was not provided.
(Use `node --trace-warnings ...` to show where the warning was created)
 × src/components/ui/CircularReferenceWarning.test.tsx > CircularReferenceWarning > renders without crashing 72ms
   → Invalid Chai property: toBeInTheDocument
 ✓ src/components/ui/CircularReferenceWarning.test.tsx > CircularReferenceWarning > renders null when cycles is empty 2ms
 × src/components/ui/CircularReferenceWarning.test.tsx > CircularReferenceWarning > renders cycle count 17ms
   → Invalid Chai property: toBeInTheDocument
 × src/components/ui/CircularReferenceWarning.test.tsx > CircularReferenceWarning > renders multiple cycle counts 5ms
   → Invalid Chai property: toBeInTheDocument
 × src/components/ui/CircularReferenceWarning.test.tsx > CircularReferenceWarning > renders converged status 5ms
   → Invalid Chai property: toBeInTheDocument
 × src/components/ui/CircularReferenceWarning.test.tsx > CircularReferenceWarning > renders diverged status 4ms
   → Invalid Chai property: toBeInTheDocument
 × src/components/ui/CircularReferenceWarning.test.tsx > CircularReferenceWarning > renders max-iterations status 15ms
   → Invalid Chai property: toBeInTheDocument
 × src/components/ui/CircularReferenceWarning.test.tsx > CircularReferenceWarning > toggles expanded state 21ms
   → Invalid Chai property: toBeInTheDocument
 × src/components/ui/CircularReferenceWarning.test.tsx > CircularReferenceWarning > toggles settings panel 10ms
   → Invalid Chai property: toBeInTheDocument
 × src/components/ui/CircularReferenceWarning.test.tsx > CircularReferenceWarning > renders recalculate button when onRecalc is provided 4ms
   → Invalid Chai property: toBeInTheDocument
 ✓ src/components/ui/CircularReferenceWarning.test.tsx > CircularReferenceWarning > calls onRecalc when recalculate button is clicked 18ms
 × src/components/ui/CircularReferenceWarning.test.tsx > CircularReferenceWarning > does not render recalculate button when onRecalc is not provided 3ms
   → Invalid Chai property: toBeInTheDocument
 × src/components/ui/CircularReferenceWarning.test.tsx > CircularReferenceWarning > shows convergence details when expanded 21ms
   → Invalid Chai property: toBeInTheDocument
 ✓ src/components/ui/CircularReferenceWarning.test.tsx > CircularReferenceWarning > calls onConfigChange when iterative calc is toggled 16ms
 ✓ src/components/ui/CircularReferenceWarning.test.tsx > CircularCellIndicator > renders null when not circular 2ms
 × src/components/ui/CircularReferenceWarning.test.tsx > CircularCellIndicator > renders warning icon when circular 6ms
   → Invalid Chai property: toBeInTheDocument
 ✓ src/components/ui/CircularReferenceWarning.test.tsx > CircularCellIndicator > applies custom className 2ms
 ✓ src/components/ui/CircularReferenceWarning.test.tsx > useIterativeConfig > returns default config when no initial provided 2ms
 ✓ src/components/ui/CircularReferenceWarning.test.tsx > useIterativeConfig > merges initial config with defaults 1ms
 ✓ src/components/ui/CircularReferenceWarning.test.tsx > useIterativeConfig > updates config via setConfig 1ms
 ✓ src/components/ui/CircularReferenceWarning.test.tsx > useIterativeConfig > resets config to defaults 1ms
(node:4820) ExperimentalWarning: localStorage is not available because --localstorage-file was not provided.
(Use `node --trace-warnings ...` to show where the warning was created)
(node:4820) ExperimentalWarning: localStorage is not available because --localstorage-file was not provided.
(Use `node --trace-warnings ...` to show where the warning was created)
 ✓ src/components/reports/FinancialStatementTemplates.test.tsx > ProfitLossStatement > renders without crashing 78ms
 × src/components/reports/FinancialStatementTemplates.test.tsx > ProfitLossStatement > renders the Income Statement heading 74ms
   → Invalid Chai property: toBeInTheDocument
 × src/components/reports/FinancialStatementTemplates.test.tsx > ProfitLossStatement > renders default subtitle with Company and FY 2026 42ms
   → Invalid Chai property: toBeInTheDocument
 × src/components/reports/FinancialStatementTemplates.test.tsx > ProfitLossStatement > renders with custom props 34ms
   → Invalid Chai property: toBeInTheDocument
 × src/components/reports/FinancialStatementTemplates.test.tsx > ProfitLossStatement > renders table headers 66ms
   → Invalid Chai property: toBeInTheDocument
 × src/components/reports/FinancialStatementTemplates.test.tsx > ProfitLossStatement > renders key financial line items 34ms
   → Invalid Chai property: toBeInTheDocument
(node:4820) ExperimentalWarning: localStorage is not available because --localstorage-file was not provided.
(Use `node --trace-warnings ...` to show where the warning was created)
 × src/components/reports/FinancialStatementTemplates.test.tsx > ProfitLossStatement > renders export buttons when onExport is provided 195ms
   → Invalid Chai property: toBeInTheDocument
 × src/components/reports/FinancialStatementTemplates.test.tsx > ProfitLossStatement > does not render export buttons when onExport is not provided 30ms
   → Invalid Chai property: toBeInTheDocument
 ✓ src/components/reports/FinancialStatementTemplates.test.tsx > ProfitLossStatement > calls onExport with correct format 63ms
 × src/components/dashboard/TornadoChart.test.tsx > TornadoChart > renders without crashing 79ms
   → Invalid Chai property: toBeInTheDocument
 × src/components/dashboard/TornadoChart.test.tsx > TornadoChart > renders the chart container 11ms
   → Invalid Chai property: toBeInTheDocument
 × src/components/reports/FinancialStatementTemplates.test.tsx > ProfitLossStatement > renders data values when provided 30ms
   → Invalid Chai property: toBeInTheDocument
 ✓ src/components/reports/FinancialStatementTemplates.test.tsx > BalanceSheet > renders without crashing 26ms
 × src/components/reports/FinancialStatementTemplates.test.tsx > BalanceSheet > renders the Balance Sheet heading 46ms
   → Invalid Chai property: toBeInTheDocument
 × src/components/dashboard/TornadoChart.test.tsx > TornadoChart > renders all chart components 13ms
   → Invalid Chai property: toBeInTheDocument
 × src/components/dashboard/TornadoChart.test.tsx > TornadoChart > renders title when provided 17ms
   → Invalid Chai property: toBeInTheDocument
 × src/components/dashboard/TornadoChart.test.tsx > TornadoChart > does not render title when not provided 10ms
   → Invalid Chai property: toBeInTheDocument
 × src/components/dashboard/TornadoChart.test.tsx > TornadoChart > Legend > renders the legend with downside, base case, and upside 16ms
   → Invalid Chai property: toBeInTheDocument
 ✓ src/components/dashboard/TornadoChart.test.tsx > TornadoChart > Variables > passes correct number of items to chart data 9ms
 × src/components/dashboard/TornadoChart.test.tsx > TornadoChart > Variables > sorts variables by absolute max delta (largest first) 8ms
   → Invalid Chai property: toBeInTheDocument
 × src/components/dashboard/TornadoChart.test.tsx > TornadoChart > Dimensions > renders chart with default height via style on wrapper div 9ms
   → Invalid Chai property: toBeInTheDocument
 × src/components/dashboard/TornadoChart.test.tsx > TornadoChart > Dimensions > renders chart with custom height via style on wrapper div 8ms
   → Invalid Chai property: toBeInTheDocument
 × src/components/dashboard/TornadoChart.test.tsx > TornadoChart > Base Case > uses 0 as default base case when not provided 6ms
   → Invalid Chai property: toBeInTheDocument
 × src/components/dashboard/TornadoChart.test.tsx > TornadoChart > Base Case > uses custom base case when provided 6ms
   → Invalid Chai property: toBeInTheDocument
 × src/components/dashboard/TornadoChart.test.tsx > TornadoChart > Base Case > falls back to baseValue on variable when baseCase is not provided 6ms
   → Invalid Chai property: toBeInTheDocument
 × src/components/reports/FinancialStatementTemplates.test.tsx > BalanceSheet > renders table headers 31ms
   → Invalid Chai property: toBeInTheDocument
 × src/components/reports/FinancialStatementTemplates.test.tsx > BalanceSheet > renders key balance sheet line items 39ms
   → Invalid Chai property: toBeInTheDocument
 × src/components/reports/FinancialStatementTemplates.test.tsx > BalanceSheet > renders export buttons when onExport is provided 39ms
   → Invalid Chai property: toBeInTheDocument
 ✓ src/components/dashboard/TornadoChart.test.tsx > TornadoChart > Props > applies custom className 7ms
 ✓ src/components/dashboard/TornadoChart.test.tsx > TornadoChart > Edge Cases > handles single variable 6ms
 × src/components/dashboard/TornadoChart.test.tsx > TornadoChart > Edge Cases > handles variables with zero delta 6ms
   → Invalid Chai property: toBeInTheDocument
 × src/components/dashboard/TornadoChart.test.tsx > TornadoChart > Edge Cases > handles variables without explicit baseValue 6ms
   → Invalid Chai property: toBeInTheDocument
 × src/components/dashboard/TornadoChart.test.tsx > TornadoChart > Edge Cases > handles empty variables array 5ms
   → Invalid Chai property: toBeInTheDocument
 ✓ src/components/reports/FinancialStatementTemplates.test.tsx > CashFlowStatement > renders without crashing 27ms
 × src/components/reports/FinancialStatementTemplates.test.tsx > CashFlowStatement > renders the Cash Flow Statement heading 34ms
   → Invalid Chai property: toBeInTheDocument
 × src/components/reports/FinancialStatementTemplates.test.tsx > CashFlowStatement > renders quarterly column headers 37ms
   → Invalid Chai property: toBeInTheDocument
 × src/components/reports/FinancialStatementTemplates.test.tsx > CashFlowStatement > renders key cash flow line items 32ms
   → Invalid Chai property: toBeInTheDocument
 ✓ src/components/reports/FinancialStatementTemplates.test.tsx > BudgetVsActual > renders without crashing 14ms
 × src/components/reports/FinancialStatementTemplates.test.tsx > BudgetVsActual > renders the Budget vs Actual heading 19ms
   → Invalid Chai property: toBeInTheDocument
 × src/components/reports/FinancialStatementTemplates.test.tsx > BudgetVsActual > renders BvA table headers 17ms
   → Invalid Chai property: toBeInTheDocument
 × src/components/reports/FinancialStatementTemplates.test.tsx > BudgetVsActual > renders key BvA line items 29ms
   → Invalid Chai property: toBeInTheDocument
 × src/components/reports/FinancialStatementTemplates.test.tsx > BudgetVsActual > renders data with status badges 32ms
   → Invalid Chai property: toBeInTheDocument
 × src/components/reports/FinancialStatementTemplates.test.tsx > BudgetVsActual > renders unfavorable status for negative values 40ms
   → Invalid Chai property: toBeInTheDocument
 × src/components/dashboard/DashboardTemplate.test.tsx > DashboardTemplate > renders without crashing with default props 116ms
   → Invalid Chai property: toBeInTheDocument
 × src/components/dashboard/DashboardTemplate.test.tsx > DashboardTemplate > renders all three view toggle buttons 37ms
   → Invalid Chai property: toBeInTheDocument
 ✓ src/components/dashboard/DashboardTemplate.test.tsx > DashboardTemplate > highlights the active view button 38ms
 ✓ src/components/dashboard/DashboardTemplate.test.tsx > DashboardTemplate > CFO View > renders KPI cards in CFO view 34ms
 × src/components/dashboard/DashboardTemplate.test.tsx > DashboardTemplate > CFO View > renders SankeyDiagram in CFO view 14ms
   → Invalid Chai property: toBeInTheDocument
 × src/components/dashboard/DashboardTemplate.test.tsx > DashboardTemplate > CFO View > renders TrafficLightBatch in CFO view 13ms
   → Invalid Chai property: toBeInTheDocument
 × src/components/dashboard/DashboardTemplate.test.tsx > DashboardTemplate > CFO View > does not render HeatmapGrid in CFO view 9ms
   → Invalid Chai property: toBeInTheDocument
 × src/components/dashboard/DashboardTemplate.test.tsx > DashboardTemplate > CFO View > does not render TornadoChart in CFO view 24ms
   → Invalid Chai property: toBeInTheDocument
 × src/components/dashboard/DashboardTemplate.test.tsx > DashboardTemplate > CFO View > does not render ActivityFeed in CFO view 15ms
   → Invalid Chai property: toBeInTheDocument
 × src/components/dashboard/DashboardTemplate.test.tsx > DashboardTemplate > Controller View > switches to controller view on button click 37ms
   → Invalid Chai property: toBeInTheDocument
 ✓ src/components/dashboard/DashboardTemplate.test.tsx > DashboardTemplate > Controller View > renders KPI cards in controller view 10ms
 × src/components/dashboard/DashboardTemplate.test.tsx > DashboardTemplate > Controller View > renders HeatmapGrid in controller view 14ms
   → Invalid Chai property: toBeInTheDocument
 × src/components/dashboard/DashboardTemplate.test.tsx > DashboardTemplate > Controller View > renders TrafficLightBatch in controller view 14ms
   → Invalid Chai property: toBeInTheDocument
 × src/components/dashboard/DashboardTemplate.test.tsx > DashboardTemplate > Controller View > does not render SankeyDiagram in controller view 13ms
   → Invalid Chai property: toBeInTheDocument
 × src/components/dashboard/DashboardTemplate.test.tsx > DashboardTemplate > Controller View > does not render TornadoChart in controller view 14ms
   → Invalid Chai property: toBeInTheDocument
 × src/components/dashboard/DashboardTemplate.test.tsx > DashboardTemplate > Analyst View > switches to analyst view on button click 19ms
   → Invalid Chai property: toBeInTheDocument
 × src/components/dashboard/DashboardTemplate.test.tsx > DashboardTemplate > Analyst View > renders all major widgets in analyst view 5ms
   → Invalid Chai property: toBeInTheDocument
 ✓ src/components/dashboard/DashboardTemplate.test.tsx > DashboardTemplate > Props > applies custom className 6ms
 × src/components/dashboard/DashboardTemplate.test.tsx > DashboardTemplate > Props > uses custom KPIs when provided 9ms
   → Invalid Chai property: toBeInTheDocument
 ✓ src/components/dashboard/DashboardTemplate.test.tsx > DashboardTemplate > Props > calls onKPIClick when KPI drill-down is triggered 15ms
 ✓ src/components/dashboard/DashboardTemplate.test.tsx > DashboardTemplate > Props > calls onCellClick when heatmap cell is clicked 18ms
 × src/components/dashboard/DashboardTemplate.test.tsx > DashboardTemplate > Props > uses custom activities when provided 4ms
   → Invalid Chai property: toBeInTheDocument
(node:4820) ExperimentalWarning: localStorage is not available because --localstorage-file was not provided.
(Use `node --trace-warnings ...` to show where the warning was created)
 ✓ src/engines/AuditLogEngine.test.ts > AuditLogEngine > should initialize with default config 3ms
 ✓ src/engines/AuditLogEngine.test.ts > AuditLogEngine > should log an entry 1ms
 ✓ src/engines/AuditLogEngine.test.ts > AuditLogEngine > should get recent entries 0ms
 ✓ src/engines/AuditLogEngine.test.ts > AuditLogEngine > should filter by userId 0ms
 ✓ src/engines/AuditLogEngine.test.ts > AuditLogEngine > should filter by action 0ms
 ✓ src/engines/AuditLogEngine.test.ts > AuditLogEngine > should filter by resource 0ms
 ✓ src/engines/AuditLogEngine.test.ts > AuditLogEngine > should get by resource 1ms
 ✓ src/engines/AuditLogEngine.test.ts > AuditLogEngine > should get by user 0ms
 ✓ src/engines/AuditLogEngine.test.ts > AuditLogEngine > should get by user with limit 0ms
 ✓ src/engines/AuditLogEngine.test.ts > AuditLogEngine > should get stats 1ms
 ✓ src/engines/AuditLogEngine.test.ts > AuditLogEngine > should export to CSV 0ms
 ✓ src/engines/AuditLogEngine.test.ts > AuditLogEngine > should enforce max entries 0ms
 ✓ src/engines/AuditLogEngine.test.ts > AuditLogEngine > should handle all audit actions 0ms
(node:4820) ExperimentalWarning: localStorage is not available because --localstorage-file was not provided.
(Use `node --trace-warnings ...` to show where the warning was created)
stdout | src/store/authStore.test.ts > authStore > should logout and clear state
[TokenRotation] Stopping token rotation

 ✓ src/store/authStore.test.ts > authStore > should have correct initial state 3ms
 ✓ src/store/authStore.test.ts > authStore > should logout and clear state 2ms
 ✓ src/store/authStore.test.ts > authStore > should set user 1ms
 ✓ src/store/authStore.test.ts > authStore > should switch entity 0ms
(node:4820) ExperimentalWarning: localStorage is not available because --localstorage-file was not provided.
(Use `node --trace-warnings ...` to show where the warning was created)
stdout | src/store/authStore.test.ts > authStore > should login with valid mock user
[TokenRotation] Starting token rotation
[TokenRotation] Scheduled refresh in 600s
[TokenRotation] 401 interceptor installed

 ✓ src/store/authStore.test.ts > authStore > should login with valid mock user 516ms
(node:4820) ExperimentalWarning: localStorage is not available because --localstorage-file was not provided.
(Use `node --trace-warnings ...` to show where the warning was created)
 ✓ src/hooks/useTauriMenu.test.ts > useTauriMenu > should set up Tauri event listener on mount 20ms
 ✓ src/hooks/useTauriMenu.test.ts > useTauriMenu > should call onAction callback when menu event fires 3ms
 ✓ src/hooks/useTauriMenu.test.ts > useTauriMenu > should dispatch custom events for file operations 7ms
 ✓ src/hooks/useTauriMenu.test.ts > useTauriMenu > should navigate for route-based menu actions 2ms
 ✓ src/hooks/useTauriMenu.test.ts > useTauriMenu > should call window.print for print action 2ms
 ✓ src/hooks/useTauriMenu.test.ts > useTauriMenu > should cleanup listener on unmount 1ms
 ✓ src/hooks/useTauriMenu.test.ts > useTauriMenu > should handle unknown menu actions gracefully 1ms
 ✓ src/hooks/useTauriMenu.test.ts > useTauriMenu > should work without onAction callback 1ms
 ✓ src/hooks/useTauriMenu.test.ts > useGlobalShortcuts > should register global shortcuts on mount 2ms
 ✓ src/hooks/useTauriMenu.test.ts > useGlobalShortcuts > should dispatch quick-add event on Ctrl+Shift+F 2ms
 ✓ src/hooks/useTauriMenu.test.ts > useGlobalShortcuts > should dispatch toggle-window event on Ctrl+Shift+B 3ms
 ✓ src/hooks/useTauriMenu.test.ts > useGlobalShortcuts > should handle import failure gracefully (non-Tauri env) 1ms
 ✓ src/store/authStore.test.ts > authStore > should reject invalid email 518ms
 ✓ src/store/authStore.test.ts > authStore > should reject empty email 1ms
(node:4820) ExperimentalWarning: localStorage is not available because --localstorage-file was not provided.
(Use `node --trace-warnings ...` to show where the warning was created)
 × src/components/ui/TourOverlay.test.tsx > TourOverlay > renders when tour is active 69ms
   → Invalid Chai property: toBeInTheDocument
 ✓ src/components/ui/TourOverlay.test.tsx > TourOverlay > renders nothing when tour is not active 2ms
 × src/components/ui/TourOverlay.test.tsx > TourOverlay > renders the current step title 9ms
   → Invalid Chai property: toBeInTheDocument
 × src/components/ui/TourOverlay.test.tsx > TourOverlay > renders the current step content 8ms
   → Invalid Chai property: toBeInTheDocument
 ✓ src/components/ui/TourOverlay.test.tsx > TourOverlay > renders step indicator dots 9ms
 × src/components/ui/TourOverlay.test.tsx > TourOverlay > shows Next button 6ms
   → Invalid Chai property: toBeInTheDocument
 × src/components/ui/TourOverlay.test.tsx > TourOverlay > does not show Back button on first step 8ms
   → Invalid Chai property: toBeInTheDocument
 × src/components/ui/TourOverlay.test.tsx > TourOverlay > shows Back button on non-first steps 6ms
   → Invalid Chai property: toBeInTheDocument
 ✓ src/components/ui/TourOverlay.test.tsx > TourOverlay > calls nextStep when Next is clicked 9ms
 ✓ src/components/ui/TourOverlay.test.tsx > TourOverlay > calls prevStep when Back is clicked 6ms
 × src/components/ui/TourOverlay.test.tsx > TourOverlay > shows Finish text on last step 8ms
   → Invalid Chai property: toBeInTheDocument
 ✓ src/components/ui/TourOverlay.test.tsx > TourOverlay > calls nextStep (which ends tour) when Finish is clicked 7ms
 × src/components/ui/TourOverlay.test.tsx > TourOverlay > calls stopTour when X button is clicked 130ms
   → Unable to find an accessible element with the role "button" and name ""

Here are the accessible roles:

  heading:

  Name "Step One":
  [36m<h3[39m
    [33mclass[39m=[32m"font-bold text-white"[39m
  [36m/>[39m

  --------------------------------------------------
  button:

  Name "Close tour":
  [36m<button[39m
    [33maria-label[39m=[32m"Close tour"[39m
    [33mclass[39m=[32m"text-slate-500 hover:text-white transition-colors"[39m
  [36m/>[39m

  Name "Next":
  [36m<button[39m
    [33mdata-size[39m=[32m"sm"[39m
  [36m/>[39m

  --------------------------------------------------
  paragraph:

  Name "":
  [36m<p[39m
    [33mclass[39m=[32m"text-sm text-slate-400 mb-6 leading-relaxed"[39m
  [36m/>[39m

  --------------------------------------------------

Ignored nodes: comments, script, style
[36m<body>[39m
  [36m<div>[39m
    [36m<div[39m
      [33mclass[39m=[32m"fixed inset-0 z-[9999] pointer-events-none"[39m
    [36m>[39m
      [36m<div[39m
        [33mclass[39m=[32m"absolute inset-0 bg-black/50 transition-opacity"[39m
        [33mstyle[39m=[32m"clip-path: polygon(
          0% 0%, 
          0% 100%, 
          0px 100%, 
          0px 0px, 
          0px 0px, 
          0px 0px, 
          0px 0px, 
          0px 100%, 
          100% 100%, 
          100% 0%
        );"[39m
      [36m/>[39m
      [36m<div[39m
        [33manimate[39m=[32m"[object Object]"[39m
        [33mclass[39m=[32m"absolute pointer-events-auto bg-slate-900 border border-slate-800 rounded-xl shadow-2xl p-6 w-80"[39m
        [33mexit[39m=[32m"[object Object]"[39m
        [33minitial[39m=[32m"[object Object]"[39m
        [33mstyle[39m=[32m"top: 12px; left: -160px;"[39m
      [36m>[39m
        [36m<div[39m
          [33mclass[39m=[32m"flex justify-between items-start mb-4"[39m
        [36m>[39m
          [36m<h3[39m
            [33mclass[39m=[32m"font-bold text-white"[39m
          [36m>[39m
            [0mStep One[0m
          [36m</h3>[39m
          [36m<button[39m
            [33maria-label[39m=[32m"Close tour"[39m
            [33mclass[39m=[32m"text-slate-500 hover:text-white transition-colors"[39m
          [36m>[39m
            [36m<svg[39m
              [33maria-hidden[39m=[32m"true"[39m
              [33mclass[39m=[32m"lucide lucide-x h-4 w-4"[39m
              [33mfill[39m=[32m"none"[39m
              [33mheight[39m=[32m"24"[39m
              [33mstroke[39m=[32m"currentColor"[39m
              [33mstroke-linecap[39m=[32m"round"[39m
              [33mstroke-linejoin[39m=[32m"round"[39m
              [33mstroke-width[39m=[32m"2"[39m
              [33mviewBox[39m=[32m"0 0 24 24"[39m
              [33mwidth[39m=[32m"24"[39m
              [33mxmlns[39m=[32m"http://www.w3.org/2000/svg"[39m
            [36m>[39m
              [36m<path[39m
                [33md[39m=[32m"M18 6 6 18"[39m
              [36m/>[39m
              [36m<path[39m
                [33md[39m=[32m"m6 6 12 12"[39m
              [36m/>[39m
            [36m</svg>[39m
          [36m</button>[39m
        [36m</div>[39m
        [36m<p[39m
          [33mclass[39m=[32m"text-sm text-slate-400 mb-6 leading-relaxed"[39m
        [36m>[39m
          [0mThis is step one[0m
        [36m</p>[39m
        [36m<div[39m
          [33mclass[39m=[32m"flex items-center justify-between"[39m
        [36m>[39m
          [36m<div[39m
            [33mclass[39m=[32m"flex gap-1"[39m
          [36m>[39m
            [36m<div[39m
              [33mclass[39m=[32m"h-1 w-4 rounded-full transition-colors bg-blue-500"[39m
            [36m/>[39m
            [36m<div[39m
              [33mclass[39m=[32m"h-1 w-4 rounded-full transition-colors bg-slate-800"[39m
            [36m/>[39m
            [36m<div[39m
              [33mclass[39m=[32m"h-1 w-4 rounded-full transition-colors bg-slate-800"[39m
            [36m/>[39m
          [36m</div>[39m
          [36m<div[39m
            [33mclass[39m=[32m"flex gap-2"[39m
          [36m>[39m
            [36m<button[39m
              [33mdata-size[39m=[32m"sm"[39m
            [36m>[39m
              [0mNext[0m
              [36m<svg[39m
                [33maria-hidden[39m=[32m"true"[39m
                [33mclass[39m=[32m"lucide lucide-chevron-right h-4 w-4 ml-1"[39m
                [33mfill[39m=[32m"none"[39m
                [33mheight[39m=[32m"24"[39m
                [33mstroke[39m=[32m"currentColor"[39m
                [33mstroke-linecap[39m=[32m"round"[39m
                [33mstroke-linejoin[39m=[32m"round"[39m
                [33mstroke-width[39m=[32m"2"[39m
                [33mviewBox[39m=[32m"0 0 24 24"[39m
                [33mwidth[39m=[32m"24"[39m
                [33mxmlns[39m=[32m"http://www.w3.org/2000/svg"[39m
              [36m>[39m
                [36m<path[39m
                  [33md[39m=[32m"m9 18 6-6-6-6"[39m
                [36m/>[39m
              [36m</svg>[39m
            [36m</button>[39m
          [36m</div>[39m
        [36m</div>[39m
      [36m</div>[39m
    [36m</div>[39m
  [36m</div>[39m
[36m</body>[39m
 × src/components/ui/TourOverlay.test.tsx > TourOverlay > updates content when step changes 6ms
   → Invalid Chai property: toBeInTheDocument
 ✓ src/components/ui/TourOverlay.test.tsx > TourOverlay > renders overlay with high z-index for proper stacking 5ms
 ✓ src/components/ui/TourOverlay.test.tsx > TourOverlay > highlights the active step indicator 5ms
(node:4820) ExperimentalWarning: localStorage is not available because --localstorage-file was not provided.
(Use `node --trace-warnings ...` to show where the warning was created)
 ✓ src/engines/WorkflowSchedulerEngine.test.ts > WorkflowSchedulerEngine > createSchedule > creates a daily schedule 3ms
 ✓ src/engines/WorkflowSchedulerEngine.test.ts > WorkflowSchedulerEngine > createSchedule > creates a monthly schedule 0ms
 ✓ src/engines/WorkflowSchedulerEngine.test.ts > WorkflowSchedulerEngine > createSchedule > creates a weekly schedule with days 0ms
 ✓ src/engines/WorkflowSchedulerEngine.test.ts > WorkflowSchedulerEngine > getSchedule / listSchedules > retrieves a schedule by id 0ms
 ✓ src/engines/WorkflowSchedulerEngine.test.ts > WorkflowSchedulerEngine > getSchedule / listSchedules > returns undefined for missing id 0ms
 ✓ src/engines/WorkflowSchedulerEngine.test.ts > WorkflowSchedulerEngine > getSchedule / listSchedules > lists all schedules 0ms
 ✓ src/engines/WorkflowSchedulerEngine.test.ts > WorkflowSchedulerEngine > listActiveSchedules > returns only active schedules 0ms
 ✓ src/engines/WorkflowSchedulerEngine.test.ts > WorkflowSchedulerEngine > deleteSchedule > deletes a schedule 0ms
 ✓ src/engines/WorkflowSchedulerEngine.test.ts > WorkflowSchedulerEngine > deleteSchedule > returns false for missing id 0ms
 ✓ src/engines/WorkflowSchedulerEngine.test.ts > WorkflowSchedulerEngine > pauseSchedule / resumeSchedule > pauses an active schedule 1ms
 ✓ src/engines/WorkflowSchedulerEngine.test.ts > WorkflowSchedulerEngine > pauseSchedule / resumeSchedule > resumes a paused schedule 0ms
 ✓ src/engines/WorkflowSchedulerEngine.test.ts > WorkflowSchedulerEngine > pauseSchedule / resumeSchedule > cannot pause non-active schedule 0ms
 ✓ src/engines/WorkflowSchedulerEngine.test.ts > WorkflowSchedulerEngine > pauseSchedule / resumeSchedule > cannot resume non-paused schedule 0ms
 ✓ src/engines/WorkflowSchedulerEngine.test.ts > WorkflowSchedulerEngine > updateSchedule > updates schedule name 0ms
 ✓ src/engines/WorkflowSchedulerEngine.test.ts > WorkflowSchedulerEngine > updateSchedule > returns false for missing id 0ms
 ✓ src/engines/WorkflowSchedulerEngine.test.ts > WorkflowSchedulerEngine > markExecuted > records a successful execution 0ms
 ✓ src/engines/WorkflowSchedulerEngine.test.ts > WorkflowSchedulerEngine > markExecuted > records a failed execution 0ms
 ✓ src/engines/WorkflowSchedulerEngine.test.ts > WorkflowSchedulerEngine > markExecuted > returns null for non-existent schedule 0ms
 ✓ src/engines/WorkflowSchedulerEngine.test.ts > WorkflowSchedulerEngine > getExecutions > returns executions for a schedule 0ms
 ✓ src/engines/WorkflowSchedulerEngine.test.ts > WorkflowSchedulerEngine > getExecutions > returns all executions when no id 0ms
 ✓ src/engines/WorkflowSchedulerEngine.test.ts > WorkflowSchedulerEngine > calendar > adds a calendar event 0ms
 ✓ src/engines/WorkflowSchedulerEngine.test.ts > WorkflowSchedulerEngine > calendar > removes a calendar event 0ms
 ✓ src/engines/WorkflowSchedulerEngine.test.ts > WorkflowSchedulerEngine > getDueSchedules > returns empty when no schedules are due 0ms
 ✓ src/engines/WorkflowSchedulerEngine.test.ts > WorkflowSchedulerEngine > serialize / deserialize > round-trips schedules and executions 0ms
(node:4820) ExperimentalWarning: localStorage is not available because --localstorage-file was not provided.
(Use `node --trace-warnings ...` to show where the warning was created)
 ✓ src/engines/WorkflowTemplateEngine.test.ts > WorkflowTemplateEngine > constructor > registers built-in templates on construction 3ms
 ✓ src/engines/WorkflowTemplateEngine.test.ts > WorkflowTemplateEngine > getTemplate > returns a built-in template by id 1ms
 ✓ src/engines/WorkflowTemplateEngine.test.ts > WorkflowTemplateEngine > getTemplate > returns undefined for non-existent template 1ms
 ✓ src/engines/WorkflowTemplateEngine.test.ts > WorkflowTemplateEngine > listTemplates > returns all templates (built-in + custom) 0ms
 ✓ src/engines/WorkflowTemplateEngine.test.ts > WorkflowTemplateEngine > getTemplatesByCategory > filters by category 0ms
 ✓ src/engines/WorkflowTemplateEngine.test.ts > WorkflowTemplateEngine > getTemplatesByCategory > returns empty for non-existent category 1ms
 ✓ src/engines/WorkflowTemplateEngine.test.ts > WorkflowTemplateEngine > searchTemplates > searches by name 0ms
 ✓ src/engines/WorkflowTemplateEngine.test.ts > WorkflowTemplateEngine > searchTemplates > searches by description 0ms
 ✓ src/engines/WorkflowTemplateEngine.test.ts > WorkflowTemplateEngine > searchTemplates > searches by tag 0ms
 ✓ src/engines/WorkflowTemplateEngine.test.ts > WorkflowTemplateEngine > searchTemplates > returns empty for no match 0ms
 ✓ src/engines/WorkflowTemplateEngine.test.ts > WorkflowTemplateEngine > createCustomTemplate > creates a custom template with generated id 1ms
 ✓ src/engines/WorkflowTemplateEngine.test.ts > WorkflowTemplateEngine > createCustomTemplate > custom templates appear in listTemplates 0ms
 ✓ src/engines/WorkflowTemplateEngine.test.ts > WorkflowTemplateEngine > deleteCustomTemplate > deletes a custom template 0ms
 ✓ src/engines/WorkflowTemplateEngine.test.ts > WorkflowTemplateEngine > deleteCustomTemplate > cannot delete a built-in template 0ms
 ✓ src/engines/WorkflowTemplateEngine.test.ts > WorkflowTemplateEngine > instantiate > instantiates a template with variables 1ms
 ✓ src/engines/WorkflowTemplateEngine.test.ts > WorkflowTemplateEngine > instantiate > uses default values for missing variables 0ms
 ✓ src/engines/WorkflowTemplateEngine.test.ts > WorkflowTemplateEngine > instantiate > returns null for non-existent template 0ms
 ✓ src/engines/WorkflowTemplateEngine.test.ts > WorkflowTemplateEngine > validateVariables > validates required variables 0ms
 ✓ src/engines/WorkflowTemplateEngine.test.ts > WorkflowTemplateEngine > validateVariables > passes with all required variables 0ms
 ✓ src/engines/WorkflowTemplateEngine.test.ts > WorkflowTemplateEngine > validateVariables > validates select options 0ms
 ✓ src/engines/WorkflowTemplateEngine.test.ts > WorkflowTemplateEngine > getTemplateCategories > returns all unique categories 1ms
 ✓ src/engines/WorkflowTemplateEngine.test.ts > WorkflowTemplateEngine > serialize/deserialize > round-trips custom templates 0ms
 ✓ src/store/authStore.test.ts > authStore > should lock account after 5 failed attempts 2518ms
(node:4820) ExperimentalWarning: localStorage is not available because --localstorage-file was not provided.
(Use `node --trace-warnings ...` to show where the warning was created)
 ✓ src/components/reports/TemplateDesigner.test.tsx > TemplateDesigner > renders without crashing 34ms
 × src/components/reports/TemplateDesigner.test.tsx > TemplateDesigner > renders the sections heading 35ms
   → Invalid Chai property: toBeInTheDocument
 × src/components/reports/TemplateDesigner.test.tsx > TemplateDesigner > renders the add section heading 9ms
   → Invalid Chai property: toBeInTheDocument
 × src/components/reports/TemplateDesigner.test.tsx > TemplateDesigner > renders all section type options 8ms
   → Invalid Chai property: toBeInTheDocument
 × src/components/reports/TemplateDesigner.test.tsx > TemplateDesigner > renders the template name input with default value 12ms
   → Invalid Chai property: toBeInTheDocument
stdout | src/store/authStore.test.ts > authStore > should refresh access token
[TokenRotation] Starting token rotation
[TokenRotation] Scheduled refresh in 599s

 ✓ src/store/authStore.test.ts > authStore > should refresh access token 516ms
 ✓ src/store/authStore.test.ts > authStore > should clear error 1ms
 ✓ src/store/authStore.test.ts > authStore > should set error 0ms
 ✓ src/store/authStore.test.ts > authStore > should set loading 0ms
 ✓ src/store/authStore.test.ts > RBAC helpers > hasPermission returns true for matching permission 0ms
 ✓ src/store/authStore.test.ts > RBAC helpers > hasPermission returns false for missing permission 0ms
 ✓ src/store/authStore.test.ts > RBAC helpers > hasPermission returns false for null user 0ms
 ✓ src/store/authStore.test.ts > RBAC helpers > hasAnyPermission returns true if any match 0ms
 ✓ src/store/authStore.test.ts > RBAC helpers > hasAnyPermission returns false if none match 0ms
 ✓ src/store/authStore.test.ts > RBAC helpers > hasAllPermissions returns true if all match 0ms
 ✓ src/store/authStore.test.ts > RBAC helpers > hasAllPermissions returns false if any missing 0ms
 ✓ src/store/authStore.test.ts > RBAC helpers > isRole returns true for matching role 0ms
 ✓ src/store/authStore.test.ts > RBAC helpers > isRole returns false for non-matching role 0ms
 ✓ src/store/authStore.test.ts > RBAC helpers > isManagerOrAbove returns true for Admin 0ms
 ✓ src/store/authStore.test.ts > RBAC helpers > isManagerOrAbove returns false for Viewer 0ms
 ✓ src/store/authStore.test.ts > RBAC helpers > canApprove returns true for Admin 0ms
 ✓ src/store/authStore.test.ts > RBAC helpers > canApprove returns false for Viewer 0ms
 × src/components/reports/TemplateDesigner.test.tsx > TemplateDesigner > renders the type selector 8ms
   → Invalid Chai property: toBeInTheDocument
 × src/components/reports/TemplateDesigner.test.tsx > TemplateDesigner > renders the company name input 9ms
   → Invalid Chai property: toBeInTheDocument
 × src/components/reports/TemplateDesigner.test.tsx > TemplateDesigner > renders the description textarea 10ms
   → Invalid Chai property: toBeInTheDocument
 × src/components/reports/TemplateDesigner.test.tsx > TemplateDesigner > renders color pickers 9ms
   → Invalid Chai property: toBeInTheDocument
 × src/components/reports/TemplateDesigner.test.tsx > TemplateDesigner > renders the save button 147ms
   → Invalid Chai property: toBeInTheDocument
 × src/components/reports/TemplateDesigner.test.tsx > TemplateDesigner > renders the cancel button 28ms
   → Invalid Chai property: toBeInTheDocument
 × src/components/reports/TemplateDesigner.test.tsx > TemplateDesigner > renders the variables reference 11ms
   → Invalid Chai property: toBeInTheDocument
 ✓ src/components/reports/TemplateDesigner.test.tsx > TemplateDesigner > calls onCancel when cancel button is clicked 26ms
 ✓ src/components/reports/TemplateDesigner.test.tsx > TemplateDesigner > calls onSave with template data when save is clicked 25ms
 × src/components/reports/TemplateDesigner.test.tsx > TemplateDesigner > populates fields from existing template 10ms
   → Invalid Chai property: toBeInTheDocument
 × src/components/reports/TemplateDesigner.test.tsx > TemplateDesigner > adds a section when add button is clicked 28ms
   → Invalid Chai property: toBeInTheDocument
 × src/components/reports/TemplateDesigner.test.tsx > TemplateDesigner > allows editing template name 8ms
   → Invalid Chai property: toBeInTheDocument
 × src/components/reports/TemplateDesigner.test.tsx > TemplateDesigner > allows editing company name 9ms
   → Invalid Chai property: toBeInTheDocument
 ✓ src/components/reports/TemplateDesigner.test.tsx > TemplateDesigner > adds multiple section types 33ms
 × src/components/reports/TemplateDesigner.test.tsx > TemplateDesigner > removes a section when delete is clicked 21ms
   → Invalid Chai property: toBeInTheDocument
(node:4820) ExperimentalWarning: localStorage is not available because --localstorage-file was not provided.
(Use `node --trace-warnings ...` to show where the warning was created)
 × src/components/ui/Tooltip.test.tsx > Tooltip > renders children 54ms
   → Invalid Chai property: toBeInTheDocument
 × src/components/ui/Tooltip.test.tsx > Tooltip > does not show tooltip content initially 7ms
   → Invalid Chai property: toBeInTheDocument
 × src/components/ui/Tooltip.test.tsx > Tooltip > shows tooltip after mouseEnter 126ms
   → Invalid Chai property: toBeInTheDocument
 × src/components/ui/Tooltip.test.tsx > Tooltip > hides tooltip on mouseLeave 12ms
   → Invalid Chai property: toBeInTheDocument
 × src/components/ui/Tooltip.test.tsx > Tooltip > respects delayMs before showing 4ms
   → Invalid Chai property: toBeInTheDocument
 × src/components/ui/Tooltip.test.tsx > Tooltip > cancels show if mouseLeave before delay 5ms
   → Invalid Chai property: toBeInTheDocument
 × src/components/ui/Tooltip.test.tsx > Tooltip > does not show tooltip when disabled 3ms
   → Invalid Chai property: toBeInTheDocument
 × src/components/ui/Tooltip.test.tsx > Tooltip > shows tooltip on focus 9ms
   → Invalid Chai property: toBeInTheDocument
 × src/components/ui/Tooltip.test.tsx > Tooltip > hides tooltip on blur 9ms
   → Invalid Chai property: toBeInTheDocument
 ✓ src/components/ui/Tooltip.test.tsx > Tooltip > applies top positioning by default 11ms
 ✓ src/components/ui/Tooltip.test.tsx > Tooltip > applies bottom positioning when side is bottom 9ms
 ✓ src/components/ui/Tooltip.test.tsx > Tooltip > applies left positioning when side is left 24ms
 ✓ src/components/ui/Tooltip.test.tsx > Tooltip > applies right positioning when side is right 8ms
 × src/components/ui/Tooltip.test.tsx > Tooltip > applies custom className to tooltip 11ms
   → Invalid Chai property: toHaveClass
 × src/components/ui/Tooltip.test.tsx > Tooltip > renders JSX content in tooltip 6ms
   → Invalid Chai property: toBeInTheDocument
 ✓ src/components/ui/Tooltip.test.tsx > Tooltip > cleans up timeout on unmount 6ms
(node:4820) ExperimentalWarning: localStorage is not available because --localstorage-file was not provided.
(Use `node --trace-warnings ...` to show where the warning was created)
 ✓ src/workers/formulaWorker.test.ts > formulaWorker > full calculation > evaluates formulas across cells 4ms
 ✓ src/workers/formulaWorker.test.ts > formulaWorker > full calculation > evaluates formulas with only numbers 1ms
 ✓ src/workers/formulaWorker.test.ts > formulaWorker > full calculation > handles empty formulas 1ms
 ✓ src/workers/formulaWorker.test.ts > formulaWorker > full calculation > handles empty cells array 0ms
 ✓ src/workers/formulaWorker.test.ts > formulaWorker > incremental calculation > recalculates only dirty cells 1ms
 ✓ src/workers/formulaWorker.test.ts > formulaWorker > incremental calculation > recalculates all when dirtyCells contains "*" 1ms
 ✓ src/workers/formulaWorker.test.ts > formulaWorker > incremental calculation > throws when dirtyCells is missing 1ms
 ✓ src/workers/formulaWorker.test.ts > formulaWorker > batch calculation > processes a batch chunk 1ms
 ✓ src/workers/formulaWorker.test.ts > formulaWorker > batch calculation > handles last batch with remaining items 1ms
 ✓ src/workers/formulaWorker.test.ts > formulaWorker > batch calculation > throws when batchIndex or totalBatches is missing 1ms
 ✓ src/workers/formulaWorker.test.ts > formulaWorker > safe expression evaluation > rejects unsafe expressions 0ms
 ✓ src/workers/formulaWorker.test.ts > formulaWorker > safe expression evaluation > handles division 1ms
 ✓ src/workers/formulaWorker.test.ts > formulaWorker > safe expression evaluation > handles parentheses 1ms
 ✓ src/workers/formulaWorker.test.ts > formulaWorker > error handling > reports unknown request type 0ms
 ✓ src/workers/formulaWorker.test.ts > formulaWorker > error handling > handles unknown cell references gracefully 0ms
(node:4820) ExperimentalWarning: localStorage is not available because --localstorage-file was not provided.
(Use `node --trace-warnings ...` to show where the warning was created)
 ✓ src/hooks/usePersistence.test.ts > usePersistence > should initialize with isLoading=true and then load data 95ms
 ✓ src/hooks/usePersistence.test.ts > usePersistence > with masterStorage > should save data to masterStorage 6ms
 ✓ src/hooks/usePersistence.test.ts > usePersistence > with masterStorage > should clear data from masterStorage 5ms
 ✓ src/hooks/usePersistence.test.ts > usePersistence > with localStorage > should save data to localStorage 3ms
 ✓ src/hooks/usePersistence.test.ts > usePersistence > with localStorage > should load data from localStorage 15ms
 ✓ src/hooks/usePersistence.test.ts > usePersistence > with localStorage > should clear data from localStorage 3ms
 ✓ src/hooks/usePersistence.test.ts > usePersistence > migration > should migrate data when version differs 12ms
 ✓ src/hooks/usePersistence.test.ts > usePersistence > migration > should not migrate data when versions match 17ms
 ✓ src/hooks/usePersistence.test.ts > usePersistence > error handling > should set an error if loading fails 63ms
 ✓ src/hooks/usePersistence.test.ts > usePersistence > error handling > should set an error if saving fails 4ms
 ✓ src/hooks/usePersistence.test.ts > usePersistence > error handling > should set an error if clearing fails 10ms
stdout | src/engines/__benchmarks__/IncrementalCalcEngine.bench.test.ts > IncrementalCalcEngine - Worst Case (all dirty) > all 10,000 cells dirty < 300.00 s
  allDirty 10,000: 56.89 s, affected=9999, iterations=2

 ✓ src/engines/__benchmarks__/IncrementalCalcEngine.bench.test.ts > IncrementalCalcEngine - Worst Case (all dirty) > all 1,000 cells dirty < 5.00 s 316ms
stdout | src/engines/__benchmarks__/IncrementalCalcEngine.bench.test.ts > IncrementalCalcEngine - Chain Depth Impact > chain depth 10: recalc from root
  depth 10: 137 us, affected=10

stdout | src/engines/__benchmarks__/IncrementalCalcEngine.bench.test.ts > IncrementalCalcEngine - Chain Depth Impact > chain depth 100: recalc from root
  depth 100: 216 us, affected=99

stdout | src/engines/__benchmarks__/IncrementalCalcEngine.bench.test.ts > IncrementalCalcEngine - Chain Depth Impact > chain depth 1,000: recalc from root
  depth 1000: 2.89 ms, affected=999

stdout | src/engines/__benchmarks__/IncrementalCalcEngine.bench.test.ts > IncrementalCalcEngine - Chain Depth Impact > chain depth 10,000: recalc from root
  depth 10000: 80.78 ms, affected=9999

 ✓ src/engines/__benchmarks__/IncrementalCalcEngine.bench.test.ts > IncrementalCalcEngine - Worst Case (all dirty) > all 10,000 cells dirty < 300.00 s 56932ms
 ✓ src/engines/__benchmarks__/IncrementalCalcEngine.bench.test.ts > IncrementalCalcEngine - Chain Depth Impact > chain depth 10: recalc from root 1ms
 ✓ src/engines/__benchmarks__/IncrementalCalcEngine.bench.test.ts > IncrementalCalcEngine - Chain Depth Impact > chain depth 100: recalc from root 1ms
 ✓ src/engines/__benchmarks__/IncrementalCalcEngine.bench.test.ts > IncrementalCalcEngine - Chain Depth Impact > chain depth 1,000: recalc from root 6ms
stdout | src/engines/__benchmarks__/IncrementalCalcEngine.bench.test.ts > IncrementalCalcEngine - Wide Fan-Out > 100 rows x 100 cols (10K cells) < 2000ms
  wide 100x100: 863 us

stdout | src/engines/__benchmarks__/IncrementalCalcEngine.bench.test.ts > IncrementalCalcEngine - Memory Usage > memory for 1,000 cells
  Memory 1,000: 1.15 MB total, 1.2 KB/cell
  Dependencies: 999

stdout | src/engines/__benchmarks__/IncrementalCalcEngine.bench.test.ts > IncrementalCalcEngine - Memory Usage > memory for 10,000 cells
  Memory 10,000: -11.98 MB total, -1.2 KB/cell
  Dependencies: 9,999

(node:4820) ExperimentalWarning: localStorage is not available because --localstorage-file was not provided.
(Use `node --trace-warnings ...` to show where the warning was created)
 ✓ src/store/retailStore.test.ts > retailStore > should have initial empty state after reset 4ms
 ✓ src/store/retailStore.test.ts > retailStore > should set products 2ms
 ✓ src/store/retailStore.test.ts > retailStore > should add a product 3ms
 ✓ src/store/retailStore.test.ts > retailStore > should update a product 1ms
 ✓ src/store/retailStore.test.ts > retailStore > should not update non-existent product 1ms
 ✓ src/store/retailStore.test.ts > retailStore > should remove a product 1ms
 ✓ src/store/retailStore.test.ts > retailStore > should set stores 1ms
 ✓ src/store/retailStore.test.ts > retailStore > should set loading state 0ms
 ✓ src/store/retailStore.test.ts > retailStore > should set error state 0ms
 ✓ src/store/retailStore.test.ts > retailStore > should clear all data 1ms
 ✓ src/store/retailStore.test.ts > retailStore > should find low stock products 1ms
 ✓ src/store/retailStore.test.ts > retailStore > should return empty low stock for empty products 1ms
 ✓ src/store/retailStore.test.ts > retailStore > should get top stores by revenue 1ms
 ✓ src/store/retailStore.test.ts > retailStore > should handle getTopStores with count larger than stores 1ms
 ✓ src/store/retailStore.test.ts > retailStore > should calculate total revenue 0ms
 ✓ src/store/retailStore.test.ts > retailStore > should return 0 total revenue for empty stores 0ms
stdout | src/engines/__benchmarks__/IncrementalCalcEngine.bench.test.ts > IncrementalCalcEngine - Memory Usage > memory for 1,00,000 cells
  Memory 1,00,000: 79.84 MB total, 837.22296 B/cell
  Dependencies: 99,999

 ✓ src/engines/__benchmarks__/IncrementalCalcEngine.bench.test.ts > IncrementalCalcEngine - Chain Depth Impact > chain depth 10,000: recalc from root 113ms
 ✓ src/engines/__benchmarks__/IncrementalCalcEngine.bench.test.ts > IncrementalCalcEngine - Wide Fan-Out > 100 rows x 100 cols (10K cells) < 2000ms 28ms
 ✓ src/engines/__benchmarks__/IncrementalCalcEngine.bench.test.ts > IncrementalCalcEngine - Memory Usage > memory for 1,000 cells 2ms
 ✓ src/engines/__benchmarks__/IncrementalCalcEngine.bench.test.ts > IncrementalCalcEngine - Memory Usage > memory for 10,000 cells 31ms
(node:4820) ExperimentalWarning: localStorage is not available because --localstorage-file was not provided.
(Use `node --trace-warnings ...` to show where the warning was created)
 ✓ src/engines/FXEngine.test.ts > FXEngine > getRate > returns 1 for same currency 9ms
 ✓ src/engines/FXEngine.test.ts > FXEngine > getRate > returns 0 for unknown pair 1ms
 ✓ src/engines/FXEngine.test.ts > FXEngine > getRate > returns latest rate when no date specified 1ms
 ✓ src/engines/FXEngine.test.ts > FXEngine > getRate > returns rate on or before given date 0ms
 ✓ src/engines/FXEngine.test.ts > FXEngine > getRate > falls back to latest when no rate matches date 0ms
 ✓ src/engines/FXEngine.test.ts > FXEngine > convert > converts amount using rate 0ms
 ✓ src/engines/FXEngine.test.ts > FXEngine > convert > returns 0 for NaN amount 0ms
 ✓ src/engines/FXEngine.test.ts > FXEngine > convert > returns 0 for Infinity amount 0ms
 ✓ src/engines/FXEngine.test.ts > FXEngine > convert > returns 0 when no rate exists 0ms
 ✓ src/engines/FXEngine.test.ts > FXEngine > convert > returns amount when same currency 0ms
 ✓ src/engines/FXEngine.test.ts > FXEngine > setRate > adds rate entry 0ms
 ✓ src/engines/FXEngine.test.ts > FXEngine > setRate > ignores negative rate 0ms
 ✓ src/engines/FXEngine.test.ts > FXEngine > setRate > ignores NaN rate 0ms
 ✓ src/engines/FXEngine.test.ts > FXEngine > setRate > sorts entries by date 0ms
 ✓ src/engines/FXEngine.test.ts > FXEngine > getHistoricalRates > returns rates within date range 1ms
 ✓ src/engines/FXEngine.test.ts > FXEngine > getHistoricalRates > returns empty for no matches 0ms
 ✓ src/engines/FXEngine.test.ts > FXEngine > getAverageRate > returns average of rates in period 0ms
 ✓ src/engines/FXEngine.test.ts > FXEngine > getAverageRate > returns 0 when no rates exist 0ms
 ✓ src/engines/FXEngine.test.ts > FXEngine > getAverageRate > returns latest when no entries match period 0ms
 ✓ src/engines/FXEngine.test.ts > FXEngine > translateForConsolidation > uses closing rate 0ms
 ✓ src/engines/FXEngine.test.ts > FXEngine > translateForConsolidation > uses average rate 0ms
 ✓ src/engines/FXEngine.test.ts > FXEngine > translateForConsolidation > returns 0 translated when no rate 0ms
 ✓ src/engines/FXEngine.test.ts > FXEngine > calculateFXGainLoss > calculates gain when current rate > historical 0ms
 ✓ src/engines/FXEngine.test.ts > FXEngine > calculateFXGainLoss > calculates loss when current rate < historical 0ms
 ✓ src/engines/FXEngine.test.ts > FXEngine > calculateFXGainLoss > returns 0 for non-finite inputs 0ms
 ✓ src/engines/FXEngine.test.ts > FXEngine > getAllRates and clearRates > returns all rates sorted by date 1ms
 ✓ src/engines/FXEngine.test.ts > FXEngine > getAllRates and clearRates > clears all rates 0ms
(node:4820) ExperimentalWarning: localStorage is not available because --localstorage-file was not provided.
(Use `node --trace-warnings ...` to show where the warning was created)
 ✓ src/services/PresenceService.test.ts > PresenceService > should initialize with empty users 8ms
 ✓ src/services/PresenceService.test.ts > PresenceService > should send join message on initialize 5ms
 ✓ src/services/PresenceService.test.ts > PresenceService > should add user on join event 3ms
 ✓ src/services/PresenceService.test.ts > PresenceService > should remove user on leave event 1ms
 ✓ src/services/PresenceService.test.ts > PresenceService > should update user presence 1ms
 ✓ src/services/PresenceService.test.ts > PresenceService > should filter users by resource 1ms
 ✓ src/services/PresenceService.test.ts > PresenceService > should detect locked cells 1ms
 ✓ src/services/PresenceService.test.ts > PresenceService > should assign colors to users 1ms
 ✓ src/services/PresenceService.test.ts > PresenceService > should load state from bulk state event 1ms
(node:4820) ExperimentalWarning: localStorage is not available because --localstorage-file was not provided.
(Use `node --trace-warnings ...` to show where the warning was created)
 × src/components/analytics/ChartWrapper.test.tsx > ChartWrapper > renders without crashing 46ms
   → Invalid Chai property: toBeInTheDocument
 × src/components/analytics/ChartWrapper.test.tsx > ChartWrapper > renders title 11ms
   → Invalid Chai property: toBeInTheDocument
 × src/components/analytics/ChartWrapper.test.tsx > ChartWrapper > renders subtitle when provided 11ms
   → Invalid Chai property: toBeInTheDocument
 × src/components/analytics/ChartWrapper.test.tsx > ChartWrapper > does not render subtitle when not provided 9ms
   → Invalid Chai property: toBeInTheDocument
 × src/components/analytics/ChartWrapper.test.tsx > ChartWrapper > renders children when not loading, no error, not empty 6ms
   → Invalid Chai property: toBeInTheDocument
 × src/components/analytics/ChartWrapper.test.tsx > ChartWrapper > renders loading skeleton when loading is true 19ms
   → Invalid Chai property: toBeInTheDocument
 × src/components/analytics/ChartWrapper.test.tsx > ChartWrapper > renders error message when error prop is set 9ms
   → Invalid Chai property: toBeInTheDocument
 × src/components/analytics/ChartWrapper.test.tsx > ChartWrapper > renders retry button when error and onRetry are provided 8ms
   → Invalid Chai property: toBeInTheDocument
 ✓ src/components/analytics/ChartWrapper.test.tsx > ChartWrapper > calls onRetry when retry button is clicked 12ms
 × src/components/analytics/ChartWrapper.test.tsx > ChartWrapper > does not render retry button when no onRetry 7ms
   → Invalid Chai property: toBeInTheDocument
 × src/components/analytics/ChartWrapper.test.tsx > ChartWrapper > renders empty state when empty is true 8ms
   → Invalid Chai property: toBeInTheDocument
 × src/components/analytics/ChartWrapper.test.tsx > ChartWrapper > does not show empty state when loading 8ms
   → Invalid Chai property: toBeInTheDocument
 × src/components/analytics/ChartWrapper.test.tsx > ChartWrapper > renders export button when exportable is true 5ms
   → Invalid Chai property: toBeInTheDocument
 × src/components/analytics/ChartWrapper.test.tsx > ChartWrapper > does not render export button when exportable is false 4ms
   → Invalid Chai property: toBeInTheDocument
 ✓ src/components/analytics/ChartWrapper.test.tsx > ChartWrapper > calls onExport when export button is clicked 4ms
 × src/components/analytics/ChartWrapper.test.tsx > ChartWrapper > hides children when error is present 21ms
   → Invalid Chai property: toBeInTheDocument
 × src/components/analytics/ChartWrapper.test.tsx > ChartWrapper > prioritizes loading over empty state 5ms
   → Invalid Chai property: toBeInTheDocument
 × src/components/analytics/ChartWrapper.test.tsx > ChartWrapper > prioritizes error over empty state 6ms
   → Invalid Chai property: toBeInTheDocument
(node:4820) ExperimentalWarning: localStorage is not available because --localstorage-file was not provided.
(Use `node --trace-warnings ...` to show where the warning was created)
 ✓ src/store/logisticsStore.test.ts > logisticsStore > should have initial empty state after reset 4ms
 ✓ src/store/logisticsStore.test.ts > logisticsStore > should set shipments 2ms
 ✓ src/store/logisticsStore.test.ts > logisticsStore > should add a shipment 2ms
 ✓ src/store/logisticsStore.test.ts > logisticsStore > should update a shipment 1ms
 ✓ src/store/logisticsStore.test.ts > logisticsStore > should not update non-existent shipment 1ms
 ✓ src/store/logisticsStore.test.ts > logisticsStore > should remove a shipment 1ms
 ✓ src/store/logisticsStore.test.ts > logisticsStore > should set carrier performance 1ms
 ✓ src/store/logisticsStore.test.ts > logisticsStore > should set route costs 0ms
 ✓ src/store/logisticsStore.test.ts > logisticsStore > should set loading state 1ms
 ✓ src/store/logisticsStore.test.ts > logisticsStore > should set error state 0ms
 ✓ src/store/logisticsStore.test.ts > logisticsStore > should clear all data 1ms
 ✓ src/store/logisticsStore.test.ts > logisticsStore > should count active shipments (In Transit) 1ms
 ✓ src/store/logisticsStore.test.ts > logisticsStore > should return 0 active shipments for empty list 0ms
 ✓ src/store/logisticsStore.test.ts > logisticsStore > should calculate on-time rate 0ms
 ✓ src/store/logisticsStore.test.ts > logisticsStore > should return 0 on-time rate when no delivered/delayed shipments 0ms
 ✓ src/store/logisticsStore.test.ts > logisticsStore > should return 0 on-time rate for empty shipments 0ms
(node:4820) ExperimentalWarning: localStorage is not available because --localstorage-file was not provided.
(Use `node --trace-warnings ...` to show where the warning was created)
 ✓ src/services/api-integration/ConnectorRegistry.test.ts > ConnectorRegistry > factory registration > should register and check factory existence 3ms
 ✓ src/services/api-integration/ConnectorRegistry.test.ts > ConnectorRegistry > factory registration > should list registered providers 1ms
 ✓ src/services/api-integration/ConnectorRegistry.test.ts > ConnectorRegistry > factory registration > should be case-insensitive for provider lookup 0ms
 ✓ src/services/api-integration/ConnectorRegistry.test.ts > ConnectorRegistry > instance management > should create and retrieve connector instances 1ms
 ✓ src/services/api-integration/ConnectorRegistry.test.ts > ConnectorRegistry > instance management > should throw for unregistered provider 1ms
 ✓ src/services/api-integration/ConnectorRegistry.test.ts > ConnectorRegistry > instance management > should get all connectors 1ms
 ✓ src/services/api-integration/ConnectorRegistry.test.ts > ConnectorRegistry > instance management > should remove connector and disconnect 1ms
 ✓ src/services/api-integration/ConnectorRegistry.test.ts > ConnectorRegistry > instance management > should return false when removing non-existent connector 0ms
 ✓ src/services/api-integration/ConnectorRegistry.test.ts > ConnectorRegistry > bulk operations > should connect all connectors 1ms
 ✓ src/services/api-integration/ConnectorRegistry.test.ts > ConnectorRegistry > bulk operations > should disconnect all connectors 1ms
 ✓ src/services/api-integration/ConnectorRegistry.test.ts > ConnectorRegistry > bulk operations > should get health for all connectors 0ms
 ✓ src/services/api-integration/ConnectorRegistry.test.ts > ConnectorRegistry > bulk operations > should handle health check errors gracefully 1ms
 ✓ src/services/api-integration/ConnectorRegistry.test.ts > ConnectorRegistry > bulk operations > should clear all instances 1ms
(node:4820) ExperimentalWarning: localStorage is not available because --localstorage-file was not provided.
(Use `node --trace-warnings ...` to show where the warning was created)
 ✓ src/utils/constants.test.ts > MONTHS > should have 12 entries 3ms
 ✓ src/utils/constants.test.ts > MONTHS > should start with Jan and end with Dec 1ms
 ✓ src/utils/constants.test.ts > MONTHS > should contain all expected abbreviations 1ms
 ✓ src/utils/constants.test.ts > MONTHS_FULL > should have 12 entries 0ms
 ✓ src/utils/constants.test.ts > MONTHS_FULL > should start with January and end with December 0ms
 ✓ src/utils/constants.test.ts > MONTHS_FULL > should have full month names (May has 3 chars) 1ms
 ✓ src/utils/constants.test.ts > QUARTERS > should have 4 entries 0ms
 ✓ src/utils/constants.test.ts > QUARTERS > should be Q1 through Q4 0ms
 ✓ src/utils/constants.test.ts > QUARTER_MONTHS > should map each quarter to 3 months 1ms
 ✓ src/utils/constants.test.ts > QUARTER_MONTHS > should map Q1 to months 0,1,2 0ms
 ✓ src/utils/constants.test.ts > QUARTER_MONTHS > should map Q2 to months 3,4,5 0ms
 ✓ src/utils/constants.test.ts > QUARTER_MONTHS > should map Q3 to months 6,7,8 0ms
 ✓ src/utils/constants.test.ts > QUARTER_MONTHS > should map Q4 to months 9,10,11 0ms
 ✓ src/utils/constants.test.ts > QUARTER_MONTHS > should cover all 12 months exactly once 0ms
 ✓ src/utils/constants.test.ts > BUDGET_STATUSES > should have 5 statuses 0ms
 ✓ src/utils/constants.test.ts > BUDGET_STATUSES > should include Draft, InReview, Approved, Locked, Rejected 1ms
 ✓ src/utils/constants.test.ts > FORECAST_TYPES > should have 3 types 0ms
 ✓ src/utils/constants.test.ts > FORECAST_TYPES > should include Rolling, Quarterly, Annual 0ms
 ✓ src/utils/constants.test.ts > ACCOUNT_TYPES > should have 7 account types 0ms
 ✓ src/utils/constants.test.ts > ACCOUNT_TYPES > should include all financial statement categories 0ms
 ✓ src/utils/constants.test.ts > ROLES > should have 5 roles 0ms
 ✓ src/utils/constants.test.ts > ROLES > should include all expected roles 0ms
 ✓ src/utils/constants.test.ts > VAR_STATUSES > should have 3 variance statuses 0ms
 ✓ src/utils/constants.test.ts > THRESHOLD_STATUSES > should have 3 threshold statuses 0ms
 ✓ src/utils/constants.test.ts > TASK_STATUSES > should have 3 task statuses 0ms
 ✓ src/utils/constants.test.ts > TASK_PRIORITIES > should have 4 priority levels 0ms
 ✓ src/utils/constants.test.ts > IMPORT_STATUSES > should have 4 import statuses 0ms
 ✓ src/utils/constants.test.ts > SCENARIO_TYPES > should have 4 scenario types 0ms
 ✓ src/utils/constants.test.ts > VARIANCE_THRESHOLDS > should define WITHIN threshold at 5% 0ms
 ✓ src/utils/constants.test.ts > VARIANCE_THRESHOLDS > should define WATCH threshold at 10% 0ms
 ✓ src/utils/constants.test.ts > VARIANCE_THRESHOLDS > should have WATCH > WITHIN 0ms
 ✓ src/utils/constants.test.ts > CURRENCIES > should have 10 currencies 0ms
 ✓ src/utils/constants.test.ts > CURRENCIES > should include major world currencies 0ms
 ✓ src/utils/constants.test.ts > CURRENCIES > should all be 3-letter codes 0ms
 ✓ src/utils/constants.test.ts > INDUSTRIES > should have 12 industries 0ms
 ✓ src/utils/constants.test.ts > INDUSTRIES > should include key sectors 0ms
(node:4820) ExperimentalWarning: localStorage is not available because --localstorage-file was not provided.
(Use `node --trace-warnings ...` to show where the warning was created)
 ✓ src/engines/ConnectorEngine.test.ts > ConnectorEngine > register > registers a new connector with custom type 8ms
 ✓ src/engines/ConnectorEngine.test.ts > ConnectorEngine > register > registers a QuickBooks connector with optional fields 1ms
 ✓ src/engines/ConnectorEngine.test.ts > ConnectorEngine > register > registers a NetSuite connector 1ms
 ✓ src/engines/ConnectorEngine.test.ts > ConnectorEngine > register > registers a Salesforce connector 1ms
 ✓ src/engines/ConnectorEngine.test.ts > ConnectorEngine > getConfig > returns undefined for unknown id 1ms
 ✓ src/engines/ConnectorEngine.test.ts > ConnectorEngine > listConnectors > lists all registered connectors 3ms
 ✓ src/engines/ConnectorEngine.test.ts > ConnectorEngine > listConnectors > returns empty array when none registered 1ms
 ✓ src/engines/ConnectorEngine.test.ts > ConnectorEngine > unregister > removes a connector 1ms
 ✓ src/engines/ConnectorEngine.test.ts > ConnectorEngine > unregister > succeeds on unregistering unknown id 2ms
 ✓ src/engines/ConnectorEngine.test.ts > ConnectorEngine > connect > returns error for unregistered connector 1ms
 ✓ src/engines/ConnectorEngine.test.ts > ConnectorEngine > fetch > returns error for unregistered connector 0ms
 ✓ src/engines/ConnectorEngine.test.ts > ConnectorEngine > fetch > returns error when fetch fails 119ms
 ✓ src/engines/ConnectorEngine.test.ts > ConnectorEngine > transform > transforms data using mapping 1ms
 ✓ src/engines/ConnectorEngine.test.ts > ConnectorEngine > transform > handles missing source keys as undefined 0ms
 ✓ src/engines/ConnectorEngine.test.ts > ConnectorEngine > transform > returns empty object for empty mapping 0ms
 ✓ src/engines/ConnectorEngine.test.ts > QuickBooksAdapter > has correct endpoints 1ms
 ✓ src/engines/ConnectorEngine.test.ts > NetSuiteAdapter > has correct endpoints 0ms
 ✓ src/engines/ConnectorEngine.test.ts > SalesforceAdapter > has correct endpoints 0ms
(node:4820) ExperimentalWarning: localStorage is not available because --localstorage-file was not provided.
(Use `node --trace-warnings ...` to show where the warning was created)
 × src/components/spreadsheet/CircularRefWarning.test.tsx > ConvergenceProgressIndicator > renders progress bar 211ms
   → Invalid Chai property: toBeInTheDocument
 × src/components/spreadsheet/CircularRefWarning.test.tsx > ConvergenceProgressIndicator > renders iteration count 10ms
   → Invalid Chai property: toBeInTheDocument
 × src/components/spreadsheet/CircularRefWarning.test.tsx > ConvergenceProgressIndicator > renders singular "iter" for 1 iteration 5ms
   → Invalid Chai property: toBeInTheDocument
 × src/components/spreadsheet/CircularRefWarning.test.tsx > ConvergenceProgressIndicator > renders sparkline when history has multiple entries 9ms
   → Invalid Chai property: toBeInTheDocument
 × src/components/spreadsheet/CircularRefWarning.test.tsx > ConvergenceProgressIndicator > does not render sparkline for single history entry 4ms
   → Invalid Chai property: toBeInTheDocument
 × src/components/spreadsheet/CircularRefWarning.test.tsx > ConvergenceProgressIndicator > applies custom className 4ms
   → Invalid Chai property: toHaveClass
 ✓ src/components/spreadsheet/CircularRefWarning.test.tsx > useCircularDetection > returns no cycles for acyclic formulas 4ms
 ✓ src/components/spreadsheet/CircularRefWarning.test.tsx > useCircularDetection > detects circular references 1ms
 ✓ src/components/spreadsheet/CircularRefWarning.test.tsx > useCircularDetection > provides iterative config 1ms
 ✓ src/components/spreadsheet/CircularRefWarning.test.tsx > useCircularDetection > updates config via setConfig 2ms
 ✓ src/components/spreadsheet/CircularRefWarning.test.tsx > useCircularDetection > recalculate sets convergence 2ms
 ✓ src/components/spreadsheet/CircularRefWarning.test.tsx > SpreadsheetCircularWarning > renders null when no circular references 1ms
 × src/components/spreadsheet/CircularRefWarning.test.tsx > SpreadsheetCircularWarning > renders warning when circular references exist 7ms
   → Invalid Chai property: toBeInTheDocument
 × src/components/spreadsheet/CircularRefWarning.test.tsx > SpreadsheetCircularWarning > applies custom className 11ms
   → Invalid Chai property: toHaveClass
(node:4820) ExperimentalWarning: localStorage is not available because --localstorage-file was not provided.
(Use `node --trace-warnings ...` to show where the warning was created)
stdout | src/engines/__benchmarks__/IncrementalCalcEngine.bench.test.ts > IncrementalCalcEngine - Memory Usage > memory for 10,00,000 cells
  Memory 10,00,000: -1041.47 MB total, -1.1 KB/cell
  Dependencies: 9,99,999

 ✓ src/engines/__benchmarks__/IncrementalCalcEngine.bench.test.ts > IncrementalCalcEngine - Memory Usage > memory for 1,00,000 cells 408ms
(node:4820) ExperimentalWarning: localStorage is not available because --localstorage-file was not provided.
(Use `node --trace-warnings ...` to show where the warning was created)
stdout | src/engines/__benchmarks__/IncrementalCalcEngine.bench.test.ts > IncrementalCalcEngine - Dirty Tracking Overhead > dirty tracking overhead for 100K cells
  Mark 100K dirty: 92.70 ms
  getDirtyCellCount: 50 us (count=100000)
  clearDirty: 28 us

 × src/components/ui/CurrencyInput.test.tsx > CurrencyInput > renders without crashing 233ms
   → Invalid Chai property: toBeInTheDocument
 ✓ src/components/ui/CurrencyInput.test.tsx > CurrencyInput > displays formatted value on mount 15ms
 ✓ src/components/ui/CurrencyInput.test.tsx > CurrencyInput > displays zero correctly 22ms
 ✓ src/components/ui/CurrencyInput.test.tsx > CurrencyInput > displays negative values correctly 10ms
 ✓ src/components/ui/CurrencyInput.test.tsx > CurrencyInput > displays very large numbers correctly 20ms
 ✓ src/components/ui/CurrencyInput.test.tsx > CurrencyInput > displays decimal-free formatting (no cents) 13ms
 ✓ src/components/ui/CurrencyInput.test.tsx > CurrencyInput > calls onChange with numeric value when user types 22ms
 ✓ src/components/ui/CurrencyInput.test.tsx > CurrencyInput > strips non-numeric characters from input 8ms
 ✓ src/components/ui/CurrencyInput.test.tsx > CurrencyInput > does not call onChange for empty input 15ms
 ✓ src/components/ui/CurrencyInput.test.tsx > CurrencyInput > does not call onChange for just a minus sign 18ms
 ✓ src/components/ui/CurrencyInput.test.tsx > CurrencyInput > shows raw number on focus for editing 21ms
 ✓ src/components/ui/CurrencyInput.test.tsx > CurrencyInput > reformats value on blur 15ms
 × src/components/ui/CurrencyInput.test.tsx > CurrencyInput > renders currency symbol for USD 11ms
   → Invalid Chai property: toBeInTheDocument
 × src/components/ui/CalendarHeatmap.test.tsx > CalendarHeatmap > should render without crashing with valid data 112ms
   → Invalid Chai property: toBeInTheDocument
 × src/components/ui/CalendarHeatmap.test.tsx > CalendarHeatmap > should render day labels (Mon, Wed, Fri) 41ms
   → Invalid Chai property: toBeInTheDocument
 × src/components/ui/CalendarHeatmap.test.tsx > CalendarHeatmap > should render Less/More legend 18ms
   → Invalid Chai property: toBeInTheDocument
 ✓ src/components/ui/CurrencyInput.test.tsx > CurrencyInput > renders with EUR locale formatting 12ms
 × src/components/ui/CurrencyInput.test.tsx > CurrencyInput > shows error message when error prop is set 16ms
   → Invalid Chai property: toBeInTheDocument
 ✓ src/components/ui/CurrencyInput.test.tsx > CurrencyInput > applies error styling when error prop is set 13ms
 × src/components/ui/CurrencyInput.test.tsx > CurrencyInput > disables input when disabled prop is true 16ms
   → Invalid Chai property: toBeDisabled
 × src/components/ui/CurrencyInput.test.tsx > CurrencyInput > applies custom className 7ms
   → Invalid Chai property: toHaveClass
 ✓ src/components/ui/CurrencyInput.test.tsx > CurrencyInput > syncs display value when value prop changes 18ms
 ✓ src/components/ui/CurrencyInput.test.tsx > CurrencyInput > handles value of exactly 1 11ms
 ✓ src/components/ui/CurrencyInput.test.tsx > CurrencyInput > handles negative very large numbers 14ms
 ✓ src/components/ui/CurrencyInput.test.tsx > CurrencyInput > handles typing negative numbers 24ms
 × src/components/ui/CurrencyInput.test.tsx > CurrencyInput > does not display error when error prop is not set 6ms
   → Invalid Chai property: toBeInTheDocument
 ✓ src/components/ui/CalendarHeatmap.test.tsx > CalendarHeatmap > should apply custom className 37ms
 × src/components/ui/CalendarHeatmap.test.tsx > CalendarHeatmap > should show "No data" when data is empty array 7ms
   → Invalid Chai property: toBeInTheDocument
 × src/components/ui/CalendarHeatmap.test.tsx > CalendarHeatmap > should show "No data" when data is null/undefined 4ms
   → Invalid Chai property: toBeInTheDocument
 × src/components/ui/CalendarHeatmap.test.tsx > CalendarHeatmap > should render with a single data point 18ms
   → Invalid Chai property: toBeInTheDocument
 × src/components/ui/CalendarHeatmap.test.tsx > CalendarHeatmap > should handle 1000+ data points without crashing 76ms
   → Invalid Chai property: toBeInTheDocument
 × src/components/ui/CalendarHeatmap.test.tsx > CalendarHeatmap > should handle negative values 8ms
   → Invalid Chai property: toBeInTheDocument
 × src/components/ui/CalendarHeatmap.test.tsx > CalendarHeatmap > should handle NaN values without crashing 6ms
   → Invalid Chai property: toBeInTheDocument
 × src/components/ui/CalendarHeatmap.test.tsx > CalendarHeatmap > should handle Infinity values without crashing 5ms
   → Invalid Chai property: toBeInTheDocument
 × src/components/ui/CalendarHeatmap.test.tsx > CalendarHeatmap > should handle zero range (all values identical) 7ms
   → Invalid Chai property: toBeInTheDocument
 ✓ src/components/ui/CalendarHeatmap.test.tsx > CalendarHeatmap > should render with custom color scale 25ms
 ✓ src/components/ui/CalendarHeatmap.test.tsx > CalendarHeatmap > should use custom format function in tooltips 9ms
 ✓ src/components/ui/CalendarHeatmap.test.tsx > CalendarHeatmap > should render title attributes with date and value 5ms
 ✓ src/components/ui/CalendarHeatmap.test.tsx > CalendarHeatmap > should show "No data" in tooltip for dates without data 4ms
stdout | src/engines/__benchmarks__/IncrementalCalcEngine.bench.test.ts > IncrementalCalcEngine - Convergence Iterations > maxIterations=100 with non-converging formula (1K cells)
  Non-converging 1000: 519.86 ms, iterations=100, formulaCalls=100000

 ✓ src/engines/__benchmarks__/IncrementalCalcEngine.bench.test.ts > IncrementalCalcEngine - Memory Usage > memory for 10,00,000 cells 5552ms
 ✓ src/engines/__benchmarks__/IncrementalCalcEngine.bench.test.ts > IncrementalCalcEngine - Dirty Tracking Overhead > dirty tracking overhead for 100K cells 96ms
(node:4820) ExperimentalWarning: localStorage is not available because --localstorage-file was not provided.
(Use `node --trace-warnings ...` to show where the warning was created)
 ✓ src/workers/monte-carlo.worker.test.ts > monte-carlo.worker > seeded random simulation > produces reproducible results with same seed 7ms
 ✓ src/workers/monte-carlo.worker.test.ts > monte-carlo.worker > seeded random simulation > produces different result arrays with different seeds 2ms
 ✓ src/workers/monte-carlo.worker.test.ts > monte-carlo.worker > distribution sampling > samples uniform within bounds 51ms
 ✓ src/workers/monte-carlo.worker.test.ts > monte-carlo.worker > distribution sampling > samples normal distribution with correct mean 13ms
 ✓ src/workers/monte-carlo.worker.test.ts > monte-carlo.worker > distribution sampling > samples triangular distribution within bounds 36ms
 ✓ src/workers/monte-carlo.worker.test.ts > monte-carlo.worker > statistics computation > computes statistics from results 8ms
 ✓ src/workers/monte-carlo.worker.test.ts > monte-carlo.worker > progress reporting > reports progress during simulation 1ms
 ✓ src/workers/monte-carlo.worker.test.ts > monte-carlo.worker > edge cases > handles zero iterations 2ms
 ✓ src/workers/monte-carlo.worker.test.ts > monte-carlo.worker > edge cases > handles empty assumptions 1ms
 ✓ src/workers/monte-carlo.worker.test.ts > monte-carlo.worker > edge cases > handles single iteration 0ms
 ✓ src/workers/monte-carlo.worker.test.ts > monte-carlo.worker > error handling > reports errors gracefully 0ms
stdout | src/engines/__benchmarks__/IncrementalCalcEngine.bench.test.ts > IncrementalCalcEngine - Scaling Summary > prints scaling summary table

  === SCALING SUMMARY (1 dirty cell) ===
  Cells      | Setup     | Calc
  -----------|-----------|--------
       1,000 |   1.11 ms |   3.65 ms
      10,000 |  17.00 ms |  52.47 ms
    1,00,000 | 612.29 ms | 886.96 ms

 ✓ src/engines/__benchmarks__/IncrementalCalcEngine.bench.test.ts > IncrementalCalcEngine - Convergence Iterations > maxIterations=100 with non-converging formula (1K cells) 523ms
 ✓ src/engines/__benchmarks__/IncrementalCalcEngine.bench.test.ts > IncrementalCalcEngine - processBatch Analysis > processBatch is a stub (dirtyCells not cleared) 1ms
 ✓ src/engines/__benchmarks__/IncrementalCalcEngine.bench.test.ts > IncrementalCalcEngine - Scaling Summary > prints scaling summary table 1575ms
(node:4820) ExperimentalWarning: localStorage is not available because --localstorage-file was not provided.
(Use `node --trace-warnings ...` to show where the warning was created)
(node:4820) ExperimentalWarning: localStorage is not available because --localstorage-file was not provided.
(Use `node --trace-warnings ...` to show where the warning was created)
 ✓ src/services/ChangeBroadcaster.test.ts > ChangeBroadcaster > should broadcast changes with generated id and timestamp 8ms
 ✓ src/services/ChangeBroadcaster.test.ts > ChangeBroadcaster > should broadcast cell changes via convenience method 1ms
 ✓ src/services/ChangeBroadcaster.test.ts > ChangeBroadcaster > should broadcast create events 1ms
 ✓ src/services/ChangeBroadcaster.test.ts > ChangeBroadcaster > should broadcast delete events 1ms
 ✓ src/services/ChangeBroadcaster.test.ts > ChangeBroadcaster > should notify handlers on incoming changes from other users 1ms
 ✓ src/services/ChangeBroadcaster.test.ts > ChangeBroadcaster > should ignore own changes echoed back 1ms
 ✓ src/services/ChangeBroadcaster.test.ts > ChangeBroadcaster > should detect recent changes for a resource 1ms
 ✓ src/services/ChangeBroadcaster.test.ts > ChangeBroadcaster > should return recent changes for a resource 2ms
 ✓ src/services/ChangeBroadcaster.test.ts > ChangeBroadcaster > should notify conflict handlers 1ms
 ✓ src/services/ChangeBroadcaster.test.ts > ChangeBroadcaster > should dedup incoming changes 1ms
 ✓ src/services/ChangeBroadcaster.test.ts > ChangeBroadcaster > should clean up on destroy 0ms
 × src/components/reports/ReportScheduler.test.tsx > ReportScheduler > renders empty state when no schedules 53ms
   → Invalid Chai property: toBeInTheDocument
 × src/components/reports/ReportScheduler.test.tsx > ReportScheduler > renders schedules when provided 14ms
   → Invalid Chai property: toBeInTheDocument
 × src/components/reports/ReportScheduler.test.tsx > ReportScheduler > renders the Scheduled Reports heading 9ms
   → Invalid Chai property: toBeInTheDocument
 × src/components/reports/ReportScheduler.test.tsx > ReportScheduler > renders frequency and format for each schedule 8ms
   → Invalid Chai property: toBeInTheDocument
 × src/components/reports/ReportScheduler.test.tsx > ReportScheduler > renders next run dates 8ms
   → Invalid Chai property: toBeInTheDocument
 × src/components/reports/ReportScheduler.test.tsx > ReportScheduler > renders toggle buttons for each schedule 159ms
   → Invalid Chai property: toBeInTheDocument
 ✓ src/components/reports/ReportScheduler.test.tsx > ReportScheduler > calls onToggle when toggle button is clicked 41ms
 ✓ src/components/reports/ReportScheduler.test.tsx > ReportScheduler > renders remove buttons 5ms
 × src/components/reports/ReportScheduler.test.tsx > ReportScheduler > opens modal when Add Schedule is clicked from empty state 19ms
   → Invalid Chai property: toBeInTheDocument
 × src/components/reports/ReportScheduler.test.tsx > ReportScheduler > opens modal when Add Schedule is clicked from list view 29ms
   → Invalid Chai property: toBeInTheDocument
(node:4820) ExperimentalWarning: localStorage is not available because --localstorage-file was not provided.
(Use `node --trace-warnings ...` to show where the warning was created)
 ✓ src/components/ui/ContextMenu.test.tsx > ContextMenu > is defined and exported 165ms
 ✓ src/components/ui/ContextMenu.test.tsx > ContextMenu > has correct prop types (x, y, onAction, onClose) 1ms
(node:4820) ExperimentalWarning: localStorage is not available because --localstorage-file was not provided.
(Use `node --trace-warnings ...` to show where the warning was created)
 ✓ src/services/WebSocketManager.test.ts > WebSocketManager > should initialize in disconnected state 4ms
 ✓ src/services/WebSocketManager.test.ts > WebSocketManager > should connect and transition to connected 3ms
 ✓ src/services/WebSocketManager.test.ts > WebSocketManager > should send messages when connected 1ms
 ✓ src/services/WebSocketManager.test.ts > WebSocketManager > should queue messages when disconnected and flush on connect 1ms
 ✓ src/services/WebSocketManager.test.ts > WebSocketManager > should dispatch messages to registered handlers 2ms
 ✓ src/services/WebSocketManager.test.ts > WebSocketManager > should support wildcard listeners 1ms
 ✓ src/services/WebSocketManager.test.ts > WebSocketManager > should unsubscribe handlers via returned function 0ms
 ✓ src/services/WebSocketManager.test.ts > WebSocketManager > should disconnect gracefully 1ms
 ✓ src/services/WebSocketManager.test.ts > WebSocketManager > should not reconnect on intentional disconnect 1ms
 ✓ src/services/WebSocketManager.test.ts > WebSocketManager > should reconnect on unexpected close 1ms
 ✓ src/services/WebSocketManager.test.ts > WebSocketManager > should append token to URL 1ms
 ✓ src/services/WebSocketManager.test.ts > WebSocketManager > should destroy cleanly 0ms
(node:4820) ExperimentalWarning: localStorage is not available because --localstorage-file was not provided.
(Use `node --trace-warnings ...` to show where the warning was created)
 ✓ src/engines/HealthcareEngine.test.ts > HealthcareEngine > calculatePatientRevenue > should calculate gross charges from 40xx accounts 3ms
 ✓ src/engines/HealthcareEngine.test.ts > HealthcareEngine > calculatePatientRevenue > should calculate contractual adjustments from 41xx accounts (absolute value) 0ms
 ✓ src/engines/HealthcareEngine.test.ts > HealthcareEngine > calculatePatientRevenue > should calculate bad debt from 42xx accounts 0ms
 ✓ src/engines/HealthcareEngine.test.ts > HealthcareEngine > calculatePatientRevenue > should calculate net revenue as gross charges minus contractuals 0ms
 ✓ src/engines/HealthcareEngine.test.ts > HealthcareEngine > calculatePatientRevenue > should calculate cash collected from 11xx accounts 0ms
 ✓ src/engines/HealthcareEngine.test.ts > HealthcareEngine > calculatePatientRevenue > should calculate collection rate as cash collected / net revenue 0ms
 ✓ src/engines/HealthcareEngine.test.ts > HealthcareEngine > calculatePatientRevenue > should return 0 collection rate when net revenue is zero 0ms
 ✓ src/engines/HealthcareEngine.test.ts > HealthcareEngine > calculatePatientRevenue > should calculate days in A/R from 12xx accounts 0ms
 ✓ src/engines/HealthcareEngine.test.ts > HealthcareEngine > calculatePatientRevenue > should return 0 days in A/R when net revenue is zero 0ms
 ✓ src/engines/HealthcareEngine.test.ts > HealthcareEngine > calculatePatientRevenue > should handle empty entries 1ms
 ✓ src/engines/HealthcareEngine.test.ts > HealthcareEngine > calculatePatientRevenue > should exclude non-matching account codes 0ms
 ✓ src/engines/HealthcareEngine.test.ts > HealthcareEngine > getPayerMix > should return payer breakdown by account code suffix 2ms
 ✓ src/engines/HealthcareEngine.test.ts > HealthcareEngine > getPayerMix > should filter out payers with zero value 0ms
 ✓ src/engines/HealthcareEngine.test.ts > HealthcareEngine > getPayerMix > should include color property for each payer 0ms
 ✓ src/engines/HealthcareEngine.test.ts > HealthcareEngine > getPayerMix > should return empty array when no 40xx entries exist 0ms
 ✓ src/engines/HealthcareEngine.test.ts > HealthcareEngine > getPayerMix > should handle empty entries 0ms
(node:4820) ExperimentalWarning: localStorage is not available because --localstorage-file was not provided.
(Use `node --trace-warnings ...` to show where the warning was created)
 ✓ src/store/educationStore.test.ts > educationStore > should have initial empty state after reset 5ms
 ✓ src/store/educationStore.test.ts > educationStore > should set programs 2ms
 ✓ src/store/educationStore.test.ts > educationStore > should add a program 2ms
 ✓ src/store/educationStore.test.ts > educationStore > should update a program 1ms
 ✓ src/store/educationStore.test.ts > educationStore > should not update non-existent program 1ms
 ✓ src/store/educationStore.test.ts > educationStore > should remove a program 1ms
 ✓ src/store/educationStore.test.ts > educationStore > should set enrollment trends 1ms
 ✓ src/store/educationStore.test.ts > educationStore > should set scholarships 1ms
 ✓ src/store/educationStore.test.ts > educationStore > should set loading state 1ms
 ✓ src/store/educationStore.test.ts > educationStore > should set error state 1ms
 ✓ src/store/educationStore.test.ts > educationStore > should clear all data 1ms
 ✓ src/store/educationStore.test.ts > educationStore > should calculate total enrollment 1ms
 ✓ src/store/educationStore.test.ts > educationStore > should return 0 total enrollment for empty programs 0ms
 ✓ src/store/educationStore.test.ts > educationStore > should count active programs 1ms
 ✓ src/store/educationStore.test.ts > educationStore > should return 0 active programs for empty list 1ms
(node:4820) ExperimentalWarning: localStorage is not available because --localstorage-file was not provided.
(Use `node --trace-warnings ...` to show where the warning was created)
 ✓ src/engines/ConsolidationAdjustmentsEngine.test.ts > ConsolidationAdjustmentsEngine > eliminateIntercompany > should create an elimination entry 3ms
 ✓ src/engines/ConsolidationAdjustmentsEngine.test.ts > ConsolidationAdjustmentsEngine > recordGoodwill > should record goodwill on acquisition 1ms
 ✓ src/engines/ConsolidationAdjustmentsEngine.test.ts > ConsolidationAdjustmentsEngine > recordGoodwill > should calculate zero goodwill when purchase equals fair value 0ms
 ✓ src/engines/ConsolidationAdjustmentsEngine.test.ts > ConsolidationAdjustmentsEngine > calculateNCI > should calculate non-controlling interest 0ms
 ✓ src/engines/ConsolidationAdjustmentsEngine.test.ts > ConsolidationAdjustmentsEngine > addAdjustment > should add a manual adjustment entry 0ms
 ✓ src/engines/ConsolidationAdjustmentsEngine.test.ts > ConsolidationAdjustmentsEngine > getConsolidationSummary > should compute summary across entry types 1ms
 ✓ src/engines/ConsolidationAdjustmentsEngine.test.ts > ConsolidationAdjustmentsEngine > getConsolidationSummary > should only include entries for the requested period 0ms
 ✓ src/engines/ConsolidationAdjustmentsEngine.test.ts > ConsolidationAdjustmentsEngine > getEntries > should return all entries when no period filter 1ms
 ✓ src/engines/ConsolidationAdjustmentsEngine.test.ts > ConsolidationAdjustmentsEngine > getEntries > should filter by period when provided 0ms
 ✓ src/engines/ConsolidationAdjustmentsEngine.test.ts > ConsolidationAdjustmentsEngine > reverseEntry > should reverse a pending entry 0ms
 ✓ src/engines/ConsolidationAdjustmentsEngine.test.ts > ConsolidationAdjustmentsEngine > reverseEntry > should return false for non-existent entry 0ms
 ✓ src/engines/ConsolidationAdjustmentsEngine.test.ts > ConsolidationAdjustmentsEngine > reverseEntry > should return false for already reversed entry 0ms
 ✓ src/engines/ConsolidationAdjustmentsEngine.test.ts > ConsolidationAdjustmentsEngine > reset > should clear all entries 0ms
(node:4820) ExperimentalWarning: localStorage is not available because --localstorage-file was not provided.
(Use `node --trace-warnings ...` to show where the warning was created)
 ✓ src/engines/DataGovernanceEngine.test.ts > DataGovernanceEngine > should add and retrieve assets 3ms
 ✓ src/engines/DataGovernanceEngine.test.ts > DataGovernanceEngine > should search assets 2ms
 ✓ src/engines/DataGovernanceEngine.test.ts > DataGovernanceEngine > should filter by owner 1ms
 ✓ src/engines/DataGovernanceEngine.test.ts > DataGovernanceEngine > should classify assets 0ms
 ✓ src/engines/DataGovernanceEngine.test.ts > DataGovernanceEngine > should tag and untag assets 1ms
 ✓ src/engines/DataGovernanceEngine.test.ts > DataGovernanceEngine > should track lineage 0ms
 ✓ src/engines/DataGovernanceEngine.test.ts > DataGovernanceEngine > should manage quality rules 0ms
 ✓ src/engines/DataGovernanceEngine.test.ts > DataGovernanceEngine > should manage retention policies 0ms
 ✓ src/engines/DataGovernanceEngine.test.ts > DataGovernanceEngine > should log access 1ms
 ✓ src/engines/DataGovernanceEngine.test.ts > DataGovernanceEngine > should serialize and deserialize 1ms
 ✓ src/engines/DataGovernanceEngine.test.ts > DataGovernanceEngine > should get stats 0ms
(node:4820) ExperimentalWarning: localStorage is not available because --localstorage-file was not provided.
(Use `node --trace-warnings ...` to show where the warning was created)
 ✓ src/engines/ExcelKeyboardEngine.test.ts > ExcelKeyboardEngine > handleKey > should move up with ArrowUp 3ms
 ✓ src/engines/ExcelKeyboardEngine.test.ts > ExcelKeyboardEngine > handleKey > should move down with ArrowDown 0ms
 ✓ src/engines/ExcelKeyboardEngine.test.ts > ExcelKeyboardEngine > handleKey > should not move beyond grid bounds 0ms
 ✓ src/engines/ExcelKeyboardEngine.test.ts > ExcelKeyboardEngine > handleKey > should handle Tab to move right 0ms
 ✓ src/engines/ExcelKeyboardEngine.test.ts > ExcelKeyboardEngine > handleKey > should handle Shift+Tab to move left 0ms
 ✓ src/engines/ExcelKeyboardEngine.test.ts > ExcelKeyboardEngine > handleKey > should handle Ctrl+C for copy 0ms
 ✓ src/engines/ExcelKeyboardEngine.test.ts > ExcelKeyboardEngine > handleKey > should handle Ctrl+V for paste 0ms
 ✓ src/engines/ExcelKeyboardEngine.test.ts > ExcelKeyboardEngine > handleKey > should handle Ctrl+Z for undo 0ms
 ✓ src/engines/ExcelKeyboardEngine.test.ts > ExcelKeyboardEngine > handleKey > should handle Ctrl+Y for redo 0ms
 ✓ src/engines/ExcelKeyboardEngine.test.ts > ExcelKeyboardEngine > handleKey > should handle Delete key 0ms
 ✓ src/engines/ExcelKeyboardEngine.test.ts > ExcelKeyboardEngine > handleKey > should handle F2 for edit 0ms
 ✓ src/engines/ExcelKeyboardEngine.test.ts > ExcelKeyboardEngine > handleKey > should handle Home to go to first column 0ms
 ✓ src/engines/ExcelKeyboardEngine.test.ts > ExcelKeyboardEngine > handleKey > should handle End to go to last column 0ms
 ✓ src/engines/ExcelKeyboardEngine.test.ts > ExcelKeyboardEngine > handleKey > should return none for unknown keys 0ms
 ✓ src/engines/ExcelKeyboardEngine.test.ts > ExcelKeyboardEngine > handleKey > should ignore non-navigation keys while editing 0ms
 ✓ src/engines/ExcelKeyboardEngine.test.ts > ExcelKeyboardEngine > getShortcuts > should return default shortcuts 0ms
 ✓ src/engines/ExcelKeyboardEngine.test.ts > ExcelKeyboardEngine > registerCustomShortcut > should register a custom shortcut 0ms
 ✓ src/engines/ExcelKeyboardEngine.test.ts > ExcelKeyboardEngine > shift+arrow for selection > should return select type when shift is held 0ms
 ✓ src/engines/ExcelKeyboardEngine.test.ts > ExcelKeyboardEngine > Ctrl+X for cut > should return edit type with cut payload 0ms
(node:4820) ExperimentalWarning: localStorage is not available because --localstorage-file was not provided.
(Use `node --trace-warnings ...` to show where the warning was created)
 ✓ src/store/governmentStore.test.ts > governmentStore > should have initial empty state after reset 6ms
 ✓ src/store/governmentStore.test.ts > governmentStore > should set funds 3ms
 ✓ src/store/governmentStore.test.ts > governmentStore > should add a fund 2ms
 ✓ src/store/governmentStore.test.ts > governmentStore > should update a fund 1ms
 ✓ src/store/governmentStore.test.ts > governmentStore > should not update non-existent fund 1ms
 ✓ src/store/governmentStore.test.ts > governmentStore > should remove a fund 1ms
 ✓ src/store/governmentStore.test.ts > governmentStore > should set compliance items 1ms
 ✓ src/store/governmentStore.test.ts > governmentStore > should set budget lines 1ms
 ✓ src/store/governmentStore.test.ts > governmentStore > should set loading state 1ms
 ✓ src/store/governmentStore.test.ts > governmentStore > should set error state 1ms
 ✓ src/store/governmentStore.test.ts > governmentStore > should clear all data 1ms
 ✓ src/store/governmentStore.test.ts > governmentStore > should calculate total utilization percentage 1ms
 ✓ src/store/governmentStore.test.ts > governmentStore > should return 0 utilization for empty funds 0ms
 ✓ src/store/governmentStore.test.ts > governmentStore > should return 0 utilization when total allocated is 0 0ms
 ✓ src/store/governmentStore.test.ts > governmentStore > should filter funds by status 1ms
(node:4820) ExperimentalWarning: localStorage is not available because --localstorage-file was not provided.
(Use `node --trace-warnings ...` to show where the warning was created)
 ✓ src/components/data/GLDataPreview.test.tsx > GLDataPreview > renders without crashing 59ms
 × src/components/data/GLDataPreview.test.tsx > GLDataPreview > displays row count in summary 43ms
   → Invalid Chai property: toBeInTheDocument
 × src/components/data/GLDataPreview.test.tsx > GLDataPreview > shows green check icon for valid data 11ms
   → Invalid Chai property: toBeInTheDocument
 × src/components/data/GLDataPreview.test.tsx > GLDataPreview > shows 0 errors for valid data 10ms
   → Invalid Chai property: toBeInTheDocument
 × src/components/data/GLDataPreview.test.tsx > GLDataPreview > renders table headers from mappings 10ms
   → Invalid Chai property: toBeInTheDocument
 × src/components/data/GLDataPreview.test.tsx > GLDataPreview > renders row number column header 12ms
   → Invalid Chai property: toBeInTheDocument
 × src/components/data/GLDataPreview.test.tsx > GLDataPreview > renders status column header 15ms
   → Invalid Chai property: toBeInTheDocument
 ✓ src/components/data/GLDataPreview.test.tsx > GLDataPreview > shows Valid status for valid rows 9ms
 × src/components/data/GLDataPreview.test.tsx > GLDataPreview > enables confirm button for valid data 9ms
   → Invalid Chai property: toBeDisabled
 ✓ src/components/data/GLDataPreview.test.tsx > GLDataPreview > calls onConfirm when confirm button clicked 19ms
 ✓ src/components/data/GLDataPreview.test.tsx > GLDataPreview > calls onCancel when cancel button clicked 15ms
 × src/components/data/GLDataPreview.test.tsx > GLDataPreview > detects missing account code 9ms
   → Invalid Chai property: toBeInTheDocument
 × src/components/data/GLDataPreview.test.tsx > GLDataPreview > detects invalid account code not in list 7ms
   → Invalid Chai property: toBeInTheDocument
 × src/components/data/GLDataPreview.test.tsx > GLDataPreview > detects missing date 7ms
   → Invalid Chai property: toBeInTheDocument
 × src/components/data/GLDataPreview.test.tsx > GLDataPreview > detects invalid date format 20ms
   → Invalid Chai property: toBeInTheDocument
 × src/components/data/GLDataPreview.test.tsx > GLDataPreview > detects invalid debit amount 9ms
   → Invalid Chai property: toBeInTheDocument
 × src/components/data/GLDataPreview.test.tsx > GLDataPreview > detects invalid credit amount 9ms
   → Invalid Chai property: toBeInTheDocument
 × src/components/data/GLDataPreview.test.tsx > GLDataPreview > disables confirm button when errors exist 7ms
   → Invalid Chai property: toBeDisabled
 × src/components/data/GLDataPreview.test.tsx > GLDataPreview > shows error count in summary when errors exist 8ms
   → Invalid Chai property: toBeInTheDocument
 × src/components/data/GLDataPreview.test.tsx > GLDataPreview > renders without accounts prop 7ms
   → Invalid Chai property: toBeInTheDocument
(node:4820) ExperimentalWarning: localStorage is not available because --localstorage-file was not provided.
(Use `node --trace-warnings ...` to show where the warning was created)
 × src/components/ui/Tabs.test.tsx > Tabs > renders tab triggers 50ms
   → Invalid Chai property: toBeInTheDocument
 × src/components/ui/Tabs.test.tsx > Tabs > renders default tab content 13ms
   → Invalid Chai property: toBeInTheDocument
 × src/components/ui/Tabs.test.tsx > Tabs > does not render inactive tab content 8ms
   → Invalid Chai property: toBeInTheDocument
 × src/components/ui/Tabs.test.tsx > Tabs > switches tab when trigger is clicked 14ms
   → Invalid Chai property: toBeInTheDocument
 × src/components/ui/Tabs.test.tsx > Tabs > switches between multiple tabs 8ms
   → Invalid Chai property: toBeInTheDocument
(node:4820) ExperimentalWarning: localStorage is not available because --localstorage-file was not provided.
(Use `node --trace-warnings ...` to show where the warning was created)
 ✓ src/engines/StateMachine.test.ts > StateMachine > should allow valid transitions 2ms
 ✓ src/engines/StateMachine.test.ts > StateMachine > should reject invalid transitions 0ms
 ✓ src/engines/StateMachine.test.ts > StateMachine > should enforce role requirements 0ms
 ✓ src/engines/StateMachine.test.ts > StateMachine > should enforce guards 0ms
 ✓ src/engines/StateMachine.test.ts > StateMachine > should execute side effects 0ms
 ✓ src/engines/StateMachine.test.ts > StateMachine > should return available transitions 1ms
 ✓ src/engines/StateMachine.test.ts > StateMachine > should return target states 0ms
 ✓ src/engines/StateMachine.test.ts > budgetStateMachine > should allow analyst to submit draft budget 0ms
 ✓ src/engines/StateMachine.test.ts > budgetStateMachine > should reject submitting empty budget 0ms
 ✓ src/engines/StateMachine.test.ts > budgetStateMachine > should prevent self-approval 0ms
 ✓ src/engines/StateMachine.test.ts > budgetStateMachine > should require comment for rejection 0ms
 ✓ src/engines/StateMachine.test.ts > periodStateMachine > should reject soft close with unposted journals 0ms
 ✓ src/engines/StateMachine.test.ts > periodStateMachine > should allow soft close when all journals posted 0ms
 ✓ src/engines/StateMachine.test.ts > forecastStateMachine > should require assumptions before publishing 0ms
 ✓ src/components/ui/Tabs.test.tsx > Tabs > calls onValueChange when tab is switched 8ms
 ✓ src/components/ui/Tabs.test.tsx > Tabs > does not call onValueChange when same tab is clicked 8ms
 × src/components/ui/Tabs.test.tsx > Tabs > uses defaultValue for initial active tab 12ms
   → Invalid Chai property: toBeInTheDocument
 × src/components/ui/Tabs.test.tsx > Tabs > renders TabsList with tablist role 138ms
   → Invalid Chai property: toBeInTheDocument
 ✓ src/components/ui/Tabs.test.tsx > Tabs > renders triggers with tab role 35ms
 × src/components/ui/Tabs.test.tsx > Tabs > sets aria-selected on active tab 4ms
   → Invalid Chai property: toHaveAttribute
 × src/components/ui/Tabs.test.tsx > Tabs > sets aria-selected to false on inactive tab 5ms
   → Invalid Chai property: toHaveAttribute
 × src/components/ui/Tabs.test.tsx > Tabs > sets data-state on active tab trigger 5ms
   → Invalid Chai property: toHaveAttribute
 × src/components/ui/Tabs.test.tsx > Tabs > sets data-state on inactive tab trigger 4ms
   → Invalid Chai property: toHaveAttribute
 × src/components/ui/Tabs.test.tsx > Tabs > renders content with tabpanel role 9ms
   → Invalid Chai property: toBeInTheDocument
 × src/components/ui/Tabs.test.tsx > Tabs > sets tabIndex on content panel 7ms
   → Invalid Chai property: toHaveAttribute
 × src/components/ui/Tabs.test.tsx > Tabs > sets data-state on active content 5ms
   → Invalid Chai property: toHaveAttribute
 ✓ src/components/ui/Tabs.test.tsx > Tabs > applies custom className to Tabs container 4ms
 ✓ src/components/ui/Tabs.test.tsx > Tabs > forwards ref to Tabs container 3ms
(node:4820) ExperimentalWarning: localStorage is not available because --localstorage-file was not provided.
(Use `node --trace-warnings ...` to show where the warning was created)
 ✓ src/engines/GridOfflineEngine.test.ts > GridOfflineEngine > saveGridState / loadGridState > should save and load grid state 5ms
 ✓ src/engines/GridOfflineEngine.test.ts > GridOfflineEngine > saveGridState / loadGridState > should overwrite existing state 1ms
 ✓ src/engines/GridOfflineEngine.test.ts > GridOfflineEngine > saveGridState / loadGridState > should return null for non-existent grid 1ms
 ✓ src/engines/GridOfflineEngine.test.ts > GridOfflineEngine > trackChange / getPendingChanges > should track cell changes 2ms
 ✓ src/engines/GridOfflineEngine.test.ts > GridOfflineEngine > trackChange / getPendingChanges > should track changes across multiple grids 1ms
 ✓ src/engines/GridOfflineEngine.test.ts > GridOfflineEngine > markSynced > should mark changes as synced 0ms
 ✓ src/engines/GridOfflineEngine.test.ts > GridOfflineEngine > getConflicts > should detect local-wins conflict 0ms
 ✓ src/engines/GridOfflineEngine.test.ts > GridOfflineEngine > cleanup > should remove synced changes older than retention period 1ms
(node:4820) ExperimentalWarning: localStorage is not available because --localstorage-file was not provided.
(Use `node --trace-warnings ...` to show where the warning was created)
 ✓ src/store/telecomStore.test.ts > telecomStore > should have initial empty state after reset 3ms
 ✓ src/store/telecomStore.test.ts > telecomStore > should set subscribers 2ms
 ✓ src/store/telecomStore.test.ts > telecomStore > should add a subscriber 2ms
 ✓ src/store/telecomStore.test.ts > telecomStore > should update a subscriber 1ms
 ✓ src/store/telecomStore.test.ts > telecomStore > should not update non-existent subscriber 1ms
 ✓ src/store/telecomStore.test.ts > telecomStore > should remove a subscriber 1ms
 ✓ src/store/telecomStore.test.ts > telecomStore > should set network metrics 1ms
 ✓ src/store/telecomStore.test.ts > telecomStore > should set ARPU trends 0ms
 ✓ src/store/telecomStore.test.ts > telecomStore > should set loading state 0ms
 ✓ src/store/telecomStore.test.ts > telecomStore > should set error state 0ms
 ✓ src/store/telecomStore.test.ts > telecomStore > should clear all data 1ms
 ✓ src/store/telecomStore.test.ts > telecomStore > should count active subscribers 0ms
 ✓ src/store/telecomStore.test.ts > telecomStore > should return 0 total subscribers for empty list 0ms
 ✓ src/store/telecomStore.test.ts > telecomStore > should calculate average ARPU for active subscribers 0ms
 ✓ src/store/telecomStore.test.ts > telecomStore > should return 0 ARPU when no active subscribers 0ms
 ✓ src/store/telecomStore.test.ts > telecomStore > should return 0 ARPU for empty subscribers 0ms
(node:4820) ExperimentalWarning: localStorage is not available because --localstorage-file was not provided.
(Use `node --trace-warnings ...` to show where the warning was created)
(node:4820) ExperimentalWarning: localStorage is not available because --localstorage-file was not provided.
(Use `node --trace-warnings ...` to show where the warning was created)
 ✓ src/engines/DimensionalModelingEngine.test.ts > DimensionalModelingEngine > registerDimension > should register a dimension 4ms
 ✓ src/engines/DimensionalModelingEngine.test.ts > DimensionalModelingEngine > registerDimension > should register multiple dimensions 1ms
 ✓ src/engines/DimensionalModelingEngine.test.ts > DimensionalModelingEngine > getDimension > should get dimension by id 0ms
 ✓ src/engines/DimensionalModelingEngine.test.ts > DimensionalModelingEngine > getDimension > should return undefined for non-existent dimension 0ms
 ✓ src/engines/DimensionalModelingEngine.test.ts > DimensionalModelingEngine > getAllDimensions > should return all registered dimensions 0ms
 ✓ src/engines/DimensionalModelingEngine.test.ts > DimensionalModelingEngine > getMembers > should return deepest level members of a dimension 1ms
 ✓ src/engines/DimensionalModelingEngine.test.ts > DimensionalModelingEngine > getMembers > should accept optional hierarchy id 0ms
 ✓ src/engines/DimensionalModelingEngine.test.ts > DimensionalModelingEngine > getMembers > should return empty array for non-existent dimension 0ms
 ✓ src/engines/DimensionalModelingEngine.test.ts > DimensionalModelingEngine > slice > should slice data by dimension member 0ms
 ✓ src/engines/DimensionalModelingEngine.test.ts > DimensionalModelingEngine > slice > should return empty array when no match 0ms
 ✓ src/engines/DimensionalModelingEngine.test.ts > DimensionalModelingEngine > dice > should filter data by multiple dimension filters 0ms
 ✓ src/engines/DimensionalModelingEngine.test.ts > DimensionalModelingEngine > dice > should match all filter conditions 1ms
 ✓ src/engines/DimensionalModelingEngine.test.ts > DimensionalModelingEngine > drillDown > should slice data to a specific level 0ms
 ✓ src/engines/DimensionalModelingEngine.test.ts > DimensionalModelingEngine > rollUp > should aggregate measure by dimension 1ms
 ✓ src/engines/DimensionalModelingEngine.test.ts > DimensionalModelingEngine > rollUp > should handle empty data 0ms
 ✓ src/components/layout/Sidebar.test.tsx > Sidebar > renders without crashing 77ms
(node:4820) ExperimentalWarning: localStorage is not available because --localstorage-file was not provided.
(Use `node --trace-warnings ...` to show where the warning was created)
 × src/components/layout/Sidebar.test.tsx > Sidebar > displays the app brand name 67ms
   → Invalid Chai property: toBeInTheDocument
 ✓ src/components/layout/Sidebar.test.tsx > Sidebar > displays FP logo 64ms
 × src/components/layout/Sidebar.test.tsx > Sidebar > renders quick search button 38ms
   → Invalid Chai property: toBeInTheDocument
 × src/components/layout/Sidebar.test.tsx > Sidebar > renders quick search text when not collapsed 42ms
   → Invalid Chai property: toBeInTheDocument
 × src/components/layout/Sidebar.test.tsx > Sidebar > renders all navigation sections 32ms
   → Invalid Chai property: toBeInTheDocument
 × src/components/layout/Sidebar.test.tsx > Sidebar > renders all main nav items 43ms
   → Invalid Chai property: toBeInTheDocument
 × src/components/layout/Sidebar.test.tsx > Sidebar > renders analysis nav items 30ms
   → Invalid Chai property: toBeInTheDocument
 × src/components/layout/Sidebar.test.tsx > Sidebar > renders management nav items 34ms
   → Invalid Chai property: toBeInTheDocument
 × src/components/layout/Sidebar.test.tsx > Sidebar > renders Settings and Help links 43ms
   → Invalid Chai property: toBeInTheDocument
 × src/components/layout/Sidebar.test.tsx > Sidebar > renders theme toggle button 32ms
   → Invalid Chai property: toBeInTheDocument
 ✓ src/components/layout/Sidebar.test.tsx > Sidebar > calls toggleTheme when theme button is clicked 41ms
 × src/components/ui/SheetTabs.test.tsx > SheetTabs > renders all sheet tabs 74ms
   → Invalid Chai property: toBeInTheDocument
 × src/components/ui/SheetTabs.test.tsx > SheetTabs > renders with role="tablist" 165ms
   → Invalid Chai property: toBeInTheDocument
 × src/components/ui/SheetTabs.test.tsx > SheetTabs > renders aria-label on tablist 35ms
   → Invalid Chai property: toBeInTheDocument
 × src/components/ui/SheetTabs.test.tsx > SheetTabs > marks active sheet with aria-selected 24ms
   → Invalid Chai property: toHaveAttribute
 × src/components/ui/SheetTabs.test.tsx > SheetTabs > renders add sheet button 8ms
   → Invalid Chai property: toBeInTheDocument
 × src/components/ui/SheetTabs.test.tsx > SheetTabs > renders delete button only for active sheet when multiple sheets exist 6ms
   → Invalid Chai property: toBeInTheDocument
 × src/components/ui/SheetTabs.test.tsx > SheetTabs > does not render delete button when only one sheet 4ms
   → Invalid Chai property: toBeInTheDocument
 × src/components/ui/SheetTabs.test.tsx > SheetTabs > applies custom className 5ms
   → Invalid Chai property: toHaveAttribute
 ✓ src/components/ui/SheetTabs.test.tsx > SheetTabs > calls onSheetChange when tab clicked 11ms
 × src/components/layout/Sidebar.test.tsx > Sidebar > renders collapse button on desktop 38ms
   → Invalid Chai property: toBeInTheDocument
 ✓ src/components/layout/Sidebar.test.tsx > Sidebar > calls toggleSidebar when collapse button is clicked 53ms
 × src/components/layout/Sidebar.test.tsx > Sidebar > hides labels when sidebar is collapsed 21ms
   → Invalid Chai property: toBeInTheDocument
 × src/components/layout/Sidebar.test.tsx > Sidebar > shows expand button when collapsed 23ms
   → Invalid Chai property: toBeInTheDocument
 ✓ src/components/ui/SheetTabs.test.tsx > SheetTabs > calls onSheetAdd when add button clicked 7ms
 ✓ src/components/ui/SheetTabs.test.tsx > SheetTabs > calls onSheetDelete when delete button clicked 8ms
 × src/components/ui/SheetTabs.test.tsx > SheetTabs > enters rename mode on double-click 19ms
   → Invalid Chai property: toBeInTheDocument
 ✓ src/components/ui/SheetTabs.test.tsx > SheetTabs > calls onSheetRename on blur after editing 24ms
 ✓ src/components/ui/SheetTabs.test.tsx > SheetTabs > calls onSheetRename on Enter key 25ms
 × src/components/ui/SheetTabs.test.tsx > SheetTabs > cancels rename on Escape key 16ms
   → Invalid Chai property: toBeInTheDocument
(node:4820) ExperimentalWarning: localStorage is not available because --localstorage-file was not provided.
(Use `node --trace-warnings ...` to show where the warning was created)
 × src/components/layout/Sidebar.test.tsx > Sidebar > renders close button for mobile 27ms
   → Invalid Chai property: toBeInTheDocument
 ✓ src/components/layout/Sidebar.test.tsx > Sidebar > calls closeMobileSidebar when close button is clicked 39ms
 × src/components/layout/Sidebar.test.tsx > Sidebar > shows dark mode toggle when theme is light 31ms
   → Invalid Chai property: toBeInTheDocument
 × src/components/layout/Sidebar.test.tsx > Sidebar > shows light mode toggle when theme is dark 31ms
   → Invalid Chai property: toBeInTheDocument
 ✓ src/components/ui/SheetTabs.test.tsx > SheetTabs > activates tab on Enter key 26ms
 ✓ src/components/ui/SheetTabs.test.tsx > SheetTabs > activates tab on Space key 12ms
 ✓ src/hooks/useSector.test.ts > useSector > should return the default sector when no active sector is set 18ms
 ✓ src/hooks/useSector.test.ts > useSector > should return the active sector config from the store 3ms
 ✓ src/hooks/useSector.test.ts > useSector > should call updatePreferences when setSector is called 3ms
 ✓ src/hooks/useSector.test.ts > useSector > should return a list of available sectors 3ms
(node:4820) ExperimentalWarning: localStorage is not available because --localstorage-file was not provided.
(Use `node --trace-warnings ...` to show where the warning was created)
 ✓ src/engines/ForecastReconciliationEngine.test.ts > ForecastReconciliationEngine > reconcile > should reconcile top-down and bottom-up forecasts 4ms
 ✓ src/engines/ForecastReconciliationEngine.test.ts > ForecastReconciliationEngine > reconcile > should flag variances between sources 1ms
 ✓ src/engines/ForecastReconciliationEngine.test.ts > ForecastReconciliationEngine > reconcile > should return summary with correct flag counts 0ms
 ✓ src/engines/ForecastReconciliationEngine.test.ts > ForecastReconciliationEngine > merge > should merge multiple forecast sources using average strategy 1ms
 ✓ src/engines/ForecastReconciliationEngine.test.ts > ForecastReconciliationEngine > merge > should handle single source 0ms
 ✓ src/engines/ForecastReconciliationEngine.test.ts > ForecastReconciliationEngine > merge > should handle empty source array 1ms
 ✓ src/engines/ForecastReconciliationEngine.test.ts > ForecastReconciliationEngine > merge > should support weighted strategy with weights 0ms
 ✓ src/engines/ForecastReconciliationEngine.test.ts > ForecastReconciliationEngine > merge > should support top_down_priority strategy 0ms
(node:4820) ExperimentalWarning: localStorage is not available because --localstorage-file was not provided.
(Use `node --trace-warnings ...` to show where the warning was created)
(node:4820) ExperimentalWarning: localStorage is not available because --localstorage-file was not provided.
(Use `node --trace-warnings ...` to show where the warning was created)
 ✓ src/engines/ComplianceEngine.test.ts > ComplianceEngine > checkSegregationOfDuties > passes with no conflicting roles 2ms
 ✓ src/engines/ComplianceEngine.test.ts > ComplianceEngine > checkSegregationOfDuties > fails with approver + requester conflict 1ms
 ✓ src/engines/ComplianceEngine.test.ts > ComplianceEngine > checkSegregationOfDuties > fails with admin + auditor conflict 0ms
 ✓ src/engines/ComplianceEngine.test.ts > ComplianceEngine > checkSegregationOfDuties > fails with creator + approver conflict 0ms
 ✓ src/engines/ComplianceEngine.test.ts > ComplianceEngine > checkSegregationOfDuties > detects multiple conflicts 0ms
 ✓ src/engines/ComplianceEngine.test.ts > ComplianceEngine > checkApprovalWorkflow > passes for valid approval 0ms
 ✓ src/engines/ComplianceEngine.test.ts > ComplianceEngine > checkApprovalWorkflow > fails for self-approval 0ms
 ✓ src/engines/ComplianceEngine.test.ts > ComplianceEngine > checkApprovalWorkflow > warns when amount exceeds threshold 0ms
 ✓ src/engines/ComplianceEngine.test.ts > ComplianceEngine > checkApprovalWorkflow > self-approval takes priority over threshold check 0ms
 ✓ src/engines/ComplianceEngine.test.ts > ComplianceEngine > checkDataRetention > passes for recent record 0ms
 ✓ src/engines/ComplianceEngine.test.ts > ComplianceEngine > checkDataRetention > warns for expired record 0ms
 ✓ src/engines/ComplianceEngine.test.ts > ComplianceEngine > validateAccess > passes when role has required permission 0ms
 ✓ src/engines/ComplianceEngine.test.ts > ComplianceEngine > validateAccess > fails when role lacks permission 0ms
 ✓ src/engines/ComplianceEngine.test.ts > ComplianceEngine > validateAccess > passes with wildcard permission 0ms
 ✓ src/engines/ComplianceEngine.test.ts > ComplianceEngine > validateAccess > fails for unknown role 0ms
 ✓ src/engines/ComplianceEngine.test.ts > ComplianceEngine > generateReport > calculates score correctly 0ms
 ✓ src/engines/ComplianceEngine.test.ts > ComplianceEngine > generateReport > returns 100 for empty checks 0ms
(node:4820) ExperimentalWarning: localStorage is not available because --localstorage-file was not provided.
(Use `node --trace-warnings ...` to show where the warning was created)
 × src/components/ui/Progress.test.tsx > Progress > renders without crashing 43ms
   → Invalid Chai property: toBeInTheDocument
 ✓ src/components/ui/Progress.test.tsx > Progress > renders outer track div 4ms
 ✓ src/components/ui/Progress.test.tsx > Progress > renders inner bar div 3ms
 ✓ src/components/ui/Progress.test.tsx > Progress > sets width to 0% for value 0 4ms
 ✓ src/components/ui/Progress.test.tsx > Progress > sets width to 50% for value 50 3ms
 ✓ src/components/ui/Progress.test.tsx > Progress > sets width to 100% for value 100 3ms
 ✓ src/components/ui/Progress.test.tsx > Progress > clamps value above 100 to 100% 2ms
 ✓ src/components/ui/Progress.test.tsx > Progress > clamps value of 999 to 100% 2ms
 ✓ src/components/ui/Progress.test.tsx > Progress > clamps negative value to 0% 2ms
 ✓ src/components/ui/Progress.test.tsx > Progress > clamps -999 to 0% 2ms
 ✓ src/components/ui/Progress.test.tsx > Progress > handles boundary value of 1 2ms
 ✓ src/components/ui/Progress.test.tsx > Progress > handles boundary value of 99 1ms
 ✓ src/components/ui/Progress.test.tsx > Progress > handles NaN value gracefully 5ms
 ✓ src/components/ui/Progress.test.tsx > Progress > handles Infinity value 1ms
 ✓ src/components/ui/Progress.test.tsx > Progress > handles -Infinity value 1ms
 ✓ src/components/ui/Progress.test.tsx > Progress > handles very small decimal values 1ms
 ✓ src/components/ui/Progress.test.tsx > Progress > handles fractional values 2ms
 ✓ src/components/ui/Progress.test.tsx > Progress > handles exactly 0.5 1ms
 ✓ src/components/ui/Progress.test.tsx > Progress > applies custom className to outer div 1ms
 ✓ src/components/ui/Progress.test.tsx > Progress > preserves default classes with custom className 1ms
 ✓ src/components/ui/Progress.test.tsx > Progress > uses empty string as default className 1ms
 × src/components/ui/Progress.test.tsx > Progress > does not have role="progressbar" (missing a11y) 12ms
   → Invalid Chai property: toBeInTheDocument
 × src/components/ui/Progress.test.tsx > Progress > does not have aria-valuenow (missing a11y) 4ms
   → Invalid Chai property: toBeInTheDocument
 × src/components/ui/Progress.test.tsx > Progress > does not have aria-valuemin (missing a11y) 3ms
   → Invalid Chai property: toBeInTheDocument
 × src/components/ui/Progress.test.tsx > Progress > does not have aria-valuemax (missing a11y) 2ms
   → Invalid Chai property: toBeInTheDocument
 ✓ src/store/esgStore.test.ts > esgStore > should have initial empty state after reset 4ms
 ✓ src/store/esgStore.test.ts > esgStore > should set metrics 2ms
 ✓ src/store/esgStore.test.ts > esgStore > should add a metric 2ms
 ✓ src/store/esgStore.test.ts > esgStore > should update a metric 1ms
 ✓ src/store/esgStore.test.ts > esgStore > should not update non-existent metric 1ms
 ✓ src/store/esgStore.test.ts > esgStore > should remove a metric 1ms
 ✓ src/store/esgStore.test.ts > esgStore > should set initiatives 0ms
 ✓ src/store/esgStore.test.ts > esgStore > should set loading state 0ms
 ✓ src/store/esgStore.test.ts > esgStore > should set error state 0ms
 ✓ src/store/esgStore.test.ts > esgStore > should clear all data 1ms
 ✓ src/store/esgStore.test.ts > esgStore > should filter metrics by category 1ms
 ✓ src/store/esgStore.test.ts > esgStore > should return empty for category with no metrics 0ms
 ✓ src/store/esgStore.test.ts > esgStore > should calculate overall score 0ms
 ✓ src/store/esgStore.test.ts > esgStore > should return 0 overall score for empty metrics 0ms
(node:4820) ExperimentalWarning: localStorage is not available because --localstorage-file was not provided.
(Use `node --trace-warnings ...` to show where the warning was created)
 ✓ src/components/finance/CascadeRuleBuilder.test.tsx > CascadeRuleBuilder > renders without crashing 42ms
 × src/components/finance/CascadeRuleBuilder.test.tsx > CascadeRuleBuilder > renders the Cascade Rules heading 34ms
   → Invalid Chai property: toBeInTheDocument
 × src/components/finance/CascadeRuleBuilder.test.tsx > CascadeRuleBuilder > renders Add Rule button 5ms
   → Invalid Chai property: toBeInTheDocument
 × src/components/finance/CascadeRuleBuilder.test.tsx > CascadeRuleBuilder > shows empty state when no rules exist 6ms
   → Invalid Chai property: toBeInTheDocument
 × src/components/finance/CascadeRuleBuilder.test.tsx > CascadeRuleBuilder > opens the rule form when Add Rule is clicked 39ms
   → Invalid Chai property: toBeInTheDocument
 × src/components/finance/CascadeRuleBuilder.test.tsx > CascadeRuleBuilder > shows formula input when formula cascade type is selected 40ms
   → Invalid Chai property: toBeInTheDocument
 × src/components/finance/CascadeRuleBuilder.test.tsx > CascadeRuleBuilder > shows formula variables hint 17ms
   → Invalid Chai property: toBeInTheDocument
 × src/components/finance/CascadeRuleBuilder.test.tsx > CascadeRuleBuilder > renders close/cancel button in form 12ms
   → Invalid Chai property: toBeInTheDocument
 × src/components/finance/CascadeRuleBuilder.test.tsx > CascadeRuleBuilder > closes form when Cancel is clicked 18ms
   → Invalid Chai property: toBeInTheDocument
 × src/components/finance/CascadeRuleBuilder.test.tsx > CascadeRuleBuilder > renders all target cube options 16ms
   → Invalid Chai property: toBeInTheDocument
 × src/components/finance/CascadeRuleBuilder.test.tsx > CascadeRuleBuilder > renders all cascade type options 12ms
   → Invalid Chai property: toBeInTheDocument
 × src/components/finance/CascadeRuleBuilder.test.tsx > CascadeRuleBuilder > renders all impact type options 13ms
   → Invalid Chai property: toBeInTheDocument
 × src/components/finance/CascadeRuleBuilder.test.tsx > CascadeRuleBuilder > renders weight slider 138ms
   → Invalid Chai property: toBeInTheDocument
 × src/components/finance/CascadeRuleBuilder.test.tsx > CascadeRuleBuilder > disables Add Rule button when target account is empty 17ms
   → Invalid Chai property: toBeDisabled
(node:4820) ExperimentalWarning: localStorage is not available because --localstorage-file was not provided.
(Use `node --trace-warnings ...` to show where the warning was created)
stderr | src/utils/tauriSqlStorage.test.ts > tauriSqlStorage > removeItem > should delete row from stores table
Tauri SQL removeItem error: Error: Write failed
    at C:/Users/Tahir/Desktop/frontend that i want/fp&A/src/utils/tauriSqlStorage.test.ts:111:37
    at file:///Z:/node_modules/@vitest/runner/dist/chunk-artifact.js:302:11
    at file:///Z:/node_modules/@vitest/runner/dist/chunk-artifact.js:1903:26
    at file:///Z:/node_modules/@vitest/runner/dist/chunk-artifact.js:2326:20
    at new Promise (<anonymous>)
    at runWithCancel (file:///Z:/node_modules/@vitest/runner/dist/chunk-artifact.js:2323:10)
    at file:///Z:/node_modules/@vitest/runner/dist/chunk-artifact.js:2305:20
    at new Promise (<anonymous>)
    at runWithTimeout (file:///Z:/node_modules/@vitest/runner/dist/chunk-artifact.js:2272:10)
    at file:///Z:/node_modules/@vitest/runner/dist/chunk-artifact.js:2955:64

 ✓ src/utils/tauriSqlStorage.test.ts > isTauri > should return a promise that resolves to a boolean 2ms
 ✓ src/utils/tauriSqlStorage.test.ts > isTauri > should return false in jsdom (no Tauri runtime) 0ms
 ✓ src/utils/tauriSqlStorage.test.ts > isTauri > should not throw when called 1ms
 ✓ src/utils/tauriSqlStorage.test.ts > tauriSqlStorage > getItem > should return parsed value when row exists 3ms
 ✓ src/utils/tauriSqlStorage.test.ts > tauriSqlStorage > getItem > should return null when no row exists 0ms
 ✓ src/utils/tauriSqlStorage.test.ts > tauriSqlStorage > getItem > should return null on error 1ms
 ✓ src/utils/tauriSqlStorage.test.ts > tauriSqlStorage > getItem > should handle invalid JSON gracefully 0ms
 ✓ src/utils/tauriSqlStorage.test.ts > tauriSqlStorage > setItem > should insert/upsert value into stores table 0ms
 ✓ src/utils/tauriSqlStorage.test.ts > tauriSqlStorage > setItem > should stringify the value 2ms
 ✓ src/utils/tauriSqlStorage.test.ts > tauriSqlStorage > setItem > should not throw on error (logs to console) 0ms
 ✓ src/utils/tauriSqlStorage.test.ts > tauriSqlStorage > removeItem > should delete row from stores table 3ms
 ✓ src/utils/tauriSqlStorage.test.ts > tauriSqlStorage > removeItem > should not throw on error (logs to console) 0ms
 ✓ src/utils/tauriSqlStorage.test.ts > tauriSqlStorage > database connection > should reuse database connection (dbInstance cached at module level) 0ms
 ✓ src/utils/tauriSqlStorage.test.ts > tauriSqlStorage > database connection > should work correctly with cached connection 0ms
(node:4820) ExperimentalWarning: localStorage is not available because --localstorage-file was not provided.
(Use `node --trace-warnings ...` to show where the warning was created)
 ✓ src/engines/ConditionalFormattingEngine.test.ts > ConditionalFormattingEngine > should have default rules 2ms
 ✓ src/engines/ConditionalFormattingEngine.test.ts > ConditionalFormattingEngine > should create variance highlight rule 1ms
 ✓ src/engines/ConditionalFormattingEngine.test.ts > ConditionalFormattingEngine > should create negative variance rule 0ms
 ✓ src/engines/ConditionalFormattingEngine.test.ts > ConditionalFormattingEngine > should evaluate cellValue rule - greaterThan 1ms
 ✓ src/engines/ConditionalFormattingEngine.test.ts > ConditionalFormattingEngine > should evaluate cellValue rule - lessThan 0ms
 ✓ src/engines/ConditionalFormattingEngine.test.ts > ConditionalFormattingEngine > should evaluate cellValue rule - between 0ms
 ✓ src/engines/ConditionalFormattingEngine.test.ts > ConditionalFormattingEngine > should evaluate text rule - contains 0ms
 ✓ src/engines/ConditionalFormattingEngine.test.ts > ConditionalFormattingEngine > should not match disabled rules 0ms
 ✓ src/engines/ConditionalFormattingEngine.test.ts > ConditionalFormattingEngine > should reorder rules by priority 0ms
 ✓ src/engines/ConditionalFormattingEngine.test.ts > ConditionalFormattingEngine > should evaluate multiple rules and return highest priority match 1ms
 ✓ src/engines/ConditionalFormattingEngine.test.ts > ConditionalFormattingEngine > should return null when no rules match 0ms
 ✓ src/engines/ConditionalFormattingEngine.test.ts > ConditionalFormattingEngine > should have presets in default rules 0ms
(node:4820) ExperimentalWarning: localStorage is not available because --localstorage-file was not provided.
(Use `node --trace-warnings ...` to show where the warning was created)
 ✓ src/engines/MultiCurrencyEngine.test.ts > MultiCurrencyEngine > translate > should return amount unchanged when currencies are the same 2ms
 ✓ src/engines/MultiCurrencyEngine.test.ts > MultiCurrencyEngine > translate > should multiply amount by rate for different currencies 0ms
 ✓ src/engines/MultiCurrencyEngine.test.ts > MultiCurrencyEngine > translate > should return 0 when rate is 0 0ms
 ✓ src/engines/MultiCurrencyEngine.test.ts > MultiCurrencyEngine > translate > should handle zero amount 0ms
 ✓ src/engines/MultiCurrencyEngine.test.ts > MultiCurrencyEngine > translate > should handle negative amount 0ms
 ✓ src/engines/MultiCurrencyEngine.test.ts > MultiCurrencyEngine > translate > should handle fractional rates 0ms
 ✓ src/engines/MultiCurrencyEngine.test.ts > MultiCurrencyEngine > calculateTranslationGainLoss > should calculate gain when rate increases 0ms
 ✓ src/engines/MultiCurrencyEngine.test.ts > MultiCurrencyEngine > calculateTranslationGainLoss > should calculate loss when rate decreases 0ms
 ✓ src/engines/MultiCurrencyEngine.test.ts > MultiCurrencyEngine > calculateTranslationGainLoss > should return 0 when old rate is 0 0ms
 ✓ src/engines/MultiCurrencyEngine.test.ts > MultiCurrencyEngine > calculateTranslationGainLoss > should return 0 when rates are unchanged 0ms
 ✓ src/engines/MultiCurrencyEngine.test.ts > MultiCurrencyEngine > calculateTranslationGainLoss > should handle negative amounts 0ms
 ✓ src/engines/MultiCurrencyEngine.test.ts > MultiCurrencyEngine > getWeightedAverageRate > should return time-weighted average of multiple rates 0ms
 ✓ src/engines/MultiCurrencyEngine.test.ts > MultiCurrencyEngine > getWeightedAverageRate > should return 0 for empty array 0ms
 ✓ src/engines/MultiCurrencyEngine.test.ts > MultiCurrencyEngine > getWeightedAverageRate > should return the rate for single entry 0ms
 ✓ src/engines/MultiCurrencyEngine.test.ts > MultiCurrencyEngine > getWeightedAverageRate > should handle all same rates 0ms
 ✓ src/engines/MultiCurrencyEngine.test.ts > MultiCurrencyEngine > convertIncomeStatement > should convert revenue and expenses at average rate 0ms
 ✓ src/engines/MultiCurrencyEngine.test.ts > MultiCurrencyEngine > convertIncomeStatement > should calculate translation gain when close rate > avg rate 0ms
 ✓ src/engines/MultiCurrencyEngine.test.ts > MultiCurrencyEngine > convertIncomeStatement > should calculate translation loss when close rate < avg rate 0ms
 ✓ src/engines/MultiCurrencyEngine.test.ts > MultiCurrencyEngine > convertIncomeStatement > should handle zero revenue and expenses 0ms
 ✓ src/engines/MultiCurrencyEngine.test.ts > MultiCurrencyEngine > convertIncomeStatement > should handle negative net income (loss) 0ms
(node:4820) ExperimentalWarning: localStorage is not available because --localstorage-file was not provided.
(Use `node --trace-warnings ...` to show where the warning was created)
 ✓ src/pages/banking/LoanLossPage.test.tsx > LoanLossPage smoke test > renders without crashing 27ms
 × src/pages/banking/LoanLossPage.test.tsx > LoanLossPage smoke test > displays no-data state when entries are empty 26ms
   → Invalid Chai property: toBeInTheDocument
(node:4820) ExperimentalWarning: localStorage is not available because --localstorage-file was not provided.
(Use `node --trace-warnings ...` to show where the warning was created)
(node:4820) ExperimentalWarning: localStorage is not available because --localstorage-file was not provided.
(Use `node --trace-warnings ...` to show where the warning was created)
stderr | src/components/ui/ApprovalDashboard.test.tsx > ApprovalDashboard > renders without crashing
react-i18next:: useTranslation: You will need to pass in an i18next instance by using initReactI18next { code: 
'NO_I18NEXT_INSTANCE' }

(node:4820) ExperimentalWarning: localStorage is not available because --localstorage-file was not provided.
(Use `node --trace-warnings ...` to show where the warning was created)
 ✓ src/engines/WorkflowTriggerEngine.test.ts > WorkflowTriggerEngine > createTrigger > creates a data_change trigger 2ms
 ✓ src/engines/WorkflowTriggerEngine.test.ts > WorkflowTriggerEngine > createTrigger > creates a threshold trigger 0ms
 ✓ src/engines/WorkflowTriggerEngine.test.ts > WorkflowTriggerEngine > getTrigger / listTriggers > retrieves a trigger by id 0ms
 ✓ src/engines/WorkflowTriggerEngine.test.ts > WorkflowTriggerEngine > getTrigger / listTriggers > returns undefined for missing id 0ms
 ✓ src/engines/WorkflowTriggerEngine.test.ts > WorkflowTriggerEngine > getTrigger / listTriggers > lists all triggers 0ms
 ✓ src/engines/WorkflowTriggerEngine.test.ts > WorkflowTriggerEngine > deleteTrigger > deletes a trigger 0ms
 ✓ src/engines/WorkflowTriggerEngine.test.ts > WorkflowTriggerEngine > deleteTrigger > returns false for missing id 0ms
 ✓ src/engines/WorkflowTriggerEngine.test.ts > WorkflowTriggerEngine > enableTrigger / disableTrigger > disables a trigger 0ms
 ✓ src/engines/WorkflowTriggerEngine.test.ts > WorkflowTriggerEngine > enableTrigger / disableTrigger > re-enables a trigger 0ms
 ✓ src/engines/WorkflowTriggerEngine.test.ts > WorkflowTriggerEngine > addCondition / removeCondition > adds a condition to a trigger 0ms
 ✓ src/engines/WorkflowTriggerEngine.test.ts > WorkflowTriggerEngine > addCondition / removeCondition > removes a condition from a trigger 0ms
 ✓ src/engines/WorkflowTriggerEngine.test.ts > WorkflowTriggerEngine > evaluate > evaluates a trigger against data 0ms
 ✓ src/engines/WorkflowTriggerEngine.test.ts > WorkflowTriggerEngine > evaluate > returns not matched for non-existent trigger 0ms
 ✓ src/engines/WorkflowTriggerEngine.test.ts > WorkflowTriggerEngine > evaluate > returns not matched for disabled trigger 0ms
 ✓ src/engines/WorkflowTriggerEngine.test.ts > WorkflowTriggerEngine > fireTrigger / getEvents > fires a trigger and records event 1ms
 ✓ src/engines/WorkflowTriggerEngine.test.ts > WorkflowTriggerEngine > fireTrigger / getEvents > filters events by trigger id 0ms
 ✓ src/engines/WorkflowTriggerEngine.test.ts > WorkflowTriggerEngine > serialize / deserialize > round-trips triggers and events 0ms
 × src/components/ui/ApprovalDashboard.test.tsx > ApprovalDashboard > renders without crashing 59ms
   → Invalid Chai property: toBeInTheDocument
 × src/components/ui/ApprovalDashboard.test.tsx > ApprovalDashboard > renders pending count 10ms
   → Invalid Chai property: toBeInTheDocument
 × src/components/ui/ApprovalDashboard.test.tsx > ApprovalDashboard > renders approved count 7ms
   → Invalid Chai property: toBeInTheDocument
 × src/components/ui/ApprovalDashboard.test.tsx > ApprovalDashboard > renders rejected count 7ms
   → Invalid Chai property: toBeInTheDocument
 × src/components/ui/ApprovalDashboard.test.tsx > ApprovalDashboard > renders locked count 7ms
   → Invalid Chai property: toBeInTheDocument
 × src/components/ui/ApprovalDashboard.test.tsx > ApprovalDashboard > renders average approval time in hours 7ms
   → Invalid Chai property: toBeInTheDocument
 × src/components/ui/ApprovalDashboard.test.tsx > ApprovalDashboard > renders average approval time in minutes when under 1 hour 5ms
   → Invalid Chai property: toBeInTheDocument
 × src/components/ui/ApprovalDashboard.test.tsx > ApprovalDashboard > renders N/A when no approval time 8ms
   → Invalid Chai property: toBeInTheDocument
 × src/components/ui/ApprovalDashboard.test.tsx > ApprovalDashboard > renders Average Approval Time section 6ms
   → Invalid Chai property: toBeInTheDocument
 × src/components/ui/ApprovalDashboard.test.tsx > ApprovalDashboard > renders bottlenecks section 6ms
   → Invalid Chai property: toBeInTheDocument
 × src/components/ui/ApprovalDashboard.test.tsx > ApprovalDashboard > renders no bottlenecks message when empty 9ms
   → Unable to find an element with the text: No pending requests. This could be because the text is broken up by multiple elements. In this case, you can provide a function for your text matcher to make your matcher more flexible.

Ignored nodes: comments, script, style
[36m<body>[39m
  [36m<div>[39m
    [36m<div[39m
      [33mclass[39m=[32m"rounded-xl border bg-card text-card-foreground shadow-sm dark:border-gray-700 dark:bg-gray-800 w-full"[39m
    [36m>[39m
      [36m<div[39m
        [33mclass[39m=[32m"flex flex-col space-y-1.5 p-6"[39m
      [36m>[39m
        [36m<h3[39m
          [33mclass[39m=[32m"font-semibold tracking-tight text-2xl"[39m
        [36m>[39m
          [0mApproval Dashboard[0m
        [36m</h3>[39m
      [36m</div>[39m
      [36m<div[39m
        [33mclass[39m=[32m"p-6 pt-0 space-y-6"[39m
      [36m>[39m
        [36m<div[39m
          [33mclass[39m=[32m"grid grid-cols-4 gap-4"[39m
        [36m>[39m
          [36m<div[39m
            [33mclass[39m=[32m"rounded-lg p-4 text-center bg-blue-50 dark:bg-blue-950"[39m
          [36m>[39m
            [36m<p[39m
              [33mclass[39m=[32m"text-3xl font-bold text-blue-600"[39m
            [36m>[39m
              [0m5[0m
            [36m</p>[39m
            [36m<p[39m
              [33mclass[39m=[32m"text-sm text-[var(--text-secondary)]"[39m
            [36m>[39m
              [0mPending[0m
            [36m</p>[39m
          [36m</div>[39m
          [36m<div[39m
            [33mclass[39m=[32m"rounded-lg p-4 text-center bg-green-50 dark:bg-green-950"[39m
          [36m>[39m
            [36m<p[39m
              [33mclass[39m=[32m"text-3xl font-bold fin-positive"[39m
            [36m>[39m
              [0m12[0m
            [36m</p>[39m
            [36m<p[39m
              [33mclass[39m=[32m"text-sm text-[var(--text-secondary)]"[39m
            [36m>[39m
              [0mApproved[0m
            [36m</p>[39m
          [36m</div>[39m
          [36m<div[39m
            [33mclass[39m=[32m"rounded-lg p-4 text-center bg-red-50 dark:bg-red-950"[39m
          [36m>[39m
            [36m<p[39m
              [33mclass[39m=[32m"text-3xl font-bold fin-negative"[39m
            [36m>[39m
              [0m2[0m
            [36m</p>[39m
            [36m<p[39m
              [33mclass[39m=[32m"text-sm text-[var(--text-secondary)]"[39m
            [36m>[39m
              [0mRejected[0m
            [36m</p>[39m
          [36m</div>[39m
          [36m<div[39m
            [33mclass[39m=[32m"rounded-lg p-4 text-center bg-purple-50 dark:bg-purple-950"[39m
          [36m>[39m
            [36m<p[39m
              [33mclass[39m=[32m"text-3xl font-bold text-purple-600"[39m
            [36m>[39m
              [0m1[0m
            [36m</p>[39m
            [36m<p[39m
              [33mclass[39m=[32m"text-sm text-[var(--text-secondary)]"[39m
            [36m>[39m
              [0mLocked[0m
            [36m</p>[39m
          [36m</div>[39m
        [36m</div>[39m
        [36m<div[39m
          [33mclass[39m=[32m"border rounded-lg p-4"[39m
        [36m>[39m
          [36m<h3[39m
            [33mclass[39m=[32m"text-sm font-semibold mb-2"[39m
          [36m>[39m
            [0mAverage Approval Time[0m
          [36m</h3>[39m
          [36m<p[39m
            [33mclass[39m=[32m"text-2xl font-bold"[39m
          [36m>[39m
            [0m3.5h[0m
          [36m</p>[39m
          [36m<p[39m
            [33mclass[39m=[32m"text-xs text-[var(--text-muted)]"[39m
          [36m>[39m
            [0mBased on 12 approved requests[0m
          [36m</p>[39m
        [36m</div>[39m
        [36m<div[39m
          [33mclass[39m=[32m"border rounded-lg p-4"[39m
        [36m>[39m
          [36m<h3[39m
            [33mclass[39m=[32m"text-sm font-semibold mb-2"[39m
          [36m>[39m
            [0mBottlenecks[0m
          [36m</h3>[39m
          [36m<p[39m
            [33mclass[39m=[32m"text-sm text-[var(--text-muted)]"[39m
          [36m>[39m
            [0mdashboard.noPendingRequests[0m
          [36m</p>[39m
        [36m</div>[39m
        [36m<div[39m
          [33mclass[39m=[32m"border rounded-lg p-4"[39m
        [36m>[39m
          [36m<h3[39m
            [33mclass[39m=[32m"text-sm font-semibold mb-2 flex items-center gap-2"[39m
          [36m>[39m
            [0mSLA Breaches[0m
          [36m</h3>[39m
          [36m<p[39m
            [33mclass[39m=[32m"text-sm text-[var(--text-muted)]"[39m
          [36m>[39m
            [0mdashboard.noSlaBreaches[0m
          [36m</p>[39m
        [36m</div>[39m
      [36m</div>[39m
    [36m</div>[39m
  [36m</div>[39m
[36m</body>[39m
 × src/components/ui/ApprovalDashboard.test.tsx > ApprovalDashboard > renders bottleneck entries 13ms
   → Invalid Chai property: toBeInTheDocument
 × src/components/ui/ApprovalDashboard.test.tsx > ApprovalDashboard > renders SLA Breaches section 6ms
   → Invalid Chai property: toBeInTheDocument
 × src/components/ui/ApprovalDashboard.test.tsx > ApprovalDashboard > renders no SLA breaches message when empty 8ms
   → Unable to find an element with the text: No SLA breaches. This could be because the text is broken up by multiple elements. In this case, you can provide a function for your text matcher to make your matcher more flexible.

Ignored nodes: comments, script, style
[36m<body>[39m
  [36m<div>[39m
    [36m<div[39m
      [33mclass[39m=[32m"rounded-xl border bg-card text-card-foreground shadow-sm dark:border-gray-700 dark:bg-gray-800 w-full"[39m
    [36m>[39m
      [36m<div[39m
        [33mclass[39m=[32m"flex flex-col space-y-1.5 p-6"[39m
      [36m>[39m
        [36m<h3[39m
          [33mclass[39m=[32m"font-semibold tracking-tight text-2xl"[39m
        [36m>[39m
          [0mApproval Dashboard[0m
        [36m</h3>[39m
      [36m</div>[39m
      [36m<div[39m
        [33mclass[39m=[32m"p-6 pt-0 space-y-6"[39m
      [36m>[39m
        [36m<div[39m
          [33mclass[39m=[32m"grid grid-cols-4 gap-4"[39m
        [36m>[39m
          [36m<div[39m
            [33mclass[39m=[32m"rounded-lg p-4 text-center bg-blue-50 dark:bg-blue-950"[39m
          [36m>[39m
            [36m<p[39m
              [33mclass[39m=[32m"text-3xl font-bold text-blue-600"[39m
            [36m>[39m
              [0m5[0m
            [36m</p>[39m
            [36m<p[39m
              [33mclass[39m=[32m"text-sm text-[var(--text-secondary)]"[39m
            [36m>[39m
              [0mPending[0m
            [36m</p>[39m
          [36m</div>[39m
          [36m<div[39m
            [33mclass[39m=[32m"rounded-lg p-4 text-center bg-green-50 dark:bg-green-950"[39m
          [36m>[39m
            [36m<p[39m
              [33mclass[39m=[32m"text-3xl font-bold fin-positive"[39m
            [36m>[39m
              [0m12[0m
            [36m</p>[39m
            [36m<p[39m
              [33mclass[39m=[32m"text-sm text-[var(--text-secondary)]"[39m
            [36m>[39m
              [0mApproved[0m
            [36m</p>[39m
          [36m</div>[39m
          [36m<div[39m
            [33mclass[39m=[32m"rounded-lg p-4 text-center bg-red-50 dark:bg-red-950"[39m
          [36m>[39m
            [36m<p[39m
              [33mclass[39m=[32m"text-3xl font-bold fin-negative"[39m
            [36m>[39m
              [0m2[0m
            [36m</p>[39m
            [36m<p[39m
              [33mclass[39m=[32m"text-sm text-[var(--text-secondary)]"[39m
            [36m>[39m
              [0mRejected[0m
            [36m</p>[39m
          [36m</div>[39m
          [36m<div[39m
            [33mclass[39m=[32m"rounded-lg p-4 text-center bg-purple-50 dark:bg-purple-950"[39m
          [36m>[39m
            [36m<p[39m
              [33mclass[39m=[32m"text-3xl font-bold text-purple-600"[39m
            [36m>[39m
              [0m1[0m
            [36m</p>[39m
            [36m<p[39m
              [33mclass[39m=[32m"text-sm text-[var(--text-secondary)]"[39m
            [36m>[39m
              [0mLocked[0m
            [36m</p>[39m
          [36m</div>[39m
        [36m</div>[39m
        [36m<div[39m
          [33mclass[39m=[32m"border rounded-lg p-4"[39m
        [36m>[39m
          [36m<h3[39m
            [33mclass[39m=[32m"text-sm font-semibold mb-2"[39m
          [36m>[39m
            [0mAverage Approval Time[0m
          [36m</h3>[39m
          [36m<p[39m
            [33mclass[39m=[32m"text-2xl font-bold"[39m
          [36m>[39m
            [0m3.5h[0m
          [36m</p>[39m
          [36m<p[39m
            [33mclass[39m=[32m"text-xs text-[var(--text-muted)]"[39m
          [36m>[39m
            [0mBased on 12 approved requests[0m
          [36m</p>[39m
        [36m</div>[39m
        [36m<div[39m
          [33mclass[39m=[32m"border rounded-lg p-4"[39m
        [36m>[39m
          [36m<h3[39m
            [33mclass[39m=[32m"text-sm font-semibold mb-2"[39m
          [36m>[39m
            [0mBottlenecks[0m
          [36m</h3>[39m
          [36m<p[39m
            [33mclass[39m=[32m"text-sm text-[var(--text-muted)]"[39m
          [36m>[39m
            [0mdashboard.noPendingRequests[0m
          [36m</p>[39m
        [36m</div>[39m
        [36m<div[39m
          [33mclass[39m=[32m"border rounded-lg p-4"[39m
        [36m>[39m
          [36m<h3[39m
            [33mclass[39m=[32m"text-sm font-semibold mb-2 flex items-center gap-2"[39m
          [36m>[39m
            [0mSLA Breaches[0m
          [36m</h3>[39m
          [36m<p[39m
            [33mclass[39m=[32m"text-sm text-[var(--text-muted)]"[39m
          [36m>[39m
            [0mdashboard.noSlaBreaches[0m
          [36m</p>[39m
        [36m</div>[39m
      [36m</div>[39m
    [36m</div>[39m
  [36m</div>[39m
[36m</body>[39m
 × src/components/ui/ApprovalDashboard.test.tsx > ApprovalDashboard > renders SLA breach entries 12ms
   → Invalid Chai property: toBeInTheDocument
 × src/components/ui/ApprovalDashboard.test.tsx > ApprovalDashboard > renders SLA breach badge count 6ms
   → Invalid Chai property: toBeInTheDocument
 × src/components/ui/ApprovalDashboard.test.tsx > ApprovalDashboard > applies custom className 4ms
   → Invalid Chai property: toHaveClass
 × src/components/ui/Table.test.tsx > Table > renders a table element 173ms
   → Invalid Chai property: toBeInTheDocument
 × src/components/ui/Table.test.tsx > Table > renders column headers 10ms
   → Invalid Chai property: toBeInTheDocument
 × src/components/ui/Table.test.tsx > Table > renders data cells 7ms
   → Invalid Chai property: toBeInTheDocument
 × src/components/ui/Table.test.tsx > Table > renders multiple rows 7ms
   → Invalid Chai property: toBeInTheDocument
 × src/components/ui/Table.test.tsx > Table > renders footer content 6ms
   → Invalid Chai property: toBeInTheDocument
 × src/components/ui/Table.test.tsx > Table > renders caption 5ms
   → Invalid Chai property: toBeInTheDocument
 × src/components/ui/Table.test.tsx > Table > wraps table in overflow container 8ms
   → Invalid Chai property: toHaveClass
 × src/components/ui/Table.test.tsx > Table > renders thead element 13ms
   → Invalid Chai property: toBeInTheDocument
 × src/components/ui/Table.test.tsx > Table > renders tbody element 6ms
   → Invalid Chai property: toBeInTheDocument
 × src/components/ui/Table.test.tsx > Table > renders tfoot element 5ms
   → Invalid Chai property: toBeInTheDocument
 × src/components/ui/Table.test.tsx > Table > renders caption element 4ms
   → Invalid Chai property: toBeInTheDocument
 × src/components/ui/Table.test.tsx > Table > applies custom className to Table 3ms
   → Invalid Chai property: toHaveClass
 × src/components/ui/Table.test.tsx > Table > applies custom className to TableRow 2ms
   → Invalid Chai property: toHaveClass
 × src/components/ui/Table.test.tsx > Table > applies custom className to TableHead 3ms
   → Invalid Chai property: toHaveClass
 × src/components/ui/Table.test.tsx > Table > applies custom className to TableCell 3ms
   → Invalid Chai property: toHaveClass
 ✓ src/components/ui/Table.test.tsx > Table > forwards ref to table element 2ms
 × src/components/ui/Table.test.tsx > Table > renders empty table gracefully 1ms
   → Invalid Chai property: toBeInTheDocument
(node:4820) ExperimentalWarning: localStorage is not available because --localstorage-file was not provided.
(Use `node --trace-warnings ...` to show where the warning was created)
(node:4820) ExperimentalWarning: localStorage is not available because --localstorage-file was not provided.
(Use `node --trace-warnings ...` to show where the warning was created)
 ✓ src/services/api.test.ts > api > exports > exports api with default baseURL 151ms
 ✓ src/services/api.test.ts > api > request interceptor > attaches Bearer token when accessToken exists 2ms
 ✓ src/services/api.test.ts > api > request interceptor > does not attach token when accessToken is null 1ms
 ✓ src/services/api.test.ts > api > request interceptor > passes through request errors 2ms
 ✓ src/services/api.test.ts > api > response interceptor > passes through successful responses 1ms
 ✓ src/services/api.test.ts > api > response interceptor > rejects non-401 errors 1ms
 ✓ src/services/api.test.ts > api > response interceptor > rejects if request already retried 0ms
 ✓ src/services/api.test.ts > api > response interceptor > redirects to login when /auth/refresh itself fails with 401 1ms
 ✓ src/hooks/useWebSocket.test.ts > useWebSocket > should return initial disconnected state 16ms
 ✓ src/hooks/useWebSocket.test.ts > useWebSocket > should auto-connect by default 2ms
 ✓ src/hooks/useWebSocket.test.ts > useWebSocket > should not auto-connect when autoConnect is false 2ms
 ✓ src/hooks/useWebSocket.test.ts > useWebSocket > should subscribe to connection state changes 5ms
 ✓ src/hooks/useWebSocket.test.ts > useWebSocket > should expose connect and disconnect functions 2ms
 ✓ src/hooks/useWebSocket.test.ts > useWebSocket > should not auto-connect if already connected 1ms
 ✓ src/hooks/useWebSocket.test.ts > useRealtimeChanges > should subscribe to changes for valid resourceId 1ms
 ✓ src/hooks/useWebSocket.test.ts > useRealtimeChanges > should not subscribe for null resourceId 2ms
 ✓ src/hooks/useWebSocket.test.ts > useRealtimeChanges > should filter changes by resourceType and resourceId 4ms
 ✓ src/hooks/useWebSocket.test.ts > useCellBroadcaster > should return a callback function 2ms
 ✓ src/hooks/useWebSocket.test.ts > useCellBroadcaster > should broadcast cell change 1ms
 ✓ src/hooks/useWebSocket.test.ts > useCellBroadcaster > should not broadcast when resourceId is null 1ms
(node:4820) ExperimentalWarning: localStorage is not available because --localstorage-file was not provided.
(Use `node --trace-warnings ...` to show where the warning was created)
 ✓ src/components/scenarios/DriverTreeView.test.tsx > DriverTreeView > renders without crashing with assumptions 25ms
 × src/components/scenarios/DriverTreeView.test.tsx > DriverTreeView > renders empty state when no assumptions 25ms
   → Invalid Chai property: toBeInTheDocument
 × src/components/scenarios/DriverTreeView.test.tsx > DriverTreeView > renders driver name and slider 7ms
   → Invalid Chai property: toBeInTheDocument
 × src/components/scenarios/DriverTreeView.test.tsx > DriverTreeView > groups drivers by type property 9ms
   → Invalid Chai property: toBeInTheDocument
 ✓ src/components/scenarios/DriverTreeView.test.tsx > DriverTreeView > calls onUpdate when a slider value changes 12ms
 × src/components/scenarios/DriverTreeView.test.tsx > DriverTreeView > disables sliders when readOnly is true 5ms
   → Invalid Chai property: toBeDisabled
 × src/components/scenarios/DriverTreeView.test.tsx > DriverTreeView > does not disable sliders when readOnly is false 5ms
   → Invalid Chai property: toBeDisabled
 × src/components/scenarios/DriverTreeView.test.tsx > DriverTreeView > does not disable sliders when readOnly is omitted 4ms
   → Invalid Chai property: toBeDisabled
 × src/components/scenarios/DriverTreeView.test.tsx > DriverTreeView > renders multiple drivers of the same type 6ms
   → Invalid Chai property: toBeInTheDocument
 × src/components/scenarios/DriverTreeView.test.tsx > DriverTreeView > renders multiple groups with correct headings 9ms
   → Invalid Chai property: toBeInTheDocument
 × src/components/scenarios/DriverTreeView.test.tsx > DriverTreeView > renders one heading per group 11ms
   → expected [ <h4 …(1)></h4> ] to have a length of 2 but got 1
(node:4820) ExperimentalWarning: localStorage is not available because --localstorage-file was not provided.
(Use `node --trace-warnings ...` to show where the warning was created)
 ✓ src/engines/exportExcel.test.ts > exportToExcel > should create a workbook and add headers 4ms
 ✓ src/engines/exportExcel.test.ts > exportToExcel > should add data rows 1ms
 ✓ src/engines/exportExcel.test.ts > exportToExcel > should set frozen header row 0ms
 ✓ src/engines/exportExcel.test.ts > exportToExcel > should set column widths based on content 1ms
 ✓ src/engines/exportExcel.test.ts > exportToExcel > should call saveAs with correct filename 1ms
 ✓ src/engines/exportExcel.test.ts > exportToExcel > should use default filename when title is missing 0ms
 ✓ src/engines/exportExcel.test.ts > exportToExcel > should handle null/undefined values in rows 0ms
 ✓ src/engines/exportExcel.test.ts > exportToExcel > should write buffer and create blob 1ms
 ✓ src/engines/exportExcel.test.ts > exportToExcel > should handle empty rows 0ms
 ✓ src/engines/exportExcel.test.ts > exportToExcel > should apply currency format to numeric cells 0ms
(node:4820) ExperimentalWarning: localStorage is not available because --localstorage-file was not provided.
(Use `node --trace-warnings ...` to show where the warning was created)
stderr | src/engines/AIEngine.test.ts > AIEngine > init > should fall back to WASM if WebGPU fails
WebGPU not available, falling back to WASM/CPU Error: WebGPU not available
    at C:/Users/Tahir/Desktop/frontend that i want/fp&A/src/engines/AIEngine.test.ts:65:32
    at file:///Z:/node_modules/@vitest/runner/dist/chunk-artifact.js:302:11
    at file:///Z:/node_modules/@vitest/runner/dist/chunk-artifact.js:1903:26
    at file:///Z:/node_modules/@vitest/runner/dist/chunk-artifact.js:2326:20
    at new Promise (<anonymous>)
    at runWithCancel (file:///Z:/node_modules/@vitest/runner/dist/chunk-artifact.js:2323:10)
    at file:///Z:/node_modules/@vitest/runner/dist/chunk-artifact.js:2305:20
    at new Promise (<anonymous>)
    at runWithTimeout (file:///Z:/node_modules/@vitest/runner/dist/chunk-artifact.js:2272:10)
    at file:///Z:/node_modules/@vitest/runner/dist/chunk-artifact.js:2955:64

(node:4820) ExperimentalWarning: localStorage is not available because --localstorage-file was not provided.
(Use `node --trace-warnings ...` to show where the warning was created)
 ✓ src/engines/AIEngine.test.ts > AIEngine > init > should initialize classifier via pipeline 4ms
 ✓ src/engines/AIEngine.test.ts > AIEngine > init > should not re-initialize if classifier already exists 1ms
 ✓ src/engines/AIEngine.test.ts > AIEngine > init > should call onProgress callback during initialization 1ms
 ✓ src/engines/AIEngine.test.ts > AIEngine > init > should fall back to WASM if WebGPU fails 4ms
 ✓ src/engines/AIEngine.test.ts > AIEngine > classifyTransaction > should classify a transaction description 1ms
 ✓ src/engines/AIEngine.test.ts > AIEngine > classifyTransaction > should auto-initialize if classifier is null 1ms
 ✓ src/engines/AIEngine.test.ts > AIEngine > getEmbeddings > should extract embeddings via feature-extraction pipeline 1ms
 ✓ src/engines/AIEngine.test.ts > AIEngine > getEmbeddings > should reuse existing extractor on subsequent calls 0ms
 ✓ src/engines/AIEngine.test.ts > AIEngine > detectAnomalies > should classify multiple descriptions 1ms
 ✓ src/engines/AIEngine.test.ts > AIEngine > detectAnomalies > should return empty array for empty input 0ms
 ✓ src/engines/SessionEngine.test.ts > SessionEngine > should create a session 3ms
 ✓ src/engines/SessionEngine.test.ts > SessionEngine > should get a session 0ms
 ✓ src/engines/SessionEngine.test.ts > SessionEngine > should return undefined for non-existent session 0ms
 ✓ src/engines/SessionEngine.test.ts > SessionEngine > should refresh a session 0ms
 ✓ src/engines/SessionEngine.test.ts > SessionEngine > should invalidate a session 0ms
 ✓ src/engines/SessionEngine.test.ts > SessionEngine > should return false when invalidating non-existent session 0ms
 ✓ src/engines/SessionEngine.test.ts > SessionEngine > should invalidate all sessions for a user 0ms
 ✓ src/engines/SessionEngine.test.ts > SessionEngine > should get active sessions for a user 0ms
 ✓ src/engines/SessionEngine.test.ts > SessionEngine > should get all active sessions 0ms
 ✓ src/engines/SessionEngine.test.ts > SessionEngine > should validate a session 0ms
 ✓ src/engines/SessionEngine.test.ts > SessionEngine > should return invalid for non-existent session 0ms
 ✓ src/engines/SessionEngine.test.ts > SessionEngine > should return invalid for invalidated session 0ms
 ✓ src/engines/SessionEngine.test.ts > SessionEngine > should get session count 0ms
 ✓ src/engines/SessionEngine.test.ts > SessionEngine > should enforce session limit 0ms
 ✓ src/engines/SessionEngine.test.ts > SessionEngine > should serialize and deserialize 0ms
 ✓ src/engines/SessionEngine.test.ts > SessionEngine > should purge expired sessions 0ms
(node:4820) ExperimentalWarning: localStorage is not available because --localstorage-file was not provided.
(Use `node --trace-warnings ...` to show where the warning was created)
(node:4820) ExperimentalWarning: localStorage is not available because --localstorage-file was not provided.
(Use `node --trace-warnings ...` to show where the warning was created)
 ✓ src/engines/PeriodCloseEngine.test.ts > PeriodCloseEngine > buildChecklist > should build a checklist with correct period 3ms
 ✓ src/engines/PeriodCloseEngine.test.ts > PeriodCloseEngine > buildChecklist > should mark dependent tasks as blocked 0ms
 ✓ src/engines/PeriodCloseEngine.test.ts > PeriodCloseEngine > buildChecklist > should calculate progress correctly 0ms
 ✓ src/engines/PeriodCloseEngine.test.ts > PeriodCloseEngine > buildChecklist > should handle empty task list 1ms
 ✓ src/engines/PeriodCloseEngine.test.ts > PeriodCloseEngine > checkDependencies > should return incomplete dependencies 1ms
 ✓ src/engines/PeriodCloseEngine.test.ts > PeriodCloseEngine > checkDependencies > should return empty for task with no dependencies 0ms
 ✓ src/engines/PeriodCloseEngine.test.ts > PeriodCloseEngine > checkDependencies > should return empty for unknown task 0ms
 ✓ src/engines/PeriodCloseEngine.test.ts > PeriodCloseEngine > calculateProgress > should calculate 0% for no tasks 0ms
 ✓ src/engines/PeriodCloseEngine.test.ts > PeriodCloseEngine > calculateProgress > should calculate 50% for half completed 0ms
 ✓ src/engines/PeriodCloseEngine.test.ts > PeriodCloseEngine > getSLABreaches > should detect overdue tasks 0ms
 ✓ src/engines/PeriodCloseEngine.test.ts > PeriodCloseEngine > getSLABreaches > should not report completed tasks as breaches 0ms
 ✓ src/components/budgets/BudgetGrid.test.tsx > BudgetGrid > renders without crashing 29ms
 × src/components/budgets/BudgetGrid.test.tsx > BudgetGrid > renders the data grid 22ms
   → Invalid Chai property: toBeInTheDocument
 × src/components/budgets/BudgetGrid.test.tsx > BudgetGrid > renders the formula bar 5ms
   → Invalid Chai property: toBeInTheDocument
 × src/components/budgets/BudgetGrid.test.tsx > BudgetGrid > renders undo button 11ms
   → Invalid Chai property: toBeInTheDocument
 × src/components/budgets/BudgetGrid.test.tsx > BudgetGrid > renders redo button 5ms
   → Invalid Chai property: toBeInTheDocument
 × src/components/budgets/BudgetGrid.test.tsx > BudgetGrid > passes lineItems to DataGrid 3ms
   → Invalid Chai property: toHaveTextContent
 × src/components/budgets/BudgetGrid.test.tsx > BudgetGrid > disables undo button when canUndo is false 3ms
   → Invalid Chai property: toBeDisabled
 × src/components/budgets/BudgetGrid.test.tsx > BudgetGrid > enables undo button when canUndo is true 3ms
   → Invalid Chai property: toBeDisabled
 × src/components/budgets/BudgetGrid.test.tsx > BudgetGrid > disables redo button when canRedo is false 3ms
   → Invalid Chai property: toBeDisabled
 × src/components/budgets/BudgetGrid.test.tsx > BudgetGrid > enables redo button when canRedo is true 4ms
   → Invalid Chai property: toBeDisabled
 ✓ src/components/budgets/BudgetGrid.test.tsx > BudgetGrid > calls onUndo when undo button is clicked 6ms
 ✓ src/components/budgets/BudgetGrid.test.tsx > BudgetGrid > calls onRedo when redo button is clicked 3ms
 ✓ src/components/budgets/BudgetGrid.test.tsx > BudgetGrid > calls onCellEdit when grid cell changes 5ms
 × src/components/budgets/BudgetGrid.test.tsx > BudgetGrid > handles empty lineItems 4ms
   → Invalid Chai property: toHaveTextContent
(node:4820) ExperimentalWarning: localStorage is not available because --localstorage-file was not provided.
(Use `node --trace-warnings ...` to show where the warning was created)
(node:4820) ExperimentalWarning: localStorage is not available because --localstorage-file was not provided.
(Use `node --trace-warnings ...` to show where the warning was created)
 ✓ src/engines/GroupOutlineEngine.test.ts > GroupOutlineEngine > defineGroup > should define a group 6ms
 ✓ src/engines/GroupOutlineEngine.test.ts > GroupOutlineEngine > defineGroup > should define another group 1ms
 ✓ src/engines/GroupOutlineEngine.test.ts > GroupOutlineEngine > defineGroup > should track multiple groups 0ms
 ✓ src/engines/GroupOutlineEngine.test.ts > GroupOutlineEngine > defineHierarchy > should define parent-child relationships 1ms
 ✓ src/engines/GroupOutlineEngine.test.ts > GroupOutlineEngine > toggleGroup > should toggle group collapsed state 0ms
 ✓ src/engines/GroupOutlineEngine.test.ts > GroupOutlineEngine > toggleGroup > should toggle back to expanded 0ms
 ✓ src/engines/GroupOutlineEngine.test.ts > GroupOutlineEngine > toggleGroup > should return false for non-existent group 0ms
 ✓ src/engines/GroupOutlineEngine.test.ts > GroupOutlineEngine > collapseAll > should collapse all groups 0ms
 ✓ src/engines/GroupOutlineEngine.test.ts > GroupOutlineEngine > expandAll > should expand all groups 1ms
 ✓ src/hooks/usePresence.test.ts > usePresence > should return initial empty users 20ms
 ✓ src/hooks/usePresence.test.ts > usePresence > should subscribe to state changes on mount 5ms
 ✓ src/hooks/usePresence.test.ts > usePresence > should delegate getUsersOnResource 3ms
 ✓ src/hooks/usePresence.test.ts > usePresence > should delegate getUsersOnCell 3ms
 ✓ src/hooks/usePresence.test.ts > usePresence > should delegate isCellLocked 2ms
 ✓ src/hooks/usePresence.test.ts > usePresence > should delegate setActiveResource 1ms
 ✓ src/hooks/usePresence.test.ts > usePresence > should delegate clearActiveResource 1ms
 ✓ src/hooks/usePresence.test.ts > usePresenceEvents > should subscribe to presence changes 2ms
 ✓ src/hooks/usePresence.test.ts > usePresenceEvents > should unsubscribe on unmount 2ms
 ✓ src/hooks/usePresence.test.ts > useResourcePresence > should return empty array for null resourceId 2ms
 ✓ src/hooks/usePresence.test.ts > useResourcePresence > should fetch viewers for valid resourceId 2ms
 ✓ src/hooks/usePresence.test.ts > useResourcePresence > should subscribe to state changes for valid resourceId 1ms
(node:4820) ExperimentalWarning: localStorage is not available because --localstorage-file was not provided.
(Use `node --trace-warnings ...` to show where the warning was created)
(node:4820) ExperimentalWarning: localStorage is not available because --localstorage-file was not provided.
(Use `node --trace-warnings ...` to show where the warning was created)
 ✓ src/pages/budgets/BudgetVAReport.test.tsx > BudgetVAReport smoke test > renders without crashing 33ms
 × src/pages/budgets/BudgetVAReport.test.tsx > BudgetVAReport smoke test > displays no-budget-selected state 25ms
   → Invalid Chai property: toBeInTheDocument
 × src/components/ui/ApprovalQueue.test.tsx > ApprovalQueue > renders without crashing 61ms
   → Invalid Chai property: toBeInTheDocument
 × src/components/ui/ApprovalQueue.test.tsx > ApprovalQueue > renders request title 12ms
   → Invalid Chai property: toBeInTheDocument
 × src/components/ui/ApprovalQueue.test.tsx > ApprovalQueue > renders request status badge 10ms
   → Invalid Chai property: toBeInTheDocument
 × src/components/ui/ApprovalQueue.test.tsx > ApprovalQueue > renders requester name 10ms
   → Invalid Chai property: toBeInTheDocument
 × src/components/ui/ApprovalQueue.test.tsx > ApprovalQueue > renders amount when present 13ms
   → Invalid Chai property: toBeInTheDocument
 × src/components/ui/ApprovalQueue.test.tsx > ApprovalQueue > renders description when present 11ms
   → Invalid Chai property: toBeInTheDocument
 × src/components/ui/ApprovalQueue.test.tsx > ApprovalQueue > renders empty state when no requests match filters 9ms
   → Invalid Chai property: toBeInTheDocument
 × src/components/ui/ApprovalQueue.test.tsx > ApprovalQueue > renders status filter dropdown 7ms
   → Invalid Chai property: toBeInTheDocument
 × src/components/ui/ApprovalQueue.test.tsx > ApprovalQueue > renders date filter input 7ms
   → Invalid Chai property: toBeInTheDocument
 × src/components/ui/ApprovalQueue.test.tsx > ApprovalQueue > renders requester filter input 8ms
   → Invalid Chai property: toBeInTheDocument
 × src/components/ui/ApprovalQueue.test.tsx > ApprovalQueue > renders approve and reject buttons for pending requests 11ms
   → Invalid Chai property: toBeInTheDocument
 ✓ src/components/ui/ApprovalQueue.test.tsx > ApprovalQueue > calls onApprove when approve button is clicked 24ms
 ✓ src/components/ui/ApprovalQueue.test.tsx > ApprovalQueue > calls onReject when reject button is clicked 12ms
 × src/components/ui/ApprovalQueue.test.tsx > ApprovalQueue > toggles history visibility 11ms
   → Invalid Chai property: toBeInTheDocument
 × src/components/ui/ApprovalQueue.test.tsx > ApprovalQueue > renders multiple requests 12ms
   → Invalid Chai property: toBeInTheDocument
 × src/components/ui/ApprovalQueue.test.tsx > ApprovalQueue > does not render approve/reject for approved requests 7ms
   → Invalid Chai property: toBeInTheDocument
(node:4820) ExperimentalWarning: localStorage is not available because --localstorage-file was not provided.
(Use `node --trace-warnings ...` to show where the warning was created)
 ✓ src/engines/FiscalCalendar.test.ts > FiscalCalendar > generatePeriods > should generate 12 monthly periods for Standard calendar 6ms
 ✓ src/engines/FiscalCalendar.test.ts > FiscalCalendar > generatePeriods > should generate 12 periods for 4-4-5 calendar 1ms
 ✓ src/engines/FiscalCalendar.test.ts > FiscalCalendar > generatePeriods > should generate 12 periods for 4-5-4 calendar 0ms
 ✓ src/engines/FiscalCalendar.test.ts > FiscalCalendar > generatePeriods > should generate 13 periods for 13-Period calendar 0ms
 ✓ src/engines/FiscalCalendar.test.ts > FiscalCalendar > generatePeriods > should add adjusting period when configured 0ms
 ✓ src/engines/FiscalCalendar.test.ts > FiscalCalendar > generatePeriods > should handle non-January start month 0ms
 ✓ src/engines/FiscalCalendar.test.ts > FiscalCalendar > getPeriodForDate > should find period for a given date 0ms
 ✓ src/engines/FiscalCalendar.test.ts > FiscalCalendar > getPeriodForDate > should return null for date outside fiscal year 0ms
 ✓ src/engines/FiscalCalendar.test.ts > FiscalCalendar > getYearToDate > should return periods up to the given month 0ms
 ✓ src/engines/FiscalCalendar.test.ts > FiscalCalendar > getYearToDate > should return empty for throughMonth < 1 1ms
 ✓ src/engines/FiscalCalendar.test.ts > FiscalCalendar > getQuarterPeriods > should return periods for Q1 0ms
 ✓ src/engines/FiscalCalendar.test.ts > FiscalCalendar > getQuarterPeriods > should return empty for invalid quarter 0ms
(node:4820) ExperimentalWarning: localStorage is not available because --localstorage-file was not provided.
(Use `node --trace-warnings ...` to show where the warning was created)
 ✓ src/components/layout/Navbar.test.tsx > Navbar > renders without crashing 41ms
 × src/components/layout/Navbar.test.tsx > Navbar > displays the active entity name 29ms
   → Invalid Chai property: toBeInTheDocument
 × src/components/layout/Navbar.test.tsx > Navbar > renders search button 15ms
   → Invalid Chai property: toBeInTheDocument
 × src/components/layout/Navbar.test.tsx > Navbar > renders create new button 10ms
   → Invalid Chai property: toBeInTheDocument
(node:4820) ExperimentalWarning: localStorage is not available because --localstorage-file was not provided.
(Use `node --trace-warnings ...` to show where the warning was created)
 × src/components/layout/Navbar.test.tsx > Navbar > renders notifications button with unread count 11ms
   → Invalid Chai property: toBeInTheDocument
 × src/components/layout/Navbar.test.tsx > Navbar > renders user menu button 15ms
   → Invalid Chai property: toBeInTheDocument
 × src/components/layout/Navbar.test.tsx > Navbar > displays user initials in avatar 9ms
   → Invalid Chai property: toBeInTheDocument
 ✓ src/pages/capex/CapExDashboard.test.tsx > CapExDashboard smoke test > renders without crashing 52ms
 × src/pages/capex/CapExDashboard.test.tsx > CapExDashboard smoke test > displays the Capital Expenditures heading (has inline mock data) 40ms
   → Invalid Chai property: toBeInTheDocument
 × src/components/layout/Navbar.test.tsx > Navbar > opens entity menu on click 131ms
   → Invalid Chai property: toBeInTheDocument
 × src/components/layout/Navbar.test.tsx > Navbar > closes entity menu on Escape key 28ms
   → Invalid Chai property: toBeInTheDocument
 × src/components/layout/Navbar.test.tsx > Navbar > opens create menu on click 15ms
   → Invalid Chai property: toBeInTheDocument
 × src/components/layout/Navbar.test.tsx > Navbar > opens notifications menu on click 12ms
   → Invalid Chai property: toBeInTheDocument
 × src/components/layout/Navbar.test.tsx > Navbar > opens user menu on click 15ms
   → Invalid Chai property: toBeInTheDocument
 ✓ src/components/layout/Navbar.test.tsx > Navbar > navigates to help on search click 21ms
 × src/components/layout/Navbar.test.tsx > Navbar > shows zero badge when no unread notifications 7ms
   → Invalid Chai property: toBeInTheDocument
 × src/components/layout/Navbar.test.tsx > Navbar > renders hamburger menu button on mobile 8ms
   → Invalid Chai property: toBeInTheDocument
(node:4820) ExperimentalWarning: localStorage is not available because --localstorage-file was not provided.
(Use `node --trace-warnings ...` to show where the warning was created)
 × src/components/data/FileUploader.test.tsx > FileUploader > renders without crashing 49ms
   → Invalid Chai property: toBeInTheDocument
 ✓ src/components/data/FileUploader.test.tsx > FileUploader > renders with correct accept attribute 6ms
 × src/components/data/FileUploader.test.tsx > FileUploader > renders drop zone 15ms
   → Invalid Chai property: toBeInTheDocument
(node:4820) ExperimentalWarning: localStorage is not available because --localstorage-file was not provided.
(Use `node --trace-warnings ...` to show where the warning was created)
 ✓ src/engines/AdvancedOLAPEngine.test.ts > AdvancedOLAPEngine > should add and retrieve members 2ms
 ✓ src/engines/AdvancedOLAPEngine.test.ts > AdvancedOLAPEngine > should get children of a member 1ms
 ✓ src/engines/AdvancedOLAPEngine.test.ts > AdvancedOLAPEngine > should get descendants 0ms
 ✓ src/engines/AdvancedOLAPEngine.test.ts > AdvancedOLAPEngine > should get ancestors 0ms
 ✓ src/engines/AdvancedOLAPEngine.test.ts > AdvancedOLAPEngine > should add and manage hierarchies 0ms
 ✓ src/engines/AdvancedOLAPEngine.test.ts > AdvancedOLAPEngine > should add calculated members 0ms
 ✓ src/engines/AdvancedOLAPEngine.test.ts > AdvancedOLAPEngine > should add named sets 0ms
 ✓ src/engines/AdvancedOLAPEngine.test.ts > AdvancedOLAPEngine > should perform writeback 0ms
 ✓ src/engines/AdvancedOLAPEngine.test.ts > AdvancedOLAPEngine > should check cell security 0ms
 ✓ src/engines/AdvancedOLAPEngine.test.ts > AdvancedOLAPEngine > should execute MDX-like queries 0ms
 ✓ src/engines/AdvancedOLAPEngine.test.ts > AdvancedOLAPEngine > should serialize and deserialize 0ms
(node:4820) ExperimentalWarning: localStorage is not available because --localstorage-file was not provided.
(Use `node --trace-warnings ...` to show where the warning was created)
(node:4820) ExperimentalWarning: localStorage is not available because --localstorage-file was not provided.
(Use `node --trace-warnings ...` to show where the warning was created)
 × src/components/data/FileUploader.test.tsx > FileUploader > handles file upload and shows validation result 1022ms
   → Invalid Chai property: toBeInTheDocument

Ignored nodes: comments, script, style
[36m<html>[39m
  [36m<head />[39m
  [36m<body>[39m
    [36m<div>[39m
      [36m<div[39m
        [33mclass[39m=[32m"max-w-2xl mx-auto space-y-4"[39m
      [36m>[39m
        [36m<div[39m
          [33mdata-testid[39m=[32m"file-drop-zone"[39m
        [36m>[39m
          [36m<span[39m
            [33mdata-testid[39m=[32m"accept"[39m
          [36m>[39m
            [0m.csv,.xlsx,.xls,.json[0m
          [36m</span>[39m
          [36m<button[39m
            [33mdata-testid[39m=[32m"trigger-upload"[39m
          [36m>[39m
            [0mUpload[0m
          [36m</button>[39m
        [36m</div>[39m
        [36m<div[39m
          [33mclass[39m=[32m"p-4 rounded-lg border bg-green-500/10 border-green-500/30"[39m
        [36m>[39m
          [36m<div[39m
            [33mclass[39m=[32m"flex items-center gap-2 mb-2"[39m
          [36m>[39m
            [36m<span[39m
              [33mdata-testid[39m=[32m"check-circle"[39m
            [36m/>[39m
            [36m<span[39m
              [33mclass[39m=[32m"font-bold text-sm"[39m
            [36m>[39m
              [0m10[0m
              [0m rows, [0m
              [0m3[0m
              [0m columns[0m
            [36m</span>[39m
          [36m</div>[39m
          [36m<div[39m
            [33mclass[39m=[32m"mt-3 flex gap-2"[39m
          [36m>[39m
            [36m<button>[39m
              [0mConfirm & Import[0m
            [36m</button>[39m
          [36m</div>[39m
        [36m</div>[39m
      [36m</div>[39m
    [36m</div>[39m
  [36m</body>[39m
[36m</html>[39m
 ✓ src/pages/cash/DebtSchedulePage.test.tsx > DebtSchedulePage smoke test > renders without crashing 27ms
 × src/pages/cash/DebtSchedulePage.test.tsx > DebtSchedulePage smoke test > displays the Debt Schedule heading 25ms
   → Invalid Chai property: toBeInTheDocument
 ✓ src/components/reports/ConditionalFormatPanel.test.tsx > ConditionalFormatPanel > renders without crashing 39ms
 × src/components/reports/ConditionalFormatPanel.test.tsx > ConditionalFormatPanel > renders the header 25ms
   → Invalid Chai property: toBeInTheDocument
 × src/components/reports/ConditionalFormatPanel.test.tsx > ConditionalFormatPanel > shows cell type 7ms
   → Invalid Chai property: toBeInTheDocument
 × src/components/reports/ConditionalFormatPanel.test.tsx > ConditionalFormatPanel > shows empty state when no formats 6ms
   → Invalid Chai property: toBeInTheDocument
 × src/components/reports/ConditionalFormatPanel.test.tsx > ConditionalFormatPanel > renders add rule button 7ms
   → Invalid Chai property: toBeInTheDocument
 ✓ src/components/reports/ConditionalFormatPanel.test.tsx > ConditionalFormatPanel > calls onClose when close button clicked 13ms
 ✓ src/components/reports/ConditionalFormatPanel.test.tsx > ConditionalFormatPanel > adds a new rule when Add Rule clicked 13ms
 × src/components/reports/ConditionalFormatPanel.test.tsx > ConditionalFormatPanel > renders existing format rules 38ms
   → Invalid Chai property: toBeInTheDocument
 × src/components/reports/ConditionalFormatPanel.test.tsx > ConditionalFormatPanel > shows remove button for each rule 16ms
   → Invalid Chai property: toBeInTheDocument
 × src/components/reports/ConditionalFormatPanel.test.tsx > ConditionalFormatPanel > shows color presets when rule is selected 126ms
   → Invalid Chai property: toBeInTheDocument
(node:4820) ExperimentalWarning: localStorage is not available because --localstorage-file was not provided.
(Use `node --trace-warnings ...` to show where the warning was created)
 ✓ src/engines/WindowStateManager.test.ts > WindowStateManager > should initialize with default state 2ms
 ✓ src/engines/WindowStateManager.test.ts > WindowStateManager > should get geometry 0ms
 ✓ src/engines/WindowStateManager.test.ts > WindowStateManager > should set position 0ms
 ✓ src/engines/WindowStateManager.test.ts > WindowStateManager > should set size 0ms
 ✓ src/engines/WindowStateManager.test.ts > WindowStateManager > should enforce minimum size 0ms
 ✓ src/engines/WindowStateManager.test.ts > WindowStateManager > should set maximized 0ms
 ✓ src/engines/WindowStateManager.test.ts > WindowStateManager > should set geometry partially 0ms
 ✓ src/engines/WindowStateManager.test.ts > WindowStateManager > should get layout 0ms
 ✓ src/engines/WindowStateManager.test.ts > WindowStateManager > should set sidebar width 0ms
 ✓ src/engines/WindowStateManager.test.ts > WindowStateManager > should enforce sidebar width bounds 0ms
 ✓ src/engines/WindowStateManager.test.ts > WindowStateManager > should set sidebar collapsed 0ms
 ✓ src/engines/WindowStateManager.test.ts > WindowStateManager > should toggle formula bar 0ms
 ✓ src/engines/WindowStateManager.test.ts > WindowStateManager > should toggle status bar 0ms
 ✓ src/engines/WindowStateManager.test.ts > WindowStateManager > should toggle property panel 0ms
 ✓ src/engines/WindowStateManager.test.ts > WindowStateManager > should set property panel width 0ms
 ✓ src/engines/WindowStateManager.test.ts > WindowStateManager > should enforce property panel width bounds 0ms
 ✓ src/engines/WindowStateManager.test.ts > WindowStateManager > should set active tab 0ms
 ✓ src/engines/WindowStateManager.test.ts > WindowStateManager > should set active page 0ms
 ✓ src/engines/WindowStateManager.test.ts > WindowStateManager > should reset to defaults 0ms
 ✓ src/engines/WindowStateManager.test.ts > WindowStateManager > should serialize and deserialize 0ms
 ✓ src/engines/WindowStateManager.test.ts > WindowStateManager > should handle invalid JSON gracefully 0ms
 ✓ src/engines/WindowStateManager.test.ts > WindowStateManager > should update lastSaved on changes 0ms
 × src/components/data/FileUploader.test.tsx > FileUploader > shows confirm button after successful validation 1015ms
   → Invalid Chai property: toBeInTheDocument

Ignored nodes: comments, script, style
[36m<html>[39m
  [36m<head />[39m
  [36m<body>[39m
    [36m<div>[39m
      [36m<div[39m
        [33mclass[39m=[32m"max-w-2xl mx-auto space-y-4"[39m
      [36m>[39m
        [36m<div[39m
          [33mdata-testid[39m=[32m"file-drop-zone"[39m
        [36m>[39m
          [36m<span[39m
            [33mdata-testid[39m=[32m"accept"[39m
          [36m>[39m
            [0m.csv,.xlsx,.xls,.json[0m
          [36m</span>[39m
          [36m<button[39m
            [33mdata-testid[39m=[32m"trigger-upload"[39m
          [36m>[39m
            [0mUpload[0m
          [36m</button>[39m
        [36m</div>[39m
        [36m<div[39m
          [33mclass[39m=[32m"p-4 rounded-lg border bg-green-500/10 border-green-500/30"[39m
        [36m>[39m
          [36m<div[39m
            [33mclass[39m=[32m"flex items-center gap-2 mb-2"[39m
          [36m>[39m
            [36m<span[39m
              [33mdata-testid[39m=[32m"check-circle"[39m
            [36m/>[39m
            [36m<span[39m
              [33mclass[39m=[32m"font-bold text-sm"[39m
            [36m>[39m
              [0m10[0m
              [0m rows, [0m
              [0m3[0m
              [0m columns[0m
            [36m</span>[39m
          [36m</div>[39m
          [36m<div[39m
            [33mclass[39m=[32m"mt-3 flex gap-2"[39m
          [36m>[39m
            [36m<button>[39m
              [0mConfirm & Import[0m
            [36m</button>[39m
          [36m</div>[39m
        [36m</div>[39m
      [36m</div>[39m
    [36m</div>[39m
  [36m</body>[39m
[36m</html>[39m
(node:4820) ExperimentalWarning: localStorage is not available because --localstorage-file was not provided.
(Use `node --trace-warnings ...` to show where the warning was created)
 × src/components/ui/AllocationRuleBuilder.test.tsx > AllocationRuleBuilder > renders without crashing 67ms
   → Invalid Chai property: toBeInTheDocument
 × src/components/ui/AllocationRuleBuilder.test.tsx > AllocationRuleBuilder > renders rule name input 13ms
   → Invalid Chai property: toBeInTheDocument
 × src/components/ui/AllocationRuleBuilder.test.tsx > AllocationRuleBuilder > renders source dropdown with options 9ms
   → Invalid Chai property: toBeInTheDocument
 × src/components/ui/AllocationRuleBuilder.test.tsx > AllocationRuleBuilder > renders method options 12ms
   → Invalid Chai property: toBeInTheDocument
 × src/components/ui/AllocationRuleBuilder.test.tsx > AllocationRuleBuilder > renders add target button 27ms
   → Invalid Chai property: toBeInTheDocument
 × src/components/ui/AllocationRuleBuilder.test.tsx > AllocationRuleBuilder > renders empty targets message initially 16ms
   → Invalid Chai property: toBeInTheDocument
 × src/components/ui/AllocationRuleBuilder.test.tsx > AllocationRuleBuilder > renders preview and save buttons 11ms
   → Invalid Chai property: toBeInTheDocument
 × src/components/ui/AllocationRuleBuilder.test.tsx > AllocationRuleBuilder > adds a target when add button clicked 26ms
   → Invalid Chai property: toBeInTheDocument
 × src/components/ui/AllocationRuleBuilder.test.tsx > AllocationRuleBuilder > renders period input 10ms
   → Invalid Chai property: toBeInTheDocument
(node:4820) ExperimentalWarning: localStorage is not available because --localstorage-file was not provided.
(Use `node --trace-warnings ...` to show where the warning was created)
 ✓ src/utils/storeCache.test.ts > withCache > should call cache.getOrSet with key and fetcher 4ms
 ✓ src/utils/storeCache.test.ts > withCache > should pass optional ttl 1ms
 ✓ src/utils/storeCache.test.ts > withCache > should return cached value without calling fetcher directly 1ms
 ✓ src/utils/storeCache.test.ts > withCache > should handle fetcher that returns undefined 0ms
 ✓ src/utils/storeCache.test.ts > withCache > should handle fetcher that returns null 0ms
 ✓ src/utils/storeCache.test.ts > invalidateCache > should call cache.invalidateByPrefix with prefix 0ms
 ✓ src/utils/storeCache.test.ts > invalidateCache > should return 0 when no entries match 0ms
 ✓ src/utils/storeCache.test.ts > invalidateCacheByPattern > should call cache.invalidateByPattern with regex 0ms
 ✓ src/utils/storeCache.test.ts > invalidateCacheByPattern > should return 0 when no entries match pattern 0ms
 ✓ src/utils/storeCache.test.ts > clearCache > should call cache.clear 0ms
 ✓ src/utils/storeCache.test.ts > getCacheStats > should return cache statistics 0ms
 ✓ src/utils/storeCache.test.ts > invalidateStoreCache > should invalidate entries by store name prefix 0ms
 ✓ src/utils/storeCache.test.ts > storeCache export > should export the cache instance 0ms
 × src/components/ui/AllocationRuleBuilder.test.tsx > AllocationRuleBuilder > renders recurring checkbox 12ms
   → Invalid Chai property: toBeInTheDocument
 × src/components/ui/AllocationRuleBuilder.test.tsx > AllocationRuleBuilder > allows typing a rule name 14ms
   → Invalid Chai property: toHaveValue
 × src/components/ui/AllocationRuleBuilder.test.tsx > AllocationRuleBuilder > removes a target when delete clicked 154ms
   → Invalid Chai property: toBeInTheDocument
 × src/components/data/FileUploader.test.tsx > FileUploader > calls onImport when confirm is clicked 1019ms
   → Invalid Chai property: toBeInTheDocument

Ignored nodes: comments, script, style
[36m<html>[39m
  [36m<head />[39m
  [36m<body>[39m
    [36m<div>[39m
      [36m<div[39m
        [33mclass[39m=[32m"max-w-2xl mx-auto space-y-4"[39m
      [36m>[39m
        [36m<div[39m
          [33mdata-testid[39m=[32m"file-drop-zone"[39m
        [36m>[39m
          [36m<span[39m
            [33mdata-testid[39m=[32m"accept"[39m
          [36m>[39m
            [0m.csv,.xlsx,.xls,.json[0m
          [36m</span>[39m
          [36m<button[39m
            [33mdata-testid[39m=[32m"trigger-upload"[39m
          [36m>[39m
            [0mUpload[0m
          [36m</button>[39m
        [36m</div>[39m
        [36m<div[39m
          [33mclass[39m=[32m"p-4 rounded-lg border bg-green-500/10 border-green-500/30"[39m
        [36m>[39m
          [36m<div[39m
            [33mclass[39m=[32m"flex items-center gap-2 mb-2"[39m
          [36m>[39m
            [36m<span[39m
              [33mdata-testid[39m=[32m"check-circle"[39m
            [36m/>[39m
            [36m<span[39m
              [33mclass[39m=[32m"font-bold text-sm"[39m
            [36m>[39m
              [0m10[0m
              [0m rows, [0m
              [0m3[0m
              [0m columns[0m
            [36m</span>[39m
          [36m</div>[39m
          [36m<div[39m
            [33mclass[39m=[32m"mt-3 flex gap-2"[39m
          [36m>[39m
            [36m<button>[39m
              [0mConfirm & Import[0m
            [36m</button>[39m
          [36m</div>[39m
        [36m</div>[39m
      [36m</div>[39m
    [36m</div>[39m
  [36m</body>[39m
[36m</html>[39m
 × src/components/data/FileUploader.test.tsx > FileUploader > renders with requiredColumns prop 3ms
   → Invalid Chai property: toBeInTheDocument
 × src/components/data/FileUploader.test.tsx > FileUploader > renders with numericColumns prop 3ms
   → Invalid Chai property: toBeInTheDocument
 × src/components/data/FileUploader.test.tsx > FileUploader > renders with dateColumns prop 2ms
   → Invalid Chai property: toBeInTheDocument
 × src/components/data/FileUploader.test.tsx > FileUploader > renders with maxRows prop 3ms
   → Invalid Chai property: toBeInTheDocument
(node:4820) ExperimentalWarning: localStorage is not available because --localstorage-file was not provided.
(Use `node --trace-warnings ...` to show where the warning was created)
 ✓ src/components/settings/TemplateMarketplace.test.tsx > TemplateMarketplace > renders without crashing with templates 25ms
 × src/components/settings/TemplateMarketplace.test.tsx > TemplateMarketplace > renders empty state when no templates 25ms
   → Invalid Chai property: toBeInTheDocument
 × src/components/settings/TemplateMarketplace.test.tsx > TemplateMarketplace > renders template name 5ms
   → Invalid Chai property: toBeInTheDocument
 × src/components/settings/TemplateMarketplace.test.tsx > TemplateMarketplace > renders template description 4ms
   → Invalid Chai property: toBeInTheDocument
 × src/components/settings/TemplateMarketplace.test.tsx > TemplateMarketplace > renders template category badge 4ms
   → Invalid Chai property: toBeInTheDocument
 × src/components/settings/TemplateMarketplace.test.tsx > TemplateMarketplace > renders Use Template button 3ms
   → Invalid Chai property: toBeInTheDocument
 ✓ src/components/settings/TemplateMarketplace.test.tsx > TemplateMarketplace > calls onSelect when card is clicked 8ms
 × src/components/settings/TemplateMarketplace.test.tsx > TemplateMarketplace > renders multiple templates 6ms
   → Invalid Chai property: toBeInTheDocument
 ✓ src/components/settings/TemplateMarketplace.test.tsx > TemplateMarketplace > calls onSelect with correct id for each template 4ms
 × src/components/settings/TemplateMarketplace.test.tsx > TemplateMarketplace > renders category badges for each template 5ms
   → Invalid Chai property: toHaveTextContent
 ✓ src/components/settings/TemplateMarketplace.test.tsx > TemplateMarketplace > renders empty state with dashed border styling 2ms
(node:4820) ExperimentalWarning: localStorage is not available because --localstorage-file was not provided.
(Use `node --trace-warnings ...` to show where the warning was created)
(node:4820) ExperimentalWarning: localStorage is not available because --localstorage-file was not provided.
(Use `node --trace-warnings ...` to show where the warning was created)
stderr | src/components/finance/DriverPanel.test.tsx > DriverPanel > renders without crashing
react-i18next:: useTranslation: You will need to pass in an i18next instance by using initReactI18next { code: 
'NO_I18NEXT_INSTANCE' }

(node:4820) ExperimentalWarning: localStorage is not available because --localstorage-file was not provided.
(Use `node --trace-warnings ...` to show where the warning was created)
 ✓ src/pages/capex/DepreciationForecastPage.test.tsx > DepreciationForecastPage smoke test > renders without crashing 26ms
 × src/pages/capex/DepreciationForecastPage.test.tsx > DepreciationForecastPage smoke test > displays no-data state when entries are empty 25ms
   → Invalid Chai property: toBeInTheDocument
 ✓ src/components/finance/DriverPanel.test.tsx > DriverPanel > renders without crashing 39ms
 × src/components/finance/DriverPanel.test.tsx > DriverPanel > renders the Drivers header 35ms
   → Invalid Chai property: toBeInTheDocument
 × src/components/finance/DriverPanel.test.tsx > DriverPanel > renders empty state when no drivers 20ms
   → Unable to find an element with the text: No drivers configured. This could be because the text is broken up by multiple elements. In this case, you can provide a function for your text matcher to make your matcher more flexible.

Ignored nodes: comments, script, style
[36m<body>[39m
  [36m<div>[39m
    [36m<div[39m
      [33mclass[39m=[32m"w-80 border-l flex flex-col h-full"[39m
      [33mstyle[39m=[32m"background: var(--bg-primary); border-color: var(--border);"[39m
    [36m>[39m
      [36m<div[39m
        [33mclass[39m=[32m"flex items-center justify-between p-4 border-b"[39m
        [33mstyle[39m=[32m"border-color: var(--border);"[39m
      [36m>[39m
        [36m<div[39m
          [33mclass[39m=[32m"flex items-center gap-2"[39m
        [36m>[39m
          [36m<svg[39m
            [33maria-hidden[39m=[32m"true"[39m
            [33mclass[39m=[32m"lucide lucide-sliders-vertical w-5 h-5"[39m
            [33mfill[39m=[32m"none"[39m
            [33mheight[39m=[32m"24"[39m
            [33mstroke[39m=[32m"currentColor"[39m
            [33mstroke-linecap[39m=[32m"round"[39m
            [33mstroke-linejoin[39m=[32m"round"[39m
            [33mstroke-width[39m=[32m"2"[39m
            [33mstyle[39m=[32m"color: var(--accent);"[39m
            [33mviewBox[39m=[32m"0 0 24 24"[39m
            [33mwidth[39m=[32m"24"[39m
            [33mxmlns[39m=[32m"http://www.w3.org/2000/svg"[39m
          [36m>[39m
            [36m<path[39m
              [33md[39m=[32m"M10 8h4"[39m
            [36m/>[39m
            [36m<path[39m
              [33md[39m=[32m"M12 21v-9"[39m
            [36m/>[39m
            [36m<path[39m
              [33md[39m=[32m"M12 8V3"[39m
            [36m/>[39m
            [36m<path[39m
              [33md[39m=[32m"M17 16h4"[39m
            [36m/>[39m
            [36m<path[39m
              [33md[39m=[32m"M19 12V3"[39m
            [36m/>[39m
            [36m<path[39m
              [33md[39m=[32m"M19 21v-5"[39m
            [36m/>[39m
            [36m<path[39m
              [33md[39m=[32m"M3 14h4"[39m
            [36m/>[39m
            [36m<path[39m
              [33md[39m=[32m"M5 10V3"[39m
            [36m/>[39m
            [36m<path[39m
              [33md[39m=[32m"M5 21v-7"[39m
            [36m/>[39m
          [36m</svg>[39m
          [36m<h2[39m
            [33mclass[39m=[32m"font-semibold"[39m
            [33mstyle[39m=[32m"color: var(--text-primary);"[39m
          [36m>[39m
            [0mDrivers[0m
          [36m</h2>[39m
        [36m</div>[39m
      [36m</div>[39m
      [36m<div[39m
        [33mclass[39m=[32m"flex-1 overflow-y-auto p-4 space-y-4"[39m
      [36m>[39m
        [36m<div[39m
          [33mclass[39m=[32m"text-center py-8"[39m
          [33mstyle[39m=[32m"color: var(--text-secondary);"[39m
        [36m>[39m
          [36m<svg[39m
            [33maria-hidden[39m=[32m"true"[39m
            [33mclass[39m=[32m"lucide lucide-sliders-vertical w-8 h-8 mx-auto mb-2 opacity-50"[39m
            [33mfill[39m=[32m"none"[39m
            [33mheight[39m=[32m"24"[39m
            [33mstroke[39m=[32m"currentColor"[39m
            [33mstroke-linecap[39m=[32m"round"[39m
            [33mstroke-linejoin[39m=[32m"round"[39m
            [33mstroke-width[39m=[32m"2"[39m
            [33mviewBox[39m=[32m"0 0 24 24"[39m
            [33mwidth[39m=[32m"24"[39m
            [33mxmlns[39m=[32m"http://www.w3.org/2000/svg"[39m
          [36m>[39m
            [36m<path[39m
              [33md[39m=[32m"M10 8h4"[39m
            [36m/>[39m
            [36m<path[39m
              [33md[39m=[32m"M12 21v-9"[39m
            [36m/>[39m
            [36m<path[39m
              [33md[39m=[32m"M12 8V3"[39m
            [36m/>[39m
            [36m<path[39m
              [33md[39m=[32m"M17 16h4"[39m
            [36m/>[39m
            [36m<path[39m
              [33md[39m=[32m"M19 12V3"[39m
            [36m/>[39m
            [36m<path[39m
              [33md[39m=[32m"M19 21v-5"[39m
            [36m/>[39m
            [36m<path[39m
              [33md[39m=[32m"M3 14h4"[39m
            [36m/>[39m
            [36m<path[39m
              [33md[39m=[32m"M5 10V3"[39m
            [36m/>[39m
            [36m<path[39m
              [33md[39m=[32m"M5 21v-7"[39m
            [36m/>[39m
          [36m</svg>[39m
          [36m<p[39m
            [33mclass[39m=[32m"text-sm"[39m
          [36m>[39m
            [0mdrivers.notConfigured[0m
          [36m</p>[39m
          [36m<p[39m
            [33mclass[39m=[32m"text-xs mt-1"[39m
          [36m>[39m
            [0mAdd drivers in the forecast builder[0m
          [36m</p>[39m
        [36m</div>[39m
      [36m</div>[39m
    [36m</div>[39m
  [36m</div>[39m
[36m</body>[39m
 × src/components/finance/DriverPanel.test.tsx > DriverPanel > renders close button when onClose is provided 144ms
   → Invalid Chai property: toBeInTheDocument
 ✓ src/components/finance/DriverPanel.test.tsx > DriverPanel > does not render close button when onClose is not provided 7ms
 × src/components/finance/DriverPanel.test.tsx > DriverPanel > renders drivers when list is populated 9ms
   → Invalid Chai property: toBeInTheDocument
 × src/components/finance/DriverPanel.test.tsx > DriverPanel > renders driver category headers 8ms
   → Invalid Chai property: toBeInTheDocument
 ✓ src/components/reports/ExportDialog.test.tsx > ExportDialog > renders without crashing 56ms
(node:4820) ExperimentalWarning: localStorage is not available because --localstorage-file was not provided.
(Use `node --trace-warnings ...` to show where the warning was created)
stdout | src/utils/tokenRotation.test.ts > tokenRotation > getAuthHeader > returns empty object when no token
[TokenRotation] Stopping token rotation

stdout | src/utils/tokenRotation.test.ts > tokenRotation > getAuthHeader > returns empty object when no token
[TokenRotation] Stopping token rotation

stdout | src/utils/tokenRotation.test.ts > tokenRotation > getAuthHeader > returns Authorization header when token exists
[TokenRotation] Stopping token rotation

stdout | src/utils/tokenRotation.test.ts > tokenRotation > getAuthHeader > returns Authorization header when token exists
[TokenRotation] Stopping token rotation

stdout | src/utils/tokenRotation.test.ts > tokenRotation > refreshToken > returns false when not authenticated
[TokenRotation] Stopping token rotation

stdout | src/utils/tokenRotation.test.ts > tokenRotation > refreshToken > returns false when not authenticated
[TokenRotation] Stopping token rotation

stdout | src/utils/tokenRotation.test.ts > tokenRotation > refreshToken > calls refreshAccessToken and schedules next refresh
[TokenRotation] Stopping token rotation

stdout | src/utils/tokenRotation.test.ts > tokenRotation > refreshToken > calls refreshAccessToken and schedules next refresh
[TokenRotation] Scheduled refresh in 600s

stdout | src/utils/tokenRotation.test.ts > tokenRotation > refreshToken > calls refreshAccessToken and schedules next refresh
[TokenRotation] Stopping token rotation

stdout | src/utils/tokenRotation.test.ts > tokenRotation > handleTokenExpiry > logs out the user
[TokenRotation] Stopping token rotation

Not implemented: navigation to another Document
stderr | src/utils/tokenRotation.test.ts > tokenRotation > handleTokenExpiry > logs out the user
[TokenRotation] Token expired — logging out

stdout | src/utils/tokenRotation.test.ts > tokenRotation > handleTokenExpiry > logs out the user
[TokenRotation] Stopping token rotation
[TokenRotation] Stopping token rotation

stdout | src/utils/tokenRotation.test.ts > tokenRotation > handleTokenExpiry > logs out the user
[TokenRotation] Stopping token rotation

 × src/components/reports/ExportDialog.test.tsx > ExportDialog > renders the header 45ms
   → Invalid Chai property: toBeInTheDocument
 × src/components/reports/ExportDialog.test.tsx > ExportDialog > renders all export format options 21ms
   → Invalid Chai property: toBeInTheDocument
 × src/components/reports/ExportDialog.test.tsx > ExportDialog > renders export button 18ms
   → Invalid Chai property: toBeInTheDocument
 × src/components/reports/ExportDialog.test.tsx > ExportDialog > shows PDF options when PDF is selected 28ms
   → Invalid Chai property: toBeInTheDocument
 × src/components/reports/ExportDialog.test.tsx > ExportDialog > shows report summary 18ms
   → Invalid Chai property: toBeInTheDocument
stdout | src/utils/tokenRotation.test.ts > tokenRotation > startRotation / stopRotation > starts and stops without error
[TokenRotation] Stopping token rotation

stdout | src/utils/tokenRotation.test.ts > tokenRotation > startRotation / stopRotation > starts and stops without error
[TokenRotation] Starting token rotation
[TokenRotation] Scheduled refresh in 1500s
[TokenRotation] 401 interceptor installed
[TokenRotation] Stopping token rotation
[TokenRotation] 401 interceptor removed

stdout | src/utils/tokenRotation.test.ts > tokenRotation > startRotation / stopRotation > starts and stops without error
[TokenRotation] Stopping token rotation

stdout | src/utils/tokenRotation.test.ts > tokenRotation > startRotation / stopRotation > stopRotation is idempotent
[TokenRotation] Stopping token rotation

stdout | src/utils/tokenRotation.test.ts > tokenRotation > startRotation / stopRotation > stopRotation is idempotent
[TokenRotation] Stopping token rotation
[TokenRotation] Stopping token rotation

stdout | src/utils/tokenRotation.test.ts > tokenRotation > startRotation / stopRotation > stopRotation is idempotent
[TokenRotation] Stopping token rotation

stdout | src/utils/tokenRotation.test.ts > tokenRotation > installFetchInterceptor > installs and uninstalls without error
[TokenRotation] Stopping token rotation

stdout | src/utils/tokenRotation.test.ts > tokenRotation > installFetchInterceptor > installs and uninstalls without error
[TokenRotation] 401 interceptor installed
[TokenRotation] 401 interceptor removed

stdout | src/utils/tokenRotation.test.ts > tokenRotation > installFetchInterceptor > installs and uninstalls without error
[TokenRotation] Stopping token rotation

stdout | src/utils/tokenRotation.test.ts > tokenRotation > installFetchInterceptor > is idempotent
[TokenRotation] Stopping token rotation

stdout | src/utils/tokenRotation.test.ts > tokenRotation > installFetchInterceptor > is idempotent
[TokenRotation] 401 interceptor installed
[TokenRotation] 401 interceptor removed

stdout | src/utils/tokenRotation.test.ts > tokenRotation > installFetchInterceptor > is idempotent
[TokenRotation] Stopping token rotation

 ✓ src/utils/tokenRotation.test.ts > tokenRotation > getAuthHeader > returns empty object when no token 8ms
 ✓ src/utils/tokenRotation.test.ts > tokenRotation > getAuthHeader > returns Authorization header when token exists 2ms
 ✓ src/utils/tokenRotation.test.ts > tokenRotation > refreshToken > returns false when not authenticated 1ms
 ✓ src/utils/tokenRotation.test.ts > tokenRotation > refreshToken > calls refreshAccessToken and schedules next refresh 5ms
 ✓ src/utils/tokenRotation.test.ts > tokenRotation > handleTokenExpiry > logs out the user 13ms
 ✓ src/utils/tokenRotation.test.ts > tokenRotation > startRotation / stopRotation > starts and stops without error 3ms
 ✓ src/utils/tokenRotation.test.ts > tokenRotation > startRotation / stopRotation > stopRotation is idempotent 1ms
 ✓ src/utils/tokenRotation.test.ts > tokenRotation > installFetchInterceptor > installs and uninstalls without error 2ms
 ✓ src/utils/tokenRotation.test.ts > tokenRotation > installFetchInterceptor > is idempotent 2ms
 ✓ src/components/reports/ExportDialog.test.tsx > ExportDialog > calls onClose when close button clicked 24ms
 × src/components/reports/ExportDialog.test.tsx > ExportDialog > allows switching to Excel format 30ms
   → Invalid Chai property: toBeInTheDocument
 × src/components/reports/ExportDialog.test.tsx > ExportDialog > allows switching to CSV format 23ms
   → Invalid Chai property: toBeInTheDocument
 × src/components/reports/ExportDialog.test.tsx > ExportDialog > hides PDF options when not PDF format 25ms
   → Invalid Chai property: toBeInTheDocument
 × src/components/reports/ExportDialog.test.tsx > ExportDialog > shows watermark input for PDF 24ms
   → Invalid Chai property: toBeInTheDocument
 × src/components/reports/ExportDialog.test.tsx > ExportDialog > shows page numbers checkbox 19ms
   → Invalid Chai property: toBeInTheDocument
 × src/components/reports/ExportDialog.test.tsx > ExportDialog > shows timestamp checkbox 17ms
   → Invalid Chai property: toBeInTheDocument
(node:4820) ExperimentalWarning: localStorage is not available because --localstorage-file was not provided.
(Use `node --trace-warnings ...` to show where the warning was created)
 ✓ src/engines/SaaSMetricsEngine.test.ts > SaaSMetricsEngine > calculateARR > should convert monthly MRR to ARR 2ms
 ✓ src/engines/SaaSMetricsEngine.test.ts > SaaSMetricsEngine > calculateARR > should handle zero MRR 0ms
 ✓ src/engines/SaaSMetricsEngine.test.ts > SaaSMetricsEngine > calculateNRR > should calculate net revenue retention 0ms
 ✓ src/engines/SaaSMetricsEngine.test.ts > SaaSMetricsEngine > calculateNRR > should return 0 for zero opening MRR 0ms
 ✓ src/engines/SaaSMetricsEngine.test.ts > SaaSMetricsEngine > calculateNRR > should throw for negative opening MRR 1ms
 ✓ src/engines/SaaSMetricsEngine.test.ts > SaaSMetricsEngine > calculateNRR > should handle negative NRR 0ms
 ✓ src/engines/SaaSMetricsEngine.test.ts > SaaSMetricsEngine > calculateChurnRate > should calculate churn rate percentage 0ms
 ✓ src/engines/SaaSMetricsEngine.test.ts > SaaSMetricsEngine > calculateChurnRate > should return 0 for zero total customers and zero lost 0ms
 ✓ src/engines/SaaSMetricsEngine.test.ts > SaaSMetricsEngine > calculateChurnRate > should return Infinity for zero total customers and >0 lost 0ms
 ✓ src/engines/SaaSMetricsEngine.test.ts > SaaSMetricsEngine > calculateChurnRate > should throw for negative total customers 0ms
 ✓ src/engines/SaaSMetricsEngine.test.ts > SaaSMetricsEngine > calculateLTVtoCAC > should calculate LTV:CAC ratio 0ms
 ✓ src/engines/SaaSMetricsEngine.test.ts > SaaSMetricsEngine > calculateLTVtoCAC > should return Infinity for zero churn (infinite LTV) 0ms
 ✓ src/engines/SaaSMetricsEngine.test.ts > SaaSMetricsEngine > calculateLTVtoCAC > should return Infinity for zero CAC and >0 revenue 0ms
 ✓ src/engines/SaaSMetricsEngine.test.ts > SaaSMetricsEngine > calculateLTVtoCAC > should throw for negative CAC 0ms
 ✓ src/engines/SaaSMetricsEngine.test.ts > SaaSMetricsEngine > calculateLTVtoCAC > should throw for invalid gross margin 0ms
 ✓ src/engines/SaaSMetricsEngine.test.ts > SaaSMetricsEngine > buildCohortTable > should build cohort table from MRR data 1ms
 ✓ src/engines/SaaSMetricsEngine.test.ts > SaaSMetricsEngine > buildCohortTable > should handle empty data 1ms
 ✓ src/engines/SaaSMetricsEngine.test.ts > SaaSMetricsEngine > calculateMagicNumber > should calculate magic number 0ms
 ✓ src/engines/SaaSMetricsEngine.test.ts > SaaSMetricsEngine > calculateMagicNumber > should return Infinity for zero S&M spend and positive net new ARR 0ms
 ✓ src/engines/SaaSMetricsEngine.test.ts > SaaSMetricsEngine > calculateMagicNumber > should throw for negative S&M spend 0ms
 ✓ src/engines/SaaSMetricsEngine.test.ts > SaaSMetricsEngine > calculateQuickRatio > should calculate quick ratio 0ms
 ✓ src/engines/SaaSMetricsEngine.test.ts > SaaSMetricsEngine > calculateQuickRatio > should return Infinity when no contraction or churn but has growth 0ms
 ✓ src/engines/SaaSMetricsEngine.test.ts > SaaSMetricsEngine > calculateQuickRatio > should handle all zeros 0ms
(node:4820) ExperimentalWarning: localStorage is not available because --localstorage-file was not provided.
(Use `node --trace-warnings ...` to show where the warning was created)
 ✓ src/engines/WorkflowEngine.test.ts > WorkflowEngine > should initialize with empty state 3ms
 ✓ src/engines/WorkflowEngine.test.ts > WorkflowEngine > should create a workflow definition 2ms
 ✓ src/engines/WorkflowEngine.test.ts > WorkflowEngine > should get workflow by id 0ms
 ✓ src/engines/WorkflowEngine.test.ts > WorkflowEngine > should submit an approval request 1ms
 ✓ src/engines/WorkflowEngine.test.ts > WorkflowEngine > should approve a request 1ms
 ✓ src/engines/WorkflowEngine.test.ts > WorkflowEngine > should reject a request 0ms
 ✓ src/engines/WorkflowEngine.test.ts > WorkflowEngine > should get workflow stats 1ms
 ✓ src/engines/WorkflowEngine.test.ts > WorkflowEngine > should delete a workflow 0ms
 ✓ src/engines/WorkflowEngine.test.ts > WorkflowEngine > should get all workflows 0ms
 ✓ src/engines/WorkflowEngine.test.ts > WorkflowEngine > should serialize and deserialize 1ms
(node:4820) ExperimentalWarning: localStorage is not available because --localstorage-file was not provided.
(Use `node --trace-warnings ...` to show where the warning was created)
 ✓ src/engines/ConsolidationEngine.recursive.test.ts > ConsolidationEngine - Recursive Hierarchies > should calculate effective ownership for A -> B -> C 3ms
 ✓ src/engines/ConsolidationEngine.recursive.test.ts > ConsolidationEngine - Recursive Hierarchies > should calculate effective ownership for multiple paths A -> B -> D and A -> C -> D 1ms
 ✓ src/engines/ConsolidationEngine.recursive.test.ts > ConsolidationEngine - Recursive Hierarchies > should calculate minority interest correctly in a recursive hierarchy 4ms
 ✓ src/engines/ConsolidationEngine.recursive.test.ts > ConsolidationEngine - Recursive Hierarchies > should build a hierarchy tree 1ms
(node:4820) ExperimentalWarning: localStorage is not available because --localstorage-file was not provided.
(Use `node --trace-warnings ...` to show where the warning was created)
 × src/components/ui/AllocationHistory.test.tsx > AllocationHistory > renders empty state when no entries 76ms
   → Invalid Chai property: toBeInTheDocument
 × src/components/ui/AllocationHistory.test.tsx > AllocationHistory > renders header with title 24ms
   → Invalid Chai property: toBeInTheDocument
 × src/components/ui/AllocationHistory.test.tsx > AllocationHistory > renders entry rule names 15ms
   → Invalid Chai property: toBeInTheDocument
 × src/components/ui/AllocationHistory.test.tsx > AllocationHistory > renders status badges 15ms
   → Invalid Chai property: toBeInTheDocument
 × src/components/ui/AllocationHistory.test.tsx > AllocationHistory > renders summary stats 36ms
   → Invalid Chai property: toBeInTheDocument
 × src/components/ui/AllocationHistory.test.tsx > AllocationHistory > renders method filter dropdown 12ms
   → Invalid Chai property: toBeInTheDocument
 × src/components/ui/AllocationHistory.test.tsx > AllocationHistory > renders status filter dropdown 13ms
   → Invalid Chai property: toBeInTheDocument
 × src/components/ui/AllocationHistory.test.tsx > AllocationHistory > renders search input 17ms
   → Invalid Chai property: toBeInTheDocument
 × src/components/ui/AllocationHistory.test.tsx > AllocationHistory > filters entries by search term 30ms
   → Invalid Chai property: toBeInTheDocument
 × src/components/ui/AllocationHistory.test.tsx > AllocationHistory > expands entry on click and shows detail 24ms
   → Invalid Chai property: toBeInTheDocument
 ✓ src/components/ui/AllocationHistory.test.tsx > AllocationHistory > calls onRerun when re-run button clicked 13ms
 × src/components/ui/AllocationHistory.test.tsx > AllocationHistory > shows filtered empty state when search has no matches 14ms
   → Invalid Chai property: toBeInTheDocument
(node:4820) ExperimentalWarning: localStorage is not available because --localstorage-file was not provided.
(Use `node --trace-warnings ...` to show where the warning was created)
 ✓ src/engines/RecentFilesEngine.test.ts > RecentFilesEngine > should initialize with no files 3ms
 ✓ src/engines/RecentFilesEngine.test.ts > RecentFilesEngine > should add a file 1ms
 ✓ src/engines/RecentFilesEngine.test.ts > RecentFilesEngine > should increment open count for existing file 0ms
 ✓ src/engines/RecentFilesEngine.test.ts > RecentFilesEngine > should move re-opened file to top 0ms
 ✓ src/engines/RecentFilesEngine.test.ts > RecentFilesEngine > should remove a file 0ms
 ✓ src/engines/RecentFilesEngine.test.ts > RecentFilesEngine > should return false when removing non-existent file 0ms
 ✓ src/engines/RecentFilesEngine.test.ts > RecentFilesEngine > should pin and unpin files 1ms
 ✓ src/engines/RecentFilesEngine.test.ts > RecentFilesEngine > should toggle pin 0ms
 ✓ src/engines/RecentFilesEngine.test.ts > RecentFilesEngine > should sort pinned files first 0ms
 ✓ src/engines/RecentFilesEngine.test.ts > RecentFilesEngine > should prune to max entries 0ms
 ✓ src/engines/RecentFilesEngine.test.ts > RecentFilesEngine > should not prune pinned files 0ms
 ✓ src/engines/RecentFilesEngine.test.ts > RecentFilesEngine > should clear all files 0ms
 ✓ src/engines/RecentFilesEngine.test.ts > RecentFilesEngine > should clear only unpinned files 0ms
 ✓ src/engines/RecentFilesEngine.test.ts > RecentFilesEngine > should remove missing files 0ms
 ✓ src/engines/RecentFilesEngine.test.ts > RecentFilesEngine > should not remove pinned files even if missing 0ms
 ✓ src/engines/RecentFilesEngine.test.ts > RecentFilesEngine > should serialize and deserialize 0ms
 ✓ src/engines/RecentFilesEngine.test.ts > RecentFilesEngine > should update config 0ms
(node:4820) ExperimentalWarning: localStorage is not available because --localstorage-file was not provided.
(Use `node --trace-warnings ...` to show where the warning was created)
 ✓ src/engines/DataQualityEngine.test.ts > DataQualityEngine > should initialize with empty rules 2ms
 ✓ src/engines/DataQualityEngine.test.ts > DataQualityEngine > should add a rule 1ms
 ✓ src/engines/DataQualityEngine.test.ts > DataQualityEngine > should remove a rule 0ms
 ✓ src/engines/DataQualityEngine.test.ts > DataQualityEngine > should return false when removing non-existent rule 0ms
 ✓ src/engines/DataQualityEngine.test.ts > DataQualityEngine > should get rules by dimension 0ms
 ✓ src/engines/DataQualityEngine.test.ts > DataQualityEngine > should profile data 1ms
 ✓ src/engines/DataQualityEngine.test.ts > DataQualityEngine > should return empty profile for empty data 0ms
 ✓ src/engines/DataQualityEngine.test.ts > DataQualityEngine > should validate with completeness rule 1ms
 ✓ src/engines/DataQualityEngine.test.ts > DataQualityEngine > should validate with numeric rule 0ms
 ✓ src/engines/DataQualityEngine.test.ts > DataQualityEngine > should validate with range rule 1ms
 ✓ src/engines/DataQualityEngine.test.ts > DataQualityEngine > should validate with uniqueness rule 0ms
 ✓ src/engines/DataQualityEngine.test.ts > DataQualityEngine > should calculate dimension scores 0ms
 ✓ src/engines/DataQualityEngine.test.ts > DataQualityEngine > should calculate field scores 0ms
 ✓ src/engines/DataQualityEngine.test.ts > DataQualityEngine > should detect critical failures 0ms
 ✓ src/engines/DataQualityEngine.test.ts > DataQualityEngine > should handle empty data 0ms
(node:4820) ExperimentalWarning: localStorage is not available because --localstorage-file was not provided.
(Use `node --trace-warnings ...` to show where the warning was created)
 ✓ src/components/reports/BoardPackTemplate.test.tsx > BoardPackTemplate > renders without crashing 32ms
 × src/components/reports/BoardPackTemplate.test.tsx > BoardPackTemplate > renders the preview heading with default entity info 27ms
   → Invalid Chai property: toBeInTheDocument
 ✓ src/components/reports/BoardPackTemplate.test.tsx > BoardPackTemplate > renders with custom props 16ms
 × src/components/reports/BoardPackTemplate.test.tsx > BoardPackTemplate > renders the export PDF button 158ms
   → Invalid Chai property: toBeInTheDocument
 × src/components/reports/BoardPackTemplate.test.tsx > BoardPackTemplate > renders the show export options button 21ms
   → Invalid Chai property: toBeInTheDocument
 × src/components/reports/BoardPackTemplate.test.tsx > BoardPackTemplate > toggles export options panel on button click 34ms
   → Invalid Chai property: toBeInTheDocument
 ✓ src/components/reports/BoardPackTemplate.test.tsx > BoardPackTemplate > renders cover section with entity name 10ms
 × src/components/reports/BoardPackTemplate.test.tsx > BoardPackTemplate > renders the footer 9ms
   → Invalid Chai property: toBeInTheDocument
 × src/components/reports/BoardPackTemplate.test.tsx > BoardPackTemplate > renders KPI summary section with metrics 7ms
   → Invalid Chai property: toBeInTheDocument
 ✓ src/components/reports/BoardPackTemplate.test.tsx > BoardPackTemplate > renders table section 10ms
 × src/components/reports/BoardPackTemplate.test.tsx > BoardPackTemplate > renders text section with variable substitution 13ms
   → Invalid Chai property: toBeInTheDocument
(node:4820) ExperimentalWarning: localStorage is not available because --localstorage-file was not provided.
(Use `node --trace-warnings ...` to show where the warning was created)
 ✓ src/engines/DashboardBuilderEngine.test.ts > DashboardBuilderEngine > should create a dashboard 3ms
 ✓ src/engines/DashboardBuilderEngine.test.ts > DashboardBuilderEngine > should list dashboards 6ms
 ✓ src/engines/DashboardBuilderEngine.test.ts > DashboardBuilderEngine > should delete a dashboard 1ms
 ✓ src/engines/DashboardBuilderEngine.test.ts > DashboardBuilderEngine > should add widgets 1ms
 ✓ src/engines/DashboardBuilderEngine.test.ts > DashboardBuilderEngine > should remove widgets 1ms
 ✓ src/engines/DashboardBuilderEngine.test.ts > DashboardBuilderEngine > should move widgets 0ms
 ✓ src/engines/DashboardBuilderEngine.test.ts > DashboardBuilderEngine > should save as template 0ms
 ✓ src/engines/DashboardBuilderEngine.test.ts > DashboardBuilderEngine > should create from template 1ms
 ✓ src/engines/DashboardBuilderEngine.test.ts > DashboardBuilderEngine > should manage filters 1ms
 ✓ src/engines/DashboardBuilderEngine.test.ts > DashboardBuilderEngine > should export and import dashboards 1ms
 ✓ src/engines/DashboardBuilderEngine.test.ts > DashboardBuilderEngine > should get stats 0ms
(node:4820) ExperimentalWarning: localStorage is not available because --localstorage-file was not provided.
(Use `node --trace-warnings ...` to show where the warning was created)
 ✓ src/engines/BudgetCollectionEngine.test.ts > BudgetCollectionEngine > createTemplate > should create a budget template 4ms
 ✓ src/engines/BudgetCollectionEngine.test.ts > BudgetCollectionEngine > createTemplate > should activate a template 1ms
 ✓ src/engines/BudgetCollectionEngine.test.ts > BudgetCollectionEngine > submit > should submit a budget entry 1ms
 ✓ src/engines/BudgetCollectionEngine.test.ts > BudgetCollectionEngine > approve and reject > should approve a submission 0ms
 ✓ src/engines/BudgetCollectionEngine.test.ts > BudgetCollectionEngine > approve and reject > should reject a submission 0ms
 ✓ src/engines/BudgetCollectionEngine.test.ts > BudgetCollectionEngine > getProgress > should track submission progress 0ms
 ✓ src/engines/BudgetCollectionEngine.test.ts > BudgetCollectionEngine > getSubmissions > should filter submissions by entity 0ms
(node:4820) ExperimentalWarning: localStorage is not available because --localstorage-file was not provided.
(Use `node --trace-warnings ...` to show where the warning was created)
 ✓ src/pages/auth/LoginPage.test.tsx > LoginPage > renders without crashing 52ms
(node:4820) ExperimentalWarning: localStorage is not available because --localstorage-file was not provided.
(Use `node --trace-warnings ...` to show where the warning was created)
 × src/pages/auth/LoginPage.test.tsx > LoginPage > displays the sign in button 158ms
   → Invalid Chai property: toBeInTheDocument
 × src/pages/auth/LoginPage.test.tsx > LoginPage > shows email and password inputs 11ms
   → Invalid Chai property: toBeInTheDocument
stdout | src/utils/masterStorage.bench.test.ts > masterStorage Performance Profile > should profile importing 10,000 GL entries
Generating 10000 GL entries...
Generation complete.
Starting write to masterStorage...

stdout | src/utils/masterStorage.bench.test.ts > masterStorage Performance Profile > should profile importing 10,000 GL entries
Write complete.

## masterStorage Profile - 6/6/2026, 11:42:24 pm
- **Entries Simulated**: 10,000
- **Total Write Latency**: 35.59ms
- **Average Latency per Entry**: 0.0036ms
- **Max Main-Thread Blocking**: 0.00ms
- **Storage Backend**: IndexedDB (Mocked/JSDOM)
- **Data Size (Approx)**: 5.58 MB

---


 ✓ src/utils/masterStorage.bench.test.ts > masterStorage Performance Profile > should profile importing 10,000 GL entries 79ms
(node:4820) ExperimentalWarning: localStorage is not available because --localstorage-file was not provided.
(Use `node --trace-warnings ...` to show where the warning was created)
 ✓ src/pages/auth/LoginPage.test.tsx > LoginPage > shows validation error when submitting empty fields 97ms
 ✓ src/components/reports/BoardPackGenerator.test.tsx > BoardPackGenerator > renders without crashing 39ms
 × src/components/reports/BoardPackGenerator.test.tsx > BoardPackGenerator > renders the configuration heading 29ms
   → Invalid Chai property: toBeInTheDocument
 × src/components/reports/BoardPackGenerator.test.tsx > BoardPackGenerator > renders the template selector 13ms
   → Invalid Chai property: toBeInTheDocument
 ✓ src/components/reports/BoardPackGenerator.test.tsx > BoardPackGenerator > renders the title input with default value 13ms
 × src/components/reports/BoardPackGenerator.test.tsx > BoardPackGenerator > renders the company name input 12ms
   → Invalid Chai property: toBeInTheDocument
 × src/components/reports/BoardPackGenerator.test.tsx > BoardPackGenerator > renders the cover date input 9ms
   → Invalid Chai property: toBeInTheDocument
 × src/components/reports/BoardPackGenerator.test.tsx > BoardPackGenerator > renders the generate button with report count 155ms
   → Invalid Chai property: toBeInTheDocument
 × src/components/reports/BoardPackGenerator.test.tsx > BoardPackGenerator > renders the cover page preview 10ms
   → Invalid Chai property: toBeInTheDocument
 × src/components/reports/BoardPackGenerator.test.tsx > BoardPackGenerator > renders the table of contents section 7ms
   → Invalid Chai property: toBeInTheDocument
 × src/components/reports/BoardPackGenerator.test.tsx > BoardPackGenerator > renders the empty state message before generation 10ms
   → Invalid Chai property: toBeInTheDocument
 × src/components/reports/BoardPackGenerator.test.tsx > BoardPackGenerator > renders checkbox options 10ms
   → Invalid Chai property: toBeInTheDocument
(node:4820) ExperimentalWarning: localStorage is not available because --localstorage-file was not provided.
(Use `node --trace-warnings ...` to show where the warning was created)
 ✓ src/pages/auth/LoginPage.test.tsx > LoginPage > calls authStore.login with email and password on submit 628ms
 ✓ src/components/analytics/DataLineageViewer.test.tsx > DataLineageViewer > renders without crashing 25ms
 × src/components/analytics/DataLineageViewer.test.tsx > DataLineageViewer > renders empty state when no nodes 24ms
   → Invalid Chai property: toBeInTheDocument
 ✓ src/components/analytics/DataLineageViewer.test.tsx > DataLineageViewer > renders empty state with custom height 3ms
 ✓ src/components/analytics/DataLineageViewer.test.tsx > DataLineageViewer > renders SVG when nodes exist 5ms
 × src/components/analytics/DataLineageViewer.test.tsx > DataLineageViewer > renders node names in SVG 6ms
   → Invalid Chai property: toBeInTheDocument
 ✓ src/components/analytics/DataLineageViewer.test.tsx > DataLineageViewer > renders correct number of node groups 5ms
 ✓ src/components/analytics/DataLineageViewer.test.tsx > DataLineageViewer > renders edge paths 4ms
 ✓ src/components/analytics/DataLineageViewer.test.tsx > DataLineageViewer > calls onNodeClick when a node is clicked 8ms
 ✓ src/components/analytics/DataLineageViewer.test.tsx > DataLineageViewer > calls onNodeClick with transform node id 5ms
 ✓ src/components/analytics/DataLineageViewer.test.tsx > DataLineageViewer > does not throw when onNodeClick is not provided 4ms
 ✓ src/components/analytics/DataLineageViewer.test.tsx > DataLineageViewer > renders with default height of 400 2ms
 ✓ src/components/analytics/DataLineageViewer.test.tsx > DataLineageViewer > applies custom height 2ms
 × src/components/analytics/DataLineageViewer.test.tsx > DataLineageViewer > handles nodes with single type only 3ms
   → Invalid Chai property: toBeInTheDocument
 ✓ src/components/analytics/DataLineageViewer.test.tsx > DataLineageViewer > handles edges with missing from/to nodes gracefully 2ms
 × src/pages/auth/LoginPage.test.tsx > LoginPage > calls login and handles rejection without crashing 502ms
   → Invalid Chai property: toBeInTheDocument
 × src/pages/auth/LoginPage.test.tsx > LoginPage > renders the login form 8ms
   → Invalid Chai property: toBeInTheDocument
 × src/pages/auth/LoginPage.test.tsx > LoginPage > has accessible labels on interactive elements 7ms
   → Invalid Chai property: toBeInTheDocument
(node:4820) ExperimentalWarning: localStorage is not available because --localstorage-file was not provided.
(Use `node --trace-warnings ...` to show where the warning was created)
(node:4820) ExperimentalWarning: localStorage is not available because --localstorage-file was not provided.
(Use `node --trace-warnings ...` to show where the warning was created)
 × src/components/ui/KeyboardShortcuts.test.tsx > KeyboardShortcuts > renders when isOpen is true 133ms
   → Invalid Chai property: toBeInTheDocument
 ✓ src/components/ui/KeyboardShortcuts.test.tsx > KeyboardShortcuts > renders nothing when isOpen is false 2ms
 × src/components/ui/KeyboardShortcuts.test.tsx > KeyboardShortcuts > renders search input 66ms
   → Invalid Chai property: toBeInTheDocument
 × src/components/ui/DragFill.test.tsx > DragFill > renders the drag handle 38ms
   → Invalid Chai property: toBeInTheDocument
 × src/components/ui/DragFill.test.tsx > DragFill > renders with aria-label 4ms
   → Invalid Chai property: toBeInTheDocument
 × src/components/ui/DragFill.test.tsx > DragFill > has aria-haspopup="menu" 4ms
   → Invalid Chai property: toBeInTheDocument
 × src/components/ui/DragFill.test.tsx > DragFill > applies custom className 4ms
   → Invalid Chai property: toHaveAttribute
 ✓ src/components/ui/DragFill.test.tsx > DragFill > renders with correct direction class for down 3ms
 ✓ src/components/ui/DragFill.test.tsx > DragFill > renders with correct direction class for right 3ms
 × src/components/ui/DragFill.test.tsx > DragFill > shows fill mode menu on click (short mousedown + mouseup) 22ms
   → Invalid Chai property: toBeInTheDocument
 ✓ src/components/ui/DragFill.test.tsx > DragFill > calls onFill when copy mode selected 10ms
 × src/components/ui/DragFill.test.tsx > DragFill > shows linear trend option for arithmetic series 4ms
   → Invalid Chai property: toBeInTheDocument
 × src/components/ui/DragFill.test.tsx > DragFill > shows growth trend option for geometric series 5ms
   → Invalid Chai property: toBeInTheDocument
 × src/components/ui/DragFill.test.tsx > DragFill > always shows fill series option 4ms
   → Invalid Chai property: toBeInTheDocument
 ✓ src/components/ui/DragFill.test.tsx > DragFill > responds to Enter key on handle 4ms
 ✓ src/components/ui/DragFill.test.tsx > DragFill > responds to Space key on handle 2ms
 × src/components/ui/KeyboardShortcuts.test.tsx > KeyboardShortcuts > renders shortcut categories 48ms
   → Invalid Chai property: toBeInTheDocument
 × src/components/ui/KeyboardShortcuts.test.tsx > KeyboardShortcuts > renders shortcut descriptions 44ms
   → Invalid Chai property: toBeInTheDocument
 ✓ src/components/ui/KeyboardShortcuts.test.tsx > KeyboardShortcuts > renders kbd elements for keys 43ms
 × src/components/ui/KeyboardShortcuts.test.tsx > KeyboardShortcuts > renders footer with toggle hint 43ms
   → Invalid Chai property: toBeInTheDocument
 ✓ src/components/ui/KeyboardShortcuts.test.tsx > KeyboardShortcuts > calls onClose when close button clicked 40ms
 ✓ src/components/ui/KeyboardShortcuts.test.tsx > KeyboardShortcuts > calls onClose when Escape is pressed 39ms
(node:4820) ExperimentalWarning: localStorage is not available because --localstorage-file was not provided.
(Use `node --trace-warnings ...` to show where the warning was created)
 ✓ src/engines/RBACEngine.test.ts > RBACEngine > should initialize with empty state 3ms
 ✓ src/engines/RBACEngine.test.ts > RBACEngine > should assign a role 1ms
 ✓ src/engines/RBACEngine.test.ts > RBACEngine > should get user roles 0ms
 ✓ src/engines/RBACEngine.test.ts > RBACEngine > should get highest role 0ms
 ✓ src/engines/RBACEngine.test.ts > RBACEngine > should return null for user with no roles 0ms
 ✓ src/engines/RBACEngine.test.ts > RBACEngine > should check permissions for admin 0ms
 ✓ src/engines/RBACEngine.test.ts > RBACEngine > should check permissions for viewer 0ms
 ✓ src/engines/RBACEngine.test.ts > RBACEngine > should check permissions with entity context 0ms
 ✓ src/engines/RBACEngine.test.ts > RBACEngine > should revoke a role 0ms
 ✓ src/engines/RBACEngine.test.ts > RBACEngine > should return false when revoking non-existent role 0ms
 ✓ src/engines/RBACEngine.test.ts > RBACEngine > should set custom permissions 0ms
 ✓ src/engines/RBACEngine.test.ts > RBACEngine > should get effective permissions for role 0ms
 ✓ src/engines/RBACEngine.test.ts > RBACEngine > should list users 0ms
 ✓ src/engines/RBACEngine.test.ts > RBACEngine > should serialize and deserialize 0ms
 ✓ src/engines/RBACEngine.test.ts > RBACEngine > should handle expired roles 0ms
 ✓ src/components/ui/KeyboardShortcuts.test.tsx > KeyboardShortcuts > calls onClose when backdrop clicked 37ms
 × src/components/ui/KeyboardShortcuts.test.tsx > KeyboardShortcuts > filters shortcuts by search text 42ms
   → Invalid Chai property: toBeInTheDocument
 × src/components/ui/KeyboardShortcuts.test.tsx > KeyboardShortcuts > filters by category name 45ms
   → Invalid Chai property: toBeInTheDocument
 × src/components/ui/KeyboardShortcuts.test.tsx > KeyboardShortcuts > shows all shortcuts when search is empty 43ms
   → Invalid Chai property: toBeInTheDocument
(node:4820) ExperimentalWarning: localStorage is not available because --localstorage-file was not provided.
(Use `node --trace-warnings ...` to show where the warning was created)
 × src/components/ui/DataTable.test.tsx > DataTable > renders column headers 64ms
   → Invalid Chai property: toBeInTheDocument
 × src/components/ui/DataTable.test.tsx > DataTable > renders data rows 10ms
   → Invalid Chai property: toBeInTheDocument
 ✓ src/components/ui/DataTable.test.tsx > DataTable > shows correct values in cells 135ms
 × src/components/ui/DataTable.test.tsx > DataTable > handles empty data 12ms
   → Invalid Chai property: toBeInTheDocument
 × src/components/ui/DataTable.test.tsx > DataTable > shows custom empty message 7ms
   → Invalid Chai property: toBeInTheDocument
 ✓ src/components/ui/DataTable.test.tsx > DataTable > renders loading state with skeleton rows 17ms
 × src/components/ui/DataTable.test.tsx > DataTable > renders error state 5ms
   → Invalid Chai property: toBeInTheDocument
 ✓ src/components/ui/DataTable.test.tsx > DataTable > sorts data on column header click 25ms
 ✓ src/components/ui/DataTable.test.tsx > DataTable > toggles sort direction on second click 39ms
 ✓ src/components/ui/DataTable.test.tsx > DataTable > calls onRowClick when a row is clicked 10ms
 × src/components/ui/DataTable.test.tsx > DataTable > uses custom render function for cells 7ms
   → Unable to find an element with the text: Alice. This could be because the text is broken up by multiple elements. In this case, you can provide a function for your text matcher to make your matcher more flexible.

Ignored nodes: comments, script, style
[36m<body>[39m
  [36m<div>[39m
    [36m<div[39m
      [33mclass[39m=[32m"w-full flex flex-col"[39m
    [36m>[39m
      [36m<div[39m
        [33mclass[39m=[32m"overflow-x-auto rounded-lg border border-[var(--border-subtle)] shadow-sm"[39m
      [36m>[39m
        [36m<table[39m
          [33maria-colcount[39m=[32m"1"[39m
          [33maria-rowcount[39m=[32m"3"[39m
          [33mclass[39m=[32m"w-full text-sm text-left border-collapse bg-[var(--bg-surface)]"[39m
          [33mrole[39m=[32m"grid"[39m
        [36m>[39m
          [36m<thead[39m
            [33mclass[39m=[32m"bg-gray-50 dark:bg-gray-800/80 border-b border-[var(--border-subtle)] sticky top-0 z-10"[39m
          [36m>[39m
            [36m<tr>[39m
              [36m<th[39m
                [33mclass[39m=[32m"px-4 py-3 font-semibold text-[var(--text-secondary)] transition-colors cursor-pointer hover:bg-[var(--bg-hover)] dark:hover:bg-gray-700 select-none focus-visible:outline-none focus-visible:ring-2 focus-visible:ring-blue-500 focus-visible:ring-inset"[39m
                [33mscope[39m=[32m"col"[39m
                [33mtabindex[39m=[32m"0"[39m
              [36m>[39m
                [36m<div[39m
                  [33mclass[39m=[32m"flex items-center space-x-1"[39m
                [36m>[39m
                  [36m<span>[39m
                    [0mName[0m
                  [36m</span>[39m
                  [36m<div[39m
                    [33mclass[39m=[32m"flex flex-col"[39m
                  [36m>[39m
                    [36m<svg[39m
                      [33maria-hidden[39m=[32m"true"[39m
                      [33mclass[39m=[32m"lucide lucide-chevron-up h-3 w-3 -mb-1 text-gray-300"[39m
                      [33mfill[39m=[32m"none"[39m
                      [33mheight[39m=[32m"24"[39m
                      [33mstroke[39m=[32m"currentColor"[39m
                      [33mstroke-linecap[39m=[32m"round"[39m
                      [33mstroke-linejoin[39m=[32m"round"[39m
                      [33mstroke-width[39m=[32m"2"[39m
                      [33mviewBox[39m=[32m"0 0 24 24"[39m
                      [33mwidth[39m=[32m"24"[39m
                      [33mxmlns[39m=[32m"http://www.w3.org/2000/svg"[39m
                    [36m>[39m
                      [36m<path[39m
                        [33md[39m=[32m"m18 15-6-6-6 6"[39m
                      [36m/>[39m
                    [36m</svg>[39m
                    [36m<svg[39m
                      [33maria-hidden[39m=[32m"true"[39m
                      [33mclass[39m=[32m"lucide lucide-chevron-down h-3 w-3 text-gray-300"[39m
                      [33mfill[39m=[32m"none"[39m
                      [33mheight[39m=[32m"24"[39m
                      [33mstroke[39m=[32m"currentColor"[39m
                      [33mstroke-linecap[39m=[32m"round"[39m
                      [33mstroke-linejoin[39m=[32m"round"[39m
                      [33mstroke-width[39m=[32m"2"[39m
                      [33mviewBox[39m=[32m"0 0 24 24"[39m
                      [33mwidth[39m=[32m"24"[39m
                      [33mxmlns[39m=[32m"http://www.w3.org/2000/svg"[39m
                    [36m>[39m
                      [36m<path[39m
                        [33md[39m=[32m"m6 9 6 6 6-6"[39m
                      [36m/>[39m
                    [36m</svg>[39m
                  [36m</div>[39m
                [36m</div>[39m
              [36m</th>[39m
            [36m</tr>[39m
          [36m</thead>[39m
          [36m<tbody[39m
            [33mclass[39m=[32m"divide-y divide-[var(--border-subtle)]"[39m
          [36m>[39m
            [36m<tr[39m
              [33mclass[39m=[32m"transition-colors hover:bg-[var(--bg-surface)]/50 dark:hover:bg-gray-700/50 group"[39m
            [36m>[39m
              [36m<td[39m
                [33mclass[39m=[32m"px-4 py-3 text-[var(--text-primary)] whitespace-nowrap"[39m
              [36m>[39m
                [0m[object Object][0m
              [36m</td>[39m
            [36m</tr>[39m
            [36m<tr[39m
              [33mclass[39m=[32m"transition-colors hover:bg-[var(--bg-surface)]/50 dark:hover:bg-gray-700/50 group"[39m
            [36m>[39m
              [36m<td[39m
                [33mclass[39m=[32m"px-4 py-3 text-[var(--text-primary)] whitespace-nowrap"[39m
              [36m>[39m
                [0m[object Object][0m
              [36m</td>[39m
            [36m</tr>[39m
            [36m<tr[39m
              [33mclass[39m=[32m"transition-colors hover:bg-[var(--bg-surface)]/50 dark:hover:bg-gray-700/50 group"[39m
            [36m>[39m
              [36m<td[39m
                [33mclass[39m=[32m"px-4 py-3 text-[var(--text-primary)] whitespace-nowrap"[39m
              [36m>[39m
                [0m[object Object][0m
              [36m</td>[39m
            [36m</tr>[39m
          [36m</tbody>[39m
        [36m</table>[39m
      [36m</div>[39m
    [36m</div>[39m
  [36m</div>[39m
[36m</body>[39m
 ✓ src/components/ui/DataTable.test.tsx > DataTable > renders filter inputs when filterable is true 8ms
(node:4820) ExperimentalWarning: localStorage is not available because --localstorage-file was not provided.
(Use `node --trace-warnings ...` to show where the warning was created)
 × src/components/ui/CellFormatter.test.tsx > CellFormatter > renders when isOpen is true 67ms
   → Invalid Chai property: toBeInTheDocument
 ✓ src/components/ui/CellFormatter.test.tsx > CellFormatter > renders nothing when isOpen is false 3ms
 × src/components/ui/CellFormatter.test.tsx > CellFormatter > renders Category label 7ms
   → Invalid Chai property: toBeInTheDocument
 × src/components/ui/CellFormatter.test.tsx > CellFormatter > renders format preview 7ms
   → Invalid Chai property: toBeInTheDocument
 × src/components/ui/CellFormatter.test.tsx > CellFormatter > renders Cancel button 6ms
   → Invalid Chai property: toBeInTheDocument
 × src/components/ui/CellFormatter.test.tsx > CellFormatter > renders Apply button 8ms
   → Invalid Chai property: toBeInTheDocument
 × src/components/ui/CellFormatter.test.tsx > CellFormatter > renders preview aria attributes 11ms
   → Invalid Chai property: toBeInTheDocument
 ✓ src/components/ui/CellFormatter.test.tsx > CellFormatter > calls onClose when Cancel clicked 11ms
 ✓ src/components/ui/CellFormatter.test.tsx > CellFormatter > calls onApply and onClose when Apply clicked 8ms
 × src/components/ui/CellFormatter.test.tsx > CellFormatter > uses currentFormat when provided 11ms
   → Invalid Chai property: toBeInTheDocument
 × src/components/ui/CellFormatter.test.tsx > CellFormatter > shows decimal places for number format 6ms
   → Invalid Chai property: toBeInTheDocument
 × src/components/ui/CellFormatter.test.tsx > CellFormatter > shows prefix and suffix inputs for general format 5ms
   → Invalid Chai property: toBeInTheDocument
(node:4820) ExperimentalWarning: localStorage is not available because --localstorage-file was not provided.
(Use `node --trace-warnings ...` to show where the warning was created)
 ✓ src/engines/FinanceCopilotEngine.test.ts > FinanceCopilotEngine > answer > should answer revenue questions 2ms
 ✓ src/engines/FinanceCopilotEngine.test.ts > FinanceCopilotEngine > answer > should answer expense questions 0ms
 ✓ src/engines/FinanceCopilotEngine.test.ts > FinanceCopilotEngine > answer > should answer variance questions 0ms
 ✓ src/engines/FinanceCopilotEngine.test.ts > FinanceCopilotEngine > answer > should answer budget questions 0ms
 ✓ src/engines/FinanceCopilotEngine.test.ts > FinanceCopilotEngine > answer > should handle general questions 0ms
 ✓ src/engines/FinanceCopilotEngine.test.ts > FinanceCopilotEngine > answer > should handle missing stores gracefully 0ms
 ✓ src/engines/FinanceCopilotEngine.test.ts > FinanceCopilotEngine > suggestChart > should suggest line chart for trends 0ms
 ✓ src/engines/FinanceCopilotEngine.test.ts > FinanceCopilotEngine > suggestChart > should suggest pie chart for breakdown 0ms
 ✓ src/engines/FinanceCopilotEngine.test.ts > FinanceCopilotEngine > suggestChart > should suggest bar chart for comparison 0ms
 ✓ src/engines/FinanceCopilotEngine.test.ts > FinanceCopilotEngine > suggestChart > should return null for unmatched questions 0ms
(node:4820) ExperimentalWarning: localStorage is not available because --localstorage-file was not provided.
(Use `node --trace-warnings ...` to show where the warning was created)
 ✓ src/pages/sector/sector-pages.test.tsx > Sector Dashboard Pages > BankingDashboardPage renders without crashing 57ms
 × src/pages/sector/sector-pages.test.tsx > Sector Dashboard Pages > BankingDashboardPage displays KPI section 133ms
   → Invalid Chai property: toBeInTheDocument
 ✓ src/pages/sector/sector-pages.test.tsx > Sector Dashboard Pages > EnergyDashboardPage renders without crashing 24ms
 × src/pages/sector/sector-pages.test.tsx > Sector Dashboard Pages > EnergyDashboardPage displays KPI section 29ms
   → Invalid Chai property: toBeInTheDocument
 ✓ src/pages/sector/sector-pages.test.tsx > Sector Dashboard Pages > HealthcareDashboardPage renders without crashing 21ms
(node:4820) ExperimentalWarning: localStorage is not available because --localstorage-file was not provided.
(Use `node --trace-warnings ...` to show where the warning was created)
 × src/pages/sector/sector-pages.test.tsx > Sector Dashboard Pages > HealthcareDashboardPage displays KPI section 28ms
   → Invalid Chai property: toBeInTheDocument
 ✓ src/pages/sector/sector-pages.test.tsx > Sector Dashboard Pages > InsuranceDashboardPage renders without crashing 18ms
 × src/pages/sector/sector-pages.test.tsx > Sector Dashboard Pages > InsuranceDashboardPage displays KPI section 16ms
   → Invalid Chai property: toBeInTheDocument
 ✓ src/pages/sector/sector-pages.test.tsx > Sector Dashboard Pages > RealEstateDashboardPage renders without crashing 19ms
 × src/pages/sector/sector-pages.test.tsx > Sector Dashboard Pages > RealEstateDashboardPage displays KPI section 16ms
   → Invalid Chai property: toBeInTheDocument
 ✓ src/pages/sector/sector-pages.test.tsx > Sector Dashboard Pages > ConstructionDashboardPage renders without crashing 13ms
 × src/pages/sector/sector-pages.test.tsx > Sector Dashboard Pages > ConstructionDashboardPage displays KPI section 17ms
   → Invalid Chai property: toBeInTheDocument
 × src/components/ui/DriverSlider.test.tsx > DriverSlider > renders without crashing 90ms
   → Invalid Chai property: toBeInTheDocument
 × src/components/ui/DriverSlider.test.tsx > DriverSlider > displays the label 13ms
   → Invalid Chai property: toBeInTheDocument
 × src/components/ui/DriverSlider.test.tsx > DriverSlider > displays the current value 14ms
   → Invalid Chai property: toBeInTheDocument
 × src/components/ui/DriverSlider.test.tsx > DriverSlider > displays the unit label 12ms
   → Invalid Chai property: toBeInTheDocument
 × src/components/ui/DriverSlider.test.tsx > DriverSlider > displays min and max values 9ms
   → Invalid Chai property: toBeInTheDocument
 × src/components/ui/DriverSlider.test.tsx > DriverSlider > formats large numbers with locale separators 14ms
   → Invalid Chai property: toBeInTheDocument
 × src/components/ui/DriverSlider.test.tsx > DriverSlider > renders with value at minimum 10ms
   → Invalid Chai property: toBeInTheDocument
 × src/components/ui/DriverSlider.test.tsx > DriverSlider > renders with value at maximum 8ms
   → Invalid Chai property: toBeInTheDocument
 × src/components/ui/DriverSlider.test.tsx > DriverSlider > renders with value at midpoint of range 14ms
   → Invalid Chai property: toBeInTheDocument
 × src/components/ui/DriverSlider.test.tsx > DriverSlider > renders slider element 15ms
   → Invalid Chai property: toBeInTheDocument
 ✓ src/components/ui/DriverSlider.test.tsx > DriverSlider > applies disabled styling when disabled 11ms
 × src/components/ui/DriverSlider.test.tsx > DriverSlider > has an accessible label on the thumb 9ms
   → Invalid Chai property: toBeInTheDocument
 × src/components/ui/DriverSlider.test.tsx > DriverSlider > renders with negative min value 7ms
   → Invalid Chai property: toBeInTheDocument
 ✓ src/components/ui/DriverSlider.test.tsx > DriverSlider > renders with very large max value 4ms
 × src/components/ui/DriverSlider.test.tsx > DriverSlider > renders with step value of 0.1 (decimal steps) 17ms
   → Invalid Chai property: toBeInTheDocument
 × src/components/ui/DriverSlider.test.tsx > DriverSlider > applies custom className is not a prop on this component (no className) 10ms
   → Invalid Chai property: toBeInTheDocument
(node:4820) ExperimentalWarning: localStorage is not available because --localstorage-file was not provided.
(Use `node --trace-warnings ...` to show where the warning was created)
(node:4820) ExperimentalWarning: localStorage is not available because --localstorage-file was not provided.
(Use `node --trace-warnings ...` to show where the warning was created)
 × src/components/ui/ApprovalWorkflowDesigner.test.tsx > ApprovalWorkflowDesigner > renders without crashing 55ms
   → Invalid Chai property: toBeInTheDocument
 × src/components/ui/ApprovalWorkflowDesigner.test.tsx > ApprovalWorkflowDesigner > renders name and description inputs 6ms
   → Invalid Chai property: toBeInTheDocument
 × src/components/ui/ApprovalWorkflowDesigner.test.tsx > ApprovalWorkflowDesigner > renders add step button 4ms
   → Invalid Chai property: toBeInTheDocument
 × src/components/ui/ApprovalWorkflowDesigner.test.tsx > ApprovalWorkflowDesigner > renders empty state when no steps 6ms
   → Invalid Chai property: toBeInTheDocument
 × src/components/ui/ApprovalWorkflowDesigner.test.tsx > ApprovalWorkflowDesigner > renders save button disabled when no name or steps 8ms
   → Invalid Chai property: toBeDisabled
 × src/components/ui/ApprovalWorkflowDesigner.test.tsx > ApprovalWorkflowDesigner > renders reset button 5ms
   → Invalid Chai property: toBeInTheDocument
 × src/components/ui/ApprovalWorkflowDesigner.test.tsx > ApprovalWorkflowDesigner > populates fields with initial workflow 9ms
   → Invalid Chai property: toBeInTheDocument
 × src/components/ui/ApprovalWorkflowDesigner.test.tsx > ApprovalWorkflowDesigner > adds a step when add button is clicked 27ms
   → Invalid Chai property: toBeInTheDocument
 × src/components/ui/ApprovalWorkflowDesigner.test.tsx > ApprovalWorkflowDesigner > toggles step editing when edit is clicked 15ms
   → Invalid Chai property: toBeInTheDocument
 × src/components/ui/ApprovalWorkflowDesigner.test.tsx > ApprovalWorkflowDesigner > removes a step when delete is clicked 13ms
   → Invalid Chai property: toBeInTheDocument
 × src/components/ui/ApprovalWorkflowDesigner.test.tsx > ApprovalWorkflowDesigner > calls onSave when save button is clicked with valid data 8ms
   → Invalid Chai property: toBeDisabled
 × src/components/ui/ApprovalWorkflowDesigner.test.tsx > ApprovalWorkflowDesigner > clears form when reset is clicked 11ms
   → Invalid Chai property: toBeInTheDocument
 ✓ src/components/reports/ReportBookBuilder.test.tsx > ReportBookBuilder > renders without crashing 25ms
 × src/components/reports/ReportBookBuilder.test.tsx > ReportBookBuilder > renders the report templates heading 28ms
   → Invalid Chai property: toBeInTheDocument
 × src/components/reports/ReportBookBuilder.test.tsx > ReportBookBuilder > renders available preset templates 10ms
   → Invalid Chai property: toBeInTheDocument
 × src/components/reports/ReportBookBuilder.test.tsx > ReportBookBuilder > renders preset descriptions 9ms
   → Invalid Chai property: toBeInTheDocument
 × src/components/reports/ReportBookBuilder.test.tsx > ReportBookBuilder > renders the available variables section 9ms
   → Invalid Chai property: toBeInTheDocument
 × src/components/reports/ReportBookBuilder.test.tsx > ReportBookBuilder > renders the book name input 8ms
   → Invalid Chai property: toBeInTheDocument
 × src/components/reports/ReportBookBuilder.test.tsx > ReportBookBuilder > renders the Generate All button 149ms
   → Invalid Chai property: toBeInTheDocument
 × src/components/reports/ReportBookBuilder.test.tsx > ReportBookBuilder > renders the empty state message when no entries exist 13ms
   → Invalid Chai property: toBeInTheDocument
 × src/components/reports/ReportBookBuilder.test.tsx > ReportBookBuilder > renders the preview heading 5ms
   → Invalid Chai property: toBeInTheDocument
 × src/components/reports/ReportBookBuilder.test.tsx > ReportBookBuilder > renders the preview empty state 6ms
   → Invalid Chai property: toBeInTheDocument
(node:4820) ExperimentalWarning: localStorage is not available because --localstorage-file was not provided.
(Use `node --trace-warnings ...` to show where the warning was created)
 ✓ src/components/reports/FormulaBar.test.tsx > FormulaBar > renders without crashing 46ms
 × src/components/reports/FormulaBar.test.tsx > FormulaBar > renders the formula bar header 39ms
   → Invalid Chai property: toBeInTheDocument
(node:4820) ExperimentalWarning: localStorage is not available because --localstorage-file was not provided.
(Use `node --trace-warnings ...` to show where the warning was created)
 × src/components/reports/FormulaBar.test.tsx > FormulaBar > renders the expression input 18ms
   → Invalid Chai property: toBeInTheDocument
 × src/components/reports/FormulaBar.test.tsx > FormulaBar > shows cell position when provided 13ms
   → Invalid Chai property: toBeInTheDocument
 ✓ src/components/reports/FormulaBar.test.tsx > FormulaBar > renders quick cell references 13ms
 × src/components/reports/FormulaBar.test.tsx > FormulaBar > renders format selector 20ms
   → Invalid Chai property: toBeInTheDocument
 × src/components/reports/FormulaBar.test.tsx > FormulaBar > renders decimals input 10ms
   → Invalid Chai property: toBeInTheDocument
 × src/components/reports/FormulaBar.test.tsx > FormulaBar > renders apply button 12ms
   → Invalid Chai property: toBeInTheDocument
 ✓ src/engines/CrashRecoveryEngine.test.ts > CrashRecoveryEngine > should initialize with no candidates 3ms
 ✓ src/engines/CrashRecoveryEngine.test.ts > CrashRecoveryEngine > should add a candidate 1ms
 ✓ src/engines/CrashRecoveryEngine.test.ts > CrashRecoveryEngine > should get candidates 2ms
 ✓ src/engines/CrashRecoveryEngine.test.ts > CrashRecoveryEngine > should recover a candidate 1ms
 ✓ src/engines/CrashRecoveryEngine.test.ts > CrashRecoveryEngine > should not show recovered candidates 0ms
 ✓ src/engines/CrashRecoveryEngine.test.ts > CrashRecoveryEngine > should fail to recover non-existent candidate 0ms
 ✓ src/engines/CrashRecoveryEngine.test.ts > CrashRecoveryEngine > should discard a candidate 0ms
 ✓ src/engines/CrashRecoveryEngine.test.ts > CrashRecoveryEngine > should discard all candidates 0ms
 ✓ src/engines/CrashRecoveryEngine.test.ts > CrashRecoveryEngine > should recover all candidates 1ms
 ✓ src/engines/CrashRecoveryEngine.test.ts > CrashRecoveryEngine > should serialize and deserialize 1ms
 × src/components/reports/FormulaBar.test.tsx > FormulaBar > shows functions help when toggled 37ms
   → Invalid Chai property: toBeInTheDocument
 ✓ src/components/reports/FormulaBar.test.tsx > FormulaBar > cancels on Escape key 20ms
 ✓ src/components/reports/FormulaBar.test.tsx > FormulaBar > inserts cell reference on click 23ms
 × src/components/reports/FormulaBar.test.tsx > FormulaBar > shows validation for valid formula 14ms
   → Invalid Chai property: toBeInTheDocument
 ✓ src/components/reports/FormulaBar.test.tsx > FormulaBar > uses initial expression when provided 9ms
 × src/components/reports/FormulaBar.test.tsx > FormulaBar > renders label input 7ms
   → Invalid Chai property: toBeInTheDocument
 × src/components/reports/FormulaBar.test.tsx > FormulaBar > disables apply button when expression is empty 7ms
   → Invalid Chai property: toBeDisabled
(node:4820) ExperimentalWarning: localStorage is not available because --localstorage-file was not provided.
(Use `node --trace-warnings ...` to show where the warning was created)
(node:4820) ExperimentalWarning: localStorage is not available because --localstorage-file was not provided.
(Use `node --trace-warnings ...` to show where the warning was created)
 ✓ src/engines/AICopilotEngine.test.ts > AICopilotEngine > suggestFormula > should suggest SUM formula 3ms
 ✓ src/engines/AICopilotEngine.test.ts > AICopilotEngine > suggestFormula > should suggest growth formula 0ms
 ✓ src/engines/AICopilotEngine.test.ts > AICopilotEngine > suggestFormula > should suggest variance formula 0ms
 ✓ src/engines/AICopilotEngine.test.ts > AICopilotEngine > suggestFormula > should return empty for unknown description 0ms
 ✓ src/engines/AICopilotEngine.test.ts > AICopilotEngine > suggestFormula > should include alternatives 0ms
 ✓ src/engines/AICopilotEngine.test.ts > AICopilotEngine > explainFormula > should explain SUM formula 0ms
 ✓ src/engines/AICopilotEngine.test.ts > AICopilotEngine > explainFormula > should explain AVERAGE formula 0ms
 ✓ src/engines/AICopilotEngine.test.ts > AICopilotEngine > explainFormula > should explain IF formula 0ms
 ✓ src/engines/AICopilotEngine.test.ts > AICopilotEngine > explainFormula > should explain NPV formula 0ms
 ✓ src/engines/AICopilotEngine.test.ts > AICopilotEngine > explainFormula > should explain subtraction 0ms
 ✓ src/engines/AICopilotEngine.test.ts > AICopilotEngine > explainFormula > should return generic for unknown formula 0ms
 ✓ src/engines/AICopilotEngine.test.ts > AICopilotEngine > detectFormulaError > should detect unmatched closing parenthesis 0ms
 ✓ src/engines/AICopilotEngine.test.ts > AICopilotEngine > detectFormulaError > should detect unmatched opening parenthesis 0ms
 ✓ src/engines/AICopilotEngine.test.ts > AICopilotEngine > detectFormulaError > should detect invalid operator sequences 0ms
 ✓ src/engines/AICopilotEngine.test.ts > AICopilotEngine > detectFormulaError > should return empty for valid formula 1ms
 ✓ src/engines/AICopilotEngine.test.ts > AICopilotEngine > suggestAlternative > should suggest AVERAGE as alternative to SUM 0ms
 ✓ src/engines/AICopilotEngine.test.ts > AICopilotEngine > suggestAlternative > should suggest IFS as alternative to IF 0ms
 ✓ src/engines/AICopilotEngine.test.ts > AICopilotEngine > suggestAlternative > should suggest XLOOKUP as alternative to VLOOKUP 0ms
stderr | src/components/ui/CommandPalette.test.tsx > CommandPalette > does not render when isOpen is false
react-i18next:: useTranslation: You will need to pass in an i18next instance by using initReactI18next { code: 
'NO_I18NEXT_INSTANCE' }

 × src/components/ui/CommandPalette.test.tsx > CommandPalette > does not render when isOpen is false 35ms
   → Invalid Chai property: toBeInTheDocument
 × src/components/ui/CommandPalette.test.tsx > CommandPalette > renders when isOpen is true 54ms
   → Invalid Chai property: toBeInTheDocument
 × src/components/ui/CommandPalette.test.tsx > CommandPalette > shows search input 19ms
   → Unable to find an element with the placeholder text of: Search commands...

Ignored nodes: comments, script, style
[36m<body>[39m
  [36m<div>[39m
    [36m<div[39m
      [33maria-label[39m=[32m"Close command palette"[39m
      [33mclass[39m=[32m"fixed inset-0 z-50 flex items-start justify-center pt-[20vh] bg-black/50 backdrop-blur-sm"[39m
      [33mrole[39m=[32m"button"[39m
      [33mtabindex[39m=[32m"0"[39m
    [36m>[39m
      [36m<div[39m
        [33maria-label[39m=[32m"Command palette"[39m
        [33maria-modal[39m=[32m"true"[39m
        [33mclass[39m=[32m"w-full max-w-lg rounded-lg shadow-2xl border border-[var(--border-default)] bg-[var(--bg-surface)] overflow-hidden animate-scale-in"[39m
        [33mrole[39m=[32m"dialog"[39m
        [33mtabindex[39m=[32m"-1"[39m
      [36m>[39m
        [36m<div[39m
          [33mclass[39m=[32m"flex items-center gap-3 p-4 border-b border-[var(--border-subtle)]"[39m
        [36m>[39m
          [36m<svg[39m
            [33maria-hidden[39m=[32m"true"[39m
            [33mclass[39m=[32m"lucide lucide-search w-5 h-5 text-[var(--text-secondary)]"[39m
            [33mfill[39m=[32m"none"[39m
            [33mheight[39m=[32m"24"[39m
            [33mstroke[39m=[32m"currentColor"[39m
            [33mstroke-linecap[39m=[32m"round"[39m
            [33mstroke-linejoin[39m=[32m"round"[39m
            [33mstroke-width[39m=[32m"2"[39m
            [33mviewBox[39m=[32m"0 0 24 24"[39m
            [33mwidth[39m=[32m"24"[39m
            [33mxmlns[39m=[32m"http://www.w3.org/2000/svg"[39m
          [36m>[39m
            [36m<path[39m
              [33md[39m=[32m"m21 21-4.34-4.34"[39m
            [36m/>[39m
            [36m<circle[39m
              [33mcx[39m=[32m"11"[39m
              [33mcy[39m=[32m"11"[39m
              [33mr[39m=[32m"8"[39m
            [36m/>[39m
          [36m</svg>[39m
          [36m<input[39m
            [33maria-activedescendant[39m=[32m"cmd-1"[39m
            [33maria-controls[39m=[32m"command-list"[39m
            [33maria-expanded[39m=[32m"true"[39m
            [33maria-label[39m=[32m"Search commands"[39m
            [33mclass[39m=[32m"flex-1 bg-transparent outline-none text-sm"[39m
            [33mrole[39m=[32m"combobox"[39m
            [33mstyle[39m=[32m"color: var(--text-primary);"[39m
            [33mtype[39m=[32m"text"[39m
            [33mvalue[39m=[32m""[39m
          [36m/>[39m
          [36m<kbd[39m
            [33mclass[39m=[32m"px-2 py-0.5 text-xs rounded border"[39m
            [33mstyle[39m=[32m"color: var(--text-secondary); border-color: var(--border-subtle);"[39m
          [36m>[39m
            [0mESC[0m
          [36m</kbd>[39m
        [36m</div>[39m
        [36m<div[39m
          [33maria-label[39m=[32m"Commands"[39m
          [33mclass[39m=[32m"max-h-80 overflow-y-auto p-2"[39m
          [33mid[39m=[32m"command-list"[39m
          [33mrole[39m=[32m"listbox"[39m
        [36m>[39m
          [36m<div[39m
            [33mclass[39m=[32m"mb-2"[39m
          [36m>[39m
            [36m<div[39m
              [33mclass[39m=[32m"px-3 py-1 text-xs font-semibold uppercase tracking-wider"[39m
              [33mstyle[39m=[32m"color: var(--text-secondary);"[39m
            [36m>[39m
              [0mFile[0m
            [36m</div>[39m
            [36m<button[39m
              [33maria-selected[39m=[32m"true"[39m
              [33mclass[39m=[32m"w-full flex items-center gap-3 px-3 py-2 rounded text-sm transition-colors cursor-pointer"[39m
              [33mdata-index[39m=[32m"0"[39m
              [33mid[39m=[32m"cmd-1"[39m
              [33mrole[39m=[32m"option"[39m
              [33mstyle[39m=[32m"background: var(--bg-hover); color: var(--text-primary);"[39m
            [36m>[39m
              [36m<span[39m
                [33mclass[39m=[32m"flex-1 text-left"[39m
              [36m>[39m
                [0mNew Project[0m
              [36m</span>[39m
              [36m<svg[39m
                [33maria-hidden[39m=[32m"true"[39m
                [33mclass[39m=[32m"lucide lucide-arrow-right w-3 h-3 opacity-60"[39m
                [33mfill[39m=[32m"none"[39m
                [33mheight[39m=[32m"24"[39m
                [33mstroke[39m=[32m"currentColor"[39m
                [33mstroke-linecap[39m=[32m"round"[39m
                [33mstroke-linejoin[39m=[32m"round"[39m
                [33mstroke-width[39m=[32m"2"[39m
                [33mstyle[39m=[32m"color: var(--text-secondary);"[39m
                [33mviewBox[39m=[32m"0 0 24 24"[39m
                [33mwidth[39m=[32m"24"[39m
                [33mxmlns[39m=[32m"http://www.w3.org/2000/svg"[39m
              [36m>[39m
                [36m<path[39m
                  [33md[39m=[32m"M5 12h14"[39m
                [36m/>[39m
                [36m<path[39m
                  [33md[39m=[32m"m12 5 7 7-7 7"[39m
                [36m/>[39m
              [36m</svg>[39m
            [36m</button>[39m
            [36m<button[39m
              [33maria-selected[39m=[32m"false"[39m
              [33mclass[39m=[32m"w-full flex items-center gap-3 px-3 py-2 rounded text-sm transition-colors cursor-pointer"[39m
              [33mdata-index[39m=[32m"1"[39m
              [33mid[39m=[32m"cmd-2"[39m
              [33mrole[39m=[32m"option"[39m
              [33mstyle[39m=[32m"background: transparent; color: var(--text-primary);"[39m
            [36m>[39m
              [36m<span[39m
                [33mclass[39m=[32m"flex-1 text-left"[39m
              [36m>[39m
                [0mOpen File[0m
              [36m</span>[39m
              [36m<svg[39m
                [33maria-hidden[39m=[32m"true"[39m
                [33mclass[39m=[32m"lucide lucide-arrow-right w-3 h-3 opacity-60"[39m
                [33mfill[39m=[32m"none"[39m
                [33mheight[39m=[32m"24"[39m
                [33mstroke[39m=[32m"currentColor"[39m
                [33mstroke-linecap[39m=[32m"round"[39m
                [33mstroke-linejoin[39m=[32m"round"[39m
                [33mstroke-width[39m=[32m"2"[39m
                [33mstyle[39m=[32m"color: var(--text-secondary);"[39m
                [33mviewBox[39m=[32m"0 0 24 24"[39m
                [33mwidth[39m=[32m"24"[39m
                [33mxmlns[39m=[32m"http://www.w3.org/2000/svg"[39m
              [36m>[39m
                [36m<path[39m
                  [33md[39m=[32m"M5 12h14"[39m
                [36m/>[39m
                [36m<path[39m
                  [33md[39m=[32m"m12 5 7 7-7 7"[39m
                [36m/>[39m
              [36m</svg>[39m
            [36m</button>[39m
          [36m</div>[39m
          [36m<div[39m
            [33mclass[39m=[32m"mb-2"[39m
          [36m>[39m
            [36m<div[39m
              [33mclass[39m=[32m"px-3 py-1 text-xs font-semibold uppercase tracking-wider"[39m
              [33mstyle[39m=[32m"color: var(--text-secondary);"[39m
            [36m>[39m
              [0mReports[0m
            [36m</div>[39m
            [36m<button[39m
              [33maria-selected[39m=[32m"false"[39m
              [33mclass[39m=[32m"w-full flex items-center gap-3 px-3 py-2 rounded text-sm transition-colors cursor-pointer"[39m
              [33mdata-index[39m=[32m"2"[39m
              [33mid[39m=[32m"cmd-3"[39m
              [33mrole[39m=[32m"option"[39m
              [33mstyle[39m=[32m"background: transparent; color: var(--text-primary);"[39m
            [36m>[39m
              [36m<span[39m
                [33mclass[39m=[32m"flex-1 text-left"[39m
              [36m>[39m
                [0mRun Report[0m
              [36m</span>[39m
              [36m<svg[39m
                [33maria-hidden[39m=[32m"true"[39m
                [33mclass[39m=[32m"lucide lucide-arrow-right w-3 h-3 opacity-60"[39m
                [33mfill[39m=[32m"none"[39m
                [33mheight[39m=[32m"24"[39m
                [33mstroke[39m=[32m"currentColor"[39m
                [33mstroke-linecap[39m=[32m"round"[39m
                [33mstroke-linejoin[39m=[32m"round"[39m
                [33mstroke-width[39m=[32m"2"[39m
                [33mstyle[39m=[32m"color: var(--text-secondary);"[39m
                [33mviewBox[39m=[32m"0 0 24 24"[39m
                [33mwidth[39m=[32m"24"[39m
                [33mxmlns[39m=[32m"http://www.w3.org/2000/svg"[39m
              [36m>[39m
                [36m<path[39m
                  [33md[39m=[32m"M5 12h14"[39m
                [36m/>[39m
                [36m<path[39m
                  [33md[39m=[32m"m12 5 7 7-7 7"[39m
                [36m/>[39m
              [36m</svg>[39m
            [36m</button>[39m
            [36m<button[39m
              [33maria-selected[39m=[32m"false"[39m
              [33mclass[39m=[32m"w-full flex items-center gap-3 px-3 py-2 rounded text-sm transition-colors cursor-pointer"[39m
              [33mdata-index[39m=[32m"3"[39m
              [33mid[39m=[32m"cmd-4"[39m
              [33mrole[39m=[32m"option"[39m
              [33mstyle[39m=[32m"background: transparent; color: var(--text-primary);"[39m
            [36m>[39m
              [36m<span[39m
                [33mclass[39m=[32m"flex-1 text-left"[39m
              [36m>[39m
                [0mExport Data[0m
              [36m</span>[39m
              [36m<svg[39m
                [33maria-hidden[39m=[32m"true"[39m
                [33mclass[39m=[32m"lucide lucide-arrow-right w-3 h-3 opacity-60"[39m
                [33mfill[39m=[32m"none"[39m
                [33mheight[39m=[32m"24"[39m
                [33mstroke[39m=[32m"currentColor"[39m
                [33mstroke-linecap[39m=[32m"round"[39m
                [33mstroke-linejoin[39m=[32m"round"[39m
                [33mstroke-width[39m=[32m"2"[39m
                [33mstyle[39m=[32m"color: var(--text-secondary);"[39m
                [33mviewBox[39m=[32m"0 0 24 24"[39m
                [33mwidth[39m=[32m"24"[39m
                [33mxmlns[39m=[32m"http://www.w3.org/2000/svg"[39m
              [36m>[39m
                [36m<path[39m
                  [33md[39m=[32m"M5 12h14"[39m
                [36m/>[39m
                [36m<path[39m
                  [33md[39m=[32m"m12 5 7 7-7 7"[39m
                [36m/>[39m
              [36m</svg>[39m
            [36m</button>[39m
          [36m</div>[39m
        [36m</div>[39m
        [36m<div[39m
          [33mclass[39m=[32m"flex items-center justify-between px-4 py-2 border-t text-xs"[39m
          [33mstyle[39m=[32m"border-color: var(--border-subtle); color: var(--text-secondary);"[39m
        [36m>[39m
          [36m<span>[39m
            [0m4[0m
            [0m results[0m
          [36m</span>[39m
          [36m<div[39m
            [33mclass[39m=[32m"flex items-center gap-4"[39m
          [36m>[39m
            [36m<span[39m
              [33mclass[39m=[32m"flex items-center gap-1"[39m
            [36m>[39m
              [36m<kbd[39m
                [33mclass[39m=[32m"px-1 py-0.5 rounded border"[39m
                [33mstyle[39m=[32m"border-color: var(--border-subtle);"[39m
              [36m>[39m
                [0m↑↓[0m
              [36m</kbd>[39m
              [0mNavigate[0m
            [36m</span>[39m
            [36m<span[39m
              [33mclass[39m=[32m"flex items-center gap-1"[39m
            [36m>[39m
              [36m<kbd[39m
                [33mclass[39m=[32m"px-1 py-0.5 rounded border"[39m
                [33mstyle[39m=[32m"border-color: var(--border-subtle);"[39m
              [36m>[39m
                [0m↵[0m
              [36m</kbd>[39m
              [0mSelect[0m
            [36m</span>[39m
            [36m<span[39m
              [33mclass[39m=[32m"flex items-center gap-1"[39m
            [36m>[39m
              [36m<kbd[39m
                [33mclass[39m=[32m"px-1 py-0.5 rounded border"[39m
                [33mstyle[39m=[32m"border-color: var(--border-subtle);"[39m
              [36m>[39m
                [0mEsc[0m
              [36m</kbd>[39m
              [0mClose[0m
            [36m</span>[39m
          [36m</div>[39m
        [36m</div>[39m
      [36m</div>[39m
    [36m</div>[39m
  [36m</div>[39m
[36m</body>[39m
 × src/components/ui/CommandPalette.test.tsx > CommandPalette > filters items based on search query 22ms
   → Unable to find an element with the placeholder text of: Search commands...

Ignored nodes: comments, script, style
[36m<body>[39m
  [36m<div>[39m
    [36m<div[39m
      [33maria-label[39m=[32m"Close command palette"[39m
      [33mclass[39m=[32m"fixed inset-0 z-50 flex items-start justify-center pt-[20vh] bg-black/50 backdrop-blur-sm"[39m
      [33mrole[39m=[32m"button"[39m
      [33mtabindex[39m=[32m"0"[39m
    [36m>[39m
      [36m<div[39m
        [33maria-label[39m=[32m"Command palette"[39m
        [33maria-modal[39m=[32m"true"[39m
        [33mclass[39m=[32m"w-full max-w-lg rounded-lg shadow-2xl border border-[var(--border-default)] bg-[var(--bg-surface)] overflow-hidden animate-scale-in"[39m
        [33mrole[39m=[32m"dialog"[39m
        [33mtabindex[39m=[32m"-1"[39m
      [36m>[39m
        [36m<div[39m
          [33mclass[39m=[32m"flex items-center gap-3 p-4 border-b border-[var(--border-subtle)]"[39m
        [36m>[39m
          [36m<svg[39m
            [33maria-hidden[39m=[32m"true"[39m
            [33mclass[39m=[32m"lucide lucide-search w-5 h-5 text-[var(--text-secondary)]"[39m
            [33mfill[39m=[32m"none"[39m
            [33mheight[39m=[32m"24"[39m
            [33mstroke[39m=[32m"currentColor"[39m
            [33mstroke-linecap[39m=[32m"round"[39m
            [33mstroke-linejoin[39m=[32m"round"[39m
            [33mstroke-width[39m=[32m"2"[39m
            [33mviewBox[39m=[32m"0 0 24 24"[39m
            [33mwidth[39m=[32m"24"[39m
            [33mxmlns[39m=[32m"http://www.w3.org/2000/svg"[39m
          [36m>[39m
            [36m<path[39m
              [33md[39m=[32m"m21 21-4.34-4.34"[39m
            [36m/>[39m
            [36m<circle[39m
              [33mcx[39m=[32m"11"[39m
              [33mcy[39m=[32m"11"[39m
              [33mr[39m=[32m"8"[39m
            [36m/>[39m
          [36m</svg>[39m
          [36m<input[39m
            [33maria-activedescendant[39m=[32m"cmd-1"[39m
            [33maria-controls[39m=[32m"command-list"[39m
            [33maria-expanded[39m=[32m"true"[39m
            [33maria-label[39m=[32m"Search commands"[39m
            [33mclass[39m=[32m"flex-1 bg-transparent outline-none text-sm"[39m
            [33mrole[39m=[32m"combobox"[39m
            [33mstyle[39m=[32m"color: var(--text-primary);"[39m
            [33mtype[39m=[32m"text"[39m
            [33mvalue[39m=[32m""[39m
          [36m/>[39m
          [36m<kbd[39m
            [33mclass[39m=[32m"px-2 py-0.5 text-xs rounded border"[39m
            [33mstyle[39m=[32m"color: var(--text-secondary); border-color: var(--border-subtle);"[39m
          [36m>[39m
            [0mESC[0m
          [36m</kbd>[39m
        [36m</div>[39m
        [36m<div[39m
          [33maria-label[39m=[32m"Commands"[39m
          [33mclass[39m=[32m"max-h-80 overflow-y-auto p-2"[39m
          [33mid[39m=[32m"command-list"[39m
          [33mrole[39m=[32m"listbox"[39m
        [36m>[39m
          [36m<div[39m
            [33mclass[39m=[32m"mb-2"[39m
          [36m>[39m
            [36m<div[39m
              [33mclass[39m=[32m"px-3 py-1 text-xs font-semibold uppercase tracking-wider"[39m
              [33mstyle[39m=[32m"color: var(--text-secondary);"[39m
            [36m>[39m
              [0mFile[0m
            [36m</div>[39m
            [36m<button[39m
              [33maria-selected[39m=[32m"true"[39m
              [33mclass[39m=[32m"w-full flex items-center gap-3 px-3 py-2 rounded text-sm transition-colors cursor-pointer"[39m
              [33mdata-index[39m=[32m"0"[39m
              [33mid[39m=[32m"cmd-1"[39m
              [33mrole[39m=[32m"option"[39m
              [33mstyle[39m=[32m"background: var(--bg-hover); color: var(--text-primary);"[39m
            [36m>[39m
              [36m<span[39m
                [33mclass[39m=[32m"flex-1 text-left"[39m
              [36m>[39m
                [0mNew Project[0m
              [36m</span>[39m
              [36m<svg[39m
                [33maria-hidden[39m=[32m"true"[39m
                [33mclass[39m=[32m"lucide lucide-arrow-right w-3 h-3 opacity-60"[39m
                [33mfill[39m=[32m"none"[39m
                [33mheight[39m=[32m"24"[39m
                [33mstroke[39m=[32m"currentColor"[39m
                [33mstroke-linecap[39m=[32m"round"[39m
                [33mstroke-linejoin[39m=[32m"round"[39m
                [33mstroke-width[39m=[32m"2"[39m
                [33mstyle[39m=[32m"color: var(--text-secondary);"[39m
                [33mviewBox[39m=[32m"0 0 24 24"[39m
                [33mwidth[39m=[32m"24"[39m
                [33mxmlns[39m=[32m"http://www.w3.org/2000/svg"[39m
              [36m>[39m
                [36m<path[39m
                  [33md[39m=[32m"M5 12h14"[39m
                [36m/>[39m
                [36m<path[39m
                  [33md[39m=[32m"m12 5 7 7-7 7"[39m
                [36m/>[39m
              [36m</svg>[39m
            [36m</button>[39m
            [36m<button[39m
              [33maria-selected[39m=[32m"false"[39m
              [33mclass[39m=[32m"w-full flex items-center gap-3 px-3 py-2 rounded text-sm transition-colors cursor-pointer"[39m
              [33mdata-index[39m=[32m"1"[39m
              [33mid[39m=[32m"cmd-2"[39m
              [33mrole[39m=[32m"option"[39m
              [33mstyle[39m=[32m"background: transparent; color: var(--text-primary);"[39m
            [36m>[39m
              [36m<span[39m
                [33mclass[39m=[32m"flex-1 text-left"[39m
              [36m>[39m
                [0mOpen File[0m
              [36m</span>[39m
              [36m<svg[39m
                [33maria-hidden[39m=[32m"true"[39m
                [33mclass[39m=[32m"lucide lucide-arrow-right w-3 h-3 opacity-60"[39m
                [33mfill[39m=[32m"none"[39m
                [33mheight[39m=[32m"24"[39m
                [33mstroke[39m=[32m"currentColor"[39m
                [33mstroke-linecap[39m=[32m"round"[39m
                [33mstroke-linejoin[39m=[32m"round"[39m
                [33mstroke-width[39m=[32m"2"[39m
                [33mstyle[39m=[32m"color: var(--text-secondary);"[39m
                [33mviewBox[39m=[32m"0 0 24 24"[39m
                [33mwidth[39m=[32m"24"[39m
                [33mxmlns[39m=[32m"http://www.w3.org/2000/svg"[39m
              [36m>[39m
                [36m<path[39m
                  [33md[39m=[32m"M5 12h14"[39m
                [36m/>[39m
                [36m<path[39m
                  [33md[39m=[32m"m12 5 7 7-7 7"[39m
                [36m/>[39m
              [36m</svg>[39m
            [36m</button>[39m
          [36m</div>[39m
          [36m<div[39m
            [33mclass[39m=[32m"mb-2"[39m
          [36m>[39m
            [36m<div[39m
              [33mclass[39m=[32m"px-3 py-1 text-xs font-semibold uppercase tracking-wider"[39m
              [33mstyle[39m=[32m"color: var(--text-secondary);"[39m
            [36m>[39m
              [0mReports[0m
            [36m</div>[39m
            [36m<button[39m
              [33maria-selected[39m=[32m"false"[39m
              [33mclass[39m=[32m"w-full flex items-center gap-3 px-3 py-2 rounded text-sm transition-colors cursor-pointer"[39m
              [33mdata-index[39m=[32m"2"[39m
              [33mid[39m=[32m"cmd-3"[39m
              [33mrole[39m=[32m"option"[39m
              [33mstyle[39m=[32m"background: transparent; color: var(--text-primary);"[39m
            [36m>[39m
              [36m<span[39m
                [33mclass[39m=[32m"flex-1 text-left"[39m
              [36m>[39m
                [0mRun Report[0m
              [36m</span>[39m
              [36m<svg[39m
                [33maria-hidden[39m=[32m"true"[39m
                [33mclass[39m=[32m"lucide lucide-arrow-right w-3 h-3 opacity-60"[39m
                [33mfill[39m=[32m"none"[39m
                [33mheight[39m=[32m"24"[39m
                [33mstroke[39m=[32m"currentColor"[39m
                [33mstroke-linecap[39m=[32m"round"[39m
                [33mstroke-linejoin[39m=[32m"round"[39m
                [33mstroke-width[39m=[32m"2"[39m
                [33mstyle[39m=[32m"color: var(--text-secondary);"[39m
                [33mviewBox[39m=[32m"0 0 24 24"[39m
                [33mwidth[39m=[32m"24"[39m
                [33mxmlns[39m=[32m"http://www.w3.org/2000/svg"[39m
              [36m>[39m
                [36m<path[39m
                  [33md[39m=[32m"M5 12h14"[39m
                [36m/>[39m
                [36m<path[39m
                  [33md[39m=[32m"m12 5 7 7-7 7"[39m
                [36m/>[39m
              [36m</svg>[39m
            [36m</button>[39m
            [36m<button[39m
              [33maria-selected[39m=[32m"false"[39m
              [33mclass[39m=[32m"w-full flex items-center gap-3 px-3 py-2 rounded text-sm transition-colors cursor-pointer"[39m
              [33mdata-index[39m=[32m"3"[39m
              [33mid[39m=[32m"cmd-4"[39m
              [33mrole[39m=[32m"option"[39m
              [33mstyle[39m=[32m"background: transparent; color: var(--text-primary);"[39m
            [36m>[39m
              [36m<span[39m
                [33mclass[39m=[32m"flex-1 text-left"[39m
              [36m>[39m
                [0mExport Data[0m
              [36m</span>[39m
              [36m<svg[39m
                [33maria-hidden[39m=[32m"true"[39m
                [33mclass[39m=[32m"lucide lucide-arrow-right w-3 h-3 opacity-60"[39m
                [33mfill[39m=[32m"none"[39m
                [33mheight[39m=[32m"24"[39m
                [33mstroke[39m=[32m"currentColor"[39m
                [33mstroke-linecap[39m=[32m"round"[39m
                [33mstroke-linejoin[39m=[32m"round"[39m
                [33mstroke-width[39m=[32m"2"[39m
                [33mstyle[39m=[32m"color: var(--text-secondary);"[39m
                [33mviewBox[39m=[32m"0 0 24 24"[39m
                [33mwidth[39m=[32m"24"[39m
                [33mxmlns[39m=[32m"http://www.w3.org/2000/svg"[39m
              [36m>[39m
                [36m<path[39m
                  [33md[39m=[32m"M5 12h14"[39m
                [36m/>[39m
                [36m<path[39m
                  [33md[39m=[32m"m12 5 7 7-7 7"[39m
                [36m/>[39m
              [36m</svg>[39m
            [36m</button>[39m
          [36m</div>[39m
        [36m</div>[39m
        [36m<div[39m
          [33mclass[39m=[32m"flex items-center justify-between px-4 py-2 border-t text-xs"[39m
          [33mstyle[39m=[32m"border-color: var(--border-subtle); color: var(--text-secondary);"[39m
        [36m>[39m
          [36m<span>[39m
            [0m4[0m
            [0m results[0m
          [36m</span>[39m
          [36m<div[39m
            [33mclass[39m=[32m"flex items-center gap-4"[39m
          [36m>[39m
            [36m<span[39m
              [33mclass[39m=[32m"flex items-center gap-1"[39m
            [36m>[39m
              [36m<kbd[39m
                [33mclass[39m=[32m"px-1 py-0.5 rounded border"[39m
                [33mstyle[39m=[32m"border-color: var(--border-subtle);"[39m
              [36m>[39m
                [0m↑↓[0m
              [36m</kbd>[39m
              [0mNavigate[0m
            [36m</span>[39m
            [36m<span[39m
              [33mclass[39m=[32m"flex items-center gap-1"[39m
            [36m>[39m
              [36m<kbd[39m
                [33mclass[39m=[32m"px-1 py-0.5 rounded border"[39m
                [33mstyle[39m=[32m"border-color: var(--border-subtle);"[39m
              [36m>[39m
                [0m↵[0m
              [36m</kbd>[39m
              [0mSelect[0m
            [36m</span>[39m
            [36m<span[39m
              [33mclass[39m=[32m"flex items-center gap-1"[39m
            [36m>[39m
              [36m<kbd[39m
                [33mclass[39m=[32m"px-1 py-0.5 rounded border"[39m
                [33mstyle[39m=[32m"border-color: var(--border-subtle);"[39m
              [36m>[39m
                [0mEsc[0m
              [36m</kbd>[39m
              [0mClose[0m
            [36m</span>[39m
          [36m</div>[39m
        [36m</div>[39m
      [36m</div>[39m
    [36m</div>[39m
  [36m</div>[39m
[36m</body>[39m
 × src/components/ui/CommandPalette.test.tsx > CommandPalette > shows empty state when no items match 10ms
   → Unable to find an element with the placeholder text of: Search commands...

Ignored nodes: comments, script, style
[36m<body>[39m
  [36m<div>[39m
    [36m<div[39m
      [33maria-label[39m=[32m"Close command palette"[39m
      [33mclass[39m=[32m"fixed inset-0 z-50 flex items-start justify-center pt-[20vh] bg-black/50 backdrop-blur-sm"[39m
      [33mrole[39m=[32m"button"[39m
      [33mtabindex[39m=[32m"0"[39m
    [36m>[39m
      [36m<div[39m
        [33maria-label[39m=[32m"Command palette"[39m
        [33maria-modal[39m=[32m"true"[39m
        [33mclass[39m=[32m"w-full max-w-lg rounded-lg shadow-2xl border border-[var(--border-default)] bg-[var(--bg-surface)] overflow-hidden animate-scale-in"[39m
        [33mrole[39m=[32m"dialog"[39m
        [33mtabindex[39m=[32m"-1"[39m
      [36m>[39m
        [36m<div[39m
          [33mclass[39m=[32m"flex items-center gap-3 p-4 border-b border-[var(--border-subtle)]"[39m
        [36m>[39m
          [36m<svg[39m
            [33maria-hidden[39m=[32m"true"[39m
            [33mclass[39m=[32m"lucide lucide-search w-5 h-5 text-[var(--text-secondary)]"[39m
            [33mfill[39m=[32m"none"[39m
            [33mheight[39m=[32m"24"[39m
            [33mstroke[39m=[32m"currentColor"[39m
            [33mstroke-linecap[39m=[32m"round"[39m
            [33mstroke-linejoin[39m=[32m"round"[39m
            [33mstroke-width[39m=[32m"2"[39m
            [33mviewBox[39m=[32m"0 0 24 24"[39m
            [33mwidth[39m=[32m"24"[39m
            [33mxmlns[39m=[32m"http://www.w3.org/2000/svg"[39m
          [36m>[39m
            [36m<path[39m
              [33md[39m=[32m"m21 21-4.34-4.34"[39m
            [36m/>[39m
            [36m<circle[39m
              [33mcx[39m=[32m"11"[39m
              [33mcy[39m=[32m"11"[39m
              [33mr[39m=[32m"8"[39m
            [36m/>[39m
          [36m</svg>[39m
          [36m<input[39m
            [33maria-activedescendant[39m=[32m"cmd-1"[39m
            [33maria-controls[39m=[32m"command-list"[39m
            [33maria-expanded[39m=[32m"true"[39m
            [33maria-label[39m=[32m"Search commands"[39m
            [33mclass[39m=[32m"flex-1 bg-transparent outline-none text-sm"[39m
            [33mrole[39m=[32m"combobox"[39m
            [33mstyle[39m=[32m"color: var(--text-primary);"[39m
            [33mtype[39m=[32m"text"[39m
            [33mvalue[39m=[32m""[39m
          [36m/>[39m
          [36m<kbd[39m
            [33mclass[39m=[32m"px-2 py-0.5 text-xs rounded border"[39m
            [33mstyle[39m=[32m"color: var(--text-secondary); border-color: var(--border-subtle);"[39m
          [36m>[39m
            [0mESC[0m
          [36m</kbd>[39m
        [36m</div>[39m
        [36m<div[39m
          [33maria-label[39m=[32m"Commands"[39m
          [33mclass[39m=[32m"max-h-80 overflow-y-auto p-2"[39m
          [33mid[39m=[32m"command-list"[39m
          [33mrole[39m=[32m"listbox"[39m
        [36m>[39m
          [36m<div[39m
            [33mclass[39m=[32m"mb-2"[39m
          [36m>[39m
            [36m<div[39m
              [33mclass[39m=[32m"px-3 py-1 text-xs font-semibold uppercase tracking-wider"[39m
              [33mstyle[39m=[32m"color: var(--text-secondary);"[39m
            [36m>[39m
              [0mFile[0m
            [36m</div>[39m
            [36m<button[39m
              [33maria-selected[39m=[32m"true"[39m
              [33mclass[39m=[32m"w-full flex items-center gap-3 px-3 py-2 rounded text-sm transition-colors cursor-pointer"[39m
              [33mdata-index[39m=[32m"0"[39m
              [33mid[39m=[32m"cmd-1"[39m
              [33mrole[39m=[32m"option"[39m
              [33mstyle[39m=[32m"background: var(--bg-hover); color: var(--text-primary);"[39m
            [36m>[39m
              [36m<span[39m
                [33mclass[39m=[32m"flex-1 text-left"[39m
              [36m>[39m
                [0mNew Project[0m
              [36m</span>[39m
              [36m<svg[39m
                [33maria-hidden[39m=[32m"true"[39m
                [33mclass[39m=[32m"lucide lucide-arrow-right w-3 h-3 opacity-60"[39m
                [33mfill[39m=[32m"none"[39m
                [33mheight[39m=[32m"24"[39m
                [33mstroke[39m=[32m"currentColor"[39m
                [33mstroke-linecap[39m=[32m"round"[39m
                [33mstroke-linejoin[39m=[32m"round"[39m
                [33mstroke-width[39m=[32m"2"[39m
                [33mstyle[39m=[32m"color: var(--text-secondary);"[39m
                [33mviewBox[39m=[32m"0 0 24 24"[39m
                [33mwidth[39m=[32m"24"[39m
                [33mxmlns[39m=[32m"http://www.w3.org/2000/svg"[39m
              [36m>[39m
                [36m<path[39m
                  [33md[39m=[32m"M5 12h14"[39m
                [36m/>[39m
                [36m<path[39m
                  [33md[39m=[32m"m12 5 7 7-7 7"[39m
                [36m/>[39m
              [36m</svg>[39m
            [36m</button>[39m
            [36m<button[39m
              [33maria-selected[39m=[32m"false"[39m
              [33mclass[39m=[32m"w-full flex items-center gap-3 px-3 py-2 rounded text-sm transition-colors cursor-pointer"[39m
              [33mdata-index[39m=[32m"1"[39m
              [33mid[39m=[32m"cmd-2"[39m
              [33mrole[39m=[32m"option"[39m
              [33mstyle[39m=[32m"background: transparent; color: var(--text-primary);"[39m
            [36m>[39m
              [36m<span[39m
                [33mclass[39m=[32m"flex-1 text-left"[39m
              [36m>[39m
                [0mOpen File[0m
              [36m</span>[39m
              [36m<svg[39m
                [33maria-hidden[39m=[32m"true"[39m
                [33mclass[39m=[32m"lucide lucide-arrow-right w-3 h-3 opacity-60"[39m
                [33mfill[39m=[32m"none"[39m
                [33mheight[39m=[32m"24"[39m
                [33mstroke[39m=[32m"currentColor"[39m
                [33mstroke-linecap[39m=[32m"round"[39m
                [33mstroke-linejoin[39m=[32m"round"[39m
                [33mstroke-width[39m=[32m"2"[39m
                [33mstyle[39m=[32m"color: var(--text-secondary);"[39m
                [33mviewBox[39m=[32m"0 0 24 24"[39m
                [33mwidth[39m=[32m"24"[39m
                [33mxmlns[39m=[32m"http://www.w3.org/2000/svg"[39m
              [36m>[39m
                [36m<path[39m
                  [33md[39m=[32m"M5 12h14"[39m
                [36m/>[39m
                [36m<path[39m
                  [33md[39m=[32m"m12 5 7 7-7 7"[39m
                [36m/>[39m
              [36m</svg>[39m
            [36m</button>[39m
          [36m</div>[39m
          [36m<div[39m
            [33mclass[39m=[32m"mb-2"[39m
          [36m>[39m
            [36m<div[39m
              [33mclass[39m=[32m"px-3 py-1 text-xs font-semibold uppercase tracking-wider"[39m
              [33mstyle[39m=[32m"color: var(--text-secondary);"[39m
            [36m>[39m
              [0mReports[0m
            [36m</div>[39m
            [36m<button[39m
              [33maria-selected[39m=[32m"false"[39m
              [33mclass[39m=[32m"w-full flex items-center gap-3 px-3 py-2 rounded text-sm transition-colors cursor-pointer"[39m
              [33mdata-index[39m=[32m"2"[39m
              [33mid[39m=[32m"cmd-3"[39m
              [33mrole[39m=[32m"option"[39m
              [33mstyle[39m=[32m"background: transparent; color: var(--text-primary);"[39m
            [36m>[39m
              [36m<span[39m
                [33mclass[39m=[32m"flex-1 text-left"[39m
              [36m>[39m
                [0mRun Report[0m
              [36m</span>[39m
              [36m<svg[39m
                [33maria-hidden[39m=[32m"true"[39m
                [33mclass[39m=[32m"lucide lucide-arrow-right w-3 h-3 opacity-60"[39m
                [33mfill[39m=[32m"none"[39m
                [33mheight[39m=[32m"24"[39m
                [33mstroke[39m=[32m"currentColor"[39m
                [33mstroke-linecap[39m=[32m"round"[39m
                [33mstroke-linejoin[39m=[32m"round"[39m
                [33mstroke-width[39m=[32m"2"[39m
                [33mstyle[39m=[32m"color: var(--text-secondary);"[39m
                [33mviewBox[39m=[32m"0 0 24 24"[39m
                [33mwidth[39m=[32m"24"[39m
                [33mxmlns[39m=[32m"http://www.w3.org/2000/svg"[39m
              [36m>[39m
                [36m<path[39m
                  [33md[39m=[32m"M5 12h14"[39m
                [36m/>[39m
                [36m<path[39m
                  [33md[39m=[32m"m12 5 7 7-7 7"[39m
                [36m/>[39m
              [36m</svg>[39m
            [36m</button>[39m
            [36m<button[39m
              [33maria-selected[39m=[32m"false"[39m
              [33mclass[39m=[32m"w-full flex items-center gap-3 px-3 py-2 rounded text-sm transition-colors cursor-pointer"[39m
              [33mdata-index[39m=[32m"3"[39m
              [33mid[39m=[32m"cmd-4"[39m
              [33mrole[39m=[32m"option"[39m
              [33mstyle[39m=[32m"background: transparent; color: var(--text-primary);"[39m
            [36m>[39m
              [36m<span[39m
                [33mclass[39m=[32m"flex-1 text-left"[39m
              [36m>[39m
                [0mExport Data[0m
              [36m</span>[39m
              [36m<svg[39m
                [33maria-hidden[39m=[32m"true"[39m
                [33mclass[39m=[32m"lucide lucide-arrow-right w-3 h-3 opacity-60"[39m
                [33mfill[39m=[32m"none"[39m
                [33mheight[39m=[32m"24"[39m
                [33mstroke[39m=[32m"currentColor"[39m
                [33mstroke-linecap[39m=[32m"round"[39m
                [33mstroke-linejoin[39m=[32m"round"[39m
                [33mstroke-width[39m=[32m"2"[39m
                [33mstyle[39m=[32m"color: var(--text-secondary);"[39m
                [33mviewBox[39m=[32m"0 0 24 24"[39m
                [33mwidth[39m=[32m"24"[39m
                [33mxmlns[39m=[32m"http://www.w3.org/2000/svg"[39m
              [36m>[39m
                [36m<path[39m
                  [33md[39m=[32m"M5 12h14"[39m
                [36m/>[39m
                [36m<path[39m
                  [33md[39m=[32m"m12 5 7 7-7 7"[39m
                [36m/>[39m
              [36m</svg>[39m
            [36m</button>[39m
          [36m</div>[39m
        [36m</div>[39m
        [36m<div[39m
          [33mclass[39m=[32m"flex items-center justify-between px-4 py-2 border-t text-xs"[39m
          [33mstyle[39m=[32m"border-color: var(--border-subtle); color: var(--text-secondary);"[39m
        [36m>[39m
          [36m<span>[39m
            [0m4[0m
            [0m results[0m
          [36m</span>[39m
          [36m<div[39m
            [33mclass[39m=[32m"flex items-center gap-4"[39m
          [36m>[39m
            [36m<span[39m
              [33mclass[39m=[32m"flex items-center gap-1"[39m
            [36m>[39m
              [36m<kbd[39m
                [33mclass[39m=[32m"px-1 py-0.5 rounded border"[39m
                [33mstyle[39m=[32m"border-color: var(--border-subtle);"[39m
              [36m>[39m
                [0m↑↓[0m
              [36m</kbd>[39m
              [0mNavigate[0m
            [36m</span>[39m
            [36m<span[39m
              [33mclass[39m=[32m"flex items-center gap-1"[39m
            [36m>[39m
              [36m<kbd[39m
                [33mclass[39m=[32m"px-1 py-0.5 rounded border"[39m
                [33mstyle[39m=[32m"border-color: var(--border-subtle);"[39m
              [36m>[39m
                [0m↵[0m
              [36m</kbd>[39m
              [0mSelect[0m
            [36m</span>[39m
            [36m<span[39m
              [33mclass[39m=[32m"flex items-center gap-1"[39m
            [36m>[39m
              [36m<kbd[39m
                [33mclass[39m=[32m"px-1 py-0.5 rounded border"[39m
                [33mstyle[39m=[32m"border-color: var(--border-subtle);"[39m
              [36m>[39m
                [0mEsc[0m
              [36m</kbd>[39m
              [0mClose[0m
            [36m</span>[39m
          [36m</div>[39m
        [36m</div>[39m
      [36m</div>[39m
    [36m</div>[39m
  [36m</div>[39m
[36m</body>[39m
 × src/components/ui/CommandPalette.test.tsx > CommandPalette > shows category headers 9ms
   → Invalid Chai property: toBeInTheDocument
 × src/components/ui/CommandPalette.test.tsx > CommandPalette > shows item count in footer 10ms
   → Invalid Chai property: toBeInTheDocument
 × src/components/ui/CommandPalette.test.tsx > CommandPalette > shows ESC shortcut hint 16ms
   → Invalid Chai property: toBeInTheDocument
 ✓ src/components/ui/CommandPalette.test.tsx > CommandPalette > calls item onSelect and onClose when item is clicked 14ms
 × src/components/ui/CommandPalette.test.tsx > CommandPalette > restores all items when search is cleared 13ms
   → Unable to find an element with the placeholder text of: Search commands...

Ignored nodes: comments, script, style
[36m<body>[39m
  [36m<div>[39m
    [36m<div[39m
      [33maria-label[39m=[32m"Close command palette"[39m
      [33mclass[39m=[32m"fixed inset-0 z-50 flex items-start justify-center pt-[20vh] bg-black/50 backdrop-blur-sm"[39m
      [33mrole[39m=[32m"button"[39m
      [33mtabindex[39m=[32m"0"[39m
    [36m>[39m
      [36m<div[39m
        [33maria-label[39m=[32m"Command palette"[39m
        [33maria-modal[39m=[32m"true"[39m
        [33mclass[39m=[32m"w-full max-w-lg rounded-lg shadow-2xl border border-[var(--border-default)] bg-[var(--bg-surface)] overflow-hidden animate-scale-in"[39m
        [33mrole[39m=[32m"dialog"[39m
        [33mtabindex[39m=[32m"-1"[39m
      [36m>[39m
        [36m<div[39m
          [33mclass[39m=[32m"flex items-center gap-3 p-4 border-b border-[var(--border-subtle)]"[39m
        [36m>[39m
          [36m<svg[39m
            [33maria-hidden[39m=[32m"true"[39m
            [33mclass[39m=[32m"lucide lucide-search w-5 h-5 text-[var(--text-secondary)]"[39m
            [33mfill[39m=[32m"none"[39m
            [33mheight[39m=[32m"24"[39m
            [33mstroke[39m=[32m"currentColor"[39m
            [33mstroke-linecap[39m=[32m"round"[39m
            [33mstroke-linejoin[39m=[32m"round"[39m
            [33mstroke-width[39m=[32m"2"[39m
            [33mviewBox[39m=[32m"0 0 24 24"[39m
            [33mwidth[39m=[32m"24"[39m
            [33mxmlns[39m=[32m"http://www.w3.org/2000/svg"[39m
          [36m>[39m
            [36m<path[39m
              [33md[39m=[32m"m21 21-4.34-4.34"[39m
            [36m/>[39m
            [36m<circle[39m
              [33mcx[39m=[32m"11"[39m
              [33mcy[39m=[32m"11"[39m
              [33mr[39m=[32m"8"[39m
            [36m/>[39m
          [36m</svg>[39m
          [36m<input[39m
            [33maria-activedescendant[39m=[32m"cmd-1"[39m
            [33maria-controls[39m=[32m"command-list"[39m
            [33maria-expanded[39m=[32m"true"[39m
            [33maria-label[39m=[32m"Search commands"[39m
            [33mclass[39m=[32m"flex-1 bg-transparent outline-none text-sm"[39m
            [33mrole[39m=[32m"combobox"[39m
            [33mstyle[39m=[32m"color: var(--text-primary);"[39m
            [33mtype[39m=[32m"text"[39m
            [33mvalue[39m=[32m""[39m
          [36m/>[39m
          [36m<kbd[39m
            [33mclass[39m=[32m"px-2 py-0.5 text-xs rounded border"[39m
            [33mstyle[39m=[32m"color: var(--text-secondary); border-color: var(--border-subtle);"[39m
          [36m>[39m
            [0mESC[0m
          [36m</kbd>[39m
        [36m</div>[39m
        [36m<div[39m
          [33maria-label[39m=[32m"Commands"[39m
          [33mclass[39m=[32m"max-h-80 overflow-y-auto p-2"[39m
          [33mid[39m=[32m"command-list"[39m
          [33mrole[39m=[32m"listbox"[39m
        [36m>[39m
          [36m<div[39m
            [33mclass[39m=[32m"mb-2"[39m
          [36m>[39m
            [36m<div[39m
              [33mclass[39m=[32m"px-3 py-1 text-xs font-semibold uppercase tracking-wider"[39m
              [33mstyle[39m=[32m"color: var(--text-secondary);"[39m
            [36m>[39m
              [0mFile[0m
            [36m</div>[39m
            [36m<button[39m
              [33maria-selected[39m=[32m"true"[39m
              [33mclass[39m=[32m"w-full flex items-center gap-3 px-3 py-2 rounded text-sm transition-colors cursor-pointer"[39m
              [33mdata-index[39m=[32m"0"[39m
              [33mid[39m=[32m"cmd-1"[39m
              [33mrole[39m=[32m"option"[39m
              [33mstyle[39m=[32m"background: var(--bg-hover); color: var(--text-primary);"[39m
            [36m>[39m
              [36m<span[39m
                [33mclass[39m=[32m"flex-1 text-left"[39m
              [36m>[39m
                [0mNew Project[0m
              [36m</span>[39m
              [36m<svg[39m
                [33maria-hidden[39m=[32m"true"[39m
                [33mclass[39m=[32m"lucide lucide-arrow-right w-3 h-3 opacity-60"[39m
                [33mfill[39m=[32m"none"[39m
                [33mheight[39m=[32m"24"[39m
                [33mstroke[39m=[32m"currentColor"[39m
                [33mstroke-linecap[39m=[32m"round"[39m
                [33mstroke-linejoin[39m=[32m"round"[39m
                [33mstroke-width[39m=[32m"2"[39m
                [33mstyle[39m=[32m"color: var(--text-secondary);"[39m
                [33mviewBox[39m=[32m"0 0 24 24"[39m
                [33mwidth[39m=[32m"24"[39m
                [33mxmlns[39m=[32m"http://www.w3.org/2000/svg"[39m
              [36m>[39m
                [36m<path[39m
                  [33md[39m=[32m"M5 12h14"[39m
                [36m/>[39m
                [36m<path[39m
                  [33md[39m=[32m"m12 5 7 7-7 7"[39m
                [36m/>[39m
              [36m</svg>[39m
            [36m</button>[39m
            [36m<button[39m
              [33maria-selected[39m=[32m"false"[39m
              [33mclass[39m=[32m"w-full flex items-center gap-3 px-3 py-2 rounded text-sm transition-colors cursor-pointer"[39m
              [33mdata-index[39m=[32m"1"[39m
              [33mid[39m=[32m"cmd-2"[39m
              [33mrole[39m=[32m"option"[39m
              [33mstyle[39m=[32m"background: transparent; color: var(--text-primary);"[39m
            [36m>[39m
              [36m<span[39m
                [33mclass[39m=[32m"flex-1 text-left"[39m
              [36m>[39m
                [0mOpen File[0m
              [36m</span>[39m
              [36m<svg[39m
                [33maria-hidden[39m=[32m"true"[39m
                [33mclass[39m=[32m"lucide lucide-arrow-right w-3 h-3 opacity-60"[39m
                [33mfill[39m=[32m"none"[39m
                [33mheight[39m=[32m"24"[39m
                [33mstroke[39m=[32m"currentColor"[39m
                [33mstroke-linecap[39m=[32m"round"[39m
                [33mstroke-linejoin[39m=[32m"round"[39m
                [33mstroke-width[39m=[32m"2"[39m
                [33mstyle[39m=[32m"color: var(--text-secondary);"[39m
                [33mviewBox[39m=[32m"0 0 24 24"[39m
                [33mwidth[39m=[32m"24"[39m
                [33mxmlns[39m=[32m"http://www.w3.org/2000/svg"[39m
              [36m>[39m
                [36m<path[39m
                  [33md[39m=[32m"M5 12h14"[39m
                [36m/>[39m
                [36m<path[39m
                  [33md[39m=[32m"m12 5 7 7-7 7"[39m
                [36m/>[39m
              [36m</svg>[39m
            [36m</button>[39m
          [36m</div>[39m
          [36m<div[39m
            [33mclass[39m=[32m"mb-2"[39m
          [36m>[39m
            [36m<div[39m
              [33mclass[39m=[32m"px-3 py-1 text-xs font-semibold uppercase tracking-wider"[39m
              [33mstyle[39m=[32m"color: var(--text-secondary);"[39m
            [36m>[39m
              [0mReports[0m
            [36m</div>[39m
            [36m<button[39m
              [33maria-selected[39m=[32m"false"[39m
              [33mclass[39m=[32m"w-full flex items-center gap-3 px-3 py-2 rounded text-sm transition-colors cursor-pointer"[39m
              [33mdata-index[39m=[32m"2"[39m
              [33mid[39m=[32m"cmd-3"[39m
              [33mrole[39m=[32m"option"[39m
              [33mstyle[39m=[32m"background: transparent; color: var(--text-primary);"[39m
            [36m>[39m
              [36m<span[39m
                [33mclass[39m=[32m"flex-1 text-left"[39m
              [36m>[39m
                [0mRun Report[0m
              [36m</span>[39m
              [36m<svg[39m
                [33maria-hidden[39m=[32m"true"[39m
                [33mclass[39m=[32m"lucide lucide-arrow-right w-3 h-3 opacity-60"[39m
                [33mfill[39m=[32m"none"[39m
                [33mheight[39m=[32m"24"[39m
                [33mstroke[39m=[32m"currentColor"[39m
                [33mstroke-linecap[39m=[32m"round"[39m
                [33mstroke-linejoin[39m=[32m"round"[39m
                [33mstroke-width[39m=[32m"2"[39m
                [33mstyle[39m=[32m"color: var(--text-secondary);"[39m
                [33mviewBox[39m=[32m"0 0 24 24"[39m
                [33mwidth[39m=[32m"24"[39m
                [33mxmlns[39m=[32m"http://www.w3.org/2000/svg"[39m
              [36m>[39m
                [36m<path[39m
                  [33md[39m=[32m"M5 12h14"[39m
                [36m/>[39m
                [36m<path[39m
                  [33md[39m=[32m"m12 5 7 7-7 7"[39m
                [36m/>[39m
              [36m</svg>[39m
            [36m</button>[39m
            [36m<button[39m
              [33maria-selected[39m=[32m"false"[39m
              [33mclass[39m=[32m"w-full flex items-center gap-3 px-3 py-2 rounded text-sm transition-colors cursor-pointer"[39m
              [33mdata-index[39m=[32m"3"[39m
              [33mid[39m=[32m"cmd-4"[39m
              [33mrole[39m=[32m"option"[39m
              [33mstyle[39m=[32m"background: transparent; color: var(--text-primary);"[39m
            [36m>[39m
              [36m<span[39m
                [33mclass[39m=[32m"flex-1 text-left"[39m
              [36m>[39m
                [0mExport Data[0m
              [36m</span>[39m
              [36m<svg[39m
                [33maria-hidden[39m=[32m"true"[39m
                [33mclass[39m=[32m"lucide lucide-arrow-right w-3 h-3 opacity-60"[39m
                [33mfill[39m=[32m"none"[39m
                [33mheight[39m=[32m"24"[39m
                [33mstroke[39m=[32m"currentColor"[39m
                [33mstroke-linecap[39m=[32m"round"[39m
                [33mstroke-linejoin[39m=[32m"round"[39m
                [33mstroke-width[39m=[32m"2"[39m
                [33mstyle[39m=[32m"color: var(--text-secondary);"[39m
                [33mviewBox[39m=[32m"0 0 24 24"[39m
                [33mwidth[39m=[32m"24"[39m
                [33mxmlns[39m=[32m"http://www.w3.org/2000/svg"[39m
              [36m>[39m
                [36m<path[39m
                  [33md[39m=[32m"M5 12h14"[39m
                [36m/>[39m
                [36m<path[39m
                  [33md[39m=[32m"m12 5 7 7-7 7"[39m
                [36m/>[39m
              [36m</svg>[39m
            [36m</button>[39m
          [36m</div>[39m
        [36m</div>[39m
        [36m<div[39m
          [33mclass[39m=[32m"flex items-center justify-between px-4 py-2 border-t text-xs"[39m
          [33mstyle[39m=[32m"border-color: var(--border-subtle); color: var(--text-secondary);"[39m
        [36m>[39m
          [36m<span>[39m
            [0m4[0m
            [0m results[0m
          [36m</span>[39m
          [36m<div[39m
            [33mclass[39m=[32m"flex items-center gap-4"[39m
          [36m>[39m
            [36m<span[39m
              [33mclass[39m=[32m"flex items-center gap-1"[39m
            [36m>[39m
              [36m<kbd[39m
                [33mclass[39m=[32m"px-1 py-0.5 rounded border"[39m
                [33mstyle[39m=[32m"border-color: var(--border-subtle);"[39m
              [36m>[39m
                [0m↑↓[0m
              [36m</kbd>[39m
              [0mNavigate[0m
            [36m</span>[39m
            [36m<span[39m
              [33mclass[39m=[32m"flex items-center gap-1"[39m
            [36m>[39m
              [36m<kbd[39m
                [33mclass[39m=[32m"px-1 py-0.5 rounded border"[39m
                [33mstyle[39m=[32m"border-color: var(--border-subtle);"[39m
              [36m>[39m
                [0m↵[0m
              [36m</kbd>[39m
              [0mSelect[0m
            [36m</span>[39m
            [36m<span[39m
              [33mclass[39m=[32m"flex items-center gap-1"[39m
            [36m>[39m
              [36m<kbd[39m
                [33mclass[39m=[32m"px-1 py-0.5 rounded border"[39m
                [33mstyle[39m=[32m"border-color: var(--border-subtle);"[39m
              [36m>[39m
                [0mEsc[0m
              [36m</kbd>[39m
              [0mClose[0m
            [36m</span>[39m
          [36m</div>[39m
        [36m</div>[39m
      [36m</div>[39m
    [36m</div>[39m
  [36m</div>[39m
[36m</body>[39m
 × src/components/ui/CommandPalette.test.tsx > CommandPalette > renders with custom placeholder 7ms
   → Invalid Chai property: toBeInTheDocument
(node:4820) ExperimentalWarning: localStorage is not available because --localstorage-file was not provided.
(Use `node --trace-warnings ...` to show where the warning was created)
 ✓ src/engines/SegmentReportingEngine.test.ts > SegmentReportingEngine > defineSegment > should define a reporting segment 2ms
 ✓ src/engines/SegmentReportingEngine.test.ts > SegmentReportingEngine > defineSegment > should define multiple segments 1ms
 ✓ src/engines/SegmentReportingEngine.test.ts > SegmentReportingEngine > getSegments > should return all segments 0ms
 ✓ src/engines/SegmentReportingEngine.test.ts > SegmentReportingEngine > getSegments > should filter by type 0ms
 ✓ src/engines/SegmentReportingEngine.test.ts > SegmentReportingEngine > reportSegmentData > should report segment data 0ms
 ✓ src/engines/SegmentReportingEngine.test.ts > SegmentReportingEngine > getSegmentReport > should generate segment report for a period 0ms
 ✓ src/engines/SegmentReportingEngine.test.ts > SegmentReportingEngine > getSegmentReport > should include profit margins 0ms
 ✓ src/engines/SegmentReportingEngine.test.ts > SegmentReportingEngine > reset > should clear all segments and data 0ms
(node:4820) ExperimentalWarning: localStorage is not available because --localstorage-file was not provided.
(Use `node --trace-warnings ...` to show where the warning was created)
 ✓ src/hooks/useURLState.test.ts > useURLState > should return default value when no URL param 16ms
 ✓ src/hooks/useURLState.test.ts > useURLState > should read initial value from URL param 2ms
 ✓ src/hooks/useURLState.test.ts > useURLState > should fallback to default on invalid JSON 2ms
 ✓ src/hooks/useURLState.test.ts > useURLState > should support prefix option 1ms
 ✓ src/hooks/useURLState.test.ts > useURLState > should support custom serialize/deserialize 2ms
 ✓ src/hooks/useURLState.test.ts > useURLString > should default to empty string 1ms
 ✓ src/hooks/useURLState.test.ts > useURLString > should use provided default 1ms
 ✓ src/hooks/useURLState.test.ts > useURLNumber > should default to 0 1ms
 ✓ src/hooks/useURLState.test.ts > useURLNumber > should read number from URL 1ms
 ✓ src/hooks/useURLState.test.ts > useURLBoolean > should default to false 1ms
 ✓ src/hooks/useURLState.test.ts > useURLBoolean > should read true from URL as "1" 1ms
 ✓ src/hooks/useURLState.test.ts > useURLBoolean > should read false from URL as "0" 1ms
 ✓ src/hooks/useURLState.test.ts > useURLArray > should default to empty array 1ms
 ✓ src/hooks/useURLState.test.ts > useURLArray > should read comma-separated values from URL 1ms
(node:4820) ExperimentalWarning: localStorage is not available because --localstorage-file was not provided.
(Use `node --trace-warnings ...` to show where the warning was created)
 ✓ src/engines/IterativeCalculationEngine.test.ts > IterativeCalculationEngine > should build dependency graph 3ms
 ✓ src/engines/IterativeCalculationEngine.test.ts > IterativeCalculationEngine > should detect circular references 1ms
 ✓ src/engines/IterativeCalculationEngine.test.ts > IterativeCalculationEngine > should detect no circular references in acyclic graph 0ms
 ✓ src/engines/IterativeCalculationEngine.test.ts > IterativeCalculationEngine > should get circular cells from cycles 0ms
 ✓ src/engines/IterativeCalculationEngine.test.ts > IterativeCalculationEngine > should analyze formulas for circular references 1ms
 ✓ src/engines/IterativeCalculationEngine.test.ts > IterativeCalculationEngine > should solve iteratively for convergent formulas 1ms
 ✓ src/engines/IterativeCalculationEngine.test.ts > IterativeCalculationEngine > should return not-started when iterative calc disabled 0ms
(node:4820) ExperimentalWarning: localStorage is not available because --localstorage-file was not provided.
(Use `node --trace-warnings ...` to show where the warning was created)
 × src/components/ui/AllocationPreview.test.tsx > AllocationPreview > renders without crashing 79ms
   → Invalid Chai property: toBeInTheDocument
 × src/components/ui/AllocationPreview.test.tsx > AllocationPreview > renders source amount 19ms
   → Invalid Chai property: toBeInTheDocument
 × src/components/ui/AllocationPreview.test.tsx > AllocationPreview > renders allocation targets 15ms
   → Invalid Chai property: toBeInTheDocument
 ✓ src/components/ui/AllocationPreview.test.tsx > AllocationPreview > renders total allocated amount 24ms
 × src/components/ui/AllocationPreview.test.tsx > AllocationPreview > renders journal entries section 13ms
   → Invalid Chai property: toBeInTheDocument
 × src/components/ui/AllocationPreview.test.tsx > AllocationPreview > renders audit comment 10ms
   → Invalid Chai property: toBeInTheDocument
 × src/components/ui/AllocationPreview.test.tsx > AllocationPreview > renders action buttons 10ms
   → Invalid Chai property: toBeInTheDocument
 ✓ src/components/ui/AllocationPreview.test.tsx > AllocationPreview > calls onAccept when accept clicked 24ms
 ✓ src/components/ui/AllocationPreview.test.tsx > AllocationPreview > calls onReject when reject clicked 12ms
 ✓ src/components/ui/AllocationPreview.test.tsx > AllocationPreview > calls onModify when modify clicked 10ms
 × src/components/ui/AllocationPreview.test.tsx > AllocationPreview > shows accepted state after accept clicked 19ms
   → Invalid Chai property: toBeInTheDocument
 × src/components/ui/AllocationPreview.test.tsx > AllocationPreview > shows remaining indicator when amounts differ 18ms
   → Invalid Chai property: toBeInTheDocument
 × src/components/ui/AllocationPreview.test.tsx > AllocationPreview > shows over-allocated indicator when over budget 10ms
   → Invalid Chai property: toBeInTheDocument
 × src/components/ui/AllocationPreview.test.tsx > AllocationPreview > renders target count label 11ms
   → Invalid Chai property: toBeInTheDocument
(node:4820) ExperimentalWarning: localStorage is not available because --localstorage-file was not provided.
(Use `node --trace-warnings ...` to show where the warning was created)
(node:4820) ExperimentalWarning: localStorage is not available because --localstorage-file was not provided.
(Use `node --trace-warnings ...` to show where the warning was created)
 ✓ src/engines/CellAuditTrailEngine.test.ts > CellAuditTrailEngine > recordChange > should record a change entry 3ms
 ✓ src/engines/CellAuditTrailEngine.test.ts > CellAuditTrailEngine > recordChange > should generate ID if missing 0ms
 ✓ src/engines/CellAuditTrailEngine.test.ts > CellAuditTrailEngine > getHistory > should return history for a specific cell sorted by timestamp desc 1ms
 ✓ src/engines/CellAuditTrailEngine.test.ts > CellAuditTrailEngine > getHistory > should return empty for cell with no changes 1ms
 ✓ src/engines/CellAuditTrailEngine.test.ts > CellAuditTrailEngine > getChangesByUser > should filter by user 0ms
 ✓ src/engines/CellAuditTrailEngine.test.ts > CellAuditTrailEngine > getChangesByDateRange > should filter by date range 1ms
 ✓ src/engines/CellAuditTrailEngine.test.ts > CellAuditTrailEngine > getChangesByDateRange > should return empty for range with no matches 0ms
 ✓ src/engines/CellAuditTrailEngine.test.ts > CellAuditTrailEngine > getAuditReport > should generate audit report 1ms
 ✓ src/engines/CellAuditTrailEngine.test.ts > CellAuditTrailEngine > getAuditReport > should handle empty history 0ms
 ✓ src/engines/CellAuditTrailEngine.test.ts > CellAuditTrailEngine > clear > should clear all entries 0ms
(node:4820) ExperimentalWarning: localStorage is not available because --localstorage-file was not provided.
(Use `node --trace-warnings ...` to show where the warning was created)
 ✓ src/engines/CellProtectionEngine.test.ts > CellProtectionEngine > protect > should protect a cell 3ms
 ✓ src/engines/CellProtectionEngine.test.ts > CellProtectionEngine > protect > should protect a cell as hidden 0ms
 ✓ src/engines/CellProtectionEngine.test.ts > CellProtectionEngine > protect > should protect a cell as formula_only 0ms
 ✓ src/engines/CellProtectionEngine.test.ts > CellProtectionEngine > protect > should protect range 0ms
 ✓ src/engines/CellProtectionEngine.test.ts > CellProtectionEngine > unprotect > should unprotect a cell 0ms
 ✓ src/engines/CellProtectionEngine.test.ts > CellProtectionEngine > unprotect > should throw if wrong user tries to unprotect 1ms
 ✓ src/engines/CellProtectionEngine.test.ts > CellProtectionEngine > canEdit > should allow editing unprotected cells 0ms
 ✓ src/engines/CellProtectionEngine.test.ts > CellProtectionEngine > canEdit > should deny editing locked cells for non-owners 0ms
 ✓ src/engines/CellProtectionEngine.test.ts > CellProtectionEngine > canEdit > should allow editing locked cells if user is owner 0ms
 ✓ src/engines/CellProtectionEngine.test.ts > CellProtectionEngine > canEdit > should allow editing locked cells if user is admin 0ms
 ✓ src/engines/CellProtectionEngine.test.ts > CellProtectionEngine > getProtectionSheet > should return protection rules array 1ms
 ✓ src/engines/CellProtectionEngine.test.ts > CellProtectionEngine > getProtection > should return protection rule for a cell 0ms
 ✓ src/engines/CellProtectionEngine.test.ts > CellProtectionEngine > getProtection > should return undefined for unprotected cell 0ms
 ✓ src/engines/CellProtectionEngine.test.ts > CellProtectionEngine > clear > should remove all protections 0ms
 ✓ src/components/layout/AppLayout.test.tsx > AppLayout > renders without crashing 26ms
 × src/components/layout/AppLayout.test.tsx > AppLayout > renders the sidebar 20ms
   → Invalid Chai property: toBeInTheDocument
 × src/components/layout/AppLayout.test.tsx > AppLayout > renders the navbar 5ms
   → Invalid Chai property: toBeInTheDocument
 × src/components/layout/AppLayout.test.tsx > AppLayout > renders the toast container 4ms
   → Invalid Chai property: toBeInTheDocument
 ✓ src/components/layout/AppLayout.test.tsx > AppLayout > renders skip to main content link 10ms
 ✓ src/components/layout/AppLayout.test.tsx > AppLayout > renders two skip navigation links 4ms
 × src/components/layout/AppLayout.test.tsx > AppLayout > has a main content area with proper role 114ms
   → Invalid Chai property: toBeInTheDocument
 × src/components/layout/AppLayout.test.tsx > AppLayout > has main content with aria-label 6ms
   → Invalid Chai property: toBeInTheDocument
 × src/components/layout/AppLayout.test.tsx > AppLayout > has main-nav landmark with aria-label 4ms
   → Invalid Chai property: toBeInTheDocument
 × src/components/layout/AppLayout.test.tsx > AppLayout > renders mobile overlay when mobileSidebarOpen is true 6ms
   → Invalid Chai property: toBeInTheDocument
 × src/components/layout/AppLayout.test.tsx > AppLayout > does not render mobile overlay when mobileSidebarOpen is false 4ms
   → Invalid Chai property: toBeInTheDocument
 ✓ src/components/layout/AppLayout.test.tsx > AppLayout > calls closeMobileSidebar when overlay is clicked 6ms
 ✓ src/components/layout/AppLayout.test.tsx > AppLayout > sets dir attribute based on locale 4ms
(node:4820) ExperimentalWarning: localStorage is not available because --localstorage-file was not provided.
(Use `node --trace-warnings ...` to show where the warning was created)
stderr | src/components/ui/AccountTree.test.tsx > AccountTree > renders empty state when no accounts provided
react-i18next:: useTranslation: You will need to pass in an i18next instance by using initReactI18next { code: 
'NO_I18NEXT_INSTANCE' }

 × src/components/ui/AccountTree.test.tsx > AccountTree > renders empty state when no accounts provided 45ms
   → Unable to find an element with the text: No accounts found. This could be because the text is broken up by multiple elements. In this case, you can provide a function for your text matcher to make your matcher more flexible.

Ignored nodes: comments, script, style
[36m<body>[39m
  [36m<div>[39m
    [36m<div[39m
      [33mclass[39m=[32m"flex flex-col items-center justify-center p-8 text-center border border-dashed border-[var(--border-subtle)] rounded-lg"[39m
    [36m>[39m
      [36m<svg[39m
        [33maria-hidden[39m=[32m"true"[39m
        [33mclass[39m=[32m"lucide lucide-file-text h-8 w-8 text-[var(--text-secondary)] opacity-20 mb-2"[39m
        [33mfill[39m=[32m"none"[39m
        [33mheight[39m=[32m"24"[39m
        [33mstroke[39m=[32m"currentColor"[39m
        [33mstroke-linecap[39m=[32m"round"[39m
        [33mstroke-linejoin[39m=[32m"round"[39m
        [33mstroke-width[39m=[32m"2"[39m
        [33mviewBox[39m=[32m"0 0 24 24"[39m
        [33mwidth[39m=[32m"24"[39m
        [33mxmlns[39m=[32m"http://www.w3.org/2000/svg"[39m
      [36m>[39m
        [36m<path[39m
          [33md[39m=[32m"M6 22a2 2 0 0 1-2-2V4a2 2 0 0 1 2-2h8a2.4 2.4 0 0 1 1.704.706l3.588 3.588A2.4 2.4 0 0 1 20 8v12a2 2 0 0 1-2 2z"[39m
        [36m/>[39m
        [36m<path[39m
          [33md[39m=[32m"M14 2v5a1 1 0 0 0 1 1h5"[39m
        [36m/>[39m
        [36m<path[39m
          [33md[39m=[32m"M10 9H8"[39m
        [36m/>[39m
        [36m<path[39m
          [33md[39m=[32m"M16 13H8"[39m
        [36m/>[39m
        [36m<path[39m
          [33md[39m=[32m"M16 17H8"[39m
        [36m/>[39m
      [36m</svg>[39m
      [36m<p[39m
        [33mclass[39m=[32m"text-xs text-[var(--text-secondary)] font-medium"[39m
      [36m>[39m
        [0maccounts.notFound[0m
      [36m</p>[39m
    [36m</div>[39m
  [36m</div>[39m
[36m</body>[39m
 × src/components/ui/AccountTree.test.tsx > AccountTree > renders empty state when accounts is undefined 6ms
   → Unable to find an element with the text: No accounts found. This could be because the text is broken up by multiple elements. In this case, you can provide a function for your text matcher to make your matcher more flexible.

Ignored nodes: comments, script, style
[36m<body>[39m
  [36m<div>[39m
    [36m<div[39m
      [33mclass[39m=[32m"flex flex-col items-center justify-center p-8 text-center border border-dashed border-[var(--border-subtle)] rounded-lg"[39m
    [36m>[39m
      [36m<svg[39m
        [33maria-hidden[39m=[32m"true"[39m
        [33mclass[39m=[32m"lucide lucide-file-text h-8 w-8 text-[var(--text-secondary)] opacity-20 mb-2"[39m
        [33mfill[39m=[32m"none"[39m
        [33mheight[39m=[32m"24"[39m
        [33mstroke[39m=[32m"currentColor"[39m
        [33mstroke-linecap[39m=[32m"round"[39m
        [33mstroke-linejoin[39m=[32m"round"[39m
        [33mstroke-width[39m=[32m"2"[39m
        [33mviewBox[39m=[32m"0 0 24 24"[39m
        [33mwidth[39m=[32m"24"[39m
        [33mxmlns[39m=[32m"http://www.w3.org/2000/svg"[39m
      [36m>[39m
        [36m<path[39m
          [33md[39m=[32m"M6 22a2 2 0 0 1-2-2V4a2 2 0 0 1 2-2h8a2.4 2.4 0 0 1 1.704.706l3.588 3.588A2.4 2.4 0 0 1 20 8v12a2 2 0 0 1-2 2z"[39m
        [36m/>[39m
        [36m<path[39m
          [33md[39m=[32m"M14 2v5a1 1 0 0 0 1 1h5"[39m
        [36m/>[39m
        [36m<path[39m
          [33md[39m=[32m"M10 9H8"[39m
        [36m/>[39m
        [36m<path[39m
          [33md[39m=[32m"M16 13H8"[39m
        [36m/>[39m
        [36m<path[39m
          [33md[39m=[32m"M16 17H8"[39m
        [36m/>[39m
      [36m</svg>[39m
      [36m<p[39m
        [33mclass[39m=[32m"text-xs text-[var(--text-secondary)] font-medium"[39m
      [36m>[39m
        [0maccounts.notFound[0m
      [36m</p>[39m
    [36m</div>[39m
  [36m</div>[39m
[36m</body>[39m
 × src/components/ui/AccountTree.test.tsx > AccountTree > renders account names 23ms
   → Invalid Chai property: toBeInTheDocument
 × src/components/ui/AccountTree.test.tsx > AccountTree > renders account codes 9ms
   → Invalid Chai property: toBeInTheDocument
 × src/components/ui/AccountTree.test.tsx > AccountTree > renders search input 13ms
   → Invalid Chai property: toBeInTheDocument
 × src/components/ui/AccountTree.test.tsx > AccountTree > renders tree role with aria-label 116ms
   → Invalid Chai property: toBeInTheDocument
 ✓ src/components/ui/AccountTree.test.tsx > AccountTree > calls onSelect when account clicked 16ms
 × src/components/ui/AccountTree.test.tsx > AccountTree > shows calculated badge for calculated accounts 10ms
   → Invalid Chai property: toBeInTheDocument
 ✓ src/components/ui/AccountTree.test.tsx > AccountTree > applies selected styling to selected account 18ms
 × src/components/ui/AccountTree.test.tsx > AccountTree > filters accounts based on search input 18ms
   → Invalid Chai property: toBeInTheDocument
 × src/components/ui/AccountTree.test.tsx > AccountTree > clears search when clear button clicked 20ms
   → Invalid Chai property: toHaveValue
(node:4820) ExperimentalWarning: localStorage is not available because --localstorage-file was not provided.
(Use `node --trace-warnings ...` to show where the warning was created)
 ✓ src/hooks/useExport.test.ts > useExport > should initialize with correct default state 16ms
 ✓ src/hooks/useExport.test.ts > useExport > should call ExportEngine.exportToPDF and manage final state 6ms
 ✓ src/hooks/useExport.test.ts > useExport > should set an error if PDF export fails 2ms
 ✓ src/hooks/useExport.test.ts > useExport > should not call PDF export if data is empty 2ms
 ✓ src/hooks/useExport.test.ts > useExport > should call ExportEngine.exportToExcel and manage final state 2ms
 ✓ src/hooks/useExport.test.ts > useExport > should set an error if Excel export fails 1ms
 ✓ src/hooks/useExport.test.ts > useExport > should call ExportEngine.exportToCSV and manage final state 1ms
 ✓ src/hooks/useExport.test.ts > useExport > should set an error if CSV export fails 1ms
(node:4820) ExperimentalWarning: localStorage is not available because --localstorage-file was not provided.
(Use `node --trace-warnings ...` to show where the warning was created)
 ✓ src/store/analyticsStore.test.ts > analyticsStore > should have correct initial state 3ms
 ✓ src/store/analyticsStore.test.ts > analyticsStore > should add a chart 1ms
 ✓ src/store/analyticsStore.test.ts > analyticsStore > should update a chart 1ms
 ✓ src/store/analyticsStore.test.ts > analyticsStore > should remove a chart 1ms
 ✓ src/store/analyticsStore.test.ts > analyticsStore > should clear selected chart when removed 0ms
 ✓ src/store/analyticsStore.test.ts > analyticsStore > should set selected chart 0ms
 ✓ src/store/analyticsStore.test.ts > analyticsStore > should set date range 0ms
 ✓ src/store/analyticsStore.test.ts > analyticsStore > should set selected metrics 0ms
 ✓ src/store/analyticsStore.test.ts > analyticsStore > should set filter 0ms
 ✓ src/store/analyticsStore.test.ts > analyticsStore > should clear filters 0ms
 ✓ src/store/analyticsStore.test.ts > analyticsStore > should enter drill down 0ms
 ✓ src/store/analyticsStore.test.ts > analyticsStore > should exit drill down 0ms
 ✓ src/store/analyticsStore.test.ts > analyticsStore > should set isDrillDown to false when path is empty 0ms
(node:4820) ExperimentalWarning: localStorage is not available because --localstorage-file was not provided.
(Use `node --trace-warnings ...` to show where the warning was created)
 ✓ src/store/varianceStore.test.ts > varianceStore > should have correct initial state 4ms
 ✓ src/store/varianceStore.test.ts > varianceStore > should set analyses 1ms
 ✓ src/store/varianceStore.test.ts > varianceStore > should add an analysis 1ms
 ✓ src/store/varianceStore.test.ts > varianceStore > should assign id to new analysis 1ms
 ✓ src/store/varianceStore.test.ts > varianceStore > should delete an analysis 0ms
 ✓ src/store/varianceStore.test.ts > varianceStore > should not delete non-existent analysis 0ms
 ✓ src/store/varianceStore.test.ts > varianceStore > should set and clear error 0ms
 ✓ src/store/varianceStore.test.ts > varianceStore > should set loading state 0ms
 ✓ src/store/varianceStore.test.ts > varianceStore > should handle multiple analyses 1ms
 ✓ src/store/varianceStore.test.ts > varianceStore > should delete from middle of list 1ms
(node:4820) ExperimentalWarning: localStorage is not available because --localstorage-file was not provided.
(Use `node --trace-warnings ...` to show where the warning was created)
 ✓ src/hooks/useUndoRedo.test.ts > createUndoRedoActions > should create actions 2ms
 ✓ src/hooks/useUndoRedo.test.ts > createUndoRedoActions > should capture and undo snapshot 0ms
 ✓ src/hooks/useUndoRedo.test.ts > createUndoRedoActions > should redo after undo 1ms
 ✓ src/hooks/useUndoRedo.test.ts > createUndoRedoActions > should not undo when history is empty 0ms
 ✓ src/hooks/useUndoRedo.test.ts > createUndoRedoActions > should not redo when at latest state 0ms
 ✓ src/hooks/useUndoRedo.test.ts > createUndoRedoActions > should respect maxDepth 0ms
 ✓ src/hooks/useUndoRedo.test.ts > useUndoRedo > should return undo/redo/canUndo/canRedo from store 1ms
 ✓ src/hooks/useUndoRedo.test.ts > useUndoRedo > should reflect canUndo=false when no history 0ms
(node:4820) ExperimentalWarning: localStorage is not available because --localstorage-file was not provided.
(Use `node --trace-warnings ...` to show where the warning was created)
 ✓ src/store/fxRateStore.test.ts > fxRateStore > should have initial empty state after reset 3ms
 ✓ src/store/fxRateStore.test.ts > fxRateStore > should set rates 1ms
 ✓ src/store/fxRateStore.test.ts > fxRateStore > should add a rate 1ms
 ✓ src/store/fxRateStore.test.ts > fxRateStore > should update a rate 0ms
 ✓ src/store/fxRateStore.test.ts > fxRateStore > should not update non-existent rate 0ms
 ✓ src/store/fxRateStore.test.ts > fxRateStore > should delete a rate 0ms
 ✓ src/store/fxRateStore.test.ts > fxRateStore > should select rates 0ms
 ✓ src/store/fxRateStore.test.ts > fxRateStore > should select rate count 0ms
 ✓ src/store/fxRateStore.test.ts > fxRateStore > should select hasRates 0ms
 ✓ src/store/fxRateStore.test.ts > fxRateStore > should find rate by currency pair 0ms
 ✓ src/store/fxRateStore.test.ts > fxRateStore > should return null for non-existent currency pair 0ms
(node:4820) ExperimentalWarning: localStorage is not available because --localstorage-file was not provided.
(Use `node --trace-warnings ...` to show where the warning was created)
 ✓ src/engines/WorkflowBuilderEngine.test.ts > WorkflowBuilderEngine > should create a workflow 4ms
 ✓ src/engines/WorkflowBuilderEngine.test.ts > WorkflowBuilderEngine > should list workflows 1ms
 ✓ src/engines/WorkflowBuilderEngine.test.ts > WorkflowBuilderEngine > should delete a workflow 1ms
 ✓ src/engines/WorkflowBuilderEngine.test.ts > WorkflowBuilderEngine > should add nodes 0ms
 ✓ src/engines/WorkflowBuilderEngine.test.ts > WorkflowBuilderEngine > should remove nodes and connected edges 1ms
 ✓ src/engines/WorkflowBuilderEngine.test.ts > WorkflowBuilderEngine > should add edges 0ms
 ✓ src/engines/WorkflowBuilderEngine.test.ts > WorkflowBuilderEngine > should not add edge with invalid source 0ms
 ✓ src/engines/WorkflowBuilderEngine.test.ts > WorkflowBuilderEngine > should validate workflow 1ms
 ✓ src/engines/WorkflowBuilderEngine.test.ts > WorkflowBuilderEngine > should detect disconnected nodes 0ms
 ✓ src/engines/WorkflowBuilderEngine.test.ts > WorkflowBuilderEngine > should save as template 1ms
 ✓ src/engines/WorkflowBuilderEngine.test.ts > WorkflowBuilderEngine > should create from template 0ms
 ✓ src/engines/WorkflowBuilderEngine.test.ts > WorkflowBuilderEngine > should serialize and deserialize 0ms
(node:4820) ExperimentalWarning: localStorage is not available because --localstorage-file was not provided.
(Use `node --trace-warnings ...` to show where the warning was created)
 ✓ src/engines/FinPlanFileEngine.test.ts > FinPlanFileEngine > should initialize with no current path 2ms
 ✓ src/engines/FinPlanFileEngine.test.ts > FinPlanFileEngine > should create a new file 0ms
 ✓ src/engines/FinPlanFileEngine.test.ts > FinPlanFileEngine > should open a file with data 1ms
 ✓ src/engines/FinPlanFileEngine.test.ts > FinPlanFileEngine > should save a file 1ms
 ✓ src/engines/FinPlanFileEngine.test.ts > FinPlanFileEngine > should save as a new file 0ms
 ✓ src/engines/FinPlanFileEngine.test.ts > FinPlanFileEngine > should fail to save when no file is open 0ms
 ✓ src/engines/FinPlanFileEngine.test.ts > FinPlanFileEngine > should close a file 0ms
 ✓ src/engines/FinPlanFileEngine.test.ts > FinPlanFileEngine > should track unsaved changes 0ms
 ✓ src/engines/FinPlanFileEngine.test.ts > FinPlanFileEngine > should serialize and export 0ms
 ✓ src/engines/FinPlanFileEngine.test.ts > FinPlanFileEngine > should import from JSON 0ms
 ✓ src/engines/FinPlanFileEngine.test.ts > FinPlanFileEngine > should get file metadata 0ms
(node:4820) ExperimentalWarning: localStorage is not available because --localstorage-file was not provided.
(Use `node --trace-warnings ...` to show where the warning was created)
(node:4820) ExperimentalWarning: localStorage is not available because --localstorage-file was not provided.
(Use `node --trace-warnings ...` to show where the warning was created)
 ✓ src/components/ui/ConditionalFormattingRenderers.test.tsx > ConditionalFormattingRenderers > DataBarRenderer > renders without crashing 51ms
 × src/components/ui/ConditionalFormattingRenderers.test.tsx > ConditionalFormattingRenderers > DataBarRenderer > displays value when showValue is true 21ms
   → Invalid Chai property: toBeInTheDocument
 ✓ src/components/ui/ConditionalFormattingRenderers.test.tsx > ConditionalFormattingRenderers > DataBarRenderer > hides value when showValue is false 3ms
 ✓ src/components/ui/ConditionalFormattingRenderers.test.tsx > ConditionalFormattingRenderers > IconSetRenderer > renders without crashing 8ms
 × src/components/ui/ConditionalFormattingRenderers.test.tsx > ConditionalFormattingRenderers > IconSetRenderer > renders icon with aria-label 8ms
   → Invalid Chai property: toBeInTheDocument
 ✓ src/components/ui/ConditionalFormattingRenderers.test.tsx > ConditionalFormattingRenderers > ColorScaleRenderer > renders without crashing 3ms
 ✓ src/engines/ETLPipelineEngine.test.ts > ETLPipelineEngine > should auto-detect field mappings 5ms
 ✓ src/engines/ETLPipelineEngine.test.ts > ETLPipelineEngine > should validate required fields 1ms
 ✓ src/engines/ETLPipelineEngine.test.ts > ETLPipelineEngine > should validate field types 0ms
 ✓ src/engines/ETLPipelineEngine.test.ts > ETLPipelineEngine > should pass valid data 0ms
 ✓ src/engines/ETLPipelineEngine.test.ts > ETLPipelineEngine > should profile data 1ms
 ✓ src/engines/ETLPipelineEngine.test.ts > ETLPipelineEngine > should cleanse data 0ms
 ✓ src/engines/ETLPipelineEngine.test.ts > ETLPipelineEngine > should filter data 1ms
 ✓ src/engines/ETLPipelineEngine.test.ts > ETLPipelineEngine > should sort data 1ms
 ✓ src/engines/ETLPipelineEngine.test.ts > ETLPipelineEngine > should aggregate data 1ms
 ✓ src/engines/ETLPipelineEngine.test.ts > ETLPipelineEngine > should track import history 1ms
 ✓ src/engines/ETLPipelineEngine.test.ts > ETLPipelineEngine > should remove transforms 0ms
 × src/components/ui/ConditionalFormattingRenderers.test.tsx > ConditionalFormattingRenderers > ColorScaleRenderer > displays value when provided 6ms
   → Invalid Chai property: toBeInTheDocument
 × src/components/ui/ConditionalFormattingRenderers.test.tsx > ConditionalFormattingRenderers > VarianceHighlighter > renders favorable direction 4ms
   → Invalid Chai property: toBeInTheDocument
 × src/components/ui/ConditionalFormattingRenderers.test.tsx > ConditionalFormattingRenderers > VarianceHighlighter > renders unfavorable direction 3ms
   → Invalid Chai property: toBeInTheDocument
 × src/components/ui/ConditionalFormattingRenderers.test.tsx > ConditionalFormattingRenderers > VarianceHighlighter > renders neutral direction 3ms
   → Invalid Chai property: toBeInTheDocument
 × src/components/ui/ConditionalFormattingRenderers.test.tsx > ConditionalFormattingRenderers > ConditionalCellRenderer > renders plain value when no evaluation 4ms
   → Invalid Chai property: toBeInTheDocument
 ✓ src/components/ui/ConditionalFormattingRenderers.test.tsx > ConditionalFormattingRenderers > ConditionalCellRenderer > renders empty string for null value 3ms
 × src/components/ui/ConditionalFormattingRenderers.test.tsx > ConditionalFormattingRenderers > ConditionalCellRenderer > renders plain value when evaluation did not match 3ms
   → Invalid Chai property: toBeInTheDocument
(node:4820) ExperimentalWarning: localStorage is not available because --localstorage-file was not provided.
(Use `node --trace-warnings ...` to show where the warning was created)
(node:4820) ExperimentalWarning: localStorage is not available because --localstorage-file was not provided.
(Use `node --trace-warnings ...` to show where the warning was created)
 ✓ src/engines/AssumptionEngine.test.ts > AssumptionEngine > create > creates an assumption with auto-generated id 3ms
 ✓ src/engines/AssumptionEngine.test.ts > AssumptionEngine > get > retrieves by id 0ms
 ✓ src/engines/AssumptionEngine.test.ts > AssumptionEngine > get > returns undefined for missing id 0ms
 ✓ src/engines/AssumptionEngine.test.ts > AssumptionEngine > update > updates value and increments version 1ms
 ✓ src/engines/AssumptionEngine.test.ts > AssumptionEngine > update > throws for missing id 1ms
 ✓ src/engines/AssumptionEngine.test.ts > AssumptionEngine > update > throws when locked by another user 0ms
 ✓ src/engines/AssumptionEngine.test.ts > AssumptionEngine > lock/unlock > locks and unlocks 0ms
 ✓ src/engines/AssumptionEngine.test.ts > AssumptionEngine > impactAnalysis > calculates impact 0ms
 ✓ src/engines/AssumptionEngine.test.ts > AssumptionEngine > getByCategory > filters by category 0ms
(node:4820) ExperimentalWarning: localStorage is not available because --localstorage-file was not provided.
(Use `node --trace-warnings ...` to show where the warning was created)
 ✓ src/utils/__tests__/financialFormatting.test.ts > financialFormatting > formatCurrency > formats positive value 2ms
 ✓ src/utils/__tests__/financialFormatting.test.ts > financialFormatting > formatCurrency > formats negative with parentheses by default 0ms
 ✓ src/utils/__tests__/financialFormatting.test.ts > financialFormatting > formatCurrency > returns null display for null 0ms
 ✓ src/utils/__tests__/financialFormatting.test.ts > financialFormatting > formatCurrency > returns zero display for zero 0ms
 ✓ src/utils/__tests__/financialFormatting.test.ts > financialFormatting > formatCurrency > supports minus negative style 0ms
 ✓ src/utils/__tests__/financialFormatting.test.ts > financialFormatting > formatCompact > formats billions 0ms
 ✓ src/utils/__tests__/financialFormatting.test.ts > financialFormatting > formatCompact > formats millions 0ms
 ✓ src/utils/__tests__/financialFormatting.test.ts > financialFormatting > formatCompact > formats thousands 1ms
 ✓ src/utils/__tests__/financialFormatting.test.ts > financialFormatting > formatCompact > returns dash for null 0ms
 ✓ src/utils/__tests__/financialFormatting.test.ts > financialFormatting > formatCompact > formats negative compact 0ms
 ✓ src/utils/__tests__/financialFormatting.test.ts > financialFormatting > formatPercent > formats with decimals 0ms
 ✓ src/utils/__tests__/financialFormatting.test.ts > financialFormatting > formatPercent > returns dash for null 0ms
 ✓ src/utils/__tests__/financialFormatting.test.ts > financialFormatting > formatNumber > formats number with commas 0ms
 ✓ src/utils/__tests__/financialFormatting.test.ts > financialFormatting > formatNumber > returns dash for null 0ms
 ✓ src/utils/__tests__/financialFormatting.test.ts > financialFormatting > formatVariance > returns positive variance 0ms
 ✓ src/utils/__tests__/financialFormatting.test.ts > financialFormatting > formatVariance > returns negative variance 0ms
 ✓ src/utils/__tests__/financialFormatting.test.ts > financialFormatting > formatVariance > returns neutral for zero diff 0ms
 ✓ src/utils/__tests__/financialFormatting.test.ts > financialFormatting > parseFinancialInput > parses simple number 0ms
 ✓ src/utils/__tests__/financialFormatting.test.ts > financialFormatting > parseFinancialInput > parses parentheses negative 0ms
 ✓ src/utils/__tests__/financialFormatting.test.ts > financialFormatting > parseFinancialInput > parses compact K notation 0ms
 ✓ src/utils/__tests__/financialFormatting.test.ts > financialFormatting > parseFinancialInput > parses compact M notation 0ms
 ✓ src/utils/__tests__/financialFormatting.test.ts > financialFormatting > parseFinancialInput > parses compact B notation 0ms
 ✓ src/utils/__tests__/financialFormatting.test.ts > financialFormatting > parseFinancialInput > parses percentage 0ms
 ✓ src/utils/__tests__/financialFormatting.test.ts > financialFormatting > parseFinancialInput > returns null for empty 0ms
 ✓ src/utils/__tests__/financialFormatting.test.ts > financialFormatting > parseFinancialInput > returns null for invalid 0ms
 ✓ src/utils/__tests__/financialFormatting.test.ts > financialFormatting > useFinancialFormatter > returns all formatting functions 0ms
(node:4820) ExperimentalWarning: localStorage is not available because --localstorage-file was not provided.
(Use `node --trace-warnings ...` to show where the warning was created)
 ✓ src/utils/financial.test.ts > financialFormatting > formatCurrency > formats positive value 2ms
 ✓ src/utils/financial.test.ts > financialFormatting > formatCurrency > formats negative with parentheses by default 0ms
 ✓ src/utils/financial.test.ts > financialFormatting > formatCurrency > returns null display for null 0ms
 ✓ src/utils/financial.test.ts > financialFormatting > formatCurrency > returns zero display for zero 0ms
 ✓ src/utils/financial.test.ts > financialFormatting > formatCurrency > supports minus negative style 0ms
 ✓ src/utils/financial.test.ts > financialFormatting > formatCompact > formats billions 0ms
 ✓ src/utils/financial.test.ts > financialFormatting > formatCompact > formats millions 0ms
 ✓ src/utils/financial.test.ts > financialFormatting > formatCompact > formats thousands 1ms
 ✓ src/utils/financial.test.ts > financialFormatting > formatCompact > returns dash for null 0ms
 ✓ src/utils/financial.test.ts > financialFormatting > formatCompact > formats negative compact 0ms
 ✓ src/utils/financial.test.ts > financialFormatting > formatPercent > formats with decimals 0ms
 ✓ src/utils/financial.test.ts > financialFormatting > formatPercent > returns dash for null 0ms
 ✓ src/utils/financial.test.ts > financialFormatting > formatNumber > formats number with commas 0ms
 ✓ src/utils/financial.test.ts > financialFormatting > formatNumber > returns dash for null 0ms
 ✓ src/utils/financial.test.ts > financialFormatting > formatVariance > returns positive variance 0ms
 ✓ src/utils/financial.test.ts > financialFormatting > formatVariance > returns negative variance 0ms
 ✓ src/utils/financial.test.ts > financialFormatting > formatVariance > returns neutral for zero diff 0ms
 ✓ src/utils/financial.test.ts > financialFormatting > parseFinancialInput > parses simple number 0ms
 ✓ src/utils/financial.test.ts > financialFormatting > parseFinancialInput > parses parentheses negative 0ms
 ✓ src/utils/financial.test.ts > financialFormatting > parseFinancialInput > parses compact K notation 0ms
 ✓ src/utils/financial.test.ts > financialFormatting > parseFinancialInput > parses compact M notation 0ms
 ✓ src/utils/financial.test.ts > financialFormatting > parseFinancialInput > parses compact B notation 0ms
 ✓ src/utils/financial.test.ts > financialFormatting > parseFinancialInput > parses percentage 0ms
 ✓ src/utils/financial.test.ts > financialFormatting > parseFinancialInput > returns null for empty 0ms
 ✓ src/utils/financial.test.ts > financialFormatting > parseFinancialInput > returns null for invalid 0ms
 ✓ src/utils/financial.test.ts > financialFormatting > useFinancialFormatter > returns all formatting functions 0ms
(node:4820) ExperimentalWarning: localStorage is not available because --localstorage-file was not provided.
(Use `node --trace-warnings ...` to show where the warning was created)
 ✓ src/engines/CellValidationEngine.test.ts > CellValidationEngine > addRule and validate > should add range validation rule 3ms
 ✓ src/engines/CellValidationEngine.test.ts > CellValidationEngine > addRule and validate > should fail range validation out of range 0ms
 ✓ src/engines/CellValidationEngine.test.ts > CellValidationEngine > addRule and validate > should validate allowed list rule 0ms
 ✓ src/engines/CellValidationEngine.test.ts > CellValidationEngine > addRule and validate > should validate required rule 0ms
 ✓ src/engines/CellValidationEngine.test.ts > CellValidationEngine > addRule and validate > should validate multiple rules on same cell 0ms
 ✓ src/engines/CellValidationEngine.test.ts > CellValidationEngine > removeRule > should remove a specific rule 0ms
 ✓ src/engines/CellValidationEngine.test.ts > CellValidationEngine > getErrors > should return accumulated errors 0ms
 ✓ src/engines/CellValidationEngine.test.ts > CellValidationEngine > clearErrors > should clear errors for a cell 1ms
(node:4820) ExperimentalWarning: localStorage is not available because --localstorage-file was not provided.
(Use `node --trace-warnings ...` to show where the warning was created)
 ✓ src/engines/VisualWorkflowEngine.test.ts > VisualWorkflowEngine > createWorkflow > creates a new workflow 2ms
 ✓ src/engines/VisualWorkflowEngine.test.ts > VisualWorkflowEngine > createWorkflow > creates unique IDs 1ms
 ✓ src/engines/VisualWorkflowEngine.test.ts > VisualWorkflowEngine > getWorkflow > retrieves workflow by ID 0ms
 ✓ src/engines/VisualWorkflowEngine.test.ts > VisualWorkflowEngine > getWorkflow > returns undefined for missing ID 0ms
 ✓ src/engines/VisualWorkflowEngine.test.ts > VisualWorkflowEngine > addNode > adds node to workflow 0ms
 ✓ src/engines/VisualWorkflowEngine.test.ts > VisualWorkflowEngine > addNode > returns null for invalid workflow 0ms
 ✓ src/engines/VisualWorkflowEngine.test.ts > VisualWorkflowEngine > addEdge > adds edge between nodes 0ms
 ✓ src/engines/VisualWorkflowEngine.test.ts > VisualWorkflowEngine > validate > validates correct workflow 0ms
 ✓ src/engines/VisualWorkflowEngine.test.ts > VisualWorkflowEngine > validate > detects missing trigger 0ms
 ✓ src/engines/VisualWorkflowEngine.test.ts > VisualWorkflowEngine > getExecutionOrder > returns topological order for valid workflow 1ms
 ✓ src/engines/VisualWorkflowEngine.test.ts > VisualWorkflowEngine > getExecutionOrder > returns null for nonexistent workflow 0ms
 ✓ src/engines/VisualWorkflowEngine.test.ts > VisualWorkflowEngine > getDownstreamNodes > returns downstream nodes 1ms
(node:4820) ExperimentalWarning: localStorage is not available because --localstorage-file was not provided.
(Use `node --trace-warnings ...` to show where the warning was created)
(node:4820) ExperimentalWarning: localStorage is not available because --localstorage-file was not provided.
(Use `node --trace-warnings ...` to show where the warning was created)
 ✓ src/engines/ICMatchingEngine.test.ts > ICMatchingEngine > should initialize with default tolerance 2ms
 ✓ src/engines/ICMatchingEngine.test.ts > ICMatchingEngine > should auto-match exact pairs 1ms
 ✓ src/engines/ICMatchingEngine.test.ts > ICMatchingEngine > should auto-match partial pairs (amount difference) 0ms
 ✓ src/engines/ICMatchingEngine.test.ts > ICMatchingEngine > should not match when amounts are same sign 0ms
 ✓ src/engines/ICMatchingEngine.test.ts > ICMatchingEngine > should get match summary 0ms
 ✓ src/engines/ICMatchingEngine.test.ts > ICMatchingEngine > should set tolerance settings 0ms
 ✓ src/engines/ICMatchingEngine.test.ts > ICMatchingEngine > should manually match transactions 0ms
 ✓ src/engines/ICMatchingEngine.test.ts > ICMatchingEngine > should get unmatched transactions 0ms
 ✓ src/engines/ICMatchingEngine.test.ts > ICMatchingEngine > should get unmatched when no matching 0ms
 ✓ src/engines/ICMatchingEngine.test.ts > ICMatchingEngine > should unmatch a pair 0ms
 ✓ src/engines/ICMatchingEngine.test.ts > ICMatchingEngine > should generate elimination entries 0ms
 ✓ src/engines/AggregateTableEngine.test.ts > AggregateTableEngine > aggregate > should aggregate monthly data 3ms
 ✓ src/engines/AggregateTableEngine.test.ts > AggregateTableEngine > aggregate > should aggregate quarterly data 0ms
 ✓ src/engines/AggregateTableEngine.test.ts > AggregateTableEngine > aggregate > should aggregate yearly data 0ms
 ✓ src/engines/AggregateTableEngine.test.ts > AggregateTableEngine > aggregate > should aggregate YTD data 0ms
 ✓ src/engines/AggregateTableEngine.test.ts > AggregateTableEngine > query > should return undefined for missing key 0ms
 ✓ src/engines/AggregateTableEngine.test.ts > AggregateTableEngine > query > should query aggregated entries 0ms
 ✓ src/engines/AggregateTableEngine.test.ts > AggregateTableEngine > queryRange > should query entries in date range 1ms
 ✓ src/engines/AggregateTableEngine.test.ts > AggregateTableEngine > invalidate > should clear all entries when no args 0ms
 ✓ src/engines/AggregateTableEngine.test.ts > AggregateTableEngine > invalidate > should invalidate by entityId 0ms
 ✓ src/engines/AggregateTableEngine.test.ts > AggregateTableEngine > getStats > should return stats 0ms
(node:4820) ExperimentalWarning: localStorage is not available because --localstorage-file was not provided.
(Use `node --trace-warnings ...` to show where the warning was created)
(node:4820) ExperimentalWarning: localStorage is not available because --localstorage-file was not provided.
(Use `node --trace-warnings ...` to show where the warning was created)
 ✓ src/utils/__tests__/tokenRotation.test.ts > tokenRotation > getAuthHeader returns Authorization header 4ms
 ✓ src/utils/__tests__/tokenRotation.test.ts > tokenRotation > refreshToken returns true on success 1ms
 ✓ src/utils/__tests__/tokenRotation.test.ts > tokenRotation > refreshToken returns false when not authenticated 1ms
 ✓ src/utils/__tests__/tokenRotation.test.ts > tokenRotation > handleTokenExpiry logs out and redirects 1ms
 ✓ src/utils/__tests__/tokenRotation.test.ts > tokenRotation > installFetchInterceptor patches global fetch 1ms
 ✓ src/utils/__tests__/tokenRotation.test.ts > tokenRotation > uninstallFetchInterceptor restores original fetch 1ms
 ✓ src/utils/__tests__/tokenRotation.test.ts > tokenRotation > installFetchInterceptor does not re-install 1ms
 ✓ src/utils/__tests__/tokenRotation.test.ts > tokenRotation > startRotation adds event listener 2ms
 ✓ src/utils/__tests__/tokenRotation.test.ts > tokenRotation > stopRotation removes event listener 1ms
 ✓ src/utils/__tests__/tokenRotation.test.ts > tokenRotation > scheduleRefresh does not throw 1ms
 ✓ src/utils/__tests__/tokenRotation.test.ts > tokenRotation > intercepted 401 response retries request 1ms
 ✓ src/engines/ReportVersionEngine.test.ts > ReportVersionEngine > commitVersion > should commit a new version 3ms
 ✓ src/engines/ReportVersionEngine.test.ts > ReportVersionEngine > commitVersion > should increment version numbers 0ms
 ✓ src/engines/ReportVersionEngine.test.ts > ReportVersionEngine > getVersion > should get specific version 0ms
 ✓ src/engines/ReportVersionEngine.test.ts > ReportVersionEngine > getVersion > should return undefined for non-existent version 0ms
 ✓ src/engines/ReportVersionEngine.test.ts > ReportVersionEngine > getVersionHistory > should return version history 1ms
 ✓ src/engines/ReportVersionEngine.test.ts > ReportVersionEngine > getVersionHistory > should return empty for report with no versions 1ms
 ✓ src/engines/ReportVersionEngine.test.ts > ReportVersionEngine > compareVersions > should diff two versions 0ms
 ✓ src/engines/ReportVersionEngine.test.ts > ReportVersionEngine > createBranch > should create a branch 0ms
 ✓ src/engines/ReportVersionEngine.test.ts > ReportVersionEngine > mergeBranch > should merge branch into main 0ms
(node:4820) ExperimentalWarning: localStorage is not available because --localstorage-file was not provided.
(Use `node --trace-warnings ...` to show where the warning was created)
(node:4820) ExperimentalWarning: localStorage is not available because --localstorage-file was not provided.
(Use `node --trace-warnings ...` to show where the warning was created)
 ✓ src/engines/DriverLibrary.test.ts > DriverLibrary > initialize > should load default drivers 2ms
 ✓ src/engines/DriverLibrary.test.ts > DriverLibrary > initialize > should include revenue drivers 0ms
 ✓ src/engines/DriverLibrary.test.ts > DriverLibrary > getDriver > should get driver by id 0ms
 ✓ src/engines/DriverLibrary.test.ts > DriverLibrary > getDriver > should return undefined for non-existent driver 0ms
 ✓ src/engines/DriverLibrary.test.ts > DriverLibrary > getByCategory > should filter drivers by category 0ms
 ✓ src/engines/DriverLibrary.test.ts > DriverLibrary > getByCategory > should return empty array for unknown category 1ms
 ✓ src/engines/DriverLibrary.test.ts > DriverLibrary > updateDriver > should update defaultValue on the driver 0ms
 ✓ src/engines/DriverLibrary.test.ts > DriverLibrary > updateDriver > should record a DriverChange entry 1ms
 ✓ src/engines/DriverLibrary.test.ts > DriverLibrary > updateDriver > should reject value outside range 0ms
 ✓ src/engines/DriverLibrary.test.ts > DriverLibrary > updateDriver > should silently skip non-existent driver 0ms
 ✓ src/engines/DriverLibrary.test.ts > DriverLibrary > getChanges > should return all changes when called without argument 0ms
 ✓ src/engines/DriverLibrary.test.ts > DriverLibrary > getChanges > should filter by driverId when provided 0ms
 ✓ src/engines/DriverLibrary.test.ts > DriverLibrary > cascadeChange > should apply driver percentage to linked line items 0ms
 ✓ src/engines/DriverLibrary.test.ts > DriverLibrary > cascadeChange > should return items unchanged for unknown driver 0ms
 ✓ src/components/ui/ScenarioLocking.test.tsx > ScenarioLocking > renders without crashing when unlocked 32ms
 ✓ src/components/ui/ScenarioLocking.test.tsx > ScenarioLocking > renders without crashing when locked 10ms
 × src/components/ui/ScenarioLocking.test.tsx > ScenarioLocking > displays scenario name 29ms
   → Invalid Chai property: toBeInTheDocument
 × src/components/ui/ScenarioLocking.test.tsx > ScenarioLocking > shows Lock Scenario button when unlocked 6ms
   → Invalid Chai property: toBeInTheDocument
 × src/components/ui/ScenarioLocking.test.tsx > ScenarioLocking > shows Unlock button when locked 7ms
   → Invalid Chai property: toBeInTheDocument
 × src/components/ui/ScenarioLocking.test.tsx > ScenarioLocking > shows Locked indicator when locked 6ms
   → Invalid Chai property: toBeInTheDocument
(node:4820) ExperimentalWarning: localStorage is not available because --localstorage-file was not provided.
(Use `node --trace-warnings ...` to show where the warning was created)
(node:4820) ExperimentalWarning: localStorage is not available because --localstorage-file was not provided.
(Use `node --trace-warnings ...` to show where the warning was created)
 ✓ src/engines/ImpairmentEngine.test.ts > ImpairmentEngine > testImpairment > should detect impairment when carrying exceeds recoverable 2ms
 ✓ src/engines/ImpairmentEngine.test.ts > ImpairmentEngine > testImpairment > should not detect impairment when carrying below recoverable 0ms
 ✓ src/engines/ImpairmentEngine.test.ts > ImpairmentEngine > testImpairment > should not detect impairment when equal 0ms
 ✓ src/engines/ImpairmentEngine.test.ts > ImpairmentEngine > testImpairment > should record impairment in history 0ms
 ✓ src/engines/ImpairmentEngine.test.ts > ImpairmentEngine > testBatchImpairment > should test multiple assets 1ms
 ✓ src/engines/ImpairmentEngine.test.ts > ImpairmentEngine > testBatchImpairment > should handle empty array 0ms
 ✓ src/engines/ImpairmentEngine.test.ts > ImpairmentEngine > calculateRecoverableAmount > should use higher of fair value less costs and value in use 0ms
 ✓ src/engines/ImpairmentEngine.test.ts > ImpairmentEngine > calculateRecoverableAmount > should use value in use when higher 0ms
 ✓ src/engines/ImpairmentEngine.test.ts > ImpairmentEngine > reset > should clear all history 0ms
 ✓ src/components/data/GLColumnMapper.test.tsx > GLColumnMapper > renders without crashing 42ms
 × src/components/data/GLColumnMapper.test.tsx > GLColumnMapper > renders unique target field labels 42ms
   → Invalid Chai property: toBeInTheDocument
 ✓ src/components/data/GLColumnMapper.test.tsx > GLColumnMapper > renders Debit and Credit as field labels 31ms
 ✓ src/components/data/GLColumnMapper.test.tsx > GLColumnMapper > shows required markers for required fields 14ms
 ✓ src/components/data/GLColumnMapper.test.tsx > GLColumnMapper > renders select dropdowns for each field 9ms
 ✓ src/components/data/GLColumnMapper.test.tsx > GLColumnMapper > shows skip column option in each select 8ms
 ✓ src/components/data/GLColumnMapper.test.tsx > GLColumnMapper > shows csv columns as options 18ms
 × src/components/data/GLColumnMapper.test.tsx > GLColumnMapper > shows empty state when no csv columns 9ms
   → Invalid Chai property: toBeInTheDocument
 × src/components/data/GLColumnMapper.test.tsx > GLColumnMapper > shows check icon for mapped fields 8ms
   → Invalid Chai property: toBeInTheDocument
 ✓ src/components/data/GLColumnMapper.test.tsx > GLColumnMapper > calls onAutoMap on mount when no mappings exist 6ms
 ✓ src/components/data/GLColumnMapper.test.tsx > GLColumnMapper > does not call onAutoMap when mappings already exist 5ms
(node:4820) ExperimentalWarning: localStorage is not available because --localstorage-file was not provided.
(Use `node --trace-warnings ...` to show where the warning was created)
 ✓ src/hooks/useUndoableAction.test.ts > useUndoableAction > should return initial state 15ms
 ✓ src/hooks/useUndoableAction.test.ts > useUndoableAction > should execute an action and make undoable 3ms
 ✓ src/hooks/useUndoableAction.test.ts > useUndoableAction > should undo an action 3ms
 ✓ src/hooks/useUndoableAction.test.ts > useUndoableAction > should redo an action 2ms
 ✓ src/hooks/useUndoableAction.test.ts > useUndoableAction > should clear redo stack on new action 2ms
 ✓ src/hooks/useUndoableAction.test.ts > useUndoableAction > should do nothing when undoing empty stack 1ms
 ✓ src/hooks/useUndoableAction.test.ts > useUndoableAction > should do nothing when redoing empty stack 1ms
 ✓ src/hooks/useUndoableAction.test.ts > useUndoableAction > should auto-expire undo after timeout 2ms
(node:4820) ExperimentalWarning: localStorage is not available because --localstorage-file was not provided.
(Use `node --trace-warnings ...` to show where the warning was created)
 ✓ src/utils/masterStorage.test.ts > masterStorage > getItem (Tauri path - first call sets cache) > should delegate to tauriSqlStorage when on Tauri 4ms
 ✓ src/utils/masterStorage.test.ts > masterStorage > getItem (Tauri path - first call sets cache) > should return null when tauri storage returns null 0ms
 ✓ src/utils/masterStorage.test.ts > masterStorage > setItem (Tauri path) > should delegate to tauriSqlStorage 1ms
 ✓ src/utils/masterStorage.test.ts > masterStorage > removeItem (Tauri path) > should delegate to tauriSqlStorage 0ms
 ✓ src/utils/masterStorage.test.ts > masterStorage > caching behavior > should only call isTauri once (cached after first call) 0ms
 ✓ src/utils/masterStorage.test.ts > masterStorage > error handling > should propagate errors from underlying storage 2ms
(node:4820) ExperimentalWarning: localStorage is not available because --localstorage-file was not provided.
(Use `node --trace-warnings ...` to show where the warning was created)
 ✓ src/engines/CellCommentEngine.test.ts > CellCommentEngine > should initialize with empty comments 3ms
 ✓ src/engines/CellCommentEngine.test.ts > CellCommentEngine > should add a comment 1ms
 ✓ src/engines/CellCommentEngine.test.ts > CellCommentEngine > should get comments for a cell 2ms
 ✓ src/engines/CellCommentEngine.test.ts > CellCommentEngine > should reply to a comment 0ms
 ✓ src/engines/CellCommentEngine.test.ts > CellCommentEngine > should return null when replying to non-existent comment 0ms
 ✓ src/engines/CellCommentEngine.test.ts > CellCommentEngine > should resolve and unresolve a comment 1ms
 ✓ src/engines/CellCommentEngine.test.ts > CellCommentEngine > should return false when resolving non-existent comment 0ms
 ✓ src/engines/CellCommentEngine.test.ts > CellCommentEngine > should delete a comment 0ms
 ✓ src/engines/CellCommentEngine.test.ts > CellCommentEngine > should return false when deleting non-existent comment 0ms
 ✓ src/engines/CellCommentEngine.test.ts > CellCommentEngine > should extract mentions from text 1ms
 ✓ src/engines/CellCommentEngine.test.ts > CellCommentEngine > should count comments correctly 0ms
 ✓ src/engines/CellCommentEngine.test.ts > CellCommentEngine > should export comments 0ms
 ✓ src/engines/CellCommentEngine.test.ts > CellCommentEngine > should import comments 0ms
(node:4820) ExperimentalWarning: localStorage is not available because --localstorage-file was not provided.
(Use `node --trace-warnings ...` to show where the warning was created)
stderr | src/pages/settings/SettingsPage.test.tsx > SettingsPage smoke test > renders without crashing for admin user
You provided a `value` prop to a form field without an `onChange` handler. This will render a read-only field. If the 
field should be mutable use `defaultValue`. Otherwise, set `onChange`.
You provided a `value` prop to a form field without an `onChange` handler. This will render a read-only field. If the 
field should be mutable use `defaultValue`. Otherwise, set `onChange`.
Unknown event handler property `onValueChange`. It will be ignored.

stderr | src/pages/settings/SettingsPage.test.tsx > SettingsPage smoke test > displays the settings heading
You provided a `value` prop to a form field without an `onChange` handler. This will render a read-only field. If the 
field should be mutable use `defaultValue`. Otherwise, set `onChange`.
You provided a `value` prop to a form field without an `onChange` handler. This will render a read-only field. If the 
field should be mutable use `defaultValue`. Otherwise, set `onChange`.

 ✓ src/pages/settings/SettingsPage.test.tsx > SettingsPage smoke test > renders without crashing for admin user 61ms
 × src/pages/settings/SettingsPage.test.tsx > SettingsPage smoke test > displays the settings heading 160ms
   → Invalid Chai property: toBeInTheDocument
(node:4820) ExperimentalWarning: localStorage is not available because --localstorage-file was not provided.
(Use `node --trace-warnings ...` to show where the warning was created)
(node:4820) ExperimentalWarning: localStorage is not available because --localstorage-file was not provided.
(Use `node --trace-warnings ...` to show where the warning was created)
 ✓ src/hooks/useFocusManagement.test.ts > useRouteFocus > should focus heading ref after timeout 14ms
 ✓ src/hooks/useFocusManagement.test.ts > useRouteFocus > should not crash if ref is null 2ms
 ✓ src/hooks/useFocusManagement.test.ts > useFocusTrap > should add keydown listener to container 3ms
 ✓ src/hooks/useFocusManagement.test.ts > useFocusTrap > should not crash if container ref is null 1ms
 ✓ src/hooks/useFocusManagement.test.ts > useFocusRestore > should save and restore focus 5ms
 ✓ src/hooks/useFocusManagement.test.ts > useFocusRestore > should handle restore when no element was saved 2ms
 ✓ src/hooks/useFocusManagement.test.ts > useFocusManagement > should return mainContentRef 2ms
 ✓ src/hooks/useFocusManagement.test.ts > useSkipToContent > should return skipRef and handleSkip 1ms
 ✓ src/hooks/useFocusManagement.test.ts > useSkipToContent > should focus main element on skip 10ms
 ✓ src/hooks/useFocusManagement.test.ts > useSkipToContent > should not crash if no main element exists 1ms
(node:4820) ExperimentalWarning: localStorage is not available because --localstorage-file was not provided.
(Use `node --trace-warnings ...` to show where the warning was created)
 ✓ src/hooks/useAuth.test.ts > useAuth > should return the initial state from the store 15ms
 ✓ src/hooks/useAuth.test.ts > useAuth > should reflect the authenticated state from the store 2ms
 ✓ src/hooks/useAuth.test.ts > useAuth > should call the store's login function 2ms
 ✓ src/hooks/useAuth.test.ts > useAuth > should call the store's logout function 1ms
 ✓ src/hooks/useAuth.test.ts > useAuth > should call the store's switchEntity function 2ms
 ✓ src/components/ui/ICMatchingDashboard.test.tsx > ICMatchingDashboard > renders without crashing 50ms
 × src/components/ui/ICMatchingDashboard.test.tsx > ICMatchingDashboard > displays summary cards 42ms
   → Invalid Chai property: toBeInTheDocument
 × src/components/ui/ICMatchingDashboard.test.tsx > ICMatchingDashboard > displays matching controls 13ms
   → Invalid Chai property: toBeInTheDocument
(node:4820) ExperimentalWarning: localStorage is not available because --localstorage-file was not provided.
(Use `node --trace-warnings ...` to show where the warning was created)
 ✓ src/engines/ReportLayoutEngine.test.ts > ReportLayoutEngine > generateProfitAndLossLayout > generates P&L layout with revenue section 2ms
 ✓ src/engines/ReportLayoutEngine.test.ts > ReportLayoutEngine > generateProfitAndLossLayout > includes revenue, COGS, and net income sections 1ms
 ✓ src/engines/ReportLayoutEngine.test.ts > ReportLayoutEngine > generateProfitAndLossLayout > handles empty data 0ms
 ✓ src/engines/ReportLayoutEngine.test.ts > ReportLayoutEngine > generateBalanceSheetLayout > generates balance sheet layout 0ms
 ✓ src/engines/ReportLayoutEngine.test.ts > ReportLayoutEngine > generateBalanceSheetLayout > includes assets, liabilities, and equity sections 0ms
 ✓ src/engines/ReportLayoutEngine.test.ts > ReportLayoutEngine > generateBalanceSheetLayout > handles empty data 0ms
 ✓ src/engines/ReportLayoutEngine.test.ts > ReportLayoutEngine > renderSectionToHTML > renders section to HTML 1ms
 ✓ src/engines/ReportLayoutEngine.test.ts > ReportLayoutEngine > renderSectionToHTML > renders bold total section 0ms
(node:4820) ExperimentalWarning: localStorage is not available because --localstorage-file was not provided.
(Use `node --trace-warnings ...` to show where the warning was created)
(node:4820) ExperimentalWarning: localStorage is not available because --localstorage-file was not provided.
(Use `node --trace-warnings ...` to show where the warning was created)
 ✓ src/engines/AutoSaveEngine.test.ts > AutoSaveEngine > should initialize with default config 2ms
 ✓ src/engines/AutoSaveEngine.test.ts > AutoSaveEngine > should not be running initially 0ms
 ✓ src/engines/AutoSaveEngine.test.ts > AutoSaveEngine > should start and stop 1ms
 ✓ src/engines/AutoSaveEngine.test.ts > AutoSaveEngine > should perform manual save 1ms
 ✓ src/engines/AutoSaveEngine.test.ts > AutoSaveEngine > should perform blur save 0ms
 ✓ src/engines/AutoSaveEngine.test.ts > AutoSaveEngine > should perform close save 0ms
 ✓ src/engines/AutoSaveEngine.test.ts > AutoSaveEngine > should track entries 1ms
 ✓ src/engines/AutoSaveEngine.test.ts > AutoSaveEngine > should prune old entries 0ms
 ✓ src/engines/AutoSaveEngine.test.ts > AutoSaveEngine > should get latest entry 0ms
 ✓ src/engines/AutoSaveEngine.test.ts > AutoSaveEngine > should remove entry 0ms
 ✓ src/engines/AutoSaveEngine.test.ts > AutoSaveEngine > should clear entries 0ms
 ✓ src/engines/AutoSaveEngine.test.ts > AutoSaveEngine > should update config 0ms
 ✓ src/engines/AutoSaveEngine.test.ts > AutoSaveEngine > should return null when callback returns null 0ms
(node:4820) ExperimentalWarning: localStorage is not available because --localstorage-file was not provided.
(Use `node --trace-warnings ...` to show where the warning was created)
 × src/components/ui/BulletChart.test.tsx > BulletChart > renders without crashing 69ms
   → Invalid Chai property: toBeInTheDocument
 × src/components/ui/BulletChart.test.tsx > BulletChart > renders label when provided 7ms
   → Invalid Chai property: toBeInTheDocument
 × src/components/ui/BulletChart.test.tsx > BulletChart > does not render label when not provided 5ms
   → Invalid Chai property: toBeInTheDocument
 × src/components/ui/BulletChart.test.tsx > BulletChart > renders loading spinner when loading is true 2ms
   → Invalid Chai property: toBeInTheDocument
 × src/components/ui/BulletChart.test.tsx > BulletChart > renders error message when error is provided 3ms
   → Invalid Chai property: toBeInTheDocument
 × src/components/ui/BulletChart.test.tsx > BulletChart > renders invalid data message when actual is NaN 2ms
   → Invalid Chai property: toBeInTheDocument
 × src/components/ui/BulletChart.test.tsx > BulletChart > renders invalid data message when target is NaN 2ms
   → Invalid Chai property: toBeInTheDocument
 × src/components/ui/BulletChart.test.tsx > BulletChart > uses custom format function 6ms
   → Invalid Chai property: toBeInTheDocument
 × src/components/ui/ErrorState.test.tsx > ErrorState > renders with default title and message 47ms
   → Invalid Chai property: toBeInTheDocument
 × src/components/ui/ErrorState.test.tsx > ErrorState > renders custom title 5ms
   → Invalid Chai property: toBeInTheDocument
 × src/components/ui/ErrorState.test.tsx > ErrorState > renders retry button when onRetry is provided 5ms
   → Invalid Chai property: toBeInTheDocument
 × src/components/ui/ErrorState.test.tsx > ErrorState > does not render retry button when onRetry is omitted 3ms
   → Invalid Chai property: toBeInTheDocument
 × src/components/ui/ErrorState.test.tsx > ErrorState > renders custom retry label 5ms
   → Invalid Chai property: toBeInTheDocument
 ✓ src/components/ui/ErrorState.test.tsx > ErrorState > calls onRetry when retry button is clicked 10ms
 ✓ src/components/ui/ErrorState.test.tsx > ErrorState > does not crash when retry button clicked multiple times 6ms
 × src/components/ui/ErrorState.test.tsx > ErrorState > has role="alert" 111ms
   → Invalid Chai property: toBeInTheDocument
 × src/components/ui/ErrorState.test.tsx > ErrorState > has aria-live="polite" 8ms
   → Invalid Chai property: toHaveAttribute
 ✓ src/components/ui/ErrorState.test.tsx > ErrorState > applies custom className 6ms
 × src/components/ui/ErrorState.test.tsx > ErrorState > renders empty message without crashing 5ms
   → Invalid Chai property: toBeInTheDocument
 × src/components/ui/ErrorState.test.tsx > ErrorState > renders very long message without crashing 3ms
   → Invalid Chai property: toBeInTheDocument
 × src/components/ui/ErrorState.test.tsx > ErrorState > renders with XSS-like content safely 5ms
   → Invalid Chai property: toBeInTheDocument
 × src/components/ui/ErrorState.test.tsx > ErrorState > renders error icon (AlertTriangle) 3ms
   → Invalid Chai property: toBeInTheDocument
 × src/components/ui/ErrorState.test.tsx > ErrorState > renders RefreshCw icon inside retry button 3ms
   → Invalid Chai property: toBeInTheDocument
 ✓ src/components/ui/BulletChart.test.tsx > BulletChart > calls onClick when clicked 10ms
 ✓ src/components/ui/BulletChart.test.tsx > BulletChart > supports keyboard interaction when onClick is provided 87ms
 ✓ src/components/ui/BulletChart.test.tsx > BulletChart > supports space key interaction when onClick is provided 12ms
 × src/components/ui/BulletChart.test.tsx > BulletChart > renders with default ranges 4ms
   → Invalid Chai property: toBeInTheDocument
 × src/components/ui/BulletChart.test.tsx > BulletChart > renders with custom ranges 5ms
   → Invalid Chai property: toBeInTheDocument
(node:4820) ExperimentalWarning: localStorage is not available because --localstorage-file was not provided.
(Use `node --trace-warnings ...` to show where the warning was created)
 × src/components/ui/PeriodPicker.test.tsx > PeriodPicker > renders the fiscal period label 54ms
   → Invalid Chai property: toBeInTheDocument
 × src/components/ui/PeriodPicker.test.tsx > PeriodPicker > shows selected period name and year 6ms
   → Invalid Chai property: toBeInTheDocument
 × src/components/ui/PeriodPicker.test.tsx > PeriodPicker > shows placeholder when no period selected 9ms
   → Invalid Chai property: toBeInTheDocument
 × src/components/ui/PeriodPicker.test.tsx > PeriodPicker > opens dropdown on trigger click and shows period options 149ms
   → Invalid Chai property: toBeInTheDocument
 × src/components/ui/PeriodPicker.test.tsx > PeriodPicker > shows quarter groupings 55ms
   → Invalid Chai property: toBeInTheDocument
 ✓ src/components/ui/PeriodPicker.test.tsx > PeriodPicker > calls onPeriodChange when a period is selected 33ms
 × src/components/ui/PeriodPicker.test.tsx > PeriodPicker > shows checkmark on selected period 30ms
   → Invalid Chai property: toBeInTheDocument
 × src/components/ui/PeriodPicker.test.tsx > PeriodPicker > shows Closed badge for closed periods 29ms
   → Invalid Chai property: toBeInTheDocument
 ✓ src/components/ui/PeriodPicker.test.tsx > PeriodPicker > renders calendar icon 11ms
(node:4820) ExperimentalWarning: localStorage is not available because --localstorage-file was not provided.
(Use `node --trace-warnings ...` to show where the warning was created)
 ✓ src/engines/DrillThroughEngine.test.ts > DrillThroughEngine > should initialize with empty path 2ms
 ✓ src/engines/DrillThroughEngine.test.ts > DrillThroughEngine > should register a handler 1ms
 ✓ src/engines/DrillThroughEngine.test.ts > DrillThroughEngine > should drill down through levels 1ms
 ✓ src/engines/DrillThroughEngine.test.ts > DrillThroughEngine > should navigate back 0ms
 ✓ src/engines/DrillThroughEngine.test.ts > DrillThroughEngine > should reset path 0ms
 ✓ src/engines/DrillThroughEngine.test.ts > DrillThroughEngine > should check if drill down is possible 0ms
 ✓ src/engines/DrillThroughEngine.test.ts > DrillThroughEngine > should return false when no handlers for next level 0ms
 ✓ src/engines/DrillThroughEngine.test.ts > DrillThroughEngine > should subscribe and notify listeners 0ms
 ✓ src/engines/DrillThroughEngine.test.ts > DrillThroughEngine > should return null when at max depth 0ms
(node:4820) ExperimentalWarning: localStorage is not available because --localstorage-file was not provided.
(Use `node --trace-warnings ...` to show where the warning was created)
(node:4820) ExperimentalWarning: localStorage is not available because --localstorage-file was not provided.
(Use `node --trace-warnings ...` to show where the warning was created)
 × src/components/ui/BoxPlotChart.test.tsx > BoxPlotChart > renders without crashing 65ms
   → Invalid Chai property: toBeInTheDocument
 × src/components/ui/BoxPlotChart.test.tsx > BoxPlotChart > renders all data labels 6ms
   → Invalid Chai property: toBeInTheDocument
 × src/components/ui/BoxPlotChart.test.tsx > BoxPlotChart > renders min and max format values 5ms
   → Invalid Chai property: toBeInTheDocument
 × src/components/ui/BoxPlotChart.test.tsx > BoxPlotChart > renders loading spinner when loading is true 5ms
   → Invalid Chai property: toBeInTheDocument
 × src/components/ui/BoxPlotChart.test.tsx > BoxPlotChart > renders error message when error is provided 3ms
   → Invalid Chai property: toBeInTheDocument
 × src/components/ui/BoxPlotChart.test.tsx > BoxPlotChart > renders no data message when data is empty 2ms
   → Invalid Chai property: toBeInTheDocument
 ✓ src/components/ui/BoxPlotChart.test.tsx > BoxPlotChart > renders outlier points when provided 6ms
 ✓ src/components/ui/BoxPlotChart.test.tsx > BoxPlotChart > calls onClick when a box plot item is clicked 92ms
 × src/components/ui/BoxPlotChart.test.tsx > BoxPlotChart > uses custom format function 5ms
   → Invalid Chai property: toBeInTheDocument
 ✓ src/components/ui/BoxPlotChart.test.tsx > BoxPlotChart > supports keyboard interaction when onClick is provided 16ms
 ✓ src/components/ui/BoxPlotChart.test.tsx > BoxPlotChart > supports space key interaction when onClick is provided 18ms
stderr | src/pages/__tests__/data/MigrationWizard.test.tsx > MigrationWizard > renders the heading
Unknown event handler property `onFile`. It will be ignored.

 × src/pages/__tests__/data/MigrationWizard.test.tsx > MigrationWizard > renders the heading 43ms
   → Invalid Chai property: toBeInTheDocument
 × src/pages/__tests__/data/MigrationWizard.test.tsx > MigrationWizard > renders upload step with file drop zone 8ms
   → Invalid Chai property: toBeInTheDocument
 × src/pages/__tests__/data/MigrationWizard.test.tsx > MigrationWizard > renders analyze step with spinner 5ms
   → Invalid Chai property: toBeInTheDocument
 × src/pages/__tests__/data/MigrationWizard.test.tsx > MigrationWizard > renders map step with readiness info 12ms
   → Invalid Chai property: toBeInTheDocument
 × src/pages/__tests__/data/MigrationWizard.test.tsx > MigrationWizard > renders verify step with completion message 7ms
   → Invalid Chai property: toBeInTheDocument
 × src/pages/__tests__/data/MigrationWizard.test.tsx > MigrationWizard > renders error alert when migrationError is set 4ms
   → Invalid Chai property: toBeInTheDocument
(node:4820) ExperimentalWarning: localStorage is not available because --localstorage-file was not provided.
(Use `node --trace-warnings ...` to show where the warning was created)
(node:4820) ExperimentalWarning: localStorage is not available because --localstorage-file was not provided.
(Use `node --trace-warnings ...` to show where the warning was created)
 ✓ src/engines/CalculationGraph.test.ts > CalculationGraph > should build graph from cells with formulas 5ms
 ✓ src/engines/CalculationGraph.test.ts > CalculationGraph > should detect dependencies 1ms
 ✓ src/engines/CalculationGraph.test.ts > CalculationGraph > should detect dependents 1ms
 ✓ src/engines/CalculationGraph.test.ts > CalculationGraph > should mark dirty and cascade 1ms
 ✓ src/engines/CalculationGraph.test.ts > CalculationGraph > should get dirty cells in topological order 1ms
 ✓ src/engines/CalculationGraph.test.ts > CalculationGraph > should detect circular references 0ms
 ✓ src/engines/CalculationGraph.test.ts > CalculationGraph > should evaluate formulas 1ms
 ✓ src/engines/CalculationGraph.test.ts > CalculationGraph > should return stats 0ms
 ✓ src/engines/CalculationGraph.test.ts > CalculationGraph > should clear graph 0ms
 ✓ src/pages/audit/SOXCompliancePage.test.tsx > SOXCompliancePage smoke test > renders without crashing 92ms
 × src/pages/audit/SOXCompliancePage.test.tsx > SOXCompliancePage smoke test > displays the SOX Compliance heading 48ms
   → Invalid Chai property: toBeInTheDocument
 × src/pages/audit/SOXCompliancePage.test.tsx > SOXCompliancePage smoke test > displays the compliance score 22ms
   → Invalid Chai property: toBeInTheDocument
 × src/pages/audit/SOXCompliancePage.test.tsx > SOXCompliancePage smoke test > displays the refresh button 135ms
   → Invalid Chai property: toBeInTheDocument
 × src/pages/audit/SOXCompliancePage.test.tsx > SOXCompliancePage smoke test > displays the export CSV button 28ms
   → Invalid Chai property: toBeInTheDocument
(node:4820) ExperimentalWarning: localStorage is not available because --localstorage-file was not provided.
(Use `node --trace-warnings ...` to show where the warning was created)
(node:4820) ExperimentalWarning: localStorage is not available because --localstorage-file was not provided.
(Use `node --trace-warnings ...` to show where the warning was created)
 ✓ src/utils/__tests__/encryption.test.ts > encryption > generateKey returns CryptoKey 4ms
 ✓ src/utils/__tests__/encryption.test.ts > encryption > exportKey returns base64 string 1ms
 ✓ src/utils/__tests__/encryption.test.ts > encryption > importKey returns CryptoKey 0ms
 ✓ src/utils/__tests__/encryption.test.ts > encryption > encrypt returns base64 string 1ms
 ✓ src/utils/__tests__/encryption.test.ts > encryption > decrypt returns original string 0ms
 ✓ src/utils/__tests__/encryption.test.ts > encryption > encryptObject serializes and encrypts 0ms
 ✓ src/utils/__tests__/encryption.test.ts > encryption > decryptObject parses decrypted JSON 1ms
 ✓ src/utils/__tests__/encryption.test.ts > encryption > importKey handles invalid base64 gracefully 2ms
 ✓ src/utils/__tests__/encryption.test.ts > encryption > decrypt handles corrupted ciphertext 1ms
 × src/pages/__tests__/reports/FinancialStatementTemplates.test.tsx > FinancialStatementTemplatesPage > renders empty state when no entries 57ms
   → Invalid Chai property: toBeInTheDocument
 × src/pages/__tests__/reports/FinancialStatementTemplates.test.tsx > FinancialStatementTemplatesPage > renders with entries 61ms
   → Invalid Chai property: toBeInTheDocument
 ✓ src/pages/__tests__/reports/FinancialStatementTemplates.test.tsx > FinancialStatementTemplatesPage > switches statement types 293ms
(node:4820) ExperimentalWarning: localStorage is not available because --localstorage-file was not provided.
(Use `node --trace-warnings ...` to show where the warning was created)
 ✓ src/engines/report-builder-formulas.test.ts > Report Builder Formulas > parseFormulaReferences > parses cell references from formula 4ms
 ✓ src/engines/report-builder-formulas.test.ts > Report Builder Formulas > parseFormulaReferences > deduplicates references 1ms
 ✓ src/engines/report-builder-formulas.test.ts > Report Builder Formulas > parseFormulaReferences > handles empty formula 0ms
 ✓ src/engines/report-builder-formulas.test.ts > Report Builder Formulas > parseFormulaReferences > handles formula with no references 0ms
 ✓ src/engines/report-builder-formulas.test.ts > Report Builder Formulas > evaluateFormula > evaluates simple addition 1ms
 ✓ src/engines/report-builder-formulas.test.ts > Report Builder Formulas > evaluateFormula > evaluates multiplication 0ms
 ✓ src/engines/report-builder-formulas.test.ts > Report Builder Formulas > evaluateFormula > throws on missing cell reference 1ms
 ✓ src/engines/report-builder-formulas.test.ts > Report Builder Formulas > evaluateFormula > throws on non-finite value 0ms
 ✓ src/engines/report-builder-formulas.test.ts > Report Builder Formulas > safeEvaluate > evaluates arithmetic expression 0ms
 ✓ src/engines/report-builder-formulas.test.ts > Report Builder Formulas > safeEvaluate > evaluates division 0ms
 ✓ src/engines/report-builder-formulas.test.ts > Report Builder Formulas > safeEvaluate > handles parentheses 0ms
 ✓ src/engines/report-builder-formulas.test.ts > Report Builder Formulas > columnLetterToIndex > converts A to 0 0ms
 ✓ src/engines/report-builder-formulas.test.ts > Report Builder Formulas > columnLetterToIndex > converts Z to 25 0ms
 ✓ src/engines/report-builder-formulas.test.ts > Report Builder Formulas > columnLetterToIndex > converts AA to 26 0ms
 ✓ src/engines/report-builder-formulas.test.ts > Report Builder Formulas > columnIndexToLetter > converts 0 to A 0ms
 ✓ src/engines/report-builder-formulas.test.ts > Report Builder Formulas > columnIndexToLetter > converts 25 to Z 0ms
 ✓ src/engines/report-builder-formulas.test.ts > Report Builder Formulas > columnIndexToLetter > converts 26 to AA 0ms
 ✓ src/engines/report-builder-formulas.test.ts > Report Builder Formulas > buildBindingKey > builds key from binding 0ms
 ✓ src/engines/report-builder-formulas.test.ts > Report Builder Formulas > buildMetricKey > builds key from metric content 0ms
(node:4820) ExperimentalWarning: localStorage is not available because --localstorage-file was not provided.
(Use `node --trace-warnings ...` to show where the warning was created)
 ✓ src/engines/CapExEngine.test.ts > CapExEngine > calculateDepreciation > should calculate straight-line depreciation 4ms
 ✓ src/engines/CapExEngine.test.ts > CapExEngine > calculateDepreciation > should calculate double-declining depreciation 1ms
 ✓ src/engines/CapExEngine.test.ts > CapExEngine > calculateDepreciation > should calculate sum-of-years depreciation 0ms
 ✓ src/engines/CapExEngine.test.ts > CapExEngine > calculateDepreciation > should clamp book value to salvage value 0ms
 ✓ src/engines/CapExEngine.test.ts > CapExEngine > calculateNPV > should calculate NPV correctly 0ms
 ✓ src/engines/CapExEngine.test.ts > CapExEngine > calculateNPV > should return zero for empty cash flows 0ms
 ✓ src/engines/CapExEngine.test.ts > CapExEngine > calculateNPV > should handle zero discount rate 0ms
 ✓ src/engines/CapExEngine.test.ts > CapExEngine > calculateIRR > should calculate IRR for standard cash flows 0ms
 ✓ src/engines/CapExEngine.test.ts > CapExEngine > calculatePaybackPeriod > should calculate exact payback period with fractional year 0ms
 ✓ src/engines/CapExEngine.test.ts > CapExEngine > calculatePaybackPeriod > should return 0 if never pays back 0ms
 ✓ src/engines/CapExEngine.test.ts > CapExEngine > calculateROI > should calculate positive ROI 0ms
 ✓ src/engines/CapExEngine.test.ts > CapExEngine > calculateROI > should return 0 for zero or negative cost 0ms
 ✓ src/engines/CapExEngine.test.ts > CapExEngine > calculateROI > should handle negative ROI 0ms
(node:4820) ExperimentalWarning: localStorage is not available because --localstorage-file was not provided.
(Use `node --trace-warnings ...` to show where the warning was created)
 ✓ src/engines/CustomFieldEngine.test.ts > CustomFieldEngine > defineField > should define a new field 3ms
 ✓ src/engines/CustomFieldEngine.test.ts > CustomFieldEngine > getValue > should return context value for text field 0ms
 ✓ src/engines/CustomFieldEngine.test.ts > CustomFieldEngine > getValue > should return default value when context missing 0ms
 ✓ src/engines/CustomFieldEngine.test.ts > CustomFieldEngine > getValue > should return null for undefined field 0ms
 ✓ src/engines/CustomFieldEngine.test.ts > CustomFieldEngine > getValue > should evaluate formula field 1ms
 ✓ src/engines/CustomFieldEngine.test.ts > CustomFieldEngine > validateField > should validate required field 0ms
 ✓ src/engines/CustomFieldEngine.test.ts > CustomFieldEngine > validateField > should validate number range 0ms
 ✓ src/engines/CustomFieldEngine.test.ts > CustomFieldEngine > validateField > should validate select options 0ms
 ✓ src/engines/CustomFieldEngine.test.ts > CustomFieldEngine > validateField > should return true for undefined field 0ms
 ✓ src/engines/CustomFieldEngine.test.ts > CustomFieldEngine > validateField > should validate regex pattern on string 0ms
(node:4820) ExperimentalWarning: localStorage is not available because --localstorage-file was not provided.
(Use `node --trace-warnings ...` to show where the warning was created)
 ✓ src/engines/FormulaAutoCompleteEngine.test.ts > FormulaAutoCompleteEngine > suggest > should suggest SUM for SU 2ms
 ✓ src/engines/FormulaAutoCompleteEngine.test.ts > FormulaAutoCompleteEngine > suggest > should suggest VLOOKUP for VL 0ms
 ✓ src/engines/FormulaAutoCompleteEngine.test.ts > FormulaAutoCompleteEngine > suggest > should suggest IF for IF 0ms
 ✓ src/engines/FormulaAutoCompleteEngine.test.ts > FormulaAutoCompleteEngine > suggest > should return empty for non-matching prefix 1ms
 ✓ src/engines/FormulaAutoCompleteEngine.test.ts > FormulaAutoCompleteEngine > suggest > should return empty for empty input 0ms
 ✓ src/engines/FormulaAutoCompleteEngine.test.ts > FormulaAutoCompleteEngine > suggest > should include category in suggestion 0ms
 ✓ src/engines/FormulaAutoCompleteEngine.test.ts > FormulaAutoCompleteEngine > suggest > should include insertText in suggestion 0ms
 ✓ src/engines/FormulaAutoCompleteEngine.test.ts > FormulaAutoCompleteEngine > suggest > should include description in suggestion 0ms
 ✓ src/engines/FormulaAutoCompleteEngine.test.ts > FormulaAutoCompleteEngine > getFunctionHelp > should return help for known function 0ms
 ✓ src/engines/FormulaAutoCompleteEngine.test.ts > FormulaAutoCompleteEngine > getFunctionHelp > should return null for unknown function 0ms
 ✓ src/engines/FormulaAutoCompleteEngine.test.ts > FormulaAutoCompleteEngine > getFunctionHelp > should be case-insensitive 0ms
 ✓ src/engines/FormulaAutoCompleteEngine.test.ts > FormulaAutoCompleteEngine > detectErrors > should return no errors for valid formula 0ms
 ✓ src/engines/FormulaAutoCompleteEngine.test.ts > FormulaAutoCompleteEngine > detectErrors > should detect missing closing parenthesis 0ms
 ✓ src/engines/FormulaAutoCompleteEngine.test.ts > FormulaAutoCompleteEngine > detectErrors > should detect extra closing parenthesis 0ms
 ✓ src/engines/FormulaAutoCompleteEngine.test.ts > FormulaAutoCompleteEngine > detectErrors > should return empty array for empty formula 0ms
(node:4820) ExperimentalWarning: localStorage is not available because --localstorage-file was not provided.
(Use `node --trace-warnings ...` to show where the warning was created)
(node:4820) ExperimentalWarning: localStorage is not available because --localstorage-file was not provided.
(Use `node --trace-warnings ...` to show where the warning was created)
 ✓ src/engines/SpreadEngine.test.ts > SpreadEngine > even > distributes evenly across periods 3ms
 ✓ src/engines/SpreadEngine.test.ts > SpreadEngine > even > returns empty for zero periods 1ms
 ✓ src/engines/SpreadEngine.test.ts > SpreadEngine > even > returns empty for negative periods 0ms
 ✓ src/engines/SpreadEngine.test.ts > SpreadEngine > frontLoaded > front-loads amounts 0ms
 ✓ src/engines/SpreadEngine.test.ts > SpreadEngine > frontLoaded > preserves total 0ms
 ✓ src/engines/SpreadEngine.test.ts > SpreadEngine > backLoaded > back-loads amounts 0ms
 ✓ src/engines/SpreadEngine.test.ts > SpreadEngine > seasonal > distributes by weights 0ms
 ✓ src/engines/SpreadEngine.test.ts > SpreadEngine > seasonal > normalizes weights 0ms
 ✓ src/engines/SpreadEngine.test.ts > SpreadEngine > seasonal > handles zero weights 0ms
 ✓ src/engines/SpreadEngine.test.ts > SpreadEngine > driverBased > distributes by driver values 0ms
 ✓ src/engines/SpreadEngine.test.ts > SpreadEngine > custom > distributes by custom percentages 0ms
 ✓ src/engines/SpreadEngine.test.ts > SpreadEngine > spread > dispatches to correct method 0ms
 ✓ src/engines/SpreadEngine.test.ts > SpreadEngine > generatePeriodLabels > generates monthly labels for ≤12 0ms
 ✓ src/engines/SpreadEngine.test.ts > SpreadEngine > generatePeriodLabels > generates generic labels for >12 0ms
 ✓ src/engines/SpreadEngine.test.ts > SpreadEngine > roundToTotal > rounds amounts preserving total 0ms
 × src/components/ui/FormulaAutocomplete.test.tsx > FormulaAutocomplete > renders filtered function list as options 158ms
   → Invalid Chai property: toHaveTextContent
 ✓ src/components/ui/FormulaAutocomplete.test.tsx > FormulaAutocomplete > renders category filter buttons 27ms
 ✓ src/components/ui/FormulaAutocomplete.test.tsx > FormulaAutocomplete > calls onSelectCategory when category button clicked 19ms
 ✓ src/components/ui/FormulaAutocomplete.test.tsx > FormulaAutocomplete > calls onSelectFunction on mousedown (not click) 14ms
 ✓ src/components/ui/FormulaAutocomplete.test.tsx > FormulaAutocomplete > calls onHoverIndex on mouse enter 12ms
 × src/components/ui/FormulaAutocomplete.test.tsx > FormulaAutocomplete > shows selected function params 11ms
   → Invalid Chai property: toBeInTheDocument
 ✓ src/components/ui/FormulaAutocomplete.test.tsx > FormulaAutocomplete > highlights selected function based on autocompleteIndex 6ms
(node:4820) ExperimentalWarning: localStorage is not available because --localstorage-file was not provided.
(Use `node --trace-warnings ...` to show where the warning was created)
 ✓ src/engines/BatchOperationEngine.test.ts > BatchOperationEngine > initial state > starts with empty history 2ms
 ✓ src/engines/BatchOperationEngine.test.ts > BatchOperationEngine > execute > executes a batch of operations 1ms
 ✓ src/engines/BatchOperationEngine.test.ts > BatchOperationEngine > execute > handles empty operations 0ms
 ✓ src/engines/BatchOperationEngine.test.ts > BatchOperationEngine > undo > undoes a batch operation and allows redo 0ms
 ✓ src/engines/BatchOperationEngine.test.ts > BatchOperationEngine > undo > undoLast reverts the most recent operation 0ms
 ✓ src/engines/BatchOperationEngine.test.ts > BatchOperationEngine > redo > redoes a batch operation after undo 0ms
 ✓ src/engines/BatchOperationEngine.test.ts > BatchOperationEngine > redo > redoLast reverts the most recent undo 0ms
 ✓ src/engines/BatchOperationEngine.test.ts > BatchOperationEngine > error handling > reports errors per target on failure 0ms
(node:4820) ExperimentalWarning: localStorage is not available because --localstorage-file was not provided.
(Use `node --trace-warnings ...` to show where the warning was created)
 ✓ src/components/ui/WhatIfSandbox.test.tsx > WhatIfSandbox > renders without crashing 76ms
 × src/components/ui/WhatIfSandbox.test.tsx > WhatIfSandbox > displays title 73ms
   → Invalid Chai property: toBeInTheDocument
 × src/components/ui/WhatIfSandbox.test.tsx > WhatIfSandbox > displays Base Case panel 41ms
   → Invalid Chai property: toBeInTheDocument
 × src/components/ui/WhatIfSandbox.test.tsx > WhatIfSandbox > displays default scenario names 17ms
   → Invalid Chai property: toBeInTheDocument
 × src/components/ui/WhatIfSandbox.test.tsx > WhatIfSandbox > displays Add Scenario button 53ms
   → Invalid Chai property: toBeInTheDocument
 ✓ src/components/ui/WhatIfSandbox.test.tsx > WhatIfSandbox > displays metric labels 26ms
(node:4820) ExperimentalWarning: localStorage is not available because --localstorage-file was not provided.
(Use `node --trace-warnings ...` to show where the warning was created)
 ✓ src/store/forecastStore.test.ts > forecastStore > should have correct initial state 3ms
 ✓ src/store/forecastStore.test.ts > forecastStore > should create a forecast 2ms
 ✓ src/store/forecastStore.test.ts > forecastStore > should update a forecast 1ms
 ✓ src/store/forecastStore.test.ts > forecastStore > should delete a forecast 1ms
 ✓ src/store/forecastStore.test.ts > forecastStore > should clear selected forecast when deleted 1ms
 ✓ src/store/forecastStore.test.ts > forecastStore > should set selected forecast 1ms
 ✓ src/store/forecastStore.test.ts > forecastStore > should not set selected forecast for non-existent id 0ms
 ✓ src/store/forecastStore.test.ts > forecastStore > should set forecasts 0ms
 ✓ src/store/forecastStore.test.ts > forecastStore > should set drivers 0ms
 ✓ src/store/forecastStore.test.ts > forecastStore > should update a driver 1ms
(node:4820) ExperimentalWarning: localStorage is not available because --localstorage-file was not provided.
(Use `node --trace-warnings ...` to show where the warning was created)
 ✓ src/engines/ExcelKeyboardShortcuts.test.ts > ExcelKeyboardShortcuts > should initialize with default shortcuts 2ms
 ✓ src/engines/ExcelKeyboardShortcuts.test.ts > ExcelKeyboardShortcuts > should have shortcuts in all categories 1ms
 ✓ src/engines/ExcelKeyboardShortcuts.test.ts > ExcelKeyboardShortcuts > should search shortcuts 0ms
 ✓ src/engines/ExcelKeyboardShortcuts.test.ts > ExcelKeyboardShortcuts > should search case-insensitively 0ms
 ✓ src/engines/ExcelKeyboardShortcuts.test.ts > ExcelKeyboardShortcuts > should return empty for no matches 1ms
 ✓ src/engines/ExcelKeyboardShortcuts.test.ts > ExcelKeyboardShortcuts > should match keyboard event 0ms
 ✓ src/engines/ExcelKeyboardShortcuts.test.ts > ExcelKeyboardShortcuts > should match Ctrl+Shift+Z for redo 0ms
 ✓ src/engines/ExcelKeyboardShortcuts.test.ts > ExcelKeyboardShortcuts > should register custom shortcut 0ms
 ✓ src/engines/ExcelKeyboardShortcuts.test.ts > ExcelKeyboardShortcuts > should format key combo for display 0ms
 ✓ src/engines/ExcelKeyboardShortcuts.test.ts > ExcelKeyboardShortcuts > should have navigation shortcuts 0ms
 ✓ src/engines/ExcelKeyboardShortcuts.test.ts > ExcelKeyboardShortcuts > should have editing shortcuts 0ms
(node:4820) ExperimentalWarning: localStorage is not available because --localstorage-file was not provided.
(Use `node --trace-warnings ...` to show where the warning was created)
 ✓ src/engines/ReportSchedulingEngine.test.ts > ReportSchedulingEngine > should create a schedule 3ms
 ✓ src/engines/ReportSchedulingEngine.test.ts > ReportSchedulingEngine > should list schedules 2ms
 ✓ src/engines/ReportSchedulingEngine.test.ts > ReportSchedulingEngine > should delete a schedule 0ms
 ✓ src/engines/ReportSchedulingEngine.test.ts > ReportSchedulingEngine > should enable and disable schedules 0ms
 ✓ src/engines/ReportSchedulingEngine.test.ts > ReportSchedulingEngine > should execute a schedule 0ms
 ✓ src/engines/ReportSchedulingEngine.test.ts > ReportSchedulingEngine > should mark delivery as sent 0ms
 ✓ src/engines/ReportSchedulingEngine.test.ts > ReportSchedulingEngine > should mark delivery as failed 0ms
 ✓ src/engines/ReportSchedulingEngine.test.ts > ReportSchedulingEngine > should manage subscriptions 1ms
 ✓ src/engines/ReportSchedulingEngine.test.ts > ReportSchedulingEngine > should get stats 0ms
 ✓ src/engines/ReportSchedulingEngine.test.ts > ReportSchedulingEngine > should serialize and deserialize 1ms
(node:4820) ExperimentalWarning: localStorage is not available because --localstorage-file was not provided.
(Use `node --trace-warnings ...` to show where the warning was created)
 ✓ src/workers/exportWorker.test.ts > exportWorker > exports data as CSV 2ms
 ✓ src/workers/exportWorker.test.ts > exportWorker > exports data as JSON 2ms
 ✓ src/workers/exportWorker.test.ts > exportWorker > handles null and undefined values in CSV 0ms
 ✓ src/workers/exportWorker.test.ts > exportWorker > escapes quotes in CSV values 0ms
 ✓ src/workers/exportWorker.test.ts > exportWorker > handles empty data 1ms
 ✓ src/workers/exportWorker.test.ts > exportWorker > handles single row 0ms
(node:4820) ExperimentalWarning: localStorage is not available because --localstorage-file was not provided.
(Use `node --trace-warnings ...` to show where the warning was created)
 ✓ src/engines/IncrementalCalcEngine.test.ts > IncrementalCalcEngine > should initialize with default config 2ms
 ✓ src/engines/IncrementalCalcEngine.test.ts > IncrementalCalcEngine > should initialize with custom config 0ms
 ✓ src/engines/IncrementalCalcEngine.test.ts > IncrementalCalcEngine > should mark cells dirty 0ms
 ✓ src/engines/IncrementalCalcEngine.test.ts > IncrementalCalcEngine > should mark range dirty 0ms
 ✓ src/engines/IncrementalCalcEngine.test.ts > IncrementalCalcEngine > should set dependencies 0ms
 ✓ src/engines/IncrementalCalcEngine.test.ts > IncrementalCalcEngine > should get affected cells 1ms
 ✓ src/engines/IncrementalCalcEngine.test.ts > IncrementalCalcEngine > should clear dirty cells 0ms
 ✓ src/engines/IncrementalCalcEngine.test.ts > IncrementalCalcEngine > should get dependents 0ms
 ✓ src/engines/IncrementalCalcEngine.test.ts > IncrementalCalcEngine > should get dependencies 0ms
 ✓ src/engines/IncrementalCalcEngine.test.ts > IncrementalCalcEngine > should reset engine state 0ms
(node:4820) ExperimentalWarning: localStorage is not available because --localstorage-file was not provided.
(Use `node --trace-warnings ...` to show where the warning was created)
 ✓ src/engines/SignConventionEngine.test.ts > SignConventionEngine > getNaturalSign > returns debit for Asset 2ms
 ✓ src/engines/SignConventionEngine.test.ts > SignConventionEngine > getNaturalSign > returns debit for expenses 0ms
 ✓ src/engines/SignConventionEngine.test.ts > SignConventionEngine > getNaturalSign > returns credit for Liability 0ms
 ✓ src/engines/SignConventionEngine.test.ts > SignConventionEngine > getNaturalSign > returns credit for Equity 0ms
 ✓ src/engines/SignConventionEngine.test.ts > SignConventionEngine > getNaturalSign > returns credit for Revenue 0ms
 ✓ src/engines/SignConventionEngine.test.ts > SignConventionEngine > isContraAccount > identifies contra accounts 0ms
 ✓ src/engines/SignConventionEngine.test.ts > SignConventionEngine > isContraAccount > returns false for regular accounts 0ms
 ✓ src/engines/SignConventionEngine.test.ts > SignConventionEngine > formatForDisplay > inverts expense values for display 0ms
 ✓ src/engines/SignConventionEngine.test.ts > SignConventionEngine > formatForDisplay > keeps revenue as-is 0ms
 ✓ src/engines/SignConventionEngine.test.ts > SignConventionEngine > calculateVariance > calculates favorable revenue variance 0ms
 ✓ src/engines/SignConventionEngine.test.ts > SignConventionEngine > calculateVariance > calculates unfavorable revenue variance 0ms
 ✓ src/engines/SignConventionEngine.test.ts > SignConventionEngine > calculateVariance > calculates favorable expense variance (under budget) 0ms
 ✓ src/engines/SignConventionEngine.test.ts > SignConventionEngine > calculateVariance > handles zero budget 0ms
 ✓ src/engines/SignConventionEngine.test.ts > SignConventionEngine > isFavorable > revenue positive is favorable 0ms
 ✓ src/engines/SignConventionEngine.test.ts > SignConventionEngine > isFavorable > expense negative is favorable 0ms
 ✓ src/engines/SignConventionEngine.test.ts > SignConventionEngine > getAggregationMultiplier > returns -1 for contra accounts 0ms
 ✓ src/engines/SignConventionEngine.test.ts > SignConventionEngine > getAggregationMultiplier > returns 1 for regular accounts 0ms
(node:4820) ExperimentalWarning: localStorage is not available because --localstorage-file was not provided.
(Use `node --trace-warnings ...` to show where the warning was created)
 ✓ src/hooks/useDirtyState.test.ts > useDirtyState > should return initial state 14ms
 ✓ src/hooks/useDirtyState.test.ts > useDirtyState > should mark dirty 3ms
 ✓ src/hooks/useDirtyState.test.ts > useDirtyState > should track dirty field count via getDirtyFields 2ms
 ✓ src/hooks/useDirtyState.test.ts > useDirtyState > should not count duplicate fields twice 2ms
 ✓ src/hooks/useDirtyState.test.ts > useDirtyState > should mark clean and set lastSaved 2ms
 ✓ src/hooks/useDirtyState.test.ts > useDirtyState > should reset dirty without setting lastSaved 1ms
 ✓ src/hooks/useDirtyState.test.ts > useDirtyState > should return dirty fields list 1ms
 ✓ src/hooks/useDirtyState.test.ts > useDirtyState > should call onDirtyChange callback 2ms
 ✓ src/hooks/useDirtyState.test.ts > useDirtyState > should handle markDirty without field name 1ms
(node:4820) ExperimentalWarning: localStorage is not available because --localstorage-file was not provided.
(Use `node --trace-warnings ...` to show where the warning was created)
 ✓ src/utils/storageConstants.test.ts > DB_NAME > should be finplan-pro 2ms
 ✓ src/utils/storageConstants.test.ts > DB_NAME > should be a string 0ms
 ✓ src/utils/storageConstants.test.ts > DB_VERSION > should be a positive integer 0ms
 ✓ src/utils/storageConstants.test.ts > PERSIST_KEYS > should have 13 store keys 1ms
 ✓ src/utils/storageConstants.test.ts > PERSIST_KEYS > should include AUTH key 0ms
 ✓ src/utils/storageConstants.test.ts > PERSIST_KEYS > should include UI key 0ms
 ✓ src/utils/storageConstants.test.ts > PERSIST_KEYS > should include BUDGET key 0ms
 ✓ src/utils/storageConstants.test.ts > PERSIST_KEYS > should include FORECAST key 0ms
 ✓ src/utils/storageConstants.test.ts > PERSIST_KEYS > should include VARIANCE key 0ms
 ✓ src/utils/storageConstants.test.ts > PERSIST_KEYS > should include SCENARIO key 0ms
 ✓ src/utils/storageConstants.test.ts > PERSIST_KEYS > should include REPORT key 0ms
 ✓ src/utils/storageConstants.test.ts > PERSIST_KEYS > should include DATA key 0ms
 ✓ src/utils/storageConstants.test.ts > PERSIST_KEYS > should include GL key 0ms
 ✓ src/utils/storageConstants.test.ts > PERSIST_KEYS > should include ANALYTICS key 0ms
 ✓ src/utils/storageConstants.test.ts > PERSIST_KEYS > should include COLLABORATION key 0ms
 ✓ src/utils/storageConstants.test.ts > PERSIST_KEYS > should include NOTIFICATION key 0ms
 ✓ src/utils/storageConstants.test.ts > PERSIST_KEYS > should include SETTINGS key 0ms
 ✓ src/utils/storageConstants.test.ts > PERSIST_KEYS > should include ENTITY key or not 0ms
 ✓ src/utils/storageConstants.test.ts > PERSIST_KEYS > should all end with -store suffix 0ms
 ✓ src/utils/storageConstants.test.ts > PERSIST_KEYS > should all be strings 0ms
 ✓ src/utils/storageConstants.test.ts > PERSIST_KEYS > should have unique values 0ms
 ✓ src/utils/storageConstants.test.ts > BACKUP_PREFIX > should be finplan-pro-backup 0ms
 ✓ src/utils/storageConstants.test.ts > BACKUP_PREFIX > should be a string 0ms
 ✓ src/utils/storageConstants.test.ts > AUTO_BACKUP_MAX > should be 5 0ms
 ✓ src/utils/storageConstants.test.ts > AUTO_BACKUP_MAX > should be a positive integer 0ms
(node:4820) ExperimentalWarning: localStorage is not available because --localstorage-file was not provided.
(Use `node --trace-warnings ...` to show where the warning was created)
 ✓ src/engines/DataLineageEngine.test.ts > DataLineageEngine > buildGraph > should build graph from data sources 4ms
 ✓ src/engines/DataLineageEngine.test.ts > DataLineageEngine > buildGraph > should return empty graph for empty sources 1ms
 ✓ src/engines/DataLineageEngine.test.ts > DataLineageEngine > traceForward > should trace forward through edges 1ms
 ✓ src/engines/DataLineageEngine.test.ts > DataLineageEngine > traceForward > should return empty for leaf node 0ms
 ✓ src/engines/DataLineageEngine.test.ts > DataLineageEngine > traceForward > should handle missing source 0ms
 ✓ src/engines/DataLineageEngine.test.ts > DataLineageEngine > traceBackward > should trace backward through edges 1ms
 ✓ src/engines/DataLineageEngine.test.ts > DataLineageEngine > getImpactAnalysis > should identify affected reports and sources 0ms
(node:4820) ExperimentalWarning: localStorage is not available because --localstorage-file was not provided.
(Use `node --trace-warnings ...` to show where the warning was created)
 ✓ src/store/realEstateStore.test.ts > realEstateStore > should have initial empty state after reset 2ms
 ✓ src/store/realEstateStore.test.ts > realEstateStore > should set maintenance trend 2ms
 ✓ src/store/realEstateStore.test.ts > realEstateStore > should set facilities 1ms
 ✓ src/store/realEstateStore.test.ts > realEstateStore > should add a facility 3ms
 ✓ src/store/realEstateStore.test.ts > realEstateStore > should update a facility 2ms
 ✓ src/store/realEstateStore.test.ts > realEstateStore > should remove a facility 1ms
 ✓ src/store/realEstateStore.test.ts > realEstateStore > should not update non-existent facility 0ms
(node:4820) ExperimentalWarning: localStorage is not available because --localstorage-file was not provided.
(Use `node --trace-warnings ...` to show where the warning was created)
 ✓ src/engines/WorkforceEngine.test.ts > WorkforceEngine > forecastHeadcount > should forecast headcount over multiple periods 3ms
 ✓ src/engines/WorkforceEngine.test.ts > WorkforceEngine > forecastHeadcount > should apply attrition as percentage 0ms
 ✓ src/engines/WorkforceEngine.test.ts > WorkforceEngine > forecastHeadcount > should add hires in the correct period 0ms
 ✓ src/engines/WorkforceEngine.test.ts > WorkforceEngine > forecastHeadcount > should handle zero hires gracefully 0ms
 ✓ src/engines/WorkforceEngine.test.ts > WorkforceEngine > calculateCompCost > should calculate total compensation cost 0ms
 ✓ src/engines/WorkforceEngine.test.ts > WorkforceEngine > calculateCompCost > should handle zero bonus and equity 0ms
 ✓ src/engines/WorkforceEngine.test.ts > WorkforceEngine > calculateAttrition > should calculate attrition percentage 0ms
 ✓ src/engines/WorkforceEngine.test.ts > WorkforceEngine > calculateAttrition > should return 0 for zero headcount 0ms
 ✓ src/engines/WorkforceEngine.test.ts > WorkforceEngine > modelHiring > should model hiring ramp 0ms
 ✓ src/engines/WorkforceEngine.test.ts > WorkforceEngine > modelHiring > should handle target below current 0ms
 ✓ src/engines/WorkforceEngine.test.ts > WorkforceEngine > modelHiring > should report productive headcount separately 0ms
(node:4820) ExperimentalWarning: localStorage is not available because --localstorage-file was not provided.
(Use `node --trace-warnings ...` to show where the warning was created)
(node:4820) ExperimentalWarning: localStorage is not available because --localstorage-file was not provided.
(Use `node --trace-warnings ...` to show where the warning was created)
 ✓ src/engines/WorkingCapitalEngine.test.ts > WorkingCapitalEngine > calculate > should calculate working capital metrics 2ms
 ✓ src/engines/WorkingCapitalEngine.test.ts > WorkingCapitalEngine > calculate > should calculate DSO correctly 0ms
 ✓ src/engines/WorkingCapitalEngine.test.ts > WorkingCapitalEngine > calculate > should calculate DPO correctly 0ms
 ✓ src/engines/WorkingCapitalEngine.test.ts > WorkingCapitalEngine > calculate > should calculate DIO correctly 0ms
 ✓ src/engines/WorkingCapitalEngine.test.ts > WorkingCapitalEngine > calculate > should calculate cash conversion cycle 0ms
 ✓ src/engines/WorkingCapitalEngine.test.ts > WorkingCapitalEngine > calculate > should handle zero revenue 0ms
 ✓ src/engines/WorkingCapitalEngine.test.ts > WorkingCapitalEngine > calculate > should handle zero cogs 0ms
 ✓ src/engines/WorkingCapitalEngine.test.ts > WorkingCapitalEngine > optimize > should provide optimization recommendations 0ms
 ✓ src/engines/WorkingCapitalEngine.test.ts > WorkingCapitalEngine > optimize > should include DSO improvement suggestion 0ms
 ✓ src/engines/WorkingCapitalEngine.test.ts > WorkingCapitalEngine > optimize > should include DPO improvement suggestion 0ms
(node:4820) ExperimentalWarning: localStorage is not available because --localstorage-file was not provided.
(Use `node --trace-warnings ...` to show where the warning was created)
stderr | src/components/ui/ExportMenu.test.tsx > ExportMenu > renders export button with default label
React does not recognize the `sideOffset` prop on a DOM element. If you intentionally want it to appear in the DOM as 
a custom attribute, spell it as lowercase `sideoffset` instead. If you accidentally passed it from a parent component, 
remove it from the DOM element.

 ✓ src/store/tourStore.test.ts > tourStore > should have correct initial state 3ms
 ✓ src/store/tourStore.test.ts > tourStore > should start a tour 1ms
 ✓ src/store/tourStore.test.ts > tourStore > should stop a tour 0ms
 ✓ src/store/tourStore.test.ts > tourStore > should go to next step 0ms
 ✓ src/store/tourStore.test.ts > tourStore > should auto-stop when at last step 0ms
 ✓ src/store/tourStore.test.ts > tourStore > should go to previous step 0ms
 ✓ src/store/tourStore.test.ts > tourStore > should not go before first step 0ms
 ✓ src/store/tourStore.test.ts > tourStore > should complete a tour 1ms
 ✓ src/store/tourStore.test.ts > tourStore > should not duplicate completed tours 0ms
 × src/components/ui/ExportMenu.test.tsx > ExportMenu > renders export button with default label 62ms
   → Invalid Chai property: toBeInTheDocument
 × src/components/ui/ExportMenu.test.tsx > ExportMenu > renders with custom label 11ms
   → Invalid Chai property: toBeInTheDocument
 × src/components/ui/ExportMenu.test.tsx > ExportMenu > button is disabled when disabled prop is true 109ms
   → Found multiple elements with the role "button"

Here are the matching elements:

Ignored nodes: comments, script, style
[36m<button[39m
  [33maria-haspopup[39m=[32m"menu"[39m
  [33maria-label[39m=[32m"Export"[39m
  [33mclass[39m=[32m"flex items-center space-x-2 px-4 py-2 bg-blue-600 text-white rounded-md font-semibold text-sm hover:bg-blue-700 transition-all shadow-md active:scale-95 disabled:opacity-50 disabled:pointer-events-none"[39m
  [33mdisabled[39m=[32m""[39m
[36m>[39m
  [36m<svg[39m
    [33maria-hidden[39m=[32m"true"[39m
    [33mclass[39m=[32m"lucide lucide-download h-4 w-4"[39m
    [33mfill[39m=[32m"none"[39m
    [33mheight[39m=[32m"24"[39m
    [33mstroke[39m=[32m"currentColor"[39m
    [33mstroke-linecap[39m=[32m"round"[39m
    [33mstroke-linejoin[39m=[32m"round"[39m
    [33mstroke-width[39m=[32m"2"[39m
    [33mviewBox[39m=[32m"0 0 24 24"[39m
    [33mwidth[39m=[32m"24"[39m
    [33mxmlns[39m=[32m"http://www.w3.org/2000/svg"[39m
  [36m>[39m
    [36m<path[39m
      [33md[39m=[32m"M12 15V3"[39m
    [36m/>[39m
    [36m<path[39m
      [33md[39m=[32m"M21 15v4a2 2 0 0 1-2 2H5a2 2 0 0 1-2-2v-4"[39m
    [36m/>[39m
    [36m<path[39m
      [33md[39m=[32m"m7 10 5 5 5-5"[39m
    [36m/>[39m
  [36m</svg>[39m
  [36m<span>[39m
    [0mExport[0m
  [36m</span>[39m
  [36m<svg[39m
    [33maria-hidden[39m=[32m"true"[39m
    [33mclass[39m=[32m"lucide lucide-chevron-down h-3 w-3 opacity-60"[39m
    [33mfill[39m=[32m"none"[39m
    [33mheight[39m=[32m"24"[39m
    [33mstroke[39m=[32m"currentColor"[39m
    [33mstroke-linecap[39m=[32m"round"[39m
    [33mstroke-linejoin[39m=[32m"round"[39m
    [33mstroke-width[39m=[32m"2"[39m
    [33mviewBox[39m=[32m"0 0 24 24"[39m
    [33mwidth[39m=[32m"24"[39m
    [33mxmlns[39m=[32m"http://www.w3.org/2000/svg"[39m
  [36m>[39m
    [36m<path[39m
      [33md[39m=[32m"m6 9 6 6 6-6"[39m
    [36m/>[39m
  [36m</svg>[39m
[36m</button>[39m

Ignored nodes: comments, script, style
[36m<div[39m
  [33mclass[39m=[32m"flex items-center space-x-2 px-3 py-2 text-sm text-[var(--text-primary)] rounded-md outline-none cursor-pointer hover:bg-[var(--bg-hover)] transition-colors group"[39m
  [33mdata-testid[39m=[32m"dropdown-item"[39m
  [33mrole[39m=[32m"button"[39m
  [33mtabindex[39m=[32m"0"[39m
[36m>[39m
  [36m<svg[39m
    [33maria-hidden[39m=[32m"true"[39m
    [33mclass[39m=[32m"lucide lucide-file-spreadsheet h-4 w-4 fin-positive group-hover:scale-110 transition-transform"[39m
    [33mfill[39m=[32m"none"[39m
    [33mheight[39m=[32m"24"[39m
    [33mstroke[39m=[32m"currentColor"[39m
    [33mstroke-linecap[39m=[32m"round"[39m
    [33mstroke-linejoin[39m=[32m"round"[39m
    [33mstroke-width[39m=[32m"2"[39m
    [33mviewBox[39m=[32m"0 0 24 24"[39m
    [33mwidth[39m=[32m"24"[39m
    [33mxmlns[39m=[32m"http://www.w3.org/2000/svg"[39m
  [36m>[39m
    [36m<path[39m
      [33md[39m=[32m"M6 22a2 2 0 0 1-2-2V4a2 2 0 0 1 2-2h8a2.4 2.4 0 0 1 1.704.706l3.588 3.588A2.4 2.4 0 0 1 20 8v12a2 2 0 0 1-2 2z"[39m
    [36m/>[39m
    [36m<path[39m
      [33md[39m=[32m"M14 2v5a1 1 0 0 0 1 1h5"[39m
    [36m/>[39m
    [36m<path[39m
      [33md[39m=[32m"M8 13h2"[39m
    [36m/>[39m
    [36m<path[39m
      [33md[39m=[32m"M14 13h2"[39m
    [36m/>[39m
    [36m<path[39m
      [33md[39m=[32m"M8 17h2"[39m
    [36m/>[39m
    [36m<path[39m
      [33md[39m=[32m"M14 17h2"[39m
    [36m/>[39m
  [36m</svg>[39m
  [36m<span[39m
    [33mclass[39m=[32m"font-medium"[39m
  [36m>[39m
    [0mExcel (.xlsx)[0m
  [36m</span>[39m
[36m</div>[39m

Ignored nodes: comments, script, style
[36m<div[39m
  [33mclass[39m=[32m"flex items-center space-x-2 px-3 py-2 text-sm text-[var(--text-primary)] rounded-md outline-none cursor-pointer hover:bg-[var(--bg-hover)] transition-colors group"[39m
  [33mdata-testid[39m=[32m"dropdown-item"[39m
  [33mrole[39m=[32m"button"[39m
  [33mtabindex[39m=[32m"0"[39m
[36m>[39m
  [36m<svg[39m
    [33maria-hidden[39m=[32m"true"[39m
    [33mclass[39m=[32m"lucide lucide-file-text h-4 w-4 text-red-500 group-hover:scale-110 transition-transform"[39m
    [33mfill[39m=[32m"none"[39m
    [33mheight[39m=[32m"24"[39m
    [33mstroke[39m=[32m"currentColor"[39m
    [33mstroke-linecap[39m=[32m"round"[39m
    [33mstroke-linejoin[39m=[32m"round"[39m
    [33mstroke-width[39m=[32m"2"[39m
    [33mviewBox[39m=[32m"0 0 24 24"[39m
    [33mwidth[39m=[32m"24"[39m
    [33mxmlns[39m=[32m"http://www.w3.org/2000/svg"[39m
  [36m>[39m
    [36m<path[39m
      [33md[39m=[32m"M6 22a2 2 0 0 1-2-2V4a2 2 0 0 1 2-2h8a2.4 2.4 0 0 1 1.704.706l3.588 3.588A2.4 2.4 0 0 1 20 8v12a2 2 0 0 1-2 2z"[39m
    [36m/>[39m
    [36m<path[39m
      [33md[39m=[32m"M14 2v5a1 1 0 0 0 1 1h5"[39m
    [36m/>[39m
    [36m<path[39m
      [33md[39m=[32m"M10 9H8"[39m
    [36m/>[39m
    [36m<path[39m
      [33md[39m=[32m"M16 13H8"[39m
    [36m/>[39m
    [36m<path[39m
      [33md[39m=[32m"M16 17H8"[39m
    [36m/>[39m
  [36m</svg>[39m
  [36m<span[39m
    [33mclass[39m=[32m"font-medium"[39m
  [36m>[39m
    [0mPDF Document[0m
  [36m</span>[39m
[36m</div>[39m

Ignored nodes: comments, script, style
[36m<div[39m
  [33mclass[39m=[32m"flex items-center space-x-2 px-3 py-2 text-sm text-[var(--text-primary)] rounded-md outline-none cursor-pointer hover:bg-[var(--bg-hover)] transition-colors group"[39m
  [33mdata-testid[39m=[32m"dropdown-item"[39m
  [33mrole[39m=[32m"button"[39m
  [33mtabindex[39m=[32m"0"[39m
[36m>[39m
  [36m<svg[39m
    [33maria-hidden[39m=[32m"true"[39m
    [33mclass[39m=[32m"lucide lucide-file-down h-4 w-4 text-blue-500 group-hover:scale-110 transition-transform"[39m
    [33mfill[39m=[32m"none"[39m
    [33mheight[39m=[32m"24"[39m
    [33mstroke[39m=[32m"currentColor"[39m
    [33mstroke-linecap[39m=[32m"round"[39m
    [33mstroke-linejoin[39m=[32m"round"[39m
    [33mstroke-width[39m=[32m"2"[39m
    [33mviewBox[39m=[32m"0 0 24 24"[39m
    [33mwidth[39m=[32m"24"[39m
    [33mxmlns[39m=[32m"http://www.w3.org/2000/svg"[39m
  [36m>[39m
    [36m<path[39m
      [33md[39m=[32m"M6 22a2 2 0 0 1-2-2V4a2 2 0 0 1 2-2h8a2.4 2.4 0 0 1 1.704.706l3.588 3.588A2.4 2.4 0 0 1 20 8v12a2 2 0 0 1-2 2z"[39m
    [36m/>[39m
    [36m<path[39m
      [33md[39m=[32m"M14 2v5a1 1 0 0 0 1 1h5"[39m
    [36m/>[39m
    [36m<path[39m
      [33md[39m=[32m"M12 18v-6"[39m
    [36m/>[39m
    [36m<path[39m
      [33md[39m=[32m"m9 15 3 3 3-3"[39m
    [36m/>[39m
  [36m</svg>[39m
  [36m<span[39m
    [33mclass[39m=[32m"font-medium"[39m
  [36m>[39m
    [0mCSV (Data Only)[0m
  [36m</span>[39m
[36m</div>[39m

(If this is intentional, then use the `*AllBy*` variant of the query (like `queryAllByText`, `getAllByText`, or `findAllByText`)).

Ignored nodes: comments, script, style
[36m<body>[39m
  [36m<div>[39m
    [36m<button[39m
      [33maria-haspopup[39m=[32m"menu"[39m
      [33maria-label[39m=[32m"Export"[39m
      [33mclass[39m=[32m"flex items-center space-x-2 px-4 py-2 bg-blue-600 text-white rounded-md font-semibold text-sm hover:bg-blue-700 transition-all shadow-md active:scale-95 disabled:opacity-50 disabled:pointer-events-none"[39m
      [33mdisabled[39m=[32m""[39m
    [36m>[39m
      [36m<svg[39m
        [33maria-hidden[39m=[32m"true"[39m
        [33mclass[39m=[32m"lucide lucide-download h-4 w-4"[39m
        [33mfill[39m=[32m"none"[39m
        [33mheight[39m=[32m"24"[39m
        [33mstroke[39m=[32m"currentColor"[39m
        [33mstroke-linecap[39m=[32m"round"[39m
        [33mstroke-linejoin[39m=[32m"round"[39m
        [33mstroke-width[39m=[32m"2"[39m
        [33mviewBox[39m=[32m"0 0 24 24"[39m
        [33mwidth[39m=[32m"24"[39m
        [33mxmlns[39m=[32m"http://www.w3.org/2000/svg"[39m
      [36m>[39m
        [36m<path[39m
          [33md[39m=[32m"M12 15V3"[39m
        [36m/>[39m
        [36m<path[39m
          [33md[39m=[32m"M21 15v4a2 2 0 0 1-2 2H5a2 2 0 0 1-2-2v-4"[39m
        [36m/>[39m
        [36m<path[39m
          [33md[39m=[32m"m7 10 5 5 5-5"[39m
        [36m/>[39m
      [36m</svg>[39m
      [36m<span>[39m
        [0mExport[0m
      [36m</span>[39m
      [36m<svg[39m
        [33maria-hidden[39m=[32m"true"[39m
        [33mclass[39m=[32m"lucide lucide-chevron-down h-3 w-3 opacity-60"[39m
        [33mfill[39m=[32m"none"[39m
        [33mheight[39m=[32m"24"[39m
        [33mstroke[39m=[32m"currentColor"[39m
        [33mstroke-linecap[39m=[32m"round"[39m
        [33mstroke-linejoin[39m=[32m"round"[39m
        [33mstroke-width[39m=[32m"2"[39m
        [33mviewBox[39m=[32m"0 0 24 24"[39m
        [33mwidth[39m=[32m"24"[39m
        [33mxmlns[39m=[32m"http://www.w3.org/2000/svg"[39m
      [36m>[39m
        [36m<path[39m
          [33md[39m=[32m"m6 9 6 6 6-6"[39m
        [36m/>[39m
      [36m</svg>[39m
    [36m</button>[39m
    [36m<div[39m
      [33malign[39m=[32m"end"[39m
      [33mclass[39m=[32m"z-[90] min-w-[160px] bg-[var(--bg-surface)] border border-[var(--border-subtle)] rounded-lg shadow-xl p-1 animate-in fade-in-0 zoom-in-95"[39m
      [33mdata-testid[39m=[32m"dropdown-content"[39m
      [33msideoffset[39m=[32m"5"[39m
    [36m>[39m
      [36m<div[39m
        [33mclass[39m=[32m"px-2 py-1.5 text-[10px] font-bold uppercase tracking-widest text-[var(--text-secondary)] opacity-50"[39m
      [36m>[39m
        [0mChoose Format[0m
      [36m</div>[39m
      [36m<div[39m
        [33mclass[39m=[32m"flex items-center space-x-2 px-3 py-2 text-sm text-[var(--text-primary)] rounded-md outline-none cursor-pointer hover:bg-[var(--bg-hover)] transition-colors group"[39m
        [33mdata-testid[39m=[32m"dropdown-item"[39m
        [33mrole[39m=[32m"button"[39m
        [33mtabindex[39m=[32m"0"[39m
      [36m>[39m
        [36m<svg[39m
          [33maria-hidden[39m=[32m"true"[39m
          [33mclass[39m=[32m"lucide lucide-file-spreadsheet h-4 w-4 fin-positive group-hover:scale-110 transition-transform"[39m
          [33mfill[39m=[32m"none"[39m
          [33mheight[39m=[32m"24"[39m
          [33mstroke[39m=[32m"currentColor"[39m
          [33mstroke-linecap[39m=[32m"round"[39m
          [33mstroke-linejoin[39m=[32m"round"[39m
          [33mstroke-width[39m=[32m"2"[39m
          [33mviewBox[39m=[32m"0 0 24 24"[39m
          [33mwidth[39m=[32m"24"[39m
          [33mxmlns[39m=[32m"http://www.w3.org/2000/svg"[39m
        [36m>[39m
          [36m<path[39m
            [33md[39m=[32m"M6 22a2 2 0 0 1-2-2V4a2 2 0 0 1 2-2h8a2.4 2.4 0 0 1 1.704.706l3.588 3.588A2.4 2.4 0 0 1 20 8v12a2 2 0 0 1-2 2z"[39m
          [36m/>[39m
          [36m<path[39m
            [33md[39m=[32m"M14 2v5a1 1 0 0 0 1 1h5"[39m
          [36m/>[39m
          [36m<path[39m
            [33md[39m=[32m"M8 13h2"[39m
          [36m/>[39m
          [36m<path[39m
            [33md[39m=[32m"M14 13h2"[39m
          [36m/>[39m
          [36m<path[39m
            [33md[39m=[32m"M8 17h2"[39m
          [36m/>[39m
          [36m<path[39m
            [33md[39m=[32m"M14 17h2"[39m
          [36m/>[39m
        [36m</svg>[39m
        [36m<span[39m
          [33mclass[39m=[32m"font-medium"[39m
        [36m>[39m
          [0mExcel (.xlsx)[0m
        [36m</span>[39m
      [36m</div>[39m
      [36m<div[39m
        [33mclass[39m=[32m"flex items-center space-x-2 px-3 py-2 text-sm text-[var(--text-primary)] rounded-md outline-none cursor-pointer hover:bg-[var(--bg-hover)] transition-colors group"[39m
        [33mdata-testid[39m=[32m"dropdown-item"[39m
        [33mrole[39m=[32m"button"[39m
        [33mtabindex[39m=[32m"0"[39m
      [36m>[39m
        [36m<svg[39m
          [33maria-hidden[39m=[32m"true"[39m
          [33mclass[39m=[32m"lucide lucide-file-text h-4 w-4 text-red-500 group-hover:scale-110 transition-transform"[39m
          [33mfill[39m=[32m"none"[39m
          [33mheight[39m=[32m"24"[39m
          [33mstroke[39m=[32m"currentColor"[39m
          [33mstroke-linecap[39m=[32m"round"[39m
          [33mstroke-linejoin[39m=[32m"round"[39m
          [33mstroke-width[39m=[32m"2"[39m
          [33mviewBox[39m=[32m"0 0 24 24"[39m
          [33mwidth[39m=[32m"24"[39m
          [33mxmlns[39m=[32m"http://www.w3.org/2000/svg"[39m
        [36m>[39m
          [36m<path[39m
            [33md[39m=[32m"M6 22a2 2 0 0 1-2-2V4a2 2 0 0 1 2-2h8a2.4 2.4 0 0 1 1.704.706l3.588 3.588A2.4 2.4 0 0 1 20 8v12a2 2 0 0 1-2 2z"[39m
          [36m/>[39m
          [36m<path[39m
            [33md[39m=[32m"M14 2v5a1 1 0 0 0 1 1h5"[39m
          [36m/>[39m
          [36m<path[39m
            [33md[39m=[32m"M10 9H8"[39m
          [36m/>[39m
          [36m<path[39m
            [33md[39m=[32m"M16 13H8"[39m
          [36m/>[39m
          [36m<path[39m
            [33md[39m=[32m"M16 17H8"[39m
          [36m/>[39m
        [36m</svg>[39m
        [36m<span[39m
          [33mclass[39m=[32m"font-medium"[39m
        [36m>[39m
          [0mPDF Document[0m
        [36m</span>[39m
      [36m</div>[39m
      [36m<div[39m
        [33mclass[39m=[32m"flex items-center space-x-2 px-3 py-2 text-sm text-[var(--text-primary)] rounded-md outline-none cursor-pointer hover:bg-[var(--bg-hover)] transition-colors group"[39m
        [33mdata-testid[39m=[32m"dropdown-item"[39m
        [33mrole[39m=[32m"button"[39m
        [33mtabindex[39m=[32m"0"[39m
      [36m>[39m
        [36m<svg[39m
          [33maria-hidden[39m=[32m"true"[39m
          [33mclass[39m=[32m"lucide lucide-file-down h-4 w-4 text-blue-500 group-hover:scale-110 transition-transform"[39m
          [33mfill[39m=[32m"none"[39m
          [33mheight[39m=[32m"24"[39m
          [33mstroke[39m=[32m"currentColor"[39m
          [33mstroke-linecap[39m=[32m"round"[39m
          [33mstroke-linejoin[39m=[32m"round"[39m
          [33mstroke-width[39m=[32m"2"[39m
          [33mviewBox[39m=[32m"0 0 24 24"[39m
          [33mwidth[39m=[32m"24"[39m
          [33mxmlns[39m=[32m"http://www.w3.org/2000/svg"[39m
        [36m>[39m
          [36m<path[39m
            [33md[39m=[32m"M6 22a2 2 0 0 1-2-2V4a2 2 0 0 1 2-2h8a2.4 2.4 0 0 1 1.704.706l3.588 3.588A2.4 2.4 0 0 1 20 8v12a2 2 0 0 1-2 2z"[39m
          [36m/>[39m
          [36m<path[39m
            [33md[39m=[32m"M14 2v5a1 1 0 0 0 1 1h5"[39m
          [36m/>[39m
          [36m<path[39m
            [33md[39m=[32m"M12 18v-6"[39m
          [36m/>[39m
          [36m<path[39m
            [33md[39m=[32m"m9 15 3 3 3-3"[39m
          [36m/>[39m
        [36m</svg>[39m
        [36m<span[39m
          [33mclass[39m=[32m"font-medium"[39m
        [36m>[39m
          [0mCSV (Data Only)[0m
        [36m</span>[39m
      [36m</div>[39m
      [36m<div[39m
        [33mdata-testid[39m=[32m"dropdown-separator"[39m
      [36m/>[39m
      [36m<div[39m
        [33mclass[39m=[32m"px-2 py-1 text-[9px] text-center text-[var(--text-secondary)] opacity-60 leading-tight"[39m
      [36m>[39m
        [0mDeterministic Export Protocol v3.1[0m
      [36m</div>[39m
    [36m</div>[39m
  [36m</div>[39m
[36m</body>[39m
 × src/components/ui/ExportMenu.test.tsx > ExportMenu > shows dropdown options when clicked 29ms
   → Found multiple elements with the role "button"

Here are the matching elements:

Ignored nodes: comments, script, style
[36m<button[39m
  [33maria-haspopup[39m=[32m"menu"[39m
  [33maria-label[39m=[32m"Export"[39m
  [33mclass[39m=[32m"flex items-center space-x-2 px-4 py-2 bg-blue-600 text-white rounded-md font-semibold text-sm hover:bg-blue-700 transition-all shadow-md active:scale-95 disabled:opacity-50 disabled:pointer-events-none"[39m
[36m>[39m
  [36m<svg[39m
    [33maria-hidden[39m=[32m"true"[39m
    [33mclass[39m=[32m"lucide lucide-download h-4 w-4"[39m
    [33mfill[39m=[32m"none"[39m
    [33mheight[39m=[32m"24"[39m
    [33mstroke[39m=[32m"currentColor"[39m
    [33mstroke-linecap[39m=[32m"round"[39m
    [33mstroke-linejoin[39m=[32m"round"[39m
    [33mstroke-width[39m=[32m"2"[39m
    [33mviewBox[39m=[32m"0 0 24 24"[39m
    [33mwidth[39m=[32m"24"[39m
    [33mxmlns[39m=[32m"http://www.w3.org/2000/svg"[39m
  [36m>[39m
    [36m<path[39m
      [33md[39m=[32m"M12 15V3"[39m
    [36m/>[39m
    [36m<path[39m
      [33md[39m=[32m"M21 15v4a2 2 0 0 1-2 2H5a2 2 0 0 1-2-2v-4"[39m
    [36m/>[39m
    [36m<path[39m
      [33md[39m=[32m"m7 10 5 5 5-5"[39m
    [36m/>[39m
  [36m</svg>[39m
  [36m<span>[39m
    [0mExport[0m
  [36m</span>[39m
  [36m<svg[39m
    [33maria-hidden[39m=[32m"true"[39m
    [33mclass[39m=[32m"lucide lucide-chevron-down h-3 w-3 opacity-60"[39m
    [33mfill[39m=[32m"none"[39m
    [33mheight[39m=[32m"24"[39m
    [33mstroke[39m=[32m"currentColor"[39m
    [33mstroke-linecap[39m=[32m"round"[39m
    [33mstroke-linejoin[39m=[32m"round"[39m
    [33mstroke-width[39m=[32m"2"[39m
    [33mviewBox[39m=[32m"0 0 24 24"[39m
    [33mwidth[39m=[32m"24"[39m
    [33mxmlns[39m=[32m"http://www.w3.org/2000/svg"[39m
  [36m>[39m
    [36m<path[39m
      [33md[39m=[32m"m6 9 6 6 6-6"[39m
    [36m/>[39m
  [36m</svg>[39m
[36m</button>[39m

Ignored nodes: comments, script, style
[36m<div[39m
  [33mclass[39m=[32m"flex items-center space-x-2 px-3 py-2 text-sm text-[var(--text-primary)] rounded-md outline-none cursor-pointer hover:bg-[var(--bg-hover)] transition-colors group"[39m
  [33mdata-testid[39m=[32m"dropdown-item"[39m
  [33mrole[39m=[32m"button"[39m
  [33mtabindex[39m=[32m"0"[39m
[36m>[39m
  [36m<svg[39m
    [33maria-hidden[39m=[32m"true"[39m
    [33mclass[39m=[32m"lucide lucide-file-spreadsheet h-4 w-4 fin-positive group-hover:scale-110 transition-transform"[39m
    [33mfill[39m=[32m"none"[39m
    [33mheight[39m=[32m"24"[39m
    [33mstroke[39m=[32m"currentColor"[39m
    [33mstroke-linecap[39m=[32m"round"[39m
    [33mstroke-linejoin[39m=[32m"round"[39m
    [33mstroke-width[39m=[32m"2"[39m
    [33mviewBox[39m=[32m"0 0 24 24"[39m
    [33mwidth[39m=[32m"24"[39m
    [33mxmlns[39m=[32m"http://www.w3.org/2000/svg"[39m
  [36m>[39m
    [36m<path[39m
      [33md[39m=[32m"M6 22a2 2 0 0 1-2-2V4a2 2 0 0 1 2-2h8a2.4 2.4 0 0 1 1.704.706l3.588 3.588A2.4 2.4 0 0 1 20 8v12a2 2 0 0 1-2 2z"[39m
    [36m/>[39m
    [36m<path[39m
      [33md[39m=[32m"M14 2v5a1 1 0 0 0 1 1h5"[39m
    [36m/>[39m
    [36m<path[39m
      [33md[39m=[32m"M8 13h2"[39m
    [36m/>[39m
    [36m<path[39m
      [33md[39m=[32m"M14 13h2"[39m
    [36m/>[39m
    [36m<path[39m
      [33md[39m=[32m"M8 17h2"[39m
    [36m/>[39m
    [36m<path[39m
      [33md[39m=[32m"M14 17h2"[39m
    [36m/>[39m
  [36m</svg>[39m
  [36m<span[39m
    [33mclass[39m=[32m"font-medium"[39m
  [36m>[39m
    [0mExcel (.xlsx)[0m
  [36m</span>[39m
[36m</div>[39m

Ignored nodes: comments, script, style
[36m<div[39m
  [33mclass[39m=[32m"flex items-center space-x-2 px-3 py-2 text-sm text-[var(--text-primary)] rounded-md outline-none cursor-pointer hover:bg-[var(--bg-hover)] transition-colors group"[39m
  [33mdata-testid[39m=[32m"dropdown-item"[39m
  [33mrole[39m=[32m"button"[39m
  [33mtabindex[39m=[32m"0"[39m
[36m>[39m
  [36m<svg[39m
    [33maria-hidden[39m=[32m"true"[39m
    [33mclass[39m=[32m"lucide lucide-file-text h-4 w-4 text-red-500 group-hover:scale-110 transition-transform"[39m
    [33mfill[39m=[32m"none"[39m
    [33mheight[39m=[32m"24"[39m
    [33mstroke[39m=[32m"currentColor"[39m
    [33mstroke-linecap[39m=[32m"round"[39m
    [33mstroke-linejoin[39m=[32m"round"[39m
    [33mstroke-width[39m=[32m"2"[39m
    [33mviewBox[39m=[32m"0 0 24 24"[39m
    [33mwidth[39m=[32m"24"[39m
    [33mxmlns[39m=[32m"http://www.w3.org/2000/svg"[39m
  [36m>[39m
    [36m<path[39m
      [33md[39m=[32m"M6 22a2 2 0 0 1-2-2V4a2 2 0 0 1 2-2h8a2.4 2.4 0 0 1 1.704.706l3.588 3.588A2.4 2.4 0 0 1 20 8v12a2 2 0 0 1-2 2z"[39m
    [36m/>[39m
    [36m<path[39m
      [33md[39m=[32m"M14 2v5a1 1 0 0 0 1 1h5"[39m
    [36m/>[39m
    [36m<path[39m
      [33md[39m=[32m"M10 9H8"[39m
    [36m/>[39m
    [36m<path[39m
      [33md[39m=[32m"M16 13H8"[39m
    [36m/>[39m
    [36m<path[39m
      [33md[39m=[32m"M16 17H8"[39m
    [36m/>[39m
  [36m</svg>[39m
  [36m<span[39m
    [33mclass[39m=[32m"font-medium"[39m
  [36m>[39m
    [0mPDF Document[0m
  [36m</span>[39m
[36m</div>[39m

Ignored nodes: comments, script, style
[36m<div[39m
  [33mclass[39m=[32m"flex items-center space-x-2 px-3 py-2 text-sm text-[var(--text-primary)] rounded-md outline-none cursor-pointer hover:bg-[var(--bg-hover)] transition-colors group"[39m
  [33mdata-testid[39m=[32m"dropdown-item"[39m
  [33mrole[39m=[32m"button"[39m
  [33mtabindex[39m=[32m"0"[39m
[36m>[39m
  [36m<svg[39m
    [33maria-hidden[39m=[32m"true"[39m
    [33mclass[39m=[32m"lucide lucide-file-down h-4 w-4 text-blue-500 group-hover:scale-110 transition-transform"[39m
    [33mfill[39m=[32m"none"[39m
    [33mheight[39m=[32m"24"[39m
    [33mstroke[39m=[32m"currentColor"[39m
    [33mstroke-linecap[39m=[32m"round"[39m
    [33mstroke-linejoin[39m=[32m"round"[39m
    [33mstroke-width[39m=[32m"2"[39m
    [33mviewBox[39m=[32m"0 0 24 24"[39m
    [33mwidth[39m=[32m"24"[39m
    [33mxmlns[39m=[32m"http://www.w3.org/2000/svg"[39m
  [36m>[39m
    [36m<path[39m
      [33md[39m=[32m"M6 22a2 2 0 0 1-2-2V4a2 2 0 0 1 2-2h8a2.4 2.4 0 0 1 1.704.706l3.588 3.588A2.4 2.4 0 0 1 20 8v12a2 2 0 0 1-2 2z"[39m
    [36m/>[39m
    [36m<path[39m
      [33md[39m=[32m"M14 2v5a1 1 0 0 0 1 1h5"[39m
    [36m/>[39m
    [36m<path[39m
      [33md[39m=[32m"M12 18v-6"[39m
    [36m/>[39m
    [36m<path[39m
      [33md[39m=[32m"m9 15 3 3 3-3"[39m
    [36m/>[39m
  [36m</svg>[39m
  [36m<span[39m
    [33mclass[39m=[32m"font-medium"[39m
  [36m>[39m
    [0mCSV (Data Only)[0m
  [36m</span>[39m
[36m</div>[39m

(If this is intentional, then use the `*AllBy*` variant of the query (like `queryAllByText`, `getAllByText`, or `findAllByText`)).

Ignored nodes: comments, script, style
[36m<body>[39m
  [36m<div>[39m
    [36m<button[39m
      [33maria-haspopup[39m=[32m"menu"[39m
      [33maria-label[39m=[32m"Export"[39m
      [33mclass[39m=[32m"flex items-center space-x-2 px-4 py-2 bg-blue-600 text-white rounded-md font-semibold text-sm hover:bg-blue-700 transition-all shadow-md active:scale-95 disabled:opacity-50 disabled:pointer-events-none"[39m
    [36m>[39m
      [36m<svg[39m
        [33maria-hidden[39m=[32m"true"[39m
        [33mclass[39m=[32m"lucide lucide-download h-4 w-4"[39m
        [33mfill[39m=[32m"none"[39m
        [33mheight[39m=[32m"24"[39m
        [33mstroke[39m=[32m"currentColor"[39m
        [33mstroke-linecap[39m=[32m"round"[39m
        [33mstroke-linejoin[39m=[32m"round"[39m
        [33mstroke-width[39m=[32m"2"[39m
        [33mviewBox[39m=[32m"0 0 24 24"[39m
        [33mwidth[39m=[32m"24"[39m
        [33mxmlns[39m=[32m"http://www.w3.org/2000/svg"[39m
      [36m>[39m
        [36m<path[39m
          [33md[39m=[32m"M12 15V3"[39m
        [36m/>[39m
        [36m<path[39m
          [33md[39m=[32m"M21 15v4a2 2 0 0 1-2 2H5a2 2 0 0 1-2-2v-4"[39m
        [36m/>[39m
        [36m<path[39m
          [33md[39m=[32m"m7 10 5 5 5-5"[39m
        [36m/>[39m
      [36m</svg>[39m
      [36m<span>[39m
        [0mExport[0m
      [36m</span>[39m
      [36m<svg[39m
        [33maria-hidden[39m=[32m"true"[39m
        [33mclass[39m=[32m"lucide lucide-chevron-down h-3 w-3 opacity-60"[39m
        [33mfill[39m=[32m"none"[39m
        [33mheight[39m=[32m"24"[39m
        [33mstroke[39m=[32m"currentColor"[39m
        [33mstroke-linecap[39m=[32m"round"[39m
        [33mstroke-linejoin[39m=[32m"round"[39m
        [33mstroke-width[39m=[32m"2"[39m
        [33mviewBox[39m=[32m"0 0 24 24"[39m
        [33mwidth[39m=[32m"24"[39m
        [33mxmlns[39m=[32m"http://www.w3.org/2000/svg"[39m
      [36m>[39m
        [36m<path[39m
          [33md[39m=[32m"m6 9 6 6 6-6"[39m
        [36m/>[39m
      [36m</svg>[39m
    [36m</button>[39m
    [36m<div[39m
      [33malign[39m=[32m"end"[39m
      [33mclass[39m=[32m"z-[90] min-w-[160px] bg-[var(--bg-surface)] border border-[var(--border-subtle)] rounded-lg shadow-xl p-1 animate-in fade-in-0 zoom-in-95"[39m
      [33mdata-testid[39m=[32m"dropdown-content"[39m
      [33msideoffset[39m=[32m"5"[39m
    [36m>[39m
      [36m<div[39m
        [33mclass[39m=[32m"px-2 py-1.5 text-[10px] font-bold uppercase tracking-widest text-[var(--text-secondary)] opacity-50"[39m
      [36m>[39m
        [0mChoose Format[0m
      [36m</div>[39m
      [36m<div[39m
        [33mclass[39m=[32m"flex items-center space-x-2 px-3 py-2 text-sm text-[var(--text-primary)] rounded-md outline-none cursor-pointer hover:bg-[var(--bg-hover)] transition-colors group"[39m
        [33mdata-testid[39m=[32m"dropdown-item"[39m
        [33mrole[39m=[32m"button"[39m
        [33mtabindex[39m=[32m"0"[39m
      [36m>[39m
        [36m<svg[39m
          [33maria-hidden[39m=[32m"true"[39m
          [33mclass[39m=[32m"lucide lucide-file-spreadsheet h-4 w-4 fin-positive group-hover:scale-110 transition-transform"[39m
          [33mfill[39m=[32m"none"[39m
          [33mheight[39m=[32m"24"[39m
          [33mstroke[39m=[32m"currentColor"[39m
          [33mstroke-linecap[39m=[32m"round"[39m
          [33mstroke-linejoin[39m=[32m"round"[39m
          [33mstroke-width[39m=[32m"2"[39m
          [33mviewBox[39m=[32m"0 0 24 24"[39m
          [33mwidth[39m=[32m"24"[39m
          [33mxmlns[39m=[32m"http://www.w3.org/2000/svg"[39m
        [36m>[39m
          [36m<path[39m
            [33md[39m=[32m"M6 22a2 2 0 0 1-2-2V4a2 2 0 0 1 2-2h8a2.4 2.4 0 0 1 1.704.706l3.588 3.588A2.4 2.4 0 0 1 20 8v12a2 2 0 0 1-2 2z"[39m
          [36m/>[39m
          [36m<path[39m
            [33md[39m=[32m"M14 2v5a1 1 0 0 0 1 1h5"[39m
          [36m/>[39m
          [36m<path[39m
            [33md[39m=[32m"M8 13h2"[39m
          [36m/>[39m
          [36m<path[39m
            [33md[39m=[32m"M14 13h2"[39m
          [36m/>[39m
          [36m<path[39m
            [33md[39m=[32m"M8 17h2"[39m
          [36m/>[39m
          [36m<path[39m
            [33md[39m=[32m"M14 17h2"[39m
          [36m/>[39m
        [36m</svg>[39m
        [36m<span[39m
          [33mclass[39m=[32m"font-medium"[39m
        [36m>[39m
          [0mExcel (.xlsx)[0m
        [36m</span>[39m
      [36m</div>[39m
      [36m<div[39m
        [33mclass[39m=[32m"flex items-center space-x-2 px-3 py-2 text-sm text-[var(--text-primary)] rounded-md outline-none cursor-pointer hover:bg-[var(--bg-hover)] transition-colors group"[39m
        [33mdata-testid[39m=[32m"dropdown-item"[39m
        [33mrole[39m=[32m"button"[39m
        [33mtabindex[39m=[32m"0"[39m
      [36m>[39m
        [36m<svg[39m
          [33maria-hidden[39m=[32m"true"[39m
          [33mclass[39m=[32m"lucide lucide-file-text h-4 w-4 text-red-500 group-hover:scale-110 transition-transform"[39m
          [33mfill[39m=[32m"none"[39m
          [33mheight[39m=[32m"24"[39m
          [33mstroke[39m=[32m"currentColor"[39m
          [33mstroke-linecap[39m=[32m"round"[39m
          [33mstroke-linejoin[39m=[32m"round"[39m
          [33mstroke-width[39m=[32m"2"[39m
          [33mviewBox[39m=[32m"0 0 24 24"[39m
          [33mwidth[39m=[32m"24"[39m
          [33mxmlns[39m=[32m"http://www.w3.org/2000/svg"[39m
        [36m>[39m
          [36m<path[39m
            [33md[39m=[32m"M6 22a2 2 0 0 1-2-2V4a2 2 0 0 1 2-2h8a2.4 2.4 0 0 1 1.704.706l3.588 3.588A2.4 2.4 0 0 1 20 8v12a2 2 0 0 1-2 2z"[39m
          [36m/>[39m
          [36m<path[39m
            [33md[39m=[32m"M14 2v5a1 1 0 0 0 1 1h5"[39m
          [36m/>[39m
          [36m<path[39m
            [33md[39m=[32m"M10 9H8"[39m
          [36m/>[39m
          [36m<path[39m
            [33md[39m=[32m"M16 13H8"[39m
          [36m/>[39m
          [36m<path[39m
            [33md[39m=[32m"M16 17H8"[39m
          [36m/>[39m
        [36m</svg>[39m
        [36m<span[39m
          [33mclass[39m=[32m"font-medium"[39m
        [36m>[39m
          [0mPDF Document[0m
        [36m</span>[39m
      [36m</div>[39m
      [36m<div[39m
        [33mclass[39m=[32m"flex items-center space-x-2 px-3 py-2 text-sm text-[var(--text-primary)] rounded-md outline-none cursor-pointer hover:bg-[var(--bg-hover)] transition-colors group"[39m
        [33mdata-testid[39m=[32m"dropdown-item"[39m
        [33mrole[39m=[32m"button"[39m
        [33mtabindex[39m=[32m"0"[39m
      [36m>[39m
        [36m<svg[39m
          [33maria-hidden[39m=[32m"true"[39m
          [33mclass[39m=[32m"lucide lucide-file-down h-4 w-4 text-blue-500 group-hover:scale-110 transition-transform"[39m
          [33mfill[39m=[32m"none"[39m
          [33mheight[39m=[32m"24"[39m
          [33mstroke[39m=[32m"currentColor"[39m
          [33mstroke-linecap[39m=[32m"round"[39m
          [33mstroke-linejoin[39m=[32m"round"[39m
          [33mstroke-width[39m=[32m"2"[39m
          [33mviewBox[39m=[32m"0 0 24 24"[39m
          [33mwidth[39m=[32m"24"[39m
          [33mxmlns[39m=[32m"http://www.w3.org/2000/svg"[39m
        [36m>[39m
          [36m<path[39m
            [33md[39m=[32m"M6 22a2 2 0 0 1-2-2V4a2 2 0 0 1 2-2h8a2.4 2.4 0 0 1 1.704.706l3.588 3.588A2.4 2.4 0 0 1 20 8v12a2 2 0 0 1-2 2z"[39m
          [36m/>[39m
          [36m<path[39m
            [33md[39m=[32m"M14 2v5a1 1 0 0 0 1 1h5"[39m
          [36m/>[39m
          [36m<path[39m
            [33md[39m=[32m"M12 18v-6"[39m
          [36m/>[39m
          [36m<path[39m
            [33md[39m=[32m"m9 15 3 3 3-3"[39m
          [36m/>[39m
        [36m</svg>[39m
        [36m<span[39m
          [33mclass[39m=[32m"font-medium"[39m
        [36m>[39m
          [0mCSV (Data Only)[0m
        [36m</span>[39m
      [36m</div>[39m
      [36m<div[39m
        [33mdata-testid[39m=[32m"dropdown-separator"[39m
      [36m/>[39m
      [36m<div[39m
        [33mclass[39m=[32m"px-2 py-1 text-[9px] text-center text-[var(--text-secondary)] opacity-60 leading-tight"[39m
      [36m>[39m
        [0mDeterministic Export Protocol v3.1[0m
      [36m</div>[39m
    [36m</div>[39m
  [36m</div>[39m
[36m</body>[39m
 × src/components/ui/ExportMenu.test.tsx > ExportMenu > shows format header when open 6ms
   → Invalid Chai property: toBeInTheDocument
 ✓ src/components/ui/ExportMenu.test.tsx > ExportMenu > calls onExport with "excel" when Excel is clicked 11ms
 ✓ src/components/ui/ExportMenu.test.tsx > ExportMenu > calls onExport with "pdf" when PDF is clicked 6ms
 ✓ src/components/ui/ExportMenu.test.tsx > ExportMenu > calls onExport with "csv" when CSV is clicked 5ms
 × src/components/ui/ExportMenu.test.tsx > ExportMenu > renders deterministic export protocol text 6ms
   → Invalid Chai property: toBeInTheDocument
(node:4820) ExperimentalWarning: localStorage is not available because --localstorage-file was not provided.
(Use `node --trace-warnings ...` to show where the warning was created)
 ✓ src/engines/ESGEngine.test.ts > ESGEngine > calculateCarbonFootprint > should calculate total CO2 from activities 2ms
 ✓ src/engines/ESGEngine.test.ts > ESGEngine > calculateCarbonFootprint > should handle empty activities 1ms
 ✓ src/engines/ESGEngine.test.ts > ESGEngine > calculateScopeEmissions > should calculate scope 1 emissions 0ms
 ✓ src/engines/ESGEngine.test.ts > ESGEngine > calculateScopeEmissions > should calculate scope 2 emissions 0ms
 ✓ src/engines/ESGEngine.test.ts > ESGEngine > calculateScopeEmissions > should return 0 for empty energy data 0ms
 ✓ src/engines/ESGEngine.test.ts > ESGEngine > calculateDiversityScore > should calculate diversity metrics 0ms
 ✓ src/engines/ESGEngine.test.ts > ESGEngine > calculateDiversityScore > should handle empty workforce 0ms
 ✓ src/engines/ESGEngine.test.ts > ESGEngine > calculateDiversityScore > should handle no management 0ms
(node:4820) ExperimentalWarning: localStorage is not available because --localstorage-file was not provided.
(Use `node --trace-warnings ...` to show where the warning was created)
 ✓ src/engines/ForecastMethodEngine.test.ts > ForecastMethodEngine > simpleMovingAverage > should calculate 3-period simple moving average 3ms
 ✓ src/engines/ForecastMethodEngine.test.ts > ForecastMethodEngine > simpleMovingAverage > should calculate 5-period simple moving average 0ms
 ✓ src/engines/ForecastMethodEngine.test.ts > ForecastMethodEngine > simpleMovingAverage > should throw when window exceeds data length 1ms
 ✓ src/engines/ForecastMethodEngine.test.ts > ForecastMethodEngine > movingAverage > should delegate to simple moving average via options 1ms
 ✓ src/engines/ForecastMethodEngine.test.ts > ForecastMethodEngine > linearRegression > should fit linear trend 1ms
 ✓ src/engines/ForecastMethodEngine.test.ts > ForecastMethodEngine > linearRegression > should forecast future values 0ms
 ✓ src/engines/ForecastMethodEngine.test.ts > ForecastMethodEngine > linearRegression > should handle flat data 0ms
 ✓ src/engines/ForecastMethodEngine.test.ts > ForecastMethodEngine > holtWinters > should forecast with Holt-Winters (additive) 1ms
 ✓ src/engines/ForecastMethodEngine.test.ts > ForecastMethodEngine > holtWinters > should produce seasonal and trend components 0ms
 ✓ src/engines/ForecastMethodEngine.test.ts > ForecastMethodEngine > seasonalDecomposition > should decompose into trend, seasonal, residual 1ms
 ✓ src/engines/ForecastMethodEngine.test.ts > ForecastMethodEngine > seasonalDecomposition > should have seasonal indices matching the period 0ms
(node:4820) ExperimentalWarning: localStorage is not available because --localstorage-file was not provided.
(Use `node --trace-warnings ...` to show where the warning was created)
(node:4820) ExperimentalWarning: localStorage is not available because --localstorage-file was not provided.
(Use `node --trace-warnings ...` to show where the warning was created)
 × src/pages/scenarios/__tests__/ScenarioBuilderPage.test.tsx > ScenarioBuilderPage > renders the page heading 24ms
   → [vitest] No "Table" export is defined on the "lucide-react" mock. Did you forget to return it from "vi.mock"?
If you need to partially mock a module, you can use "importOriginal" helper inside:

 × src/pages/scenarios/__tests__/ScenarioBuilderPage.test.tsx > ScenarioBuilderPage > renders assumption sliders section 4ms
   → [vitest] No "Table" export is defined on the "lucide-react" mock. Did you forget to return it from "vi.mock"?
If you need to partially mock a module, you can use "importOriginal" helper inside:

 × src/pages/scenarios/__tests__/ScenarioBuilderPage.test.tsx > ScenarioBuilderPage > renders impact KPIs 3ms
   → [vitest] No "Table" export is defined on the "lucide-react" mock. Did you forget to return it from "vi.mock"?
If you need to partially mock a module, you can use "importOriginal" helper inside:

 × src/pages/scenarios/__tests__/ScenarioBuilderPage.test.tsx > ScenarioBuilderPage > renders save scenario button 3ms
   → [vitest] No "Table" export is defined on the "lucide-react" mock. Did you forget to return it from "vi.mock"?
If you need to partially mock a module, you can use "importOriginal" helper inside:

 × src/pages/scenarios/__tests__/ScenarioBuilderPage.test.tsx > ScenarioBuilderPage > renders monte carlo button 3ms
   → [vitest] No "Table" export is defined on the "lucide-react" mock. Did you forget to return it from "vi.mock"?
If you need to partially mock a module, you can use "importOriginal" helper inside:

 × src/pages/__tests__/forecasts/WhatIfPage.test.tsx > WhatIfPage > renders the page title 56ms
   → Invalid Chai property: toBeInTheDocument
 × src/pages/__tests__/forecasts/WhatIfPage.test.tsx > WhatIfPage > renders empty state with no scenarios 9ms
   → Invalid Chai property: toBeInTheDocument
 × src/pages/__tests__/forecasts/WhatIfPage.test.tsx > WhatIfPage > renders assumption sliders placeholder 9ms
   → Invalid Chai property: toBeInTheDocument
(node:4820) ExperimentalWarning: localStorage is not available because --localstorage-file was not provided.
(Use `node --trace-warnings ...` to show where the warning was created)
 ✓ src/engines/ReconciliationEngine.test.ts > ReconciliationEngine > matchRecords > matches records by key 3ms
 ✓ src/engines/ReconciliationEngine.test.ts > ReconciliationEngine > matchRecords > returns empty for no matches 0ms
 ✓ src/engines/ReconciliationEngine.test.ts > ReconciliationEngine > findDiscrepancies > finds discrepancies above tolerance 0ms
 ✓ src/engines/ReconciliationEngine.test.ts > ReconciliationEngine > findDiscrepancies > marks discrepancies within tolerance as withinTolerance 0ms
 ✓ src/engines/ReconciliationEngine.test.ts > ReconciliationEngine > reconcile > produces a full reconciliation result 0ms
 ✓ src/engines/ReconciliationEngine.test.ts > ReconciliationEngine > generateReport > generates a reconciliation report 0ms
 ✓ src/engines/ReconciliationEngine.test.ts > ReconciliationEngine > autoResolve > resolves discrepancies within tolerance 0ms
(node:4820) ExperimentalWarning: localStorage is not available because --localstorage-file was not provided.
(Use `node --trace-warnings ...` to show where the warning was created)
 ✓ src/workers/scenarioWorker.test.ts > scenarioWorker > applies single scenario multiplier 4ms
 ✓ src/workers/scenarioWorker.test.ts > scenarioWorker > applies multiple scenarios 1ms
 ✓ src/workers/scenarioWorker.test.ts > scenarioWorker > handles empty base values 1ms
 ✓ src/workers/scenarioWorker.test.ts > scenarioWorker > handles single base value 0ms
 ✓ src/workers/scenarioWorker.test.ts > scenarioWorker > handles zero assumptions 0ms
(node:4820) ExperimentalWarning: localStorage is not available because --localstorage-file was not provided.
(Use `node --trace-warnings ...` to show where the warning was created)
 ✓ src/components/ui/ICReconciliationReport.test.tsx > ICReconciliationReport > renders without crashing 46ms
 × src/components/ui/ICReconciliationReport.test.tsx > ICReconciliationReport > displays report title 36ms
   → Invalid Chai property: toBeInTheDocument
 × src/components/ui/ICReconciliationReport.test.tsx > ICReconciliationReport > displays period info 25ms
   → Invalid Chai property: toBeInTheDocument
 × src/components/ui/ICReconciliationReport.test.tsx > ICReconciliationReport > displays metric cards 14ms
   → Invalid Chai property: toBeInTheDocument
 × src/components/ui/ICReconciliationReport.test.tsx > ICReconciliationReport > displays filter buttons 11ms
   → Invalid Chai property: toBeInTheDocument
(node:4820) ExperimentalWarning: localStorage is not available because --localstorage-file was not provided.
(Use `node --trace-warnings ...` to show where the warning was created)
 ✓ src/engines/AnomalyExplainer.test.ts > AnomalyExplainer > explainAnomaly > should explain revenue spike anomaly 2ms
 ✓ src/engines/AnomalyExplainer.test.ts > AnomalyExplainer > explainAnomaly > should explain cost anomaly 0ms
 ✓ src/engines/AnomalyExplainer.test.ts > AnomalyExplainer > explainAnomaly > should handle negative deviation (decrease) 0ms
 ✓ src/engines/AnomalyExplainer.test.ts > AnomalyExplainer > crossReference > should return findings when context has journal entries 0ms
 ✓ src/engines/AnomalyExplainer.test.ts > AnomalyExplainer > crossReference > should return empty when context has no journal entries 1ms
 ✓ src/engines/AnomalyExplainer.test.ts > AnomalyExplainer > rankBySeverity > should sort anomalies by absolute deviation descending 0ms
 ✓ src/engines/AnomalyExplainer.test.ts > AnomalyExplainer > rankBySeverity > should handle empty array 0ms
(node:4820) ExperimentalWarning: localStorage is not available because --localstorage-file was not provided.
(Use `node --trace-warnings ...` to show where the warning was created)
 ✓ src/hooks/useIntersectionObserver.test.ts > useIntersectionObserver > should return ref and isVisible=false initially 14ms
 ✓ src/hooks/useIntersectionObserver.test.ts > useIntersectionObserver > should observe the element 2ms
 ✓ src/hooks/useIntersectionObserver.test.ts > useIntersectionObserver > should become visible on intersection 4ms
 ✓ src/hooks/useIntersectionObserver.test.ts > useIntersectionObserver > should show immediately if IntersectionObserver is undefined 2ms
 ✓ src/hooks/useIntersectionObserver.test.ts > useElementSize > should return ref with zero initial size 1ms
 ✓ src/hooks/useIntersectionObserver.test.ts > useElementSize > should update size when ref is attached 1ms
(node:4820) ExperimentalWarning: localStorage is not available because --localstorage-file was not provided.
(Use `node --trace-warnings ...` to show where the warning was created)
 ✓ src/engines/NamedRangeEngine.test.ts > NamedRangeEngine > create > should create a named range 3ms
 ✓ src/engines/NamedRangeEngine.test.ts > NamedRangeEngine > create > should prevent duplicate names 1ms
 ✓ src/engines/NamedRangeEngine.test.ts > NamedRangeEngine > getRange > should get named range by name 1ms
 ✓ src/engines/NamedRangeEngine.test.ts > NamedRangeEngine > getRange > should return undefined for non-existent range 0ms
 ✓ src/engines/NamedRangeEngine.test.ts > NamedRangeEngine > resolve > should resolve range to cell addresses 1ms
 ✓ src/engines/NamedRangeEngine.test.ts > NamedRangeEngine > resolve > should return null for non-existent range 0ms
 ✓ src/engines/NamedRangeEngine.test.ts > NamedRangeEngine > getValues > should get values for a named range 1ms
 ✓ src/engines/NamedRangeEngine.test.ts > NamedRangeEngine > reset > should clear all named ranges 0ms
(node:4820) ExperimentalWarning: localStorage is not available because --localstorage-file was not provided.
(Use `node --trace-warnings ...` to show where the warning was created)
(node:4820) ExperimentalWarning: localStorage is not available because --localstorage-file was not provided.
(Use `node --trace-warnings ...` to show where the warning was created)
(node:4820) ExperimentalWarning: localStorage is not available because --localstorage-file was not provided.
(Use `node --trace-warnings ...` to show where the warning was created)
 ✓ src/components/ui/ScenarioTimeline.test.tsx > ScenarioTimeline > renders without crashing 27ms
 × src/components/ui/ScenarioTimeline.test.tsx > ScenarioTimeline > displays metric label in title 26ms
   → Invalid Chai property: toBeInTheDocument
 × src/components/ui/ScenarioTimeline.test.tsx > ScenarioTimeline > displays default metric label 7ms
   → Invalid Chai property: toBeInTheDocument
 × src/components/ui/ScenarioTimeline.test.tsx > ScenarioTimeline > renders chart container 8ms
   → Invalid Chai property: toBeInTheDocument
 × src/components/ui/ScenarioTimeline.test.tsx > ScenarioTimeline > renders line chart without confidence bands 8ms
   → Invalid Chai property: toBeInTheDocument
 × src/components/ui/ScenarioTimeline.test.tsx > ScenarioTimeline > renders area chart with confidence bands 9ms
   → Invalid Chai property: toBeInTheDocument
stderr | src/components/ui/OnboardingWizard.test.tsx > OnboardingWizard > renders without crashing
react-i18next:: useTranslation: You will need to pass in an i18next instance by using initReactI18next { code: 
'NO_I18NEXT_INSTANCE' }

 ✓ src/components/ui/OnboardingWizard.test.tsx > OnboardingWizard > renders without crashing 31ms
 × src/components/ui/OnboardingWizard.test.tsx > OnboardingWizard > displays welcome message on first step 28ms
   → Unable to find an element with the text: Welcome to FinPlan Pro. This could be because the text is broken up by multiple elements. In this case, you can provide a function for your text matcher to make your matcher more flexible.

Ignored nodes: comments, script, style
[36m<body>[39m
  [36m<div>[39m
    [36m<div[39m
      [33mclass[39m=[32m"fixed inset-0 z-[9999] flex items-center justify-center bg-slate-950/80 backdrop-blur-sm p-4"[39m
    [36m>[39m
      [36m<div[39m
        [33maria-atomic[39m=[32m"true"[39m
        [33maria-live[39m=[32m"polite"[39m
        [33mclass[39m=[32m"sr-only"[39m
        [33mrole[39m=[32m"status"[39m
      [36m>[39m
        [0mStep 1: onboarding.steps.welcome[0m
      [36m</div>[39m
      [36m<div[39m
        [33mclass[39m=[32m"w-full max-w-2xl bg-slate-900 border-slate-800 shadow-2xl overflow-hidden"[39m
      [36m>[39m
        [36m<div[39m
          [33mclass[39m=[32m"p-8"[39m
        [36m>[39m
          [36m<div[39m
            [33mdata-testid[39m=[32m"progress-stepper"[39m
          [36m>[39m
            [36m<span[39m
              [33mclass[39m=[32m"active"[39m
            [36m>[39m
              [0monboarding.steps.welcome[0m
            [36m</span>[39m
            [36m<span[39m
              [33mclass[39m=[32m""[39m
            [36m>[39m
              [0monboarding.steps.company[0m
            [36m</span>[39m
            [36m<span[39m
              [33mclass[39m=[32m""[39m
            [36m>[39m
              [0monboarding.steps.data[0m
            [36m</span>[39m
            [36m<span[39m
              [33mclass[39m=[32m""[39m
            [36m>[39m
              [0monboarding.steps.review[0m
            [36m</span>[39m
            [36m<span[39m
              [33mclass[39m=[32m""[39m
            [36m>[39m
              [0monboarding.steps.done[0m
            [36m</span>[39m
          [36m</div>[39m
          [36m<div[39m
            [33maria-labelledby[39m=[32m"step-title-0"[39m
            [33mclass[39m=[32m"min-h-[300px] outline-none focus:ring-0"[39m
            [33mtabindex[39m=[32m"-1"[39m
          [36m>[39m
            [36m<div[39m
              [33mclass[39m=[32m"animate-fade-in text-center py-6"[39m
            [36m>[39m
              [36m<h1[39m
                [33mclass[39m=[32m"text-3xl font-bold text-white mb-4"[39m
                [33mid[39m=[32m"step-title-0"[39m
              [36m>[39m
                [0monboarding.welcome.title[0m
              [36m</h1>[39m
              [36m<p[39m
                [33mclass[39m=[32m"text-slate-400 text-lg leading-relaxed max-w-md mx-auto"[39m
              [36m>[39m
                [0monboarding.welcome.description[0m
              [36m</p>[39m
              [36m<div[39m
                [33mclass[39m=[32m"mt-10"[39m
              [36m>[39m
                [36m<button>[39m
                  [0monboarding.welcome.start[0m
                [36m</button>[39m
              [36m</div>[39m
            [36m</div>[39m
          [36m</div>[39m
        [36m</div>[39m
      [36m</div>[39m
    [36m</div>[39m
  [36m</div>[39m
[36m</body>[39m
 × src/components/ui/OnboardingWizard.test.tsx > OnboardingWizard > displays progress stepper 8ms
   → Invalid Chai property: toBeInTheDocument
 × src/components/ui/OnboardingWizard.test.tsx > OnboardingWizard > displays "Let's Start" button 5ms
   → Unable to find an element with the text: Let's Start. This could be because the text is broken up by multiple elements. In this case, you can provide a function for your text matcher to make your matcher more flexible.

Ignored nodes: comments, script, style
[36m<body>[39m
  [36m<div>[39m
    [36m<div[39m
      [33mclass[39m=[32m"fixed inset-0 z-[9999] flex items-center justify-center bg-slate-950/80 backdrop-blur-sm p-4"[39m
    [36m>[39m
      [36m<div[39m
        [33maria-atomic[39m=[32m"true"[39m
        [33maria-live[39m=[32m"polite"[39m
        [33mclass[39m=[32m"sr-only"[39m
        [33mrole[39m=[32m"status"[39m
      [36m>[39m
        [0mStep 1: onboarding.steps.welcome[0m
      [36m</div>[39m
      [36m<div[39m
        [33mclass[39m=[32m"w-full max-w-2xl bg-slate-900 border-slate-800 shadow-2xl overflow-hidden"[39m
      [36m>[39m
        [36m<div[39m
          [33mclass[39m=[32m"p-8"[39m
        [36m>[39m
          [36m<div[39m
            [33mdata-testid[39m=[32m"progress-stepper"[39m
          [36m>[39m
            [36m<span[39m
              [33mclass[39m=[32m"active"[39m
            [36m>[39m
              [0monboarding.steps.welcome[0m
            [36m</span>[39m
            [36m<span[39m
              [33mclass[39m=[32m""[39m
            [36m>[39m
              [0monboarding.steps.company[0m
            [36m</span>[39m
            [36m<span[39m
              [33mclass[39m=[32m""[39m
            [36m>[39m
              [0monboarding.steps.data[0m
            [36m</span>[39m
            [36m<span[39m
              [33mclass[39m=[32m""[39m
            [36m>[39m
              [0monboarding.steps.review[0m
            [36m</span>[39m
            [36m<span[39m
              [33mclass[39m=[32m""[39m
            [36m>[39m
              [0monboarding.steps.done[0m
            [36m</span>[39m
          [36m</div>[39m
          [36m<div[39m
            [33maria-labelledby[39m=[32m"step-title-0"[39m
            [33mclass[39m=[32m"min-h-[300px] outline-none focus:ring-0"[39m
            [33mtabindex[39m=[32m"-1"[39m
          [36m>[39m
            [36m<div[39m
              [33mclass[39m=[32m"animate-fade-in text-center py-6"[39m
            [36m>[39m
              [36m<h1[39m
                [33mclass[39m=[32m"text-3xl font-bold text-white mb-4"[39m
                [33mid[39m=[32m"step-title-0"[39m
              [36m>[39m
                [0monboarding.welcome.title[0m
              [36m</h1>[39m
              [36m<p[39m
                [33mclass[39m=[32m"text-slate-400 text-lg leading-relaxed max-w-md mx-auto"[39m
              [36m>[39m
                [0monboarding.welcome.description[0m
              [36m</p>[39m
              [36m<div[39m
                [33mclass[39m=[32m"mt-10"[39m
              [36m>[39m
                [36m<button>[39m
                  [0monboarding.welcome.start[0m
                [36m</button>[39m
              [36m</div>[39m
            [36m</div>[39m
          [36m</div>[39m
        [36m</div>[39m
      [36m</div>[39m
    [36m</div>[39m
  [36m</div>[39m
[36m</body>[39m
 × src/components/ui/ToastContainer.test.tsx > ToastContainer > renders toast container with role="status" 143ms
   → Invalid Chai property: toBeInTheDocument
 × src/components/ui/ToastContainer.test.tsx > ToastContainer > renders aria-live="polite" 18ms
   → Invalid Chai property: toHaveAttribute
 × src/components/ui/ToastContainer.test.tsx > ToastContainer > renders toasts from store 11ms
   → Invalid Chai property: toBeInTheDocument
 × src/components/ui/ToastContainer.test.tsx > ToastContainer > renders toast messages 9ms
   → Invalid Chai property: toBeInTheDocument
 ✓ src/components/ui/ToastContainer.test.tsx > ToastContainer > applies top-right position by default 13ms
 ✓ src/components/ui/ToastContainer.test.tsx > ToastContainer > applies top-left position 11ms
 ✓ src/components/ui/ToastContainer.test.tsx > ToastContainer > applies bottom-right position 11ms
 ✓ src/components/ui/ToastContainer.test.tsx > ToastContainer > applies bottom-left position 10ms
 ✓ src/components/ui/ToastContainer.test.tsx > ToastContainer > has fixed positioning 8ms
 ✓ src/components/ui/ToastContainer.test.tsx > ToastContainer > has pointer-events-none on container 6ms
(node:4820) ExperimentalWarning: localStorage is not available because --localstorage-file was not provided.
(Use `node --trace-warnings ...` to show where the warning was created)
 ✓ src/store/settingsStore.test.ts > settingsStore > should have correct initial state 3ms
 ✓ src/store/settingsStore.test.ts > settingsStore > should update organization 0ms
 ✓ src/store/settingsStore.test.ts > settingsStore > should add a user 1ms
 ✓ src/store/settingsStore.test.ts > settingsStore > should update a user 0ms
 ✓ src/store/settingsStore.test.ts > settingsStore > should delete a user 0ms
 ✓ src/store/settingsStore.test.ts > settingsStore > should set users 0ms
 ✓ src/store/settingsStore.test.ts > settingsStore > should set roles 0ms
 ✓ src/store/settingsStore.test.ts > settingsStore > should update role permissions 0ms
 ✓ src/store/settingsStore.test.ts > settingsStore > should update preferences 0ms
(node:4820) ExperimentalWarning: localStorage is not available because --localstorage-file was not provided.
(Use `node --trace-warnings ...` to show where the warning was created)
 ✓ src/components/ui/ScenarioComparisonGrid.test.tsx > ScenarioComparisonGrid > renders without crashing 75ms
(node:4820) ExperimentalWarning: localStorage is not available because --localstorage-file was not provided.
(Use `node --trace-warnings ...` to show where the warning was created)
 ✓ src/engines/COGSVarianceEngine.test.ts > COGSVarianceEngine > computePurchasePriceVariance > should compute favorable variance 2ms
 ✓ src/engines/COGSVarianceEngine.test.ts > COGSVarianceEngine > computePurchasePriceVariance > should compute unfavorable variance 0ms
 ✓ src/engines/COGSVarianceEngine.test.ts > COGSVarianceEngine > computePurchasePriceVariance > should handle zero quantity 0ms
 ✓ src/engines/COGSVarianceEngine.test.ts > COGSVarianceEngine > computeUsageVariance > should compute favorable usage variance 0ms
 ✓ src/engines/COGSVarianceEngine.test.ts > COGSVarianceEngine > computeUsageVariance > should compute unfavorable usage variance 0ms
 ✓ src/engines/COGSVarianceEngine.test.ts > COGSVarianceEngine > computeEfficiencyVariance > should compute favorable efficiency variance 0ms
 ✓ src/engines/COGSVarianceEngine.test.ts > COGSVarianceEngine > computeEfficiencyVariance > should compute unfavorable efficiency variance 0ms
 ✓ src/engines/COGSVarianceEngine.test.ts > COGSVarianceEngine > computeVolumeVariance > should compute favorable volume variance 0ms
 ✓ src/engines/COGSVarianceEngine.test.ts > COGSVarianceEngine > computeVolumeVariance > should compute unfavorable volume variance 0ms
 ✓ src/engines/COGSVarianceEngine.test.ts > COGSVarianceEngine > computeTotalCOGSVariance > should compute total variance with matching components 1ms
 ✓ src/engines/COGSVarianceEngine.test.ts > COGSVarianceEngine > computeTotalCOGSVariance > should detect unexplained variance 0ms
 ✓ src/engines/COGSVarianceEngine.test.ts > COGSVarianceEngine > computeTotalCOGSVariance > should handle zero variances 0ms
 × src/components/ui/ScenarioComparisonGrid.test.tsx > ScenarioComparisonGrid > displays title 48ms
   → Invalid Chai property: toBeInTheDocument
 × src/components/ui/ScenarioComparisonGrid.test.tsx > ScenarioComparisonGrid > displays metric labels 21ms
   → Invalid Chai property: toBeInTheDocument
 ✓ src/components/ui/ScenarioComparisonGrid.test.tsx > ScenarioComparisonGrid > displays scenario name 25ms
 × src/components/ui/ScenarioComparisonGrid.test.tsx > ScenarioComparisonGrid > displays Base header 21ms
   → Invalid Chai property: toBeInTheDocument
(node:4820) ExperimentalWarning: localStorage is not available because --localstorage-file was not provided.
(Use `node --trace-warnings ...` to show where the warning was created)
 ✓ src/hooks/useReducedMotion.test.ts > useReducedMotion > should return true when prefers-reduced-motion is reduce 15ms
 ✓ src/hooks/useReducedMotion.test.ts > useReducedMotion > should return false when prefers-reduced-motion is no-preference 2ms
 ✓ src/hooks/useReducedMotion.test.ts > useReducedMotion > should update when media query changes 4ms
 ✓ src/hooks/useReducedMotion.test.ts > useReducedMotion > should clean up listener on unmount 4ms
 ✓ src/hooks/useReducedMotion.test.ts > getAnimationProps > should return inactive props when reduced is true 1ms
 ✓ src/hooks/useReducedMotion.test.ts > getAnimationProps > should return active props when reduced is false 0ms
(node:4820) ExperimentalWarning: localStorage is not available because --localstorage-file was not provided.
(Use `node --trace-warnings ...` to show where the warning was created)
 × src/components/ui/ErrorBoundary.test.tsx > ErrorBoundary > renders children when no error 36ms
   → Invalid Chai property: toBeInTheDocument
 × src/components/ui/ErrorBoundary.test.tsx > ErrorBoundary > renders error UI when child throws 28ms
   → Invalid Chai property: toBeInTheDocument
 × src/components/ui/ErrorBoundary.test.tsx > ErrorBoundary > renders custom fallback when child throws 5ms
   → Invalid Chai property: toBeInTheDocument
 × src/components/ui/ErrorBoundary.test.tsx > ErrorBoundary > renders error ID 15ms
   → Invalid Chai property: toBeInTheDocument
 × src/components/ui/ErrorBoundary.test.tsx > ErrorBoundary > renders retry button 16ms
   → Invalid Chai property: toBeInTheDocument
 × src/components/ui/ErrorBoundary.test.tsx > ErrorBoundary > renders reload page button 13ms
   → Invalid Chai property: toBeInTheDocument
 × src/components/ui/ErrorBoundary.test.tsx > ErrorBoundary > shows technical details toggle 13ms
   → Invalid Chai property: toBeInTheDocument
 × src/components/ui/ErrorBoundary.test.tsx > ErrorBoundary > toggles technical details visibility 30ms
   → Invalid Chai property: toBeInTheDocument
 ✓ src/components/ui/ErrorBoundary.test.tsx > ErrorBoundary > calls onError when child throws 11ms
(node:4820) ExperimentalWarning: localStorage is not available because --localstorage-file was not provided.
(Use `node --trace-warnings ...` to show where the warning was created)
(node:4820) ExperimentalWarning: localStorage is not available because --localstorage-file was not provided.
(Use `node --trace-warnings ...` to show where the warning was created)
 ✓ src/engines/QueryCache.test.ts > QueryCache > should initialize with empty cache 5ms
 ✓ src/engines/QueryCache.test.ts > QueryCache > should set and get values 2ms
 ✓ src/engines/QueryCache.test.ts > QueryCache > should return undefined for missing keys 1ms
 ✓ src/engines/QueryCache.test.ts > QueryCache > should track hit/miss stats 1ms
 ✓ src/engines/QueryCache.test.ts > QueryCache > should evict LRU entries when max entries exceeded 1ms
 ✓ src/engines/QueryCache.test.ts > QueryCache > should delete entries 1ms
 ✓ src/engines/QueryCache.test.ts > QueryCache > should clear all entries 0ms
 ✓ src/engines/QueryCache.test.ts > QueryCache > should check if key exists 0ms
 ✓ src/engines/QueryCache.test.ts > QueryCache > should invalidate by prefix 0ms
 ✓ src/engines/QueryCache.test.ts > QueryCache > should get stats 0ms
 ✓ src/engines/QueryCache.test.ts > QueryCache > should get or set with factory 0ms
 ✓ src/engines/QueryCache.test.ts > QueryCache > should not recompute if cached 0ms
 ✓ src/engines/AdvancedExcelEngine.test.ts > AdvancedExcelEngine > createWorkbook > creates workbook from sheets 4ms
 ✓ src/engines/AdvancedExcelEngine.test.ts > AdvancedExcelEngine > exportToExcel > exports data to Excel format 1ms
 ✓ src/engines/AdvancedExcelEngine.test.ts > AdvancedExcelEngine > applyConditionalFormatting > applies conditional formatting rules 1ms
 ✓ src/engines/AdvancedExcelEngine.test.ts > AdvancedExcelEngine > addComments > adds comments to cells 1ms
 ✓ src/engines/AdvancedExcelEngine.test.ts > AdvancedExcelEngine > createNamedRange > creates named range 1ms
(node:4820) ExperimentalWarning: localStorage is not available because --localstorage-file was not provided.
(Use `node --trace-warnings ...` to show where the warning was created)
 ✓ src/components/saas/SaaSCohortTable.test.tsx > SaaSCohortTable > renders without crashing with data 81ms
 × src/components/saas/SaaSCohortTable.test.tsx > SaaSCohortTable > shows empty state when data is empty 27ms
   → Invalid Chai property: toBeInTheDocument
 × src/components/saas/SaaSCohortTable.test.tsx > SaaSCohortTable > renders cohort names 20ms
   → Invalid Chai property: toBeInTheDocument
 × src/components/saas/SaaSCohortTable.test.tsx > SaaSCohortTable > renders cohort sizes 14ms
   → Invalid Chai property: toBeInTheDocument
 × src/components/saas/SaaSCohortTable.test.tsx > SaaSCohortTable > renders column headers 15ms
   → Invalid Chai property: toBeInTheDocument
 × src/components/saas/SaaSCohortTable.test.tsx > SaaSCohortTable > renders month headers M0-M11 12ms
   → Invalid Chai property: toBeInTheDocument
 × src/components/saas/SaaSCohortTable.test.tsx > SaaSCohortTable > renders retention percentages 9ms
   → Invalid Chai property: toBeInTheDocument
 ✓ src/components/saas/SaaSCohortTable.test.tsx > SaaSCohortTable > renders a table element 15ms
 ✓ src/components/saas/SaaSCohortTable.test.tsx > SaaSCohortTable > applies background color based on retention value 11ms
 × src/components/saas/SaaSCohortTable.test.tsx > SaaSCohortTable > renders single row data 8ms
   → Invalid Chai property: toBeInTheDocument
(node:4820) ExperimentalWarning: localStorage is not available because --localstorage-file was not provided.
(Use `node --trace-warnings ...` to show where the warning was created)
 ✓ src/services/mockData/mockData.test.ts > Mock Data Integrity > glAccounts should have correct structure 8ms
 ✓ src/services/mockData/mockData.test.ts > Mock Data Integrity > users should have correct structure 2ms
 ✓ src/services/mockData/mockData.test.ts > Mock Data Integrity > budgets should be valid 1ms
 ✓ src/services/mockData/mockData.test.ts > Mock Data Integrity > scenarios should be valid 1ms
 ✓ src/services/mockData/mockData.test.ts > Mock Data Integrity > trial balance should balance (debit = credit) 1ms
 ✓ src/services/mockData/mockData.test.ts > Mock Data Integrity > exchange rates should be realistic 4ms
 ✓ src/services/mockData/mockData.test.ts > Mock Data Integrity > activity logs should have timestamps 1ms
 ✓ src/services/mockData/mockData.test.ts > Mock Data Integrity > analytics data should be present 0ms
(node:4820) ExperimentalWarning: localStorage is not available because --localstorage-file was not provided.
(Use `node --trace-warnings ...` to show where the warning was created)
(node:4820) ExperimentalWarning: localStorage is not available because --localstorage-file was not provided.
(Use `node --trace-warnings ...` to show where the warning was created)
 × src/components/ui/Breadcrumb.test.tsx > Breadcrumb > renders breadcrumb items 62ms
   → Invalid Chai property: toBeInTheDocument
 ✓ src/components/ui/Breadcrumb.test.tsx > Breadcrumb > shows separator between items 7ms
 × src/components/ui/Breadcrumb.test.tsx > Breadcrumb > handles single item 5ms
   → Invalid Chai property: toBeInTheDocument
 ✓ src/components/ui/Breadcrumb.test.tsx > Breadcrumb > handles multiple items 7ms
 ✓ src/components/ui/Breadcrumb.test.tsx > Breadcrumb > last item is not a link 5ms
 × src/components/ui/Breadcrumb.test.tsx > Breadcrumb > items with href are rendered as links 6ms
   → Invalid Chai property: toHaveAttribute
 × src/components/ui/Breadcrumb.test.tsx > Breadcrumb > last item has aria-current="page" 3ms
   → Invalid Chai property: toHaveAttribute
 × src/components/ui/Breadcrumb.test.tsx > Breadcrumb > renders nav with aria-label 2ms
   → Invalid Chai property: toHaveAttribute
 ✓ src/components/ui/Breadcrumb.test.tsx > Breadcrumb > returns null for empty items 1ms
 × src/pages/__tests__/retail/InventoryDashboard.test.tsx > InventoryDashboard > renders empty state when no entries 61ms
   → Invalid Chai property: toBeInTheDocument
 × src/pages/__tests__/retail/InventoryDashboard.test.tsx > InventoryDashboard > renders dashboard with entries 43ms
   → Invalid Chai property: toBeInTheDocument
(node:4820) ExperimentalWarning: localStorage is not available because --localstorage-file was not provided.
(Use `node --trace-warnings ...` to show where the warning was created)
 ✓ src/pages/banking/CapitalAdequacyPage.test.tsx > CapitalAdequacyPage smoke test > renders without crashing 37ms
 × src/pages/banking/CapitalAdequacyPage.test.tsx > CapitalAdequacyPage smoke test > displays no-data state when entries are empty 22ms
   → Invalid Chai property: toBeInTheDocument
(node:4820) ExperimentalWarning: localStorage is not available because --localstorage-file was not provided.
(Use `node --trace-warnings ...` to show where the warning was created)
 ✓ src/engines/report-builder-templates.test.ts > Report Builder Templates > generateReportId > generates unique ID 4ms
 ✓ src/engines/report-builder-templates.test.ts > Report Builder Templates > generateReportId > starts with rpt_ prefix 1ms
 ✓ src/engines/report-builder-templates.test.ts > Report Builder Templates > createEmptyCell > creates text cell 1ms
 ✓ src/engines/report-builder-templates.test.ts > Report Builder Templates > createEmptyCell > creates metric cell 0ms
 ✓ src/engines/report-builder-templates.test.ts > Report Builder Templates > createEmptyCell > creates cell with default style 0ms
 ✓ src/engines/report-builder-templates.test.ts > Report Builder Templates > createEmptyLayout > creates empty layout 0ms
 ✓ src/engines/report-builder-templates.test.ts > Report Builder Templates > getTemplateLayout > returns income statement layout 1ms
 ✓ src/engines/report-builder-templates.test.ts > Report Builder Templates > getTemplateLayout > returns balance sheet layout 1ms
 ✓ src/engines/report-builder-templates.test.ts > Report Builder Templates > getTemplateLayout > returns cash flow layout 1ms
 ✓ src/engines/report-builder-templates.test.ts > Report Builder Templates > getTemplateLayout > returns budget vs actual layout 0ms
 ✓ src/engines/report-builder-templates.test.ts > Report Builder Templates > getTemplateLayout > returns variance analysis layout 0ms
 ✓ src/engines/report-builder-templates.test.ts > Report Builder Templates > getAvailableTemplates > returns list of templates 0ms
 ✓ src/engines/report-builder-templates.test.ts > Report Builder Templates > getAvailableTemplates > templates have name and description 1ms
(node:4820) ExperimentalWarning: localStorage is not available because --localstorage-file was not provided.
(Use `node --trace-warnings ...` to show where the warning was created)
(node:4820) ExperimentalWarning: localStorage is not available because --localstorage-file was not provided.
(Use `node --trace-warnings ...` to show where the warning was created)
 ✓ src/store/collaborationStore.test.ts > collaborationStore > should have correct initial state 3ms
 ✓ src/store/collaborationStore.test.ts > collaborationStore > should add a comment 2ms
 ✓ src/store/collaborationStore.test.ts > collaborationStore > should set comments 0ms
 ✓ src/store/collaborationStore.test.ts > collaborationStore > should add a task 1ms
 ✓ src/store/collaborationStore.test.ts > collaborationStore > should update task status 0ms
 ✓ src/store/collaborationStore.test.ts > collaborationStore > should set tasks 0ms
 ✓ src/store/collaborationStore.test.ts > collaborationStore > should update approval status 1ms
 ✓ src/store/collaborationStore.test.ts > collaborationStore > should add activity 0ms
 ✓ src/engines/VarianceDecompositionEngine.test.ts > VarianceDecompositionEngine > computeRateVolumeMix > should compute RVM variances 3ms
 ✓ src/engines/VarianceDecompositionEngine.test.ts > VarianceDecompositionEngine > computeRateVolumeMix > should handle zero variances 0ms
 ✓ src/engines/VarianceDecompositionEngine.test.ts > VarianceDecompositionEngine > computeFiveWayRevenue > should compute five-way variance decomposition 1ms
 ✓ src/engines/VarianceDecompositionEngine.test.ts > VarianceDecompositionEngine > computeFiveWayRevenue > should handle all zeros 0ms
 ✓ src/engines/VarianceDecompositionEngine.test.ts > VarianceDecompositionEngine > computePriceVolumeMix > should compute PVM variances 0ms
 ✓ src/engines/VarianceDecompositionEngine.test.ts > VarianceDecompositionEngine > computePriceVolumeMix > should handle zero values 0ms
(node:4820) ExperimentalWarning: localStorage is not available because --localstorage-file was not provided.
(Use `node --trace-warnings ...` to show where the warning was created)
 ✓ src/workers/consolidationWorker.test.ts > consolidationWorker > translates currencies and filters eliminations 5ms
 ✓ src/workers/consolidationWorker.test.ts > consolidationWorker > handles empty entries 1ms
 ✓ src/workers/consolidationWorker.test.ts > consolidationWorker > reports balanced state for matching debits/credits 0ms
 ✓ src/workers/consolidationWorker.test.ts > consolidationWorker > reports imbalanced state 0ms
 ✓ src/workers/consolidationWorker.test.ts > consolidationWorker > handles unknown currency gracefully 0ms
 ✓ src/workers/consolidationWorker.test.ts > consolidationWorker > handles missing fields gracefully 0ms
(node:4820) ExperimentalWarning: localStorage is not available because --localstorage-file was not provided.
(Use `node --trace-warnings ...` to show where the warning was created)
 ✓ src/hooks/useFirstRun.test.ts > useFirstRun > should return false if localStorage has setup-complete 26ms
 ✓ src/hooks/useFirstRun.test.ts > useFirstRun > should check masterStorage if localStorage is empty 3ms
 ✓ src/hooks/useFirstRun.test.ts > useFirstRun > should complete setup and update state 3ms
 ✓ src/hooks/useFirstRun.test.ts > useFirstRun > should reset setup and update state 3ms
(node:4820) ExperimentalWarning: localStorage is not available because --localstorage-file was not provided.
(Use `node --trace-warnings ...` to show where the warning was created)
(node:4820) ExperimentalWarning: localStorage is not available because --localstorage-file was not provided.
(Use `node --trace-warnings ...` to show where the warning was created)
 ✓ src/engines/GoalSeekEngine.test.ts > GoalSeekEngine > seek > should find x for simple linear function 2ms
 ✓ src/engines/GoalSeekEngine.test.ts > GoalSeekEngine > seek > should find x for quadratic function 0ms
 ✓ src/engines/GoalSeekEngine.test.ts > GoalSeekEngine > seek > should find x for cubic function 0ms
 ✓ src/engines/GoalSeekEngine.test.ts > GoalSeekEngine > seek > should handle target at zero 0ms
 ✓ src/engines/GoalSeekEngine.test.ts > GoalSeekEngine > seek > should handle negative target 0ms
 ✓ src/engines/GoalSeekEngine.test.ts > GoalSeekEngine > seek > should report iterations 0ms
 ✓ src/engines/GoalSeekEngine.test.ts > GoalSeekEngine > seek > should report final output close to target 0ms
 ✓ src/engines/GoalSeekEngine.test.ts > GoalSeekEngine > seek > should handle constant function (no convergence) 0ms
 ✓ src/engines/GoalSeekEngine.test.ts > GoalSeekEngine > seek > should respect maxIterations 0ms
 ✓ src/engines/GoalSeekEngine.test.ts > GoalSeekEngine > seek > should handle very small tolerance 0ms
(node:4820) ExperimentalWarning: localStorage is not available because --localstorage-file was not provided.
(Use `node --trace-warnings ...` to show where the warning was created)
 ✓ src/pages/cash/CashForecastPage.test.tsx > CashForecastPage smoke test > renders without crashing 36ms
 × src/pages/cash/CashForecastPage.test.tsx > CashForecastPage smoke test > shows the no data state when entries are empty 24ms
   → Invalid Chai property: toBeInTheDocument
 × src/pages/cash/CashForecastPage.test.tsx > CashForecastPage smoke test > shows import data button when entries are empty 113ms
   → Invalid Chai property: toBeInTheDocument
(node:4820) ExperimentalWarning: localStorage is not available because --localstorage-file was not provided.
(Use `node --trace-warnings ...` to show where the warning was created)
 ✓ src/pages/retail/StorePerformancePage.test.tsx > StorePerformancePage smoke test > renders without crashing 26ms
 × src/pages/retail/StorePerformancePage.test.tsx > StorePerformancePage smoke test > displays no-data state when entries are empty 25ms
   → Invalid Chai property: toBeInTheDocument
 × src/pages/__tests__/retail/InventoryPlanningPage.test.tsx > InventoryPlanningPage > renders empty state when no entries 52ms
   → Invalid Chai property: toBeInTheDocument
 × src/pages/__tests__/retail/InventoryPlanningPage.test.tsx > InventoryPlanningPage > renders dashboard with entries 146ms
   → Invalid Chai property: toBeInTheDocument
(node:4820) ExperimentalWarning: localStorage is not available because --localstorage-file was not provided.
(Use `node --trace-warnings ...` to show where the warning was created)
 × src/components/ui/KeyboardOverlay.test.tsx > KeyboardOverlay > renders shortcut groups when open 98ms
   → Invalid Chai property: toBeInTheDocument
 ✓ src/components/ui/KeyboardOverlay.test.tsx > KeyboardOverlay > does not render when isOpen is false 4ms
 ✓ src/components/ui/KeyboardOverlay.test.tsx > KeyboardOverlay > calls onClose when background backdrop clicked 19ms
 × src/components/ui/KeyboardOverlay.test.tsx > KeyboardOverlay > shows shortcut count 18ms
   → Invalid Chai property: toBeInTheDocument
 × src/components/ui/KeyboardOverlay.test.tsx > KeyboardOverlay > renders search input 16ms
   → Invalid Chai property: toBeInTheDocument
 × src/components/ui/KeyboardOverlay.test.tsx > KeyboardOverlay > renders Custom button 14ms
   → Invalid Chai property: toBeInTheDocument
(node:4820) ExperimentalWarning: localStorage is not available because --localstorage-file was not provided.
(Use `node --trace-warnings ...` to show where the warning was created)
(node:4820) ExperimentalWarning: localStorage is not available because --localstorage-file was not provided.
(Use `node --trace-warnings ...` to show where the warning was created)
 ✓ src/pages/budgets/BudgetCreatePage.test.tsx > BudgetCreatePage smoke test > renders without crashing 58ms
 × src/pages/budgets/BudgetCreatePage.test.tsx > BudgetCreatePage smoke test > displays the no accounts empty state 28ms
   → Invalid Chai property: toBeInTheDocument
 × src/pages/budgets/BudgetCreatePage.test.tsx > BudgetCreatePage smoke test > displays the set up accounts button 142ms
   → Invalid Chai property: toBeInTheDocument
 ✓ src/pages/insurance/InsuranceDashboardPage.test.tsx > InsuranceDashboardPage smoke test > renders without crashing 71ms
 ✓ src/pages/insurance/InsuranceDashboardPage.test.tsx > InsuranceDashboardPage smoke test > displays dashboard heading 37ms
(node:4820) ExperimentalWarning: localStorage is not available because --localstorage-file was not provided.
(Use `node --trace-warnings ...` to show where the warning was created)
 ✓ src/engines/ChartAnnotationEngine.test.ts > ChartAnnotationEngine > add > should add annotation to chart 3ms
 ✓ src/engines/ChartAnnotationEngine.test.ts > ChartAnnotationEngine > add > should add multiple annotations to same chart 1ms
 ✓ src/engines/ChartAnnotationEngine.test.ts > ChartAnnotationEngine > remove > should remove annotation by id 0ms
 ✓ src/engines/ChartAnnotationEngine.test.ts > ChartAnnotationEngine > remove > should return false for non-existent id 0ms
 ✓ src/engines/ChartAnnotationEngine.test.ts > ChartAnnotationEngine > getByChart > should return empty array for chart with no annotations 0ms
 ✓ src/engines/ChartAnnotationEngine.test.ts > ChartAnnotationEngine > getByChart > should filter by chart id 0ms
 ✓ src/engines/ChartAnnotationEngine.test.ts > ChartAnnotationEngine > addThreshold > should add threshold line annotation 0ms
(node:4820) ExperimentalWarning: localStorage is not available because --localstorage-file was not provided.
(Use `node --trace-warnings ...` to show where the warning was created)
 ✓ src/engines/SensitivityTableEngine.test.ts > SensitivityTableEngine > generate > generates a 2-way sensitivity table 3ms
 ✓ src/engines/SensitivityTableEngine.test.ts > SensitivityTableEngine > generate > calculates min and max 0ms
 ✓ src/engines/SensitivityTableEngine.test.ts > SensitivityTableEngine > highlightBaseCase > finds base case indices 0ms
 ✓ src/engines/SensitivityTableEngine.test.ts > SensitivityTableEngine > formatTable > formats as currency 1ms
 ✓ src/engines/SensitivityTableEngine.test.ts > SensitivityTableEngine > tornadoAnalysis > sorts variables by range 0ms
(node:4820) ExperimentalWarning: localStorage is not available because --localstorage-file was not provided.
(Use `node --trace-warnings ...` to show where the warning was created)
(node:4820) ExperimentalWarning: localStorage is not available because --localstorage-file was not provided.
(Use `node --trace-warnings ...` to show where the warning was created)
 ✓ src/engines/TemplateEngine.test.ts > TemplateEngine > loadTemplate > loads template by id 2ms
 ✓ src/engines/TemplateEngine.test.ts > TemplateEngine > loadTemplate > returns undefined for missing id 0ms
 ✓ src/engines/TemplateEngine.test.ts > TemplateEngine > listTemplates > lists all templates 1ms
 ✓ src/engines/TemplateEngine.test.ts > TemplateEngine > listTemplates > filters by category 0ms
 ✓ src/engines/TemplateEngine.test.ts > TemplateEngine > listTemplates > returns empty for different category 0ms
 ✓ src/engines/TemplateEngine.test.ts > TemplateEngine > listByIndustry > finds generic templates 0ms
 ✓ src/engines/TemplateEngine.test.ts > TemplateEngine > listByIndustry > finds industry-specific templates 0ms
 ✓ src/engines/TemplateEngine.test.ts > TemplateEngine > instantiateTemplate > creates instance from template 0ms
 ✓ src/engines/TemplateEngine.test.ts > TemplateEngine > instantiateTemplate > creates instance with data 0ms
 ✓ src/components/ui/PresenceIndicator.test.tsx > PresenceIndicator > renders a div element 27ms
 × src/components/ui/PresenceIndicator.test.tsx > PresenceIndicator > renders with aria-label for online status 25ms
   → Invalid Chai property: toBeInTheDocument
 × src/components/ui/PresenceIndicator.test.tsx > PresenceIndicator > renders with aria-label for offline status 7ms
   → Invalid Chai property: toBeInTheDocument
 × src/components/ui/PresenceIndicator.test.tsx > PresenceIndicator > renders with aria-label for busy status 5ms
   → Invalid Chai property: toBeInTheDocument
 × src/components/ui/PresenceIndicator.test.tsx > PresenceIndicator > renders with aria-label for away status 5ms
   → Invalid Chai property: toBeInTheDocument
 × src/components/ui/PresenceIndicator.test.tsx > PresenceIndicator > has title with capitalized status 8ms
   → Invalid Chai property: toBeInTheDocument
 × src/components/ui/PresenceIndicator.test.tsx > PresenceIndicator > has title for busy status 3ms
   → Invalid Chai property: toBeInTheDocument
 ✓ src/components/ui/PresenceIndicator.test.tsx > PresenceIndicator > applies green color for online 3ms
 ✓ src/components/ui/PresenceIndicator.test.tsx > PresenceIndicator > applies gray color for offline 2ms
 ✓ src/components/ui/PresenceIndicator.test.tsx > PresenceIndicator > applies red color for busy 2ms
 ✓ src/components/ui/PresenceIndicator.test.tsx > PresenceIndicator > applies amber color for away 1ms
 ✓ src/components/ui/PresenceIndicator.test.tsx > PresenceIndicator > applies custom className 1ms
 ✓ src/components/ui/PresenceIndicator.test.tsx > PresenceIndicator > has rounded-full class 1ms
(node:4820) ExperimentalWarning: localStorage is not available because --localstorage-file was not provided.
(Use `node --trace-warnings ...` to show where the warning was created)
 ✓ src/components/manufacturing/ProductionDashboard.test.tsx > ProductionDashboard > renders without crashing 43ms
 × src/components/manufacturing/ProductionDashboard.test.tsx > ProductionDashboard > renders the OEE label 34ms
   → Found multiple elements with the text: OEE

Here are the matching elements:

Ignored nodes: comments, script, style
[36m<span[39m
  [33mclass[39m=[32m"text-xs font-bold text-slate-500 uppercase"[39m
[36m>[39m
  [0mOEE[0m
[36m</span>[39m

Ignored nodes: comments, script, style
[36m<text[39m
  [33mfill[39m=[32m"var(--text-muted)"[39m
  [33mfont-size[39m=[32m"11"[39m
  [33mtext-anchor[39m=[32m"middle"[39m
  [33mx[39m=[32m"100"[39m
  [33my[39m=[32m"135"[39m
[36m>[39m
  [0mOEE[0m
[36m</text>[39m

(If this is intentional, then use the `*AllBy*` variant of the query (like `queryAllByText`, `getAllByText`, or `findAllByText`)).

Ignored nodes: comments, script, style
[36m<body>[39m
  [36m<div>[39m
    [36m<div[39m
      [33mclass[39m=[32m"grid grid-cols-1 md:grid-cols-4 gap-4"[39m
    [36m>[39m
      [36m<div[39m
        [33mclass[39m=[32m"rounded-xl border bg-card text-card-foreground shadow-sm dark:border-gray-700 dark:bg-gray-800 flex flex-col items-center gap-2 p-4"[39m
      [36m>[39m
        [36m<span[39m
          [33mclass[39m=[32m"text-xs font-bold text-slate-500 uppercase"[39m
        [36m>[39m
          [0mOEE[0m
        [36m</span>[39m
        [36m<div[39m
          [33maria-label[39m=[32m"OEE: 85"[39m
          [33mrole[39m=[32m"img"[39m
          [33mstyle[39m=[32m"width: 200px; height: 160px;"[39m
        [36m>[39m
          [36m<svg[39m
            [33mheight[39m=[32m"160"[39m
            [33mwidth[39m=[32m"200"[39m
          [36m>[39m
            [36m<path[39m
              [33md[39m=[32m"M20 140 A80 80 0 0 1 180 140"[39m
              [33mfill[39m=[32m"none"[39m
              [33mstroke[39m=[32m"var(--border-subtle)"[39m
              [33mstroke-linecap[39m=[32m"round"[39m
              [33mstroke-width[39m=[32m"12"[39m
            [36m/>[39m
            [36m<path[39m
              [33md[39m=[32m"M20 140 A80 80 0 0 1 136.31923997916374 211.28052193506943"[39m
              [33mfill[39m=[32m"none"[39m
              [33mstroke[39m=[32m"var(--positive)"[39m
              [33mstroke-linecap[39m=[32m"round"[39m
              [33mstroke-width[39m=[32m"12"[39m
            [36m/>[39m
            [36m<line[39m
              [33mstroke[39m=[32m"var(--text-primary)"[39m
              [33mstroke-width[39m=[32m"2"[39m
              [33mx1[39m=[32m"100"[39m
              [33mx2[39m=[32m"136.31923997916374"[39m
              [33my1[39m=[32m"140"[39m
              [33my2[39m=[32m"211.28052193506943"[39m
            [36m/>[39m
            [36m<circle[39m
              [33mcx[39m=[32m"100"[39m
              [33mcy[39m=[32m"140"[39m
              [33mfill[39m=[32m"var(--text-primary)"[39m
              [33mr[39m=[32m"4"[39m
            [36m/>[39m
            [36m<text[39m
              [33mfill[39m=[32m"var(--text-primary)"[39m
              [33mfont-size[39m=[32m"20"[39m
              [33mfont-weight[39m=[32m"700"[39m
              [33mtext-anchor[39m=[32m"middle"[39m
              [33mx[39m=[32m"100"[39m
              [33my[39m=[32m"95"[39m
            [36m>[39m
              [0m85[0m
            [36m</text>[39m
            [36m<text[39m
              [33mfill[39m=[32m"var(--text-muted)"[39m
              [33mfont-size[39m=[32m"11"[39m
              [33mtext-anchor[39m=[32m"middle"[39m
              [33mx[39m=[32m"100"[39m
              [33my[39m=[32m"135"[39m
            [36m>[39m
              [0mOEE[0m
            [36m</text>[39m
            [36m<text[39m
              [33mfill[39m=[32m"var(--text-muted)"[39m
              [33mfont-size[39m=[32m"10"[39m
              [33mx[39m=[32m"12"[39m
              [33my[39m=[32m"152"[39m
            [36m>[39m
              [0m0[0m
            [36m</text>[39m
            [36m<text[39m
              [33mfill[39m=[32m"var(--text-muted)"[39m
              [33mfont-size[39m=[32m"10"[39m
              [33mtext-anchor[39m=[32m"end"[39m
              [33mx[39m=[32m"188"[39m
              [33my[39m=[32m"152"[39m
            [36m>[39m
              [0m100[0m
            [36m</text>[39m
          [36m</svg>[39m
        [36m</div>[39m
      [36m</div>[39m
      [36m<div[39m
        [33mclass[39m=[32m"md:col-span-3 grid grid-cols-3 gap-4"[39m
      [36m>[39m
        [36m<div[39m
          [33mclass[39m=[32m"rounded-xl border bg-card text-card-foreground shadow-sm dark:border-gray-700 dark:bg-gray-800 p-4 flex flex-col justify-center text-center"[39m
        [36m>[39m
          [36m<span[39m
            [33mclass[39m=[32m"text-xs text-slate-400 mb-1"[39m
          [36m>[39m
            [0mAvailability[0m
          [36m</span>[39m
          [36m<span[39m
            [33mclass[39m=[32m"text-xl font-bold text-white"[39m
          [36m>[39m
            [0m92[0m
            [0m%[0m
          [36m</span>[39m
        [36m</div>[39m
        [36m<div[39m
          [33mclass[39m=[32m"rounded-xl border bg-card text-card-foreground shadow-sm dark:border-gray-700 dark:bg-gray-800 p-4 flex flex-col justify-center text-center"[39m
        [36m>[39m
          [36m<span[39m
            [33mclass[39m=[32m"text-xs text-slate-400 mb-1"[39m
          [36m>[39m
            [0mPerformance[0m
          [36m</span>[39m
          [36m<span[39m
            [33mclass[39m=[32m"text-xl font-bold text-white"[39m
          [36m>[39m
            [0m88[0m
            [0m%[0m
          [36m</span>[39m
        [36m</div>[39m
        [36m<div[39m
          [33mclass[39m=[32m"rounded-xl border bg-card text-card-foreground shadow-sm dark:border-gray-700 dark:bg-gray-800 p-4 flex flex-col justify-center text-center"[39m
        [36m>[39m
          [36m<span[39m
            [33mclass[39m=[32m"text-xs text-slate-400 mb-1"[39m
          [36m>[39m
            [0mQuality[0m
          [36m</span>[39m
          [36m<span[39m
            [33mclass[39m=[32m"text-xl font-bold text-white"[39m
          [36m>[39m
            [0m95[0m
            [0m%[0m
          [36m</span>[39m
        [36m</div>[39m
      [36m</div>[39m
    [36m</div>[39m
  [36m</div>[39m
[36m</body>[39m
 × src/components/manufacturing/ProductionDashboard.test.tsx > ProductionDashboard > renders the OEE gauge section 9ms
   → Unable to find an element with the text: Invalid data. This could be because the text is broken up by multiple elements. In this case, you can provide a function for your text matcher to make your matcher more flexible.

Ignored nodes: comments, script, style
[36m<body>[39m
  [36m<div>[39m
    [36m<div[39m
      [33mclass[39m=[32m"grid grid-cols-1 md:grid-cols-4 gap-4"[39m
    [36m>[39m
      [36m<div[39m
        [33mclass[39m=[32m"rounded-xl border bg-card text-card-foreground shadow-sm dark:border-gray-700 dark:bg-gray-800 flex flex-col items-center gap-2 p-4"[39m
      [36m>[39m
        [36m<span[39m
          [33mclass[39m=[32m"text-xs font-bold text-slate-500 uppercase"[39m
        [36m>[39m
          [0mOEE[0m
        [36m</span>[39m
        [36m<div[39m
          [33maria-label[39m=[32m"OEE: 85"[39m
          [33mrole[39m=[32m"img"[39m
          [33mstyle[39m=[32m"width: 200px; height: 160px;"[39m
        [36m>[39m
          [36m<svg[39m
            [33mheight[39m=[32m"160"[39m
            [33mwidth[39m=[32m"200"[39m
          [36m>[39m
            [36m<path[39m
              [33md[39m=[32m"M20 140 A80 80 0 0 1 180 140"[39m
              [33mfill[39m=[32m"none"[39m
              [33mstroke[39m=[32m"var(--border-subtle)"[39m
              [33mstroke-linecap[39m=[32m"round"[39m
              [33mstroke-width[39m=[32m"12"[39m
            [36m/>[39m
            [36m<path[39m
              [33md[39m=[32m"M20 140 A80 80 0 0 1 136.31923997916374 211.28052193506943"[39m
              [33mfill[39m=[32m"none"[39m
              [33mstroke[39m=[32m"var(--positive)"[39m
              [33mstroke-linecap[39m=[32m"round"[39m
              [33mstroke-width[39m=[32m"12"[39m
            [36m/>[39m
            [36m<line[39m
              [33mstroke[39m=[32m"var(--text-primary)"[39m
              [33mstroke-width[39m=[32m"2"[39m
              [33mx1[39m=[32m"100"[39m
              [33mx2[39m=[32m"136.31923997916374"[39m
              [33my1[39m=[32m"140"[39m
              [33my2[39m=[32m"211.28052193506943"[39m
            [36m/>[39m
            [36m<circle[39m
              [33mcx[39m=[32m"100"[39m
              [33mcy[39m=[32m"140"[39m
              [33mfill[39m=[32m"var(--text-primary)"[39m
              [33mr[39m=[32m"4"[39m
            [36m/>[39m
            [36m<text[39m
              [33mfill[39m=[32m"var(--text-primary)"[39m
              [33mfont-size[39m=[32m"20"[39m
              [33mfont-weight[39m=[32m"700"[39m
              [33mtext-anchor[39m=[32m"middle"[39m
              [33mx[39m=[32m"100"[39m
              [33my[39m=[32m"95"[39m
            [36m>[39m
              [0m85[0m
            [36m</text>[39m
            [36m<text[39m
              [33mfill[39m=[32m"var(--text-muted)"[39m
              [33mfont-size[39m=[32m"11"[39m
              [33mtext-anchor[39m=[32m"middle"[39m
              [33mx[39m=[32m"100"[39m
              [33my[39m=[32m"135"[39m
            [36m>[39m
              [0mOEE[0m
            [36m</text>[39m
            [36m<text[39m
              [33mfill[39m=[32m"var(--text-muted)"[39m
              [33mfont-size[39m=[32m"10"[39m
              [33mx[39m=[32m"12"[39m
              [33my[39m=[32m"152"[39m
            [36m>[39m
              [0m0[0m
            [36m</text>[39m
            [36m<text[39m
              [33mfill[39m=[32m"var(--text-muted)"[39m
              [33mfont-size[39m=[32m"10"[39m
              [33mtext-anchor[39m=[32m"end"[39m
              [33mx[39m=[32m"188"[39m
              [33my[39m=[32m"152"[39m
            [36m>[39m
              [0m100[0m
            [36m</text>[39m
          [36m</svg>[39m
        [36m</div>[39m
      [36m</div>[39m
      [36m<div[39m
        [33mclass[39m=[32m"md:col-span-3 grid grid-cols-3 gap-4"[39m
      [36m>[39m
        [36m<div[39m
          [33mclass[39m=[32m"rounded-xl border bg-card text-card-foreground shadow-sm dark:border-gray-700 dark:bg-gray-800 p-4 flex flex-col justify-center text-center"[39m
        [36m>[39m
          [36m<span[39m
            [33mclass[39m=[32m"text-xs text-slate-400 mb-1"[39m
          [36m>[39m
            [0mAvailability[0m
          [36m</span>[39m
          [36m<span[39m
            [33mclass[39m=[32m"text-xl font-bold text-white"[39m
          [36m>[39m
            [0m92[0m
            [0m%[0m
          [36m</span>[39m
        [36m</div>[39m
        [36m<div[39m
          [33mclass[39m=[32m"rounded-xl border bg-card text-card-foreground shadow-sm dark:border-gray-700 dark:bg-gray-800 p-4 flex flex-col justify-center text-center"[39m
        [36m>[39m
          [36m<span[39m
            [33mclass[39m=[32m"text-xs text-slate-400 mb-1"[39m
          [36m>[39m
            [0mPerformance[0m
          [36m</span>[39m
          [36m<span[39m
            [33mclass[39m=[32m"text-xl font-bold text-white"[39m
          [36m>[39m
            [0m88[0m
            [0m%[0m
          [36m</span>[39m
        [36m</div>[39m
        [36m<div[39m
          [33mclass[39m=[32m"rounded-xl border bg-card text-card-foreground shadow-sm dark:border-gray-700 dark:bg-gray-800 p-4 flex flex-col justify-center text-center"[39m
        [36m>[39m
          [36m<span[39m
            [33mclass[39m=[32m"text-xs text-slate-400 mb-1"[39m
          [36m>[39m
            [0mQuality[0m
          [36m</span>[39m
          [36m<span[39m
            [33mclass[39m=[32m"text-xl font-bold text-white"[39m
          [36m>[39m
            [0m95[0m
            [0m%[0m
          [36m</span>[39m
        [36m</div>[39m
      [36m</div>[39m
    [36m</div>[39m
  [36m</div>[39m
[36m</body>[39m
 × src/components/manufacturing/ProductionDashboard.test.tsx > ProductionDashboard > renders Availability, Performance, and Quality cards 8ms
   → Invalid Chai property: toBeInTheDocument
 × src/components/manufacturing/ProductionDashboard.test.tsx > ProductionDashboard > displays correct metric values 7ms
   → Invalid Chai property: toBeInTheDocument
 ✓ src/components/manufacturing/ProductionDashboard.test.tsx > ProductionDashboard > renders with zero values 4ms
 ✓ src/components/manufacturing/ProductionDashboard.test.tsx > ProductionDashboard > renders with 100% values 4ms
 ✓ src/components/manufacturing/ProductionDashboard.test.tsx > ProductionDashboard > has a grid layout 5ms
(node:4820) ExperimentalWarning: localStorage is not available because --localstorage-file was not provided.
(Use `node --trace-warnings ...` to show where the warning was created)
 ✓ src/engines/DocumentEngine.test.ts > DocumentEngine > createVersion > should create version 1 for new document 4ms
 ✓ src/engines/DocumentEngine.test.ts > DocumentEngine > createVersion > should increment version number 1ms
 ✓ src/engines/DocumentEngine.test.ts > DocumentEngine > createVersion > should deep-clone content 1ms
 ✓ src/engines/DocumentEngine.test.ts > DocumentEngine > getVersionHistory > should return versions sorted descending 3ms
 ✓ src/engines/DocumentEngine.test.ts > DocumentEngine > getVersionHistory > should return empty for unknown document 1ms
 ✓ src/engines/DocumentEngine.test.ts > DocumentEngine > compareVersions > should detect differences between versions 1ms
 ✓ src/engines/DocumentEngine.test.ts > DocumentEngine > compareVersions > should return empty diff for unknown versions 0ms
 ✓ src/engines/DocumentEngine.test.ts > DocumentEngine > signDocument > should add signature to version 1ms
 ✓ src/engines/DocumentEngine.test.ts > DocumentEngine > signDocument > should not duplicate signatures 1ms
(node:4820) ExperimentalWarning: localStorage is not available because --localstorage-file was not provided.
(Use `node --trace-warnings ...` to show where the warning was created)
(node:4820) ExperimentalWarning: localStorage is not available because --localstorage-file was not provided.
(Use `node --trace-warnings ...` to show where the warning was created)
 ✓ src/components/collaboration/PresenceIndicator.test.tsx > PresenceIndicator (collaboration) > renders without crashing with no viewers 13ms
 ✓ src/components/collaboration/PresenceIndicator.test.tsx > PresenceIndicator (collaboration) > renders nothing when no viewers 2ms
 × src/components/collaboration/PresenceIndicator.test.tsx > PresenceIndicator (collaboration) > renders avatars when viewers are present 42ms
   → Invalid Chai property: toBeInTheDocument
 × src/components/collaboration/PresenceIndicator.test.tsx > PresenceIndicator (collaboration) > renders role=status with correct aria-label 95ms
   → Invalid Chai property: toHaveAttribute
 × src/components/collaboration/PresenceIndicator.test.tsx > PresenceIndicator (collaboration) > shows overflow count when viewers exceed maxVisible 9ms
   → Invalid Chai property: toBeInTheDocument
 ✓ src/pages/banking/NIMDashboardPage.test.tsx > NIMDashboardPage smoke test > renders without crashing 34ms
 × src/pages/banking/NIMDashboardPage.test.tsx > NIMDashboardPage smoke test > displays no-data state when entries are empty 23ms
   → Invalid Chai property: toBeInTheDocument
(node:4820) ExperimentalWarning: localStorage is not available because --localstorage-file was not provided.
(Use `node --trace-warnings ...` to show where the warning was created)
 × src/components/ui/HelpPanel.test.tsx > HelpPanel > renders when isOpen is true 44ms
   → Invalid Chai property: toBeInTheDocument
 ✓ src/components/ui/HelpPanel.test.tsx > HelpPanel > renders nothing when isOpen is false 3ms
 × src/components/ui/HelpPanel.test.tsx > HelpPanel > renders title 9ms
   → Invalid Chai property: toBeInTheDocument
 × src/components/ui/HelpPanel.test.tsx > HelpPanel > renders section titles 6ms
   → Invalid Chai property: toBeInTheDocument
 × src/components/ui/HelpPanel.test.tsx > HelpPanel > renders section content 5ms
   → Invalid Chai property: toBeInTheDocument
 × src/components/ui/HelpPanel.test.tsx > HelpPanel > renders empty state when no sections 4ms
   → Invalid Chai property: toBeInTheDocument
 × src/components/ui/HelpPanel.test.tsx > HelpPanel > renders close button 112ms
   → Invalid Chai property: toBeInTheDocument
 ✓ src/components/ui/HelpPanel.test.tsx > HelpPanel > calls onClose when close button clicked 14ms
 ✓ src/components/ui/HelpPanel.test.tsx > HelpPanel > calls onClose when Escape is pressed 4ms
 × src/components/ui/HelpPanel.test.tsx > HelpPanel > calls onClose when backdrop clicked 5ms
   → Invalid Chai property: toBeInTheDocument
(node:4820) ExperimentalWarning: localStorage is not available because --localstorage-file was not provided.
(Use `node --trace-warnings ...` to show where the warning was created)
 ✓ src/pages/realestate/PropertyPortfolioPage.test.tsx > PropertyPortfolioPage smoke test > renders without crashing 36ms
 ✓ src/pages/realestate/PropertyPortfolioPage.test.tsx > PropertyPortfolioPage smoke test > displays expected empty state 19ms
(node:4820) ExperimentalWarning: localStorage is not available because --localstorage-file was not provided.
(Use `node --trace-warnings ...` to show where the warning was created)
(node:4820) ExperimentalWarning: localStorage is not available because --localstorage-file was not provided.
(Use `node --trace-warnings ...` to show where the warning was created)
 × src/pages/__tests__/retail/StoreDashboardPage.test.tsx > StoreDashboardPage > renders empty state when no entries 51ms
   → Invalid Chai property: toBeInTheDocument
 × src/pages/__tests__/retail/StoreDashboardPage.test.tsx > StoreDashboardPage > renders dashboard with entries 31ms
   → Invalid Chai property: toBeInTheDocument
(node:4820) ExperimentalWarning: localStorage is not available because --localstorage-file was not provided.
(Use `node --trace-warnings ...` to show where the warning was created)
 ✓ src/engines/DebtScheduleEngine.test.ts > DebtScheduleEngine > amortize > should generate a schedule 3ms
 ✓ src/engines/DebtScheduleEngine.test.ts > DebtScheduleEngine > amortize > should have correct number of periods 1ms
 ✓ src/engines/DebtScheduleEngine.test.ts > DebtScheduleEngine > amortize > should end with near-zero balance 0ms
 ✓ src/engines/DebtScheduleEngine.test.ts > DebtScheduleEngine > amortize > should track cumulative interest 0ms
 ✓ src/engines/DebtScheduleEngine.test.ts > DebtScheduleEngine > amortize > should have consistent payments 0ms
(node:4820) ExperimentalWarning: localStorage is not available because --localstorage-file was not provided.
(Use `node --trace-warnings ...` to show where the warning was created)
 × src/components/ui/EmptyState.test.tsx > EmptyState > renders title text 39ms
   → Invalid Chai property: toBeInTheDocument
 × src/components/ui/EmptyState.test.tsx > EmptyState > renders description when provided 5ms
   → Invalid Chai property: toBeInTheDocument
 ✓ src/components/ui/EmptyState.test.tsx > EmptyState > does not render description when not provided 3ms
 × src/components/ui/EmptyState.test.tsx > EmptyState > renders action when provided 6ms
   → Invalid Chai property: toBeInTheDocument
 × src/components/ui/EmptyState.test.tsx > EmptyState > does not render action when not provided 8ms
   → Invalid Chai property: toBeInTheDocument
 × src/components/ui/EmptyState.test.tsx > EmptyState > has role="status" 91ms
   → Invalid Chai property: toBeInTheDocument
 × src/components/ui/EmptyState.test.tsx > EmptyState > has aria-label matching title 3ms
   → Invalid Chai property: toBeInTheDocument
 × src/components/ui/EmptyState.test.tsx > EmptyState > renders default no-data variant icon 3ms
   → Invalid Chai property: toBeInTheDocument
 × src/components/ui/EmptyState.test.tsx > EmptyState > renders custom icon when provided 3ms
   → Invalid Chai property: toBeInTheDocument
 × src/components/ui/EmptyState.test.tsx > EmptyState > applies custom className 3ms
   → Invalid Chai property: toHaveAttribute
 × src/components/ui/EmptyState.test.tsx > EmptyState > renders no-results variant 3ms
   → Invalid Chai property: toBeInTheDocument
 × src/components/ui/EmptyState.test.tsx > EmptyState > renders no-file variant 4ms
   → Invalid Chai property: toBeInTheDocument
 × src/components/ui/EmptyState.test.tsx > EmptyState > renders error variant 4ms
   → Invalid Chai property: toBeInTheDocument
(node:4820) ExperimentalWarning: localStorage is not available because --localstorage-file was not provided.
(Use `node --trace-warnings ...` to show where the warning was created)
 ✓ src/engines/SmartImportMapping.test.ts > SmartImportMapping > suggestMappings > should suggest mappings for known column headers 3ms
 ✓ src/engines/SmartImportMapping.test.ts > SmartImportMapping > suggestMappings > should handle case-insensitive matching 0ms
 ✓ src/engines/SmartImportMapping.test.ts > SmartImportMapping > suggestMappings > should return empty array for unknown headers 1ms
 ✓ src/engines/SmartImportMapping.test.ts > SmartImportMapping > suggestMappings > should handle empty headers 0ms
 ✓ src/engines/SmartImportMapping.test.ts > SmartImportMapping > learnFromImport > should learn and retrieve mappings 0ms
 ✓ src/engines/SmartImportMapping.test.ts > SmartImportMapping > learnFromImport > should have transform property on learned mappings 0ms
 ✓ src/engines/SmartImportMapping.test.ts > SmartImportMapping > fuzzyMatch > should find fuzzy matches 0ms
 ✓ src/engines/SmartImportMapping.test.ts > SmartImportMapping > fuzzyMatch > should return empty for no matches 0ms
(node:4820) ExperimentalWarning: localStorage is not available because --localstorage-file was not provided.
(Use `node --trace-warnings ...` to show where the warning was created)
 ✓ src/store/scenarioStore.test.ts > scenarioStore > should have correct initial state 3ms
 ✓ src/store/scenarioStore.test.ts > scenarioStore > should create a scenario 2ms
 ✓ src/store/scenarioStore.test.ts > scenarioStore > should update a scenario 1ms
 ✓ src/store/scenarioStore.test.ts > scenarioStore > should delete a scenario 0ms
 ✓ src/store/scenarioStore.test.ts > scenarioStore > should clear selected scenario when deleted 0ms
 ✓ src/store/scenarioStore.test.ts > scenarioStore > should set selected scenario 0ms
 ✓ src/store/scenarioStore.test.ts > scenarioStore > should toggle scenario comparison 1ms
 ✓ src/store/scenarioStore.test.ts > scenarioStore > should set scenarios 0ms
(node:4820) ExperimentalWarning: localStorage is not available because --localstorage-file was not provided.
(Use `node --trace-warnings ...` to show where the warning was created)
stderr | src/pages/__tests__/data/ReconciliationPanel.test.tsx > ReconciliationPanel > renders the heading
Unknown event handler property `onFile`. It will be ignored.

 × src/pages/__tests__/data/ReconciliationPanel.test.tsx > ReconciliationPanel > renders the heading 45ms
   → Invalid Chai property: toBeInTheDocument
 × src/pages/__tests__/data/ReconciliationPanel.test.tsx > ReconciliationPanel > renders the file drop zone 7ms
   → Invalid Chai property: toBeInTheDocument
 × src/pages/__tests__/data/ReconciliationPanel.test.tsx > ReconciliationPanel > renders description text 4ms
   → Invalid Chai property: toBeInTheDocument
 × src/pages/__tests__/data/ReconciliationPanel.test.tsx > ReconciliationPanel > does not show column selectors when no data loaded 4ms
   → Invalid Chai property: toBeInTheDocument
 × src/pages/__tests__/data/ReconciliationPanel.test.tsx > ReconciliationPanel > shows column selectors when data is loaded 11ms
   → Invalid Chai property: toBeInTheDocument
 × src/pages/__tests__/data/ReconciliationPanel.test.tsx > ReconciliationPanel > renders error alert when recError is set 5ms
   → Invalid Chai property: toBeInTheDocument
(node:4820) ExperimentalWarning: localStorage is not available because --localstorage-file was not provided.
(Use `node --trace-warnings ...` to show where the warning was created)
 ✓ src/pages/insurance/ClaimsAnalyticsPage.test.tsx > ClaimsAnalyticsPage smoke test > renders without crashing 73ms
 ✓ src/pages/insurance/ClaimsAnalyticsPage.test.tsx > ClaimsAnalyticsPage smoke test > displays page heading 38ms
(node:4820) ExperimentalWarning: localStorage is not available because --localstorage-file was not provided.
(Use `node --trace-warnings ...` to show where the warning was created)
 ✓ src/hooks/usePeriods.test.ts > usePeriods > should return empty array when no entries 18ms
 ✓ src/hooks/usePeriods.test.ts > usePeriods > should derive periods from entry dates 2ms
 ✓ src/hooks/usePeriods.test.ts > usePeriods > should handle invalid dates gracefully 2ms
 ✓ src/hooks/usePeriods.test.ts > usePeriods > should sort periods chronologically 1ms
 ✓ src/hooks/usePeriods.test.ts > usePeriods > should skip entries without dates 2ms
(node:4820) ExperimentalWarning: localStorage is not available because --localstorage-file was not provided.
(Use `node --trace-warnings ...` to show where the warning was created)
 ✓ src/engines/CashFlowWaterfallEngine.test.ts > CashFlowWaterfallEngine > build > should build waterfall from categories 2ms
 ✓ src/engines/CashFlowWaterfallEngine.test.ts > CashFlowWaterfallEngine > build > should track net change 0ms
 ✓ src/engines/CashFlowWaterfallEngine.test.ts > CashFlowWaterfallEngine > build > should handle empty categories 0ms
 ✓ src/engines/CashFlowWaterfallEngine.test.ts > CashFlowWaterfallEngine > project > should project future cash flows 1ms
 ✓ src/engines/CashFlowWaterfallEngine.test.ts > CashFlowWaterfallEngine > project > should handle negative cash flow 0ms
(node:4820) ExperimentalWarning: localStorage is not available because --localstorage-file was not provided.
(Use `node --trace-warnings ...` to show where the warning was created)
 × src/components/ui/GuidedTour.test.tsx > GuidedTour > does not render when isOpen is false 35ms
   → Invalid Chai property: toBeInTheDocument
 × src/components/ui/GuidedTour.test.tsx > GuidedTour > renders step title and content when isOpen is true 24ms
   → Invalid Chai property: toBeInTheDocument
 × src/components/ui/GuidedTour.test.tsx > GuidedTour > shows step counter 10ms
   → Invalid Chai property: toBeInTheDocument
 × src/components/ui/GuidedTour.test.tsx > GuidedTour > shows Skip tour button 5ms
   → Invalid Chai property: toBeInTheDocument
 ✓ src/components/ui/GuidedTour.test.tsx > GuidedTour > calls onClose when Skip tour is clicked 8ms
 × src/components/ui/GuidedTour.test.tsx > GuidedTour > shows Back button after advancing to next step 6ms
   → Invalid Chai property: toBeInTheDocument
 ✓ src/components/ui/GuidedTour.test.tsx > GuidedTour > calls onClose when finishing last step 10ms
 × src/components/ui/GuidedTour.test.tsx > GuidedTour > navigates back to previous step 13ms
   → Invalid Chai property: toBeInTheDocument
 × src/components/ui/GuidedTour.test.tsx > GuidedTour > hides Back button on first step after navigating back 13ms
   → Invalid Chai property: toBeInTheDocument
(node:4820) ExperimentalWarning: localStorage is not available because --localstorage-file was not provided.
(Use `node --trace-warnings ...` to show where the warning was created)
(node:4820) ExperimentalWarning: localStorage is not available because --localstorage-file was not provided.
(Use `node --trace-warnings ...` to show where the warning was created)
 ✓ src/pages/realestate/ValuationPage.test.tsx > ValuationPage smoke test > renders without crashing 26ms
 ✓ src/pages/realestate/ValuationPage.test.tsx > ValuationPage smoke test > displays expected empty state 22ms
 ✓ src/hooks/useFreezePanes.test.ts > useFreezePanes > should return initial state 14ms
 ✓ src/hooks/useFreezePanes.test.ts > useFreezePanes > should not crash when null gridApi 2ms
 ✓ src/hooks/useFreezePanes.test.ts > useFreezePanes > should freeze top row 3ms
 ✓ src/hooks/useFreezePanes.test.ts > useFreezePanes > should freeze first N columns 2ms
 ✓ src/hooks/useFreezePanes.test.ts > useFreezePanes > should freeze both rows and columns 2ms
 ✓ src/hooks/useFreezePanes.test.ts > useFreezePanes > should unfreeze all 2ms
 ✓ src/hooks/useFreezePanes.test.ts > useFreezePanes > should not freeze if gridApi is null 1ms
(node:4820) ExperimentalWarning: localStorage is not available because --localstorage-file was not provided.
(Use `node --trace-warnings ...` to show where the warning was created)
 ✓ src/pages/realestate/RealEstateDashboardPage.test.tsx > RealEstateDashboardPage smoke test > renders without crashing 30ms
 ✓ src/pages/realestate/RealEstateDashboardPage.test.tsx > RealEstateDashboardPage smoke test > displays expected empty state 17ms
(node:4820) ExperimentalWarning: localStorage is not available because --localstorage-file was not provided.
(Use `node --trace-warnings ...` to show where the warning was created)
(node:4820) ExperimentalWarning: localStorage is not available because --localstorage-file was not provided.
(Use `node --trace-warnings ...` to show where the warning was created)
(node:4820) ExperimentalWarning: localStorage is not available because --localstorage-file was not provided.
(Use `node --trace-warnings ...` to show where the warning was created)
 ✓ src/pages/realestate/FacilityManagementPage.test.tsx > FacilityManagementPage smoke test > renders without crashing 48ms
 ✓ src/pages/realestate/FacilityManagementPage.test.tsx > FacilityManagementPage smoke test > displays heading 148ms
 ✓ src/store/notificationStore.test.ts > notificationStore > should have correct initial state 4ms
 ✓ src/store/notificationStore.test.ts > notificationStore > should add a notification 2ms
 ✓ src/store/notificationStore.test.ts > notificationStore > should mark notification as read 1ms
 ✓ src/store/notificationStore.test.ts > notificationStore > should mark all as read 1ms
 ✓ src/store/notificationStore.test.ts > notificationStore > should clear notifications 1ms
 ✓ src/store/notificationStore.test.ts > notificationStore > should set notifications and count unread 1ms
(node:4820) ExperimentalWarning: localStorage is not available because --localstorage-file was not provided.
(Use `node --trace-warnings ...` to show where the warning was created)
 × src/pages/saas/__tests__/ChurnDashboard.test.tsx > ChurnDashboard > renders the page heading 56ms
   → Unable to find an element with the text: /churn dashboard/i. This could be because the text is broken up by multiple elements. In this case, you can provide a function for your text matcher to make your matcher more flexible.

Ignored nodes: comments, script, style
[36m<body>[39m
  [36m<div>[39m
    [36m<div[39m
      [33mclass[39m=[32m"p-12 text-center"[39m
    [36m>[39m
      [36m<span[39m
        [33mclass[39m=[32m"h-10 w-10 text-slate-400 mx-auto mb-4"[39m
        [33mdata-testid[39m=[32m"icon"[39m
      [36m/>[39m
      [36m<h2[39m
        [33mclass[39m=[32m"text-xl font-semibold mb-2"[39m
      [36m>[39m
        [0mNo SaaS Data[0m
      [36m</h2>[39m
      [36m<button[39m
        [33mclass[39m=[32m"inline-flex items-center justify-center rounded-md text-sm font-medium transition-colors focus-visible:outline-none focus-visible:ring-2 focus-visible:ring-ring focus-visible:ring-offset-2 disabled:opacity-50 disabled:pointer-events-none bg-blue-600 text-white hover:bg-blue-700 dark:bg-blue-600 dark:hover:bg-blue-700 h-10 py-2 px-4"[39m
      [36m>[39m
        [0mImport Data[0m
      [36m</button>[39m
    [36m</div>[39m
  [36m</div>[39m
[36m</body>[39m
 × src/pages/saas/__tests__/ChurnDashboard.test.tsx > ChurnDashboard > renders customer churn KPI 6ms
   → Unable to find an element with the text: /customer churn/i. This could be because the text is broken up by multiple elements. In this case, you can provide a function for your text matcher to make your matcher more flexible.

Ignored nodes: comments, script, style
[36m<body>[39m
  [36m<div>[39m
    [36m<div[39m
      [33mclass[39m=[32m"p-12 text-center"[39m
    [36m>[39m
      [36m<span[39m
        [33mclass[39m=[32m"h-10 w-10 text-slate-400 mx-auto mb-4"[39m
        [33mdata-testid[39m=[32m"icon"[39m
      [36m/>[39m
      [36m<h2[39m
        [33mclass[39m=[32m"text-xl font-semibold mb-2"[39m
      [36m>[39m
        [0mNo SaaS Data[0m
      [36m</h2>[39m
      [36m<button[39m
        [33mclass[39m=[32m"inline-flex items-center justify-center rounded-md text-sm font-medium transition-colors focus-visible:outline-none focus-visible:ring-2 focus-visible:ring-ring focus-visible:ring-offset-2 disabled:opacity-50 disabled:pointer-events-none bg-blue-600 text-white hover:bg-blue-700 dark:bg-blue-600 dark:hover:bg-blue-700 h-10 py-2 px-4"[39m
      [36m>[39m
        [0mImport Data[0m
      [36m</button>[39m
    [36m</div>[39m
  [36m</div>[39m
[36m</body>[39m
 × src/pages/saas/__tests__/ChurnDashboard.test.tsx > ChurnDashboard > renders revenue churn KPI 4ms
   → Unable to find an element with the text: /revenue churn/i. This could be because the text is broken up by multiple elements. In this case, you can provide a function for your text matcher to make your matcher more flexible.

Ignored nodes: comments, script, style
[36m<body>[39m
  [36m<div>[39m
    [36m<div[39m
      [33mclass[39m=[32m"p-12 text-center"[39m
    [36m>[39m
      [36m<span[39m
        [33mclass[39m=[32m"h-10 w-10 text-slate-400 mx-auto mb-4"[39m
        [33mdata-testid[39m=[32m"icon"[39m
      [36m/>[39m
      [36m<h2[39m
        [33mclass[39m=[32m"text-xl font-semibold mb-2"[39m
      [36m>[39m
        [0mNo SaaS Data[0m
      [36m</h2>[39m
      [36m<button[39m
        [33mclass[39m=[32m"inline-flex items-center justify-center rounded-md text-sm font-medium transition-colors focus-visible:outline-none focus-visible:ring-2 focus-visible:ring-ring focus-visible:ring-offset-2 disabled:opacity-50 disabled:pointer-events-none bg-blue-600 text-white hover:bg-blue-700 dark:bg-blue-600 dark:hover:bg-blue-700 h-10 py-2 px-4"[39m
      [36m>[39m
        [0mImport Data[0m
      [36m</button>[39m
    [36m</div>[39m
  [36m</div>[39m
[36m</body>[39m
 × src/pages/saas/__tests__/ChurnDashboard.test.tsx > ChurnDashboard > renders at risk section 3ms
   → Unable to find an element with the text: /at risk/i. This could be because the text is broken up by multiple elements. In this case, you can provide a function for your text matcher to make your matcher more flexible.

Ignored nodes: comments, script, style
[36m<body>[39m
  [36m<div>[39m
    [36m<div[39m
      [33mclass[39m=[32m"p-12 text-center"[39m
    [36m>[39m
      [36m<span[39m
        [33mclass[39m=[32m"h-10 w-10 text-slate-400 mx-auto mb-4"[39m
        [33mdata-testid[39m=[32m"icon"[39m
      [36m/>[39m
      [36m<h2[39m
        [33mclass[39m=[32m"text-xl font-semibold mb-2"[39m
      [36m>[39m
        [0mNo SaaS Data[0m
      [36m</h2>[39m
      [36m<button[39m
        [33mclass[39m=[32m"inline-flex items-center justify-center rounded-md text-sm font-medium transition-colors focus-visible:outline-none focus-visible:ring-2 focus-visible:ring-ring focus-visible:ring-offset-2 disabled:opacity-50 disabled:pointer-events-none bg-blue-600 text-white hover:bg-blue-700 dark:bg-blue-600 dark:hover:bg-blue-700 h-10 py-2 px-4"[39m
      [36m>[39m
        [0mImport Data[0m
      [36m</button>[39m
    [36m</div>[39m
  [36m</div>[39m
[36m</body>[39m
 × src/pages/saas/__tests__/ChurnDashboard.test.tsx > ChurnDashboard > renders charts 4ms
   → Unable to find an element by: [data-testid="responsive-container"]

Ignored nodes: comments, script, style
[36m<body>[39m
  [36m<div>[39m
    [36m<div[39m
      [33mclass[39m=[32m"p-12 text-center"[39m
    [36m>[39m
      [36m<span[39m
        [33mclass[39m=[32m"h-10 w-10 text-slate-400 mx-auto mb-4"[39m
        [33mdata-testid[39m=[32m"icon"[39m
      [36m/>[39m
      [36m<h2[39m
        [33mclass[39m=[32m"text-xl font-semibold mb-2"[39m
      [36m>[39m
        [0mNo SaaS Data[0m
      [36m</h2>[39m
      [36m<button[39m
        [33mclass[39m=[32m"inline-flex items-center justify-center rounded-md text-sm font-medium transition-colors focus-visible:outline-none focus-visible:ring-2 focus-visible:ring-ring focus-visible:ring-offset-2 disabled:opacity-50 disabled:pointer-events-none bg-blue-600 text-white hover:bg-blue-700 dark:bg-blue-600 dark:hover:bg-blue-700 h-10 py-2 px-4"[39m
      [36m>[39m
        [0mImport Data[0m
      [36m</button>[39m
    [36m</div>[39m
  [36m</div>[39m
[36m</body>[39m
 × src/pages/saas/__tests__/ChurnDashboard.test.tsx > ChurnDashboard > renders export button 3ms
   → Unable to find an element with the text: /download/i. This could be because the text is broken up by multiple elements. In this case, you can provide a function for your text matcher to make your matcher more flexible.

Ignored nodes: comments, script, style
[36m<body>[39m
  [36m<div>[39m
    [36m<div[39m
      [33mclass[39m=[32m"p-12 text-center"[39m
    [36m>[39m
      [36m<span[39m
        [33mclass[39m=[32m"h-10 w-10 text-slate-400 mx-auto mb-4"[39m
        [33mdata-testid[39m=[32m"icon"[39m
      [36m/>[39m
      [36m<h2[39m
        [33mclass[39m=[32m"text-xl font-semibold mb-2"[39m
      [36m>[39m
        [0mNo SaaS Data[0m
      [36m</h2>[39m
      [36m<button[39m
        [33mclass[39m=[32m"inline-flex items-center justify-center rounded-md text-sm font-medium transition-colors focus-visible:outline-none focus-visible:ring-2 focus-visible:ring-ring focus-visible:ring-offset-2 disabled:opacity-50 disabled:pointer-events-none bg-blue-600 text-white hover:bg-blue-700 dark:bg-blue-600 dark:hover:bg-blue-700 h-10 py-2 px-4"[39m
      [36m>[39m
        [0mImport Data[0m
      [36m</button>[39m
    [36m</div>[39m
  [36m</div>[39m
[36m</body>[39m
 × src/pages/saas/__tests__/ChurnAnalysisPage.test.tsx > ChurnAnalysisPage > renders the page heading 47ms
   → Unable to find an element with the text: /churn analysis/i. This could be because the text is broken up by multiple elements. In this case, you can provide a function for your text matcher to make your matcher more flexible.

Ignored nodes: comments, script, style
[36m<body>[39m
  [36m<div>[39m
    [36m<div[39m
      [33mclass[39m=[32m"p-12 text-center max-w-md mx-auto"[39m
    [36m>[39m
      [36m<div[39m
        [33mclass[39m=[32m"p-4 bg-slate-800 rounded-full inline-block mb-4"[39m
      [36m>[39m
        [36m<span[39m
          [33mclass[39m=[32m"h-10 w-10 text-slate-400"[39m
          [33mdata-testid[39m=[32m"icon"[39m
        [36m/>[39m
      [36m</div>[39m
      [36m<h2[39m
        [33mclass[39m=[32m"text-xl font-semibold mb-2"[39m
      [36m>[39m
        [0mNo SaaS Data[0m
      [36m</h2>[39m
      [36m<p[39m
        [33mclass[39m=[32m"text-slate-400 mb-6"[39m
      [36m>[39m
        [0mImport GL data with subscription revenue accounts (41xx) to analyze churn metrics.[0m
      [36m</p>[39m
      [36m<button[39m
        [33mclass[39m=[32m"inline-flex items-center justify-center rounded-md text-sm font-medium transition-colors focus-visible:outline-none focus-visible:ring-2 focus-visible:ring-ring focus-visible:ring-offset-2 disabled:opacity-50 disabled:pointer-events-none bg-blue-600 text-white hover:bg-blue-700 dark:bg-blue-600 dark:hover:bg-blue-700 h-10 py-2 px-4"[39m
      [36m>[39m
        [0mImport GL Data[0m
      [36m</button>[39m
    [36m</div>[39m
  [36m</div>[39m
[36m</body>[39m
 × src/pages/saas/__tests__/ChurnAnalysisPage.test.tsx > ChurnAnalysisPage > renders churn trend section 8ms
   → Unable to find an element with the text: /churn trend/i. This could be because the text is broken up by multiple elements. In this case, you can provide a function for your text matcher to make your matcher more flexible.

Ignored nodes: comments, script, style
[36m<body>[39m
  [36m<div>[39m
    [36m<div[39m
      [33mclass[39m=[32m"p-12 text-center max-w-md mx-auto"[39m
    [36m>[39m
      [36m<div[39m
        [33mclass[39m=[32m"p-4 bg-slate-800 rounded-full inline-block mb-4"[39m
      [36m>[39m
        [36m<span[39m
          [33mclass[39m=[32m"h-10 w-10 text-slate-400"[39m
          [33mdata-testid[39m=[32m"icon"[39m
        [36m/>[39m
      [36m</div>[39m
      [36m<h2[39m
        [33mclass[39m=[32m"text-xl font-semibold mb-2"[39m
      [36m>[39m
        [0mNo SaaS Data[0m
      [36m</h2>[39m
      [36m<p[39m
        [33mclass[39m=[32m"text-slate-400 mb-6"[39m
      [36m>[39m
        [0mImport GL data with subscription revenue accounts (41xx) to analyze churn metrics.[0m
      [36m</p>[39m
      [36m<button[39m
        [33mclass[39m=[32m"inline-flex items-center justify-center rounded-md text-sm font-medium transition-colors focus-visible:outline-none focus-visible:ring-2 focus-visible:ring-ring focus-visible:ring-offset-2 disabled:opacity-50 disabled:pointer-events-none bg-blue-600 text-white hover:bg-blue-700 dark:bg-blue-600 dark:hover:bg-blue-700 h-10 py-2 px-4"[39m
      [36m>[39m
        [0mImport GL Data[0m
      [36m</button>[39m
    [36m</div>[39m
  [36m</div>[39m
[36m</body>[39m
 × src/pages/saas/__tests__/ChurnAnalysisPage.test.tsx > ChurnAnalysisPage > renders segment analysis 7ms
   → Unable to find an element with the text: /segment/i. This could be because the text is broken up by multiple elements. In this case, you can provide a function for your text matcher to make your matcher more flexible.

Ignored nodes: comments, script, style
[36m<body>[39m
  [36m<div>[39m
    [36m<div[39m
      [33mclass[39m=[32m"p-12 text-center max-w-md mx-auto"[39m
    [36m>[39m
      [36m<div[39m
        [33mclass[39m=[32m"p-4 bg-slate-800 rounded-full inline-block mb-4"[39m
      [36m>[39m
        [36m<span[39m
          [33mclass[39m=[32m"h-10 w-10 text-slate-400"[39m
          [33mdata-testid[39m=[32m"icon"[39m
        [36m/>[39m
      [36m</div>[39m
      [36m<h2[39m
        [33mclass[39m=[32m"text-xl font-semibold mb-2"[39m
      [36m>[39m
        [0mNo SaaS Data[0m
      [36m</h2>[39m
      [36m<p[39m
        [33mclass[39m=[32m"text-slate-400 mb-6"[39m
      [36m>[39m
        [0mImport GL data with subscription revenue accounts (41xx) to analyze churn metrics.[0m
      [36m</p>[39m
      [36m<button[39m
        [33mclass[39m=[32m"inline-flex items-center justify-center rounded-md text-sm font-medium transition-colors focus-visible:outline-none focus-visible:ring-2 focus-visible:ring-ring focus-visible:ring-offset-2 disabled:opacity-50 disabled:pointer-events-none bg-blue-600 text-white hover:bg-blue-700 dark:bg-blue-600 dark:hover:bg-blue-700 h-10 py-2 px-4"[39m
      [36m>[39m
        [0mImport GL Data[0m
      [36m</button>[39m
    [36m</div>[39m
  [36m</div>[39m
[36m</body>[39m
 × src/pages/saas/__tests__/ChurnAnalysisPage.test.tsx > ChurnAnalysisPage > renders charts 6ms
   → Unable to find an element by: [data-testid="responsive-container"]

Ignored nodes: comments, script, style
[36m<body>[39m
  [36m<div>[39m
    [36m<div[39m
      [33mclass[39m=[32m"p-12 text-center max-w-md mx-auto"[39m
    [36m>[39m
      [36m<div[39m
        [33mclass[39m=[32m"p-4 bg-slate-800 rounded-full inline-block mb-4"[39m
      [36m>[39m
        [36m<span[39m
          [33mclass[39m=[32m"h-10 w-10 text-slate-400"[39m
          [33mdata-testid[39m=[32m"icon"[39m
        [36m/>[39m
      [36m</div>[39m
      [36m<h2[39m
        [33mclass[39m=[32m"text-xl font-semibold mb-2"[39m
      [36m>[39m
        [0mNo SaaS Data[0m
      [36m</h2>[39m
      [36m<p[39m
        [33mclass[39m=[32m"text-slate-400 mb-6"[39m
      [36m>[39m
        [0mImport GL data with subscription revenue accounts (41xx) to analyze churn metrics.[0m
      [36m</p>[39m
      [36m<button[39m
        [33mclass[39m=[32m"inline-flex items-center justify-center rounded-md text-sm font-medium transition-colors focus-visible:outline-none focus-visible:ring-2 focus-visible:ring-ring focus-visible:ring-offset-2 disabled:opacity-50 disabled:pointer-events-none bg-blue-600 text-white hover:bg-blue-700 dark:bg-blue-600 dark:hover:bg-blue-700 h-10 py-2 px-4"[39m
      [36m>[39m
        [0mImport GL Data[0m
      [36m</button>[39m
    [36m</div>[39m
  [36m</div>[39m
[36m</body>[39m
 × src/pages/saas/__tests__/ChurnAnalysisPage.test.tsx > ChurnAnalysisPage > renders export button 4ms
   → Unable to find an element with the text: /download/i. This could be because the text is broken up by multiple elements. In this case, you can provide a function for your text matcher to make your matcher more flexible.

Ignored nodes: comments, script, style
[36m<body>[39m
  [36m<div>[39m
    [36m<div[39m
      [33mclass[39m=[32m"p-12 text-center max-w-md mx-auto"[39m
    [36m>[39m
      [36m<div[39m
        [33mclass[39m=[32m"p-4 bg-slate-800 rounded-full inline-block mb-4"[39m
      [36m>[39m
        [36m<span[39m
          [33mclass[39m=[32m"h-10 w-10 text-slate-400"[39m
          [33mdata-testid[39m=[32m"icon"[39m
        [36m/>[39m
      [36m</div>[39m
      [36m<h2[39m
        [33mclass[39m=[32m"text-xl font-semibold mb-2"[39m
      [36m>[39m
        [0mNo SaaS Data[0m
      [36m</h2>[39m
      [36m<p[39m
        [33mclass[39m=[32m"text-slate-400 mb-6"[39m
      [36m>[39m
        [0mImport GL data with subscription revenue accounts (41xx) to analyze churn metrics.[0m
      [36m</p>[39m
      [36m<button[39m
        [33mclass[39m=[32m"inline-flex items-center justify-center rounded-md text-sm font-medium transition-colors focus-visible:outline-none focus-visible:ring-2 focus-visible:ring-ring focus-visible:ring-offset-2 disabled:opacity-50 disabled:pointer-events-none bg-blue-600 text-white hover:bg-blue-700 dark:bg-blue-600 dark:hover:bg-blue-700 h-10 py-2 px-4"[39m
      [36m>[39m
        [0mImport GL Data[0m
      [36m</button>[39m
    [36m</div>[39m
  [36m</div>[39m
[36m</body>[39m
(node:4820) ExperimentalWarning: localStorage is not available because --localstorage-file was not provided.
(Use `node --trace-warnings ...` to show where the warning was created)
(node:4820) ExperimentalWarning: localStorage is not available because --localstorage-file was not provided.
(Use `node --trace-warnings ...` to show where the warning was created)
(node:4820) ExperimentalWarning: localStorage is not available because --localstorage-file was not provided.
(Use `node --trace-warnings ...` to show where the warning was created)
 ✓ src/pages/insurance/UnderwritingPage.test.tsx > UnderwritingPage smoke test > renders without crashing 43ms
 ✓ src/pages/insurance/UnderwritingPage.test.tsx > UnderwritingPage smoke test > displays heading 149ms
 ✓ src/pages/manufacturing/ProductionDashboardPage.test.tsx > ProductionDashboardPage smoke test > renders without crashing 30ms
 ✓ src/pages/manufacturing/ProductionDashboardPage.test.tsx > ProductionDashboardPage smoke test > displays expected empty state 20ms
(node:4820) ExperimentalWarning: localStorage is not available because --localstorage-file was not provided.
(Use `node --trace-warnings ...` to show where the warning was created)
 ✓ src/store/constructionStore.test.ts > constructionStore > should have default data on fresh load 2ms
 ✓ src/store/constructionStore.test.ts > constructionStore > should set cost breakdown 1ms
 ✓ src/store/constructionStore.test.ts > constructionStore > should add a change order 1ms
 ✓ src/store/constructionStore.test.ts > constructionStore > should update a change order 0ms
 ✓ src/store/constructionStore.test.ts > constructionStore > should not update non-existent change order 0ms
 ✓ src/store/constructionStore.test.ts > constructionStore > should set cost ledger 1ms
 × src/pages/__tests__/sector/SectorPage.test.tsx > SectorPage > renders loading state when sectorConfig is null 136ms
   → Invalid Chai property: toBeInTheDocument
 × src/pages/__tests__/sector/SectorPage.test.tsx > SectorPage > renders empty state when no entries 21ms
   → Invalid Chai property: toBeInTheDocument
 × src/pages/__tests__/sector/SectorPage.test.tsx > SectorPage > renders dashboard with entries 37ms
   → Invalid Chai property: toBeInTheDocument
(node:4820) ExperimentalWarning: localStorage is not available because --localstorage-file was not provided.
(Use `node --trace-warnings ...` to show where the warning was created)
(node:4820) ExperimentalWarning: localStorage is not available because --localstorage-file was not provided.
(Use `node --trace-warnings ...` to show where the warning was created)
 ✓ src/pages/realestate/REITDashboardPage.test.tsx > REITDashboardPage smoke test > renders without crashing 30ms
 ✓ src/pages/realestate/REITDashboardPage.test.tsx > REITDashboardPage smoke test > displays expected empty state 19ms
(node:4820) ExperimentalWarning: localStorage is not available because --localstorage-file was not provided.
(Use `node --trace-warnings ...` to show where the warning was created)
 ✓ src/engines/ExportTemplateEngine.test.ts > ExportTemplateEngine > should initialize with built-in templates 3ms
 ✓ src/engines/ExportTemplateEngine.test.ts > ExportTemplateEngine > should get template by id 1ms
 ✓ src/engines/ExportTemplateEngine.test.ts > ExportTemplateEngine > should return undefined for non-existent template 0ms
 ✓ src/engines/ExportTemplateEngine.test.ts > ExportTemplateEngine > should register a custom template 0ms
 ✓ src/engines/ExportTemplateEngine.test.ts > ExportTemplateEngine > should list templates 0ms
 ✓ src/engines/ExportTemplateEngine.test.ts > ExportTemplateEngine > should get template types 0ms
 ✓ src/engines/ExportTemplateEngine.test.ts > ExportTemplateEngine > should have variables on templates 0ms
 ✓ src/engines/ExportTemplateEngine.test.ts > ExportTemplateEngine > should have sections on templates 0ms
 ✓ src/pages/healthcare/ValueBasedCarePage.test.tsx > ValueBasedCarePage smoke test > renders without crashing 46ms
 ✓ src/pages/healthcare/ValueBasedCarePage.test.tsx > ValueBasedCarePage smoke test > displays heading 163ms
(node:4820) ExperimentalWarning: localStorage is not available because --localstorage-file was not provided.
(Use `node --trace-warnings ...` to show where the warning was created)
stderr | src/pages/__tests__/forecasts/DriverCard.test.tsx > DriverCard > renders driver name
In HTML, <button> cannot be a descendant of <button>.
This will cause a hydration error.

  <Providers>
    <I18nextProvider i18n={{observers:{}, ...}}>
      <BrowserRouter>
        <Router basename={undefined} location={{pathname:"/", ...}} navigationType="POP" navigator={{action:"POP", 
...}} ...>
          <DriverCard driver={{id:"d1",name:"...", ...}} isExpanded={false} pendingValue={10} impact={undefined} ...>
            <Card className="overflow-h...">
              <div className="overflow-h...">
>               <button className="w-full text-left p-4 flex items-center justify-between" onClick={function Mock}>
                  <div>
                  <div className="flex items...">
>                   <button
>                     onClick={function onClick}
>                     className="p-1 rounded hover:opacity-80"
>                     style={{color:"var(--text..."}}
>                     aria-label="Remove Revenue Growth"
>                   >
                    ...

<button> cannot contain a nested <button>.
See this log for the ancestor stack trace.

 × src/pages/__tests__/forecasts/DriverCard.test.tsx > DriverCard > renders driver name 58ms
   → Invalid Chai property: toBeInTheDocument
 × src/pages/__tests__/forecasts/DriverCard.test.tsx > DriverCard > renders collapsed by default without slider 11ms
   → Invalid Chai property: toBeInTheDocument
 ✓ src/pages/__tests__/forecasts/DriverCard.test.tsx > DriverCard > renders utility functions correctly 1ms
(node:4820) ExperimentalWarning: localStorage is not available because --localstorage-file was not provided.
(Use `node --trace-warnings ...` to show where the warning was created)
(node:4820) ExperimentalWarning: localStorage is not available because --localstorage-file was not provided.
(Use `node --trace-warnings ...` to show where the warning was created)
(node:4820) ExperimentalWarning: localStorage is not available because --localstorage-file was not provided.
(Use `node --trace-warnings ...` to show where the warning was created)
 × src/pages/workforce/__tests__/HeadcountPlanPage.test.tsx > HeadcountPlanPage > renders the page heading 54ms
   → Unable to find an element with the text: /headcount plan/i. This could be because the text is broken up by multiple elements. In this case, you can provide a function for your text matcher to make your matcher more flexible.

Ignored nodes: comments, script, style
[36m<body>[39m
  [36m<div>[39m
    [36m<div[39m
      [33mclass[39m=[32m"p-12 text-center"[39m
    [36m>[39m
      [36m<span[39m
        [33mclass[39m=[32m"h-10 w-10 text-slate-400 mx-auto mb-4"[39m
        [33mdata-testid[39m=[32m"mock-icon"[39m
      [36m/>[39m
      [36m<h2[39m
        [33mclass[39m=[32m"text-xl font-semibold mb-2"[39m
      [36m>[39m
        [0mNo Data[0m
      [36m</h2>[39m
      [36m<p[39m
        [33mclass[39m=[32m"text-slate-400 mb-6"[39m
      [36m>[39m
        [0mImport payroll data to plan headcount.[0m
      [36m</p>[39m
      [36m<button[39m
        [33mclass[39m=[32m"inline-flex items-center justify-center rounded-md text-sm font-medium transition-colors focus-visible:outline-none focus-visible:ring-2 focus-visible:ring-ring focus-visible:ring-offset-2 disabled:opacity-50 disabled:pointer-events-none bg-blue-600 text-white hover:bg-blue-700 dark:bg-blue-600 dark:hover:bg-blue-700 h-10 py-2 px-4"[39m
      [36m>[39m
        [0mImport Data[0m
      [36m</button>[39m
    [36m</div>[39m
  [36m</div>[39m
[36m</body>[39m
 × src/pages/workforce/__tests__/HeadcountPlanPage.test.tsx > HeadcountPlanPage > renders KPI section 7ms
   → Unable to find an element with the text: /total headcount/i. This could be because the text is broken up by multiple elements. In this case, you can provide a function for your text matcher to make your matcher more flexible.

Ignored nodes: comments, script, style
[36m<body>[39m
  [36m<div>[39m
    [36m<div[39m
      [33mclass[39m=[32m"p-12 text-center"[39m
    [36m>[39m
      [36m<span[39m
        [33mclass[39m=[32m"h-10 w-10 text-slate-400 mx-auto mb-4"[39m
        [33mdata-testid[39m=[32m"mock-icon"[39m
      [36m/>[39m
      [36m<h2[39m
        [33mclass[39m=[32m"text-xl font-semibold mb-2"[39m
      [36m>[39m
        [0mNo Data[0m
      [36m</h2>[39m
      [36m<p[39m
        [33mclass[39m=[32m"text-slate-400 mb-6"[39m
      [36m>[39m
        [0mImport payroll data to plan headcount.[0m
      [36m</p>[39m
      [36m<button[39m
        [33mclass[39m=[32m"inline-flex items-center justify-center rounded-md text-sm font-medium transition-colors focus-visible:outline-none focus-visible:ring-2 focus-visible:ring-ring focus-visible:ring-offset-2 disabled:opacity-50 disabled:pointer-events-none bg-blue-600 text-white hover:bg-blue-700 dark:bg-blue-600 dark:hover:bg-blue-700 h-10 py-2 px-4"[39m
      [36m>[39m
        [0mImport Data[0m
      [36m</button>[39m
    [36m</div>[39m
  [36m</div>[39m
[36m</body>[39m
 × src/pages/workforce/__tests__/HeadcountPlanPage.test.tsx > HeadcountPlanPage > renders department table 4ms
   → Unable to find an element with the text: /department/i. This could be because the text is broken up by multiple elements. In this case, you can provide a function for your text matcher to make your matcher more flexible.

Ignored nodes: comments, script, style
[36m<body>[39m
  [36m<div>[39m
    [36m<div[39m
      [33mclass[39m=[32m"p-12 text-center"[39m
    [36m>[39m
      [36m<span[39m
        [33mclass[39m=[32m"h-10 w-10 text-slate-400 mx-auto mb-4"[39m
        [33mdata-testid[39m=[32m"mock-icon"[39m
      [36m/>[39m
      [36m<h2[39m
        [33mclass[39m=[32m"text-xl font-semibold mb-2"[39m
      [36m>[39m
        [0mNo Data[0m
      [36m</h2>[39m
      [36m<p[39m
        [33mclass[39m=[32m"text-slate-400 mb-6"[39m
      [36m>[39m
        [0mImport payroll data to plan headcount.[0m
      [36m</p>[39m
      [36m<button[39m
        [33mclass[39m=[32m"inline-flex items-center justify-center rounded-md text-sm font-medium transition-colors focus-visible:outline-none focus-visible:ring-2 focus-visible:ring-ring focus-visible:ring-offset-2 disabled:opacity-50 disabled:pointer-events-none bg-blue-600 text-white hover:bg-blue-700 dark:bg-blue-600 dark:hover:bg-blue-700 h-10 py-2 px-4"[39m
      [36m>[39m
        [0mImport Data[0m
      [36m</button>[39m
    [36m</div>[39m
  [36m</div>[39m
[36m</body>[39m
 × src/pages/workforce/__tests__/HeadcountPlanPage.test.tsx > HeadcountPlanPage > renders charts section 6ms
   → Unable to find an element by: [data-testid="responsive-container"]

Ignored nodes: comments, script, style
[36m<body>[39m
  [36m<div>[39m
    [36m<div[39m
      [33mclass[39m=[32m"p-12 text-center"[39m
    [36m>[39m
      [36m<span[39m
        [33mclass[39m=[32m"h-10 w-10 text-slate-400 mx-auto mb-4"[39m
        [33mdata-testid[39m=[32m"mock-icon"[39m
      [36m/>[39m
      [36m<h2[39m
        [33mclass[39m=[32m"text-xl font-semibold mb-2"[39m
      [36m>[39m
        [0mNo Data[0m
      [36m</h2>[39m
      [36m<p[39m
        [33mclass[39m=[32m"text-slate-400 mb-6"[39m
      [36m>[39m
        [0mImport payroll data to plan headcount.[0m
      [36m</p>[39m
      [36m<button[39m
        [33mclass[39m=[32m"inline-flex items-center justify-center rounded-md text-sm font-medium transition-colors focus-visible:outline-none focus-visible:ring-2 focus-visible:ring-ring focus-visible:ring-offset-2 disabled:opacity-50 disabled:pointer-events-none bg-blue-600 text-white hover:bg-blue-700 dark:bg-blue-600 dark:hover:bg-blue-700 h-10 py-2 px-4"[39m
      [36m>[39m
        [0mImport Data[0m
      [36m</button>[39m
    [36m</div>[39m
  [36m</div>[39m
[36m</body>[39m
 × src/pages/workforce/__tests__/HeadcountPlanPage.test.tsx > HeadcountPlanPage > renders treemap chart 6ms
   → Unable to find an element by: [data-testid="treemap-chart"]

Ignored nodes: comments, script, style
[36m<body>[39m
  [36m<div>[39m
    [36m<div[39m
      [33mclass[39m=[32m"p-12 text-center"[39m
    [36m>[39m
      [36m<span[39m
        [33mclass[39m=[32m"h-10 w-10 text-slate-400 mx-auto mb-4"[39m
        [33mdata-testid[39m=[32m"mock-icon"[39m
      [36m/>[39m
      [36m<h2[39m
        [33mclass[39m=[32m"text-xl font-semibold mb-2"[39m
      [36m>[39m
        [0mNo Data[0m
      [36m</h2>[39m
      [36m<p[39m
        [33mclass[39m=[32m"text-slate-400 mb-6"[39m
      [36m>[39m
        [0mImport payroll data to plan headcount.[0m
      [36m</p>[39m
      [36m<button[39m
        [33mclass[39m=[32m"inline-flex items-center justify-center rounded-md text-sm font-medium transition-colors focus-visible:outline-none focus-visible:ring-2 focus-visible:ring-ring focus-visible:ring-offset-2 disabled:opacity-50 disabled:pointer-events-none bg-blue-600 text-white hover:bg-blue-700 dark:bg-blue-600 dark:hover:bg-blue-700 h-10 py-2 px-4"[39m
      [36m>[39m
        [0mImport Data[0m
      [36m</button>[39m
    [36m</div>[39m
  [36m</div>[39m
[36m</body>[39m
 × src/pages/workforce/__tests__/HeadcountPlanPage.test.tsx > HeadcountPlanPage > renders export button 5ms
   → Unable to find an element with the text: /download/i. This could be because the text is broken up by multiple elements. In this case, you can provide a function for your text matcher to make your matcher more flexible.

Ignored nodes: comments, script, style
[36m<body>[39m
  [36m<div>[39m
    [36m<div[39m
      [33mclass[39m=[32m"p-12 text-center"[39m
    [36m>[39m
      [36m<span[39m
        [33mclass[39m=[32m"h-10 w-10 text-slate-400 mx-auto mb-4"[39m
        [33mdata-testid[39m=[32m"mock-icon"[39m
      [36m/>[39m
      [36m<h2[39m
        [33mclass[39m=[32m"text-xl font-semibold mb-2"[39m
      [36m>[39m
        [0mNo Data[0m
      [36m</h2>[39m
      [36m<p[39m
        [33mclass[39m=[32m"text-slate-400 mb-6"[39m
      [36m>[39m
        [0mImport payroll data to plan headcount.[0m
      [36m</p>[39m
      [36m<button[39m
        [33mclass[39m=[32m"inline-flex items-center justify-center rounded-md text-sm font-medium transition-colors focus-visible:outline-none focus-visible:ring-2 focus-visible:ring-ring focus-visible:ring-offset-2 disabled:opacity-50 disabled:pointer-events-none bg-blue-600 text-white hover:bg-blue-700 dark:bg-blue-600 dark:hover:bg-blue-700 h-10 py-2 px-4"[39m
      [36m>[39m
        [0mImport Data[0m
      [36m</button>[39m
    [36m</div>[39m
  [36m</div>[39m
[36m</body>[39m
 ✓ src/pages/energy/EnergyRiskPage.test.tsx > EnergyRiskPage smoke test > renders without crashing 51ms
 ✓ src/pages/energy/EnergyRiskPage.test.tsx > EnergyRiskPage smoke test > displays heading 158ms
(node:4820) ExperimentalWarning: localStorage is not available because --localstorage-file was not provided.
(Use `node --trace-warnings ...` to show where the warning was created)
 ✓ src/pages/budgets/BudgetDetailPage.test.tsx > BudgetDetailPage > renders without crashing when budget is not found 33ms
 × src/pages/budgets/BudgetDetailPage.test.tsx > BudgetDetailPage > displays not found message for missing budget 22ms
   → Invalid Chai property: toBeInTheDocument
(node:4820) ExperimentalWarning: localStorage is not available because --localstorage-file was not provided.
(Use `node --trace-warnings ...` to show where the warning was created)
 ✓ src/engines/SolverEngine.test.ts > SolverEngine > solveLP > should solve simple maximization problem 2ms
 ✓ src/engines/SolverEngine.test.ts > SolverEngine > solveLP > should solve simple minimization problem 0ms
 ✓ src/engines/SolverEngine.test.ts > SolverEngine > solveLP > should return feasible for in-range constraints 0ms
 ✓ src/engines/SolverEngine.test.ts > SolverEngine > solveLP > should handle equality constraints 0ms
 ✓ src/engines/SolverEngine.test.ts > SolverEngine > solveLP > should return variable values 0ms
 ✓ src/engines/SolverEngine.test.ts > SolverEngine > solveLP > should report iterations 0ms
(node:4820) ExperimentalWarning: localStorage is not available because --localstorage-file was not provided.
(Use `node --trace-warnings ...` to show where the warning was created)
(node:4820) ExperimentalWarning: localStorage is not available because --localstorage-file was not provided.
(Use `node --trace-warnings ...` to show where the warning was created)
 ✓ src/components/reports/__tests__/ReportTemplateLibrary.test.tsx > ReportTemplateLibrary > renders templates tab 46ms
 ✓ src/components/reports/__tests__/ReportTemplateLibrary.test.tsx > ReportTemplateLibrary > shows saved reports tab 19ms
 ✓ src/pages/healthcare/PatientRevenuePage.test.tsx > PatientRevenuePage smoke test > renders without crashing 30ms
 ✓ src/pages/healthcare/PatientRevenuePage.test.tsx > PatientRevenuePage smoke test > displays expected empty state 17ms
(node:4820) ExperimentalWarning: localStorage is not available because --localstorage-file was not provided.
(Use `node --trace-warnings ...` to show where the warning was created)
 ✓ src/services/RealtimeCollaborationManager.test.ts > RealtimeCollaborationManager > should return a singleton instance 3ms
 ✓ src/services/RealtimeCollaborationManager.test.ts > RealtimeCollaborationManager > should throw when accessing services before initialization 1ms
 ✓ src/services/RealtimeCollaborationManager.test.ts > RealtimeCollaborationManager > should initialize with config 1ms
 ✓ src/services/RealtimeCollaborationManager.test.ts > RealtimeCollaborationManager > should report disconnected state before connecting 0ms
 ✓ src/services/RealtimeCollaborationManager.test.ts > RealtimeCollaborationManager > should reset instance cleanly 0ms
 ✓ src/services/RealtimeCollaborationManager.test.ts > RealtimeCollaborationManager > should re-initialize when called twice 1ms
 ✓ src/services/RealtimeCollaborationManager.test.ts > RealtimeCollaborationManager > should accept connection state change callbacks 1ms
(node:4820) ExperimentalWarning: localStorage is not available because --localstorage-file was not provided.
(Use `node --trace-warnings ...` to show where the warning was created)
 ✓ src/engines/GlobalSearchEngine.test.ts > GlobalSearchEngine > search > returns empty for empty query 2ms
 ✓ src/engines/GlobalSearchEngine.test.ts > GlobalSearchEngine > search > finds entities by title 1ms
 ✓ src/engines/GlobalSearchEngine.test.ts > GlobalSearchEngine > search > returns results sorted by relevance 0ms
 ✓ src/engines/GlobalSearchEngine.test.ts > GlobalSearchEngine > search > limits results 0ms
 ✓ src/engines/GlobalSearchEngine.test.ts > GlobalSearchEngine > recent searches > tracks recent searches 1ms
 ✓ src/engines/GlobalSearchEngine.test.ts > GlobalSearchEngine > recent searches > clears recent searches 0ms
 ✓ src/engines/GlobalSearchEngine.test.ts > GlobalSearchEngine > recent searches > limits recent searches to 10 0ms
 ✓ src/engines/GlobalSearchEngine.test.ts > GlobalSearchEngine > suggest > returns suggestions for partial input 0ms
(node:4820) ExperimentalWarning: localStorage is not available because --localstorage-file was not provided.
(Use `node --trace-warnings ...` to show where the warning was created)
(node:4820) ExperimentalWarning: localStorage is not available because --localstorage-file was not provided.
(Use `node --trace-warnings ...` to show where the warning was created)
(node:4820) ExperimentalWarning: localStorage is not available because --localstorage-file was not provided.
(Use `node --trace-warnings ...` to show where the warning was created)
 ✓ src/engines/ReportBookEngine.test.ts > ReportBookEngine > should initialize with empty state 2ms
 ✓ src/engines/ReportBookEngine.test.ts > ReportBookEngine > should create a report book 1ms
 ✓ src/engines/ReportBookEngine.test.ts > ReportBookEngine > should get book by id 0ms
 ✓ src/engines/ReportBookEngine.test.ts > ReportBookEngine > should return undefined for non-existent book 0ms
 ✓ src/engines/ReportBookEngine.test.ts > ReportBookEngine > should add entry to book 0ms
 ✓ src/engines/ReportBookEngine.test.ts > ReportBookEngine > should remove entry from book 1ms
 ✓ src/engines/ReportBookEngine.test.ts > ReportBookEngine > should delete a book 0ms
 ✓ src/engines/ReportBookEngine.test.ts > ReportBookEngine > should get available variables 0ms
 ✓ src/engines/ReportBookEngine.test.ts > ReportBookEngine > should get all books 0ms
 × src/components/ui/DataGridToolbar.test.tsx > DataGridToolbar > renders toolbar with all action buttons 39ms
   → Invalid Chai property: toBeInTheDocument
 ✓ src/components/ui/DataGridToolbar.test.tsx > DataGridToolbar > calls handleExport when Export clicked 7ms
 ✓ src/components/ui/DataGridToolbar.test.tsx > DataGridToolbar > toggles find replace when Find clicked 5ms
 × src/components/ui/DataGridToolbar.test.tsx > DataGridToolbar > shows column menu when showColumnMenu is true 9ms
   → Invalid Chai property: toBeInTheDocument
 ✓ src/components/ui/DataGridToolbar.test.tsx > DataGridToolbar > returns null when all features disabled 2ms
 × src/components/ui/DataGridToolbar.test.tsx > DataGridToolbar > shows group column name when groupColumn is set 3ms
   → Invalid Chai property: toBeInTheDocument
 × src/pages/__tests__/forecasts/RollingForecastPage.test.tsx > RollingForecastPage > renders the page title 51ms
   → Invalid Chai property: toBeInTheDocument
 × src/pages/__tests__/forecasts/RollingForecastPage.test.tsx > RollingForecastPage > renders empty state with zero entries 7ms
   → Invalid Chai property: toBeInTheDocument
 × src/pages/__tests__/forecasts/RollingForecastPage.test.tsx > RollingForecastPage > renders period selector buttons 59ms
   → Invalid Chai property: toBeInTheDocument
(node:4820) ExperimentalWarning: localStorage is not available because --localstorage-file was not provided.
(Use `node --trace-warnings ...` to show where the warning was created)
 × src/pages/__tests__/data/ReconciliationResults.test.tsx > ReconciliationResults > renders the heading 43ms
   → Invalid Chai property: toBeInTheDocument
 × src/pages/__tests__/data/ReconciliationResults.test.tsx > ReconciliationResults > renders zero summary counts 6ms
   → Invalid Chai property: toBeInTheDocument
 × src/pages/__tests__/data/ReconciliationResults.test.tsx > ReconciliationResults > renders populated summary counts 10ms
   → Invalid Chai property: toBeInTheDocument
 × src/pages/__tests__/data/ReconciliationResults.test.tsx > ReconciliationResults > renders detail rows with account keys 9ms
   → Invalid Chai property: toBeInTheDocument
 × src/pages/__tests__/data/ReconciliationResults.test.tsx > ReconciliationResults > renders export differences button 9ms
   → Invalid Chai property: toBeInTheDocument
(node:4820) ExperimentalWarning: localStorage is not available because --localstorage-file was not provided.
(Use `node --trace-warnings ...` to show where the warning was created)
 ✓ src/engines/CashEngine.test.ts > CashEngine > forecast13Week > should forecast cash with inflows and outflows 3ms
 ✓ src/engines/CashEngine.test.ts > CashEngine > forecast13Week > should handle multiple weeks 0ms
 ✓ src/engines/CashEngine.test.ts > CashEngine > forecast13Week > should flag balance below minimum target 0ms
 ✓ src/engines/CashEngine.test.ts > CashEngine > forecast13Week > should handle empty inflows and outflows 1ms
 ✓ src/engines/CashEngine.test.ts > CashEngine > calculateDSO > should calculate days sales outstanding 0ms
 ✓ src/engines/CashEngine.test.ts > CashEngine > calculateDSO > should return 0 for zero revenue 0ms
 ✓ src/engines/CashEngine.test.ts > CashEngine > calculateDPO > should calculate days payable outstanding 0ms
 ✓ src/engines/CashEngine.test.ts > CashEngine > calculateDPO > should return 0 for zero COGS 0ms
 ✓ src/engines/CashEngine.test.ts > CashEngine > calculateDIO > should calculate days inventory outstanding 0ms
 ✓ src/engines/CashEngine.test.ts > CashEngine > calculateDIO > should return 0 for zero COGS 0ms
 ✓ src/engines/CashEngine.test.ts > CashEngine > calculateCCC > should calculate cash conversion cycle 0ms
 ✓ src/engines/CashEngine.test.ts > CashEngine > calculateCCC > should handle negative result 0ms
(node:4820) ExperimentalWarning: localStorage is not available because --localstorage-file was not provided.
(Use `node --trace-warnings ...` to show where the warning was created)
(node:4820) ExperimentalWarning: localStorage is not available because --localstorage-file was not provided.
(Use `node --trace-warnings ...` to show where the warning was created)
 ✓ src/engines/StreamImportEngine.test.ts > StreamImportEngine > streamParse > should parse CSV data as an async generator 4ms
 ✓ src/engines/StreamImportEngine.test.ts > StreamImportEngine > streamParse > should handle empty CSV 0ms
 ✓ src/engines/StreamImportEngine.test.ts > StreamImportEngine > streamParse > should yield ImportRow objects with rowIndex, data, raw 1ms
 ✓ src/engines/StreamImportEngine.test.ts > StreamImportEngine > validateStream > should validate rows using async generator 1ms
 ✓ src/engines/StreamImportEngine.test.ts > StreamImportEngine > validateStream > should flag missing required fields 0ms
 ✓ src/engines/StreamImportEngine.test.ts > StreamImportEngine > validateStream > should accept valid rows 0ms
 ✓ src/engines/CalculationQueue.test.ts > CalculationQueue > enqueue > adds a task to the queue or starts it immediately 2ms
 ✓ src/engines/CalculationQueue.test.ts > CalculationQueue > cancel > cancels a task 1ms
 ✓ src/engines/CalculationQueue.test.ts > CalculationQueue > cancelAll > cancels all tasks 1ms
 ✓ src/engines/CalculationQueue.test.ts > CalculationQueue > compute with cache > caches results 0ms
 ✓ src/engines/CalculationQueue.test.ts > CalculationQueue > compute with cache > invalidates cache 0ms
 ✓ src/engines/CalculationQueue.test.ts > CalculationQueue > getStats > returns queue statistics 0ms
 ✓ src/engines/CalculationQueue.test.ts > CalculationQueue > singleton > exports a singleton instance 0ms
(node:4820) ExperimentalWarning: localStorage is not available because --localstorage-file was not provided.
(Use `node --trace-warnings ...` to show where the warning was created)
(node:4820) ExperimentalWarning: localStorage is not available because --localstorage-file was not provided.
(Use `node --trace-warnings ...` to show where the warning was created)
 ✓ src/engines/ManufacturingEngine.test.ts > ManufacturingEngine > calculateStats > should calculate manufacturing statistics 4ms
 ✓ src/engines/ManufacturingEngine.test.ts > ManufacturingEngine > calculateStats > should handle empty entries 0ms
 ✓ src/engines/ManufacturingEngine.test.ts > ManufacturingEngine > getProductionLines > should return production breakdown by account 1ms
 ✓ src/engines/ManufacturingEngine.test.ts > ManufacturingEngine > getOutputTrend > should return monthly output trend 1ms
(node:4820) ExperimentalWarning: localStorage is not available because --localstorage-file was not provided.
(Use `node --trace-warnings ...` to show where the warning was created)
(node:4820) ExperimentalWarning: localStorage is not available because --localstorage-file was not provided.
(Use `node --trace-warnings ...` to show where the warning was created)
 ✓ src/engines/BondPricingEngine.test.ts > BondPricingEngine > price > should price a bond at par when coupon equals YTM 2ms
 ✓ src/engines/BondPricingEngine.test.ts > BondPricingEngine > price > should price above par when coupon > YTM 0ms
 ✓ src/engines/BondPricingEngine.test.ts > BondPricingEngine > price > should price below par when coupon < YTM 0ms
 ✓ src/engines/BondPricingEngine.test.ts > BondPricingEngine > price > should handle zero YTM 0ms
 ✓ src/engines/BondPricingEngine.test.ts > BondPricingEngine > price > should handle single period 0ms
 ✓ src/engines/BondPricingEngine.test.ts > BondPricingEngine > yieldToMaturity > should find YTM for par bond 0ms
 ✓ src/engines/BondPricingEngine.test.ts > BondPricingEngine > yieldToMaturity > should find YTM for discount bond 0ms
 ✓ src/engines/BondPricingEngine.test.ts > BondPricingEngine > yieldToMaturity > should find YTM for premium bond 0ms
 ✓ src/engines/BondPricingEngine.test.ts > BondPricingEngine > duration > should return positive duration 0ms
 ✓ src/engines/BondPricingEngine.test.ts > BondPricingEngine > duration > should have modified duration less than macaulay 0ms
 ✓ src/engines/BondPricingEngine.test.ts > BondPricingEngine > duration > should have convexity > 0 0ms
 ✓ src/engines/BondPricingEngine.test.ts > BondPricingEngine > duration > should have shorter duration for shorter maturity 0ms
 ✓ src/pages/energy/RenewableEnergyPage.test.tsx > RenewableEnergyPage smoke test > renders without crashing 49ms
 ✓ src/pages/energy/RenewableEnergyPage.test.tsx > RenewableEnergyPage smoke test > displays heading 157ms
(node:4820) ExperimentalWarning: localStorage is not available because --localstorage-file was not provided.
(Use `node --trace-warnings ...` to show where the warning was created)
(node:4820) ExperimentalWarning: localStorage is not available because --localstorage-file was not provided.
(Use `node --trace-warnings ...` to show where the warning was created)
 ✓ src/pages/manufacturing/COGSVariancePage.test.tsx > COGSVariancePage smoke test > renders without crashing 36ms
 ✓ src/pages/manufacturing/COGSVariancePage.test.tsx > COGSVariancePage smoke test > displays expected empty state 19ms
 ✓ src/components/variance/VarianceTable.test.tsx > VarianceTable > renders without crashing with data 23ms
 × src/components/variance/VarianceTable.test.tsx > VarianceTable > renders FinancialTable with correct columns 27ms
   → Invalid Chai property: toBeInTheDocument
 × src/components/variance/VarianceTable.test.tsx > VarianceTable > shows "No variance data" when analyses is empty 4ms
   → Invalid Chai property: toBeInTheDocument
(node:4820) ExperimentalWarning: localStorage is not available because --localstorage-file was not provided.
(Use `node --trace-warnings ...` to show where the warning was created)
 ✓ src/pages/reports/components/BudgetVsActualTable.test.tsx > BudgetVsActualTable > renders table with correct headers 48ms
 ✓ src/pages/reports/components/BudgetVsActualTable.test.tsx > BudgetVsActualTable > renders all data rows 7ms
 ✓ src/pages/reports/components/BudgetVsActualTable.test.tsx > BudgetVsActualTable > renders correct values 7ms
 ✓ src/pages/reports/components/BudgetVsActualTable.test.tsx > BudgetVsActualTable > renders empty table with no data 4ms
 ✓ src/pages/reports/components/BudgetVsActualTable.test.tsx > BudgetVsActualTable > has correct ARIA attributes 96ms
 ✓ src/pages/reports/components/BudgetVsActualTable.test.tsx > BudgetVsActualTable > renders favorable variance with green color 5ms
(node:4820) ExperimentalWarning: localStorage is not available because --localstorage-file was not provided.
(Use `node --trace-warnings ...` to show where the warning was created)
(node:4820) ExperimentalWarning: localStorage is not available because --localstorage-file was not provided.
(Use `node --trace-warnings ...` to show where the warning was created)
 ✓ src/engines/WaterfallBridgeEngine.test.ts > WaterfallBridgeEngine > build > should build a profit bridge with start, components, and end 2ms
 ✓ src/engines/WaterfallBridgeEngine.test.ts > WaterfallBridgeEngine > build > should calculate correct totals 0ms
 ✓ src/engines/WaterfallBridgeEngine.test.ts > WaterfallBridgeEngine > build > should handle empty components 1ms
 ✓ src/engines/WaterfallBridgeEngine.test.ts > WaterfallBridgeEngine > profitBridge > should build a P&L bridge from revenues, cogs, opex 0ms
 ✓ src/engines/WaterfallBridgeEngine.test.ts > WaterfallBridgeEngine > varianceBridge > should build a variance bridge from budget to actual 0ms
 × src/components/ui/Toast.test.tsx > Toast > renders title text 60ms
   → Invalid Chai property: toBeInTheDocument
 × src/components/ui/Toast.test.tsx > Toast > renders message text 6ms
   → Invalid Chai property: toBeInTheDocument
 × src/components/ui/Toast.test.tsx > Toast > renders with success variant 8ms
   → Invalid Chai property: toBeInTheDocument
 × src/components/ui/Toast.test.tsx > Toast > renders with error variant 7ms
   → Invalid Chai property: toBeInTheDocument
 × src/components/ui/Toast.test.tsx > Toast > renders with warning variant 5ms
   → Invalid Chai property: toBeInTheDocument
 × src/components/ui/Toast.test.tsx > Toast > renders with info variant 5ms
   → Invalid Chai property: toBeInTheDocument
 ✓ src/components/ui/Toast.test.tsx > Toast > calls onDismiss when close button clicked 116ms
 ✓ src/components/ui/Toast.test.tsx > Toast > automatically dismisses after duration 5ms
 × src/components/ui/Toast.test.tsx > Toast > does not render message when not provided 6ms
   → Invalid Chai property: toBeInTheDocument
(node:4820) ExperimentalWarning: localStorage is not available because --localstorage-file was not provided.
(Use `node --trace-warnings ...` to show where the warning was created)
 × src/components/ui/Pagination.test.tsx > Pagination > renders page numbers 49ms
   → Invalid Chai property: toBeInTheDocument
 × src/components/ui/Pagination.test.tsx > Pagination > renders previous and next buttons 11ms
   → Invalid Chai property: toBeInTheDocument
 ✓ src/components/ui/Pagination.test.tsx > Pagination > calls onPageChange when page clicked 11ms
 × src/components/ui/Pagination.test.tsx > Pagination > disables previous button on first page 5ms
   → Invalid Chai property: toBeDisabled
 × src/components/ui/Pagination.test.tsx > Pagination > disables next button on last page 7ms
   → Invalid Chai property: toBeDisabled
 × src/components/ui/Pagination.test.tsx > Pagination > renders totalItems info when provided 7ms
   → Invalid Chai property: toBeInTheDocument
 × src/components/ui/Pagination.test.tsx > Pagination > renders page size selector when onPageSizeChange provided 9ms
   → Invalid Chai property: toBeInTheDocument
 ✓ src/components/ui/Pagination.test.tsx > Pagination > calls onPageSizeChange when page size changed 118ms
(node:4820) ExperimentalWarning: localStorage is not available because --localstorage-file was not provided.
(Use `node --trace-warnings ...` to show where the warning was created)
 ✓ src/engines/SmartImportMapper.test.ts > SmartImportMapper > suggestMappings > suggests mappings for GL headers 3ms
 ✓ src/engines/SmartImportMapper.test.ts > SmartImportMapper > suggestMappings > suggests mappings for budget headers 0ms
 ✓ src/engines/SmartImportMapper.test.ts > SmartImportMapper > suggestMappings > handles empty headers 0ms
 ✓ src/engines/SmartImportMapper.test.ts > SmartImportMapper > validateMappings > validates complete mappings 0ms
 ✓ src/engines/SmartImportMapper.test.ts > SmartImportMapper > validateMappings > identifies missing required fields 0ms
 ✓ src/engines/SmartImportMapper.test.ts > SmartImportMapper > transform > transforms data using mappings 0ms
(node:4820) ExperimentalWarning: localStorage is not available because --localstorage-file was not provided.
(Use `node --trace-warnings ...` to show where the warning was created)
 ✓ src/engines/formula-functions/math.test.ts > Math Functions > ROUND > rounds to nearest integer 2ms
 ✓ src/engines/formula-functions/math.test.ts > Math Functions > ROUND > rounds to specified decimals 0ms
 ✓ src/engines/formula-functions/math.test.ts > Math Functions > ROUNDUP > always rounds up 0ms
 ✓ src/engines/formula-functions/math.test.ts > Math Functions > ROUNDDOWN > always rounds down 0ms
 ✓ src/engines/formula-functions/math.test.ts > Math Functions > MOD > calculates modulo 0ms
 ✓ src/engines/formula-functions/math.test.ts > Math Functions > POWER > calculates power 0ms
 ✓ src/engines/formula-functions/math.test.ts > Math Functions > SQRT > calculates square root 0ms
 ✓ src/engines/formula-functions/math.test.ts > Math Functions > ABS > calculates absolute value 0ms
 ✓ src/engines/formula-functions/math.test.ts > Math Functions > CEILING > rounds up to significance 0ms
 ✓ src/engines/formula-functions/math.test.ts > Math Functions > FLOOR > rounds down to significance 0ms
 ✓ src/engines/formula-functions/math.test.ts > Math Functions > GCD > calculates greatest common divisor 0ms
 ✓ src/engines/formula-functions/math.test.ts > Math Functions > LCM > calculates least common multiple 0ms
(node:4820) ExperimentalWarning: localStorage is not available because --localstorage-file was not provided.
(Use `node --trace-warnings ...` to show where the warning was created)
 ✓ src/hooks/useCurrency.test.ts > useCurrency > should format amount in default currency (USD) 13ms
 ✓ src/hooks/useCurrency.test.ts > useCurrency > should use currency from settings 2ms
 ✓ src/hooks/useCurrency.test.ts > useCurrency > should show sign when showSign is true 1ms
 ✓ src/hooks/useCurrency.test.ts > useCurrency > should format percentages 2ms
 ✓ src/hooks/useCurrency.test.ts > useCurrency > should format compact numbers 2ms
(node:4820) ExperimentalWarning: localStorage is not available because --localstorage-file was not provided.
(Use `node --trace-warnings ...` to show where the warning was created)
 ✓ src/engines/formula-functions/logical.test.ts > Logical Functions > AND > returns 1 when all true 2ms
 ✓ src/engines/formula-functions/logical.test.ts > Logical Functions > AND > returns 0 when any false 0ms
 ✓ src/engines/formula-functions/logical.test.ts > Logical Functions > OR > returns 1 when any true 0ms
 ✓ src/engines/formula-functions/logical.test.ts > Logical Functions > OR > returns 0 when all false 0ms
 ✓ src/engines/formula-functions/logical.test.ts > Logical Functions > NOT > inverts value 0ms
 ✓ src/engines/formula-functions/logical.test.ts > Logical Functions > XOR > returns 1 when odd number of true 0ms
 ✓ src/engines/formula-functions/logical.test.ts > Logical Functions > IFERROR > returns value when no error 0ms
 ✓ src/engines/formula-functions/logical.test.ts > Logical Functions > IFERROR > returns alt when error 0ms
 ✓ src/engines/formula-functions/logical.test.ts > Logical Functions > IFNA > returns value when not NA 0ms
 ✓ src/engines/formula-functions/logical.test.ts > Logical Functions > IFNA > returns alt when NA 0ms
 ✓ src/engines/formula-functions/logical.test.ts > Logical Functions > SWITCH > returns matching value 0ms
 ✓ src/engines/formula-functions/logical.test.ts > Logical Functions > SWITCH > returns default when no match 0ms
 ✓ src/engines/formula-functions/logical.test.ts > Logical Functions > CHOOSE > returns selected value 0ms
 ✓ src/engines/formula-functions/logical.test.ts > Logical Functions > BETWEEN > returns 1 when in range 0ms
 ✓ src/engines/formula-functions/logical.test.ts > Logical Functions > BETWEEN > returns 0 when out of range 0ms
 ✓ src/engines/formula-functions/logical.test.ts > Logical Functions > CLAMP > clamps to range 0ms
 ✓ src/engines/formula-functions/logical.test.ts > Logical Functions > COALESCE > returns first non-zero value 0ms
 ✓ src/engines/formula-functions/logical.test.ts > Logical Functions > COALESCE > returns last when all zero 0ms
(node:4820) ExperimentalWarning: localStorage is not available because --localstorage-file was not provided.
(Use `node --trace-warnings ...` to show where the warning was created)
 ✓ src/pages/treasury/InvestmentPage.test.tsx > InvestmentPage smoke test > renders without crashing 28ms
 × src/pages/treasury/InvestmentPage.test.tsx > InvestmentPage smoke test > displays no-data state when entries are empty 22ms
   → Invalid Chai property: toBeInTheDocument
(node:4820) ExperimentalWarning: localStorage is not available because --localstorage-file was not provided.
(Use `node --trace-warnings ...` to show where the warning was created)
 ✓ src/utils/__tests__/constants.test.ts > constants > MONTHS has 12 entries 2ms
 ✓ src/utils/__tests__/constants.test.ts > constants > MONTHS_FULL has 12 entries 0ms
 ✓ src/utils/__tests__/constants.test.ts > constants > QUARTERS are defined 1ms
 ✓ src/utils/__tests__/constants.test.ts > constants > QUARTER_MONTHS maps quarters to month indices 0ms
 ✓ src/utils/__tests__/constants.test.ts > constants > BUDGET_STATUSES has correct values 1ms
 ✓ src/utils/__tests__/constants.test.ts > constants > FORECAST_TYPES has correct values 0ms
 ✓ src/utils/__tests__/constants.test.ts > constants > ACCOUNT_TYPES has all types 0ms
 ✓ src/utils/__tests__/constants.test.ts > constants > ROLES has all roles 0ms
 ✓ src/utils/__tests__/constants.test.ts > constants > VAR_STATUSES has all statuses 0ms
 ✓ src/utils/__tests__/constants.test.ts > constants > THRESHOLD_STATUSES has all thresholds 0ms
 ✓ src/utils/__tests__/constants.test.ts > constants > TASK_STATUSES and TASK_PRIORITIES 0ms
 ✓ src/utils/__tests__/constants.test.ts > constants > IMPORT_STATUSES and SCENARIO_TYPES 0ms
 ✓ src/utils/__tests__/constants.test.ts > constants > VARIANCE_THRESHOLDS has correct values 0ms
 ✓ src/utils/__tests__/constants.test.ts > constants > CURRENCIES has common currencies 0ms
 ✓ src/utils/__tests__/constants.test.ts > constants > INDUSTRIES has various industries 0ms
(node:4820) ExperimentalWarning: localStorage is not available because --localstorage-file was not provided.
(Use `node --trace-warnings ...` to show where the warning was created)
 ✓ src/engines/formula-functions/financial.test.ts > Financial Functions > PMT (Payment) > calculates monthly payment for standard loan 2ms
 ✓ src/engines/formula-functions/financial.test.ts > Financial Functions > PMT (Payment) > calculates payment for zero interest 0ms
 ✓ src/engines/formula-functions/financial.test.ts > Financial Functions > PMT (Payment) > handles negative principal (savings) 0ms
 ✓ src/engines/formula-functions/financial.test.ts > Financial Functions > FV (Future Value) > calculates future value of lump sum 0ms
 ✓ src/engines/formula-functions/financial.test.ts > Financial Functions > FV (Future Value) > calculates future value of annuity 0ms
 ✓ src/engines/formula-functions/financial.test.ts > Financial Functions > PV (Present Value) > calculates present value of future sum 0ms
 ✓ src/engines/formula-functions/financial.test.ts > Financial Functions > NPV (Net Present Value) > calculates NPV for cash flows 0ms
 ✓ src/engines/formula-functions/financial.test.ts > Financial Functions > NPV (Net Present Value) > returns negative NPV for bad investment 0ms
 ✓ src/engines/formula-functions/financial.test.ts > Financial Functions > IRR (Internal Rate of Return) > calculates IRR for standard cash flows 0ms
 ✓ src/engines/formula-functions/financial.test.ts > Financial Functions > SLN (Straight Line Depreciation) > calculates annual depreciation 0ms
 ✓ src/engines/formula-functions/financial.test.ts > Financial Functions > DB (Declining Balance) > calculates declining balance depreciation 0ms
(node:4820) ExperimentalWarning: localStorage is not available because --localstorage-file was not provided.
(Use `node --trace-warnings ...` to show where the warning was created)
 ✓ src/store/healthcareStore.test.ts > healthcareStore > should have initial empty state after reset 3ms
 ✓ src/store/healthcareStore.test.ts > healthcareStore > should set quality metrics 2ms
 ✓ src/store/healthcareStore.test.ts > healthcareStore > should set savings data 1ms
 ✓ src/store/healthcareStore.test.ts > healthcareStore > should add a program 2ms
 ✓ src/store/healthcareStore.test.ts > healthcareStore > should update a program 1ms
 ✓ src/store/healthcareStore.test.ts > healthcareStore > should not update non-existent program 1ms
(node:4820) ExperimentalWarning: localStorage is not available because --localstorage-file was not provided.
(Use `node --trace-warnings ...` to show where the warning was created)
 × src/components/ui/KeyboardShortcutOverlay.test.tsx > KeyboardShortcutOverlay > renders dialog when open is true 175ms
   → Invalid Chai property: toBeInTheDocument
 ✓ src/components/ui/KeyboardShortcutOverlay.test.tsx > KeyboardShortcutOverlay > does not render when open is false 4ms
 ✓ src/components/ui/KeyboardShortcutOverlay.test.tsx > KeyboardShortcutOverlay > calls onClose when close button clicked 39ms
 × src/components/ui/KeyboardShortcutOverlay.test.tsx > KeyboardShortcutOverlay > shows search input 33ms
   → Invalid Chai property: toBeInTheDocument
 × src/components/ui/KeyboardShortcutOverlay.test.tsx > KeyboardShortcutOverlay > shows context filter buttons 36ms
   → Invalid Chai property: toBeInTheDocument
(node:4820) ExperimentalWarning: localStorage is not available because --localstorage-file was not provided.
(Use `node --trace-warnings ...` to show where the warning was created)
 ✓ src/pages/healthcare/HealthcareDashboardPage.test.tsx > HealthcareDashboardPage smoke test > renders without crashing 28ms
 ✓ src/pages/healthcare/HealthcareDashboardPage.test.tsx > HealthcareDashboardPage smoke test > displays expected empty state 16ms
(node:4820) ExperimentalWarning: localStorage is not available because --localstorage-file was not provided.
(Use `node --trace-warnings ...` to show where the warning was created)
 ✓ src/pages/forecasts/ForecastBuilderPage.test.tsx > ForecastBuilderPage smoke test > renders without crashing 42ms
 ✓ src/pages/forecasts/ForecastBuilderPage.test.tsx > ForecastBuilderPage smoke test > displays heading 25ms
(node:4820) ExperimentalWarning: localStorage is not available because --localstorage-file was not provided.
(Use `node --trace-warnings ...` to show where the warning was created)
 ✓ src/engines/DepreciationEngine.test.ts > DepreciationEngine > straightLine > calculates straight-line depreciation 3ms
 ✓ src/engines/DepreciationEngine.test.ts > DepreciationEngine > straightLine > handles zero salvage 0ms
 ✓ src/engines/DepreciationEngine.test.ts > DepreciationEngine > macrs > calculates MACRS depreciation for year 1 0ms
 ✓ src/engines/DepreciationEngine.test.ts > DepreciationEngine > macrs > calculates MACRS depreciation for year 2 0ms
 ✓ src/engines/DepreciationEngine.test.ts > DepreciationEngine > unitsOfProduction > calculates units of production depreciation 0ms
 ✓ src/engines/DepreciationEngine.test.ts > DepreciationEngine > sumOfYearsDigits > calculates sum of years digits depreciation 0ms
 ✓ src/engines/DepreciationEngine.test.ts > DepreciationEngine > impairmentTest > detects impairment when carrying > recoverable 0ms
 ✓ src/engines/DepreciationEngine.test.ts > DepreciationEngine > impairmentTest > detects no impairment when carrying < recoverable 0ms
 ✓ src/engines/DepreciationEngine.test.ts > DepreciationEngine > assetDisposal > calculates gain on disposal 0ms
 ✓ src/engines/DepreciationEngine.test.ts > DepreciationEngine > assetDisposal > calculates loss on disposal 0ms
(node:4820) ExperimentalWarning: localStorage is not available because --localstorage-file was not provided.
(Use `node --trace-warnings ...` to show where the warning was created)
 ✓ src/store/insuranceStore.test.ts > insuranceStore > should have initial empty state after reset 3ms
 ✓ src/store/insuranceStore.test.ts > insuranceStore > should set rate adequacy data 2ms
 ✓ src/store/insuranceStore.test.ts > insuranceStore > should set loss picks 1ms
 ✓ src/store/insuranceStore.test.ts > insuranceStore > should add a rate filing 2ms
 ✓ src/store/insuranceStore.test.ts > insuranceStore > should update a rate filing 1ms
 ✓ src/store/insuranceStore.test.ts > insuranceStore > should not update non-existent filing 1ms
(node:4820) ExperimentalWarning: localStorage is not available because --localstorage-file was not provided.
(Use `node --trace-warnings ...` to show where the warning was created)
 ✓ src/engines/AutoCommentaryEngine.test.ts > AutoCommentaryEngine > generateVarianceCommentary > generates commentary for favorable variance 2ms
 ✓ src/engines/AutoCommentaryEngine.test.ts > AutoCommentaryEngine > generateVarianceCommentary > generates commentary for unfavorable variance 0ms
 ✓ src/engines/AutoCommentaryEngine.test.ts > AutoCommentaryEngine > generateVarianceCommentary > generates commentary with context 0ms
 ✓ src/engines/AutoCommentaryEngine.test.ts > AutoCommentaryEngine > generateSectionNarrative > generates narrative for a section 1ms
 ✓ src/engines/AutoCommentaryEngine.test.ts > AutoCommentaryEngine > interpolate > interpolates template variables 1ms
 ✓ src/engines/AutoCommentaryEngine.test.ts > AutoCommentaryEngine > getTemplates > returns available templates 0ms
(node:4820) ExperimentalWarning: localStorage is not available because --localstorage-file was not provided.
(Use `node --trace-warnings ...` to show where the warning was created)
 ✓ src/store/reportStore.test.ts > reportStore > should have correct initial state 3ms
 ✓ src/store/reportStore.test.ts > reportStore > should create a report 2ms
 ✓ src/store/reportStore.test.ts > reportStore > should delete a report 1ms
 ✓ src/store/reportStore.test.ts > reportStore > should clear active report when deleted 1ms
 ✓ src/store/reportStore.test.ts > reportStore > should set active report 0ms
 ✓ src/store/reportStore.test.ts > reportStore > should set reports 0ms
 ✓ src/store/reportStore.test.ts > reportStore > should add a scheduled report 0ms
 ✓ src/store/reportStore.test.ts > reportStore > should delete a scheduled report 0ms
(node:4820) ExperimentalWarning: localStorage is not available because --localstorage-file was not provided.
(Use `node --trace-warnings ...` to show where the warning was created)
 ✓ src/store/uiStore.test.ts > uiStore > should have correct initial state 3ms
 ✓ src/store/uiStore.test.ts > uiStore > should toggle sidebar 0ms
 ✓ src/store/uiStore.test.ts > uiStore > should set theme 2ms
 ✓ src/store/uiStore.test.ts > uiStore > should toggle command palette 0ms
 ✓ src/store/uiStore.test.ts > uiStore > should add a toast 3ms
 ✓ src/store/uiStore.test.ts > uiStore > should remove a toast 1ms
 ✓ src/store/uiStore.test.ts > uiStore > should set online status 0ms
(node:4820) ExperimentalWarning: localStorage is not available because --localstorage-file was not provided.
(Use `node --trace-warnings ...` to show where the warning was created)
 ✓ src/components/ui/ComboChart.test.tsx > ComboChart > renders chart container 24ms
 × src/components/ui/ComboChart.test.tsx > ComboChart > renders title when provided 18ms
   → Invalid Chai property: toBeInTheDocument
 ✓ src/components/ui/ComboChart.test.tsx > ComboChart > renders with data and shows chart elements 6ms
 × src/components/ui/ComboChart.test.tsx > ComboChart > handles empty data without crashing 4ms
   → Invalid Chai property: toBeInTheDocument
 ✓ src/components/ui/ComboChart.test.tsx > ComboChart > accepts custom height 4ms
(node:4820) ExperimentalWarning: localStorage is not available because --localstorage-file was not provided.
(Use `node --trace-warnings ...` to show where the warning was created)
(node:4820) ExperimentalWarning: localStorage is not available because --localstorage-file was not provided.
(Use `node --trace-warnings ...` to show where the warning was created)
 ✓ src/pages/lease/LeaseDetailPage.test.tsx > LeaseDetailPage smoke test > renders without crashing 29ms
 × src/pages/lease/LeaseDetailPage.test.tsx > LeaseDetailPage smoke test > displays no-data state when entries are empty 20ms
   → Invalid Chai property: toBeInTheDocument
 ✓ src/hooks/useAutoSave.test.ts > useAutoSave > should call onSave after delay when data changes 20ms
 ✓ src/hooks/useAutoSave.test.ts > useAutoSave > should debounce multiple rapid changes 4ms
 ✓ src/hooks/useAutoSave.test.ts > useAutoSave > should not save when enabled is false 2ms
 ✓ src/hooks/useAutoSave.test.ts > useAutoSave > should allow force save when data has changed 2ms
(node:4820) ExperimentalWarning: localStorage is not available because --localstorage-file was not provided.
(Use `node --trace-warnings ...` to show where the warning was created)
 ✓ src/store/energyStore.test.ts > energyStore > should have initial empty state after reset 3ms
 ✓ src/store/energyStore.test.ts > energyStore > should set assets 1ms
 ✓ src/store/energyStore.test.ts > energyStore > should add an asset 1ms
 ✓ src/store/energyStore.test.ts > energyStore > should remove an asset 1ms
 ✓ src/store/energyStore.test.ts > energyStore > should set generation trend 0ms
 ✓ src/store/energyStore.test.ts > energyStore > should set capacity mix 0ms
(node:4820) ExperimentalWarning: localStorage is not available because --localstorage-file was not provided.
(Use `node --trace-warnings ...` to show where the warning was created)
(node:4820) ExperimentalWarning: localStorage is not available because --localstorage-file was not provided.
(Use `node --trace-warnings ...` to show where the warning was created)
 × src/pages/saas/__tests__/CohortAnalysisPage.test.tsx > CohortAnalysisPage > renders the page heading 48ms
   → Unable to find an element with the text: /cohort analysis/i. This could be because the text is broken up by multiple elements. In this case, you can provide a function for your text matcher to make your matcher more flexible.

Ignored nodes: comments, script, style
[36m<body>[39m
  [36m<div>[39m
    [36m<div[39m
      [33mclass[39m=[32m"p-12 text-center"[39m
    [36m>[39m
      [36m<span[39m
        [33mclass[39m=[32m"h-10 w-10 text-slate-400 mx-auto mb-4"[39m
        [33mdata-testid[39m=[32m"icon"[39m
      [36m/>[39m
      [36m<h2[39m
        [33mclass[39m=[32m"text-xl font-semibold mb-2"[39m
      [36m>[39m
        [0mNo SaaS Data[0m
      [36m</h2>[39m
      [36m<button[39m
        [33mclass[39m=[32m"inline-flex items-center justify-center rounded-md text-sm font-medium transition-colors focus-visible:outline-none focus-visible:ring-2 focus-visible:ring-ring focus-visible:ring-offset-2 disabled:opacity-50 disabled:pointer-events-none bg-blue-600 text-white hover:bg-blue-700 dark:bg-blue-600 dark:hover:bg-blue-700 h-10 py-2 px-4"[39m
      [36m>[39m
        [0mImport Data[0m
      [36m</button>[39m
    [36m</div>[39m
  [36m</div>[39m
[36m</body>[39m
 × src/pages/saas/__tests__/CohortAnalysisPage.test.tsx > CohortAnalysisPage > renders retention matrix section 6ms
   → Unable to find an element with the text: /retention/i. This could be because the text is broken up by multiple elements. In this case, you can provide a function for your text matcher to make your matcher more flexible.

Ignored nodes: comments, script, style
[36m<body>[39m
  [36m<div>[39m
    [36m<div[39m
      [33mclass[39m=[32m"p-12 text-center"[39m
    [36m>[39m
      [36m<span[39m
        [33mclass[39m=[32m"h-10 w-10 text-slate-400 mx-auto mb-4"[39m
        [33mdata-testid[39m=[32m"icon"[39m
      [36m/>[39m
      [36m<h2[39m
        [33mclass[39m=[32m"text-xl font-semibold mb-2"[39m
      [36m>[39m
        [0mNo SaaS Data[0m
      [36m</h2>[39m
      [36m<button[39m
        [33mclass[39m=[32m"inline-flex items-center justify-center rounded-md text-sm font-medium transition-colors focus-visible:outline-none focus-visible:ring-2 focus-visible:ring-ring focus-visible:ring-offset-2 disabled:opacity-50 disabled:pointer-events-none bg-blue-600 text-white hover:bg-blue-700 dark:bg-blue-600 dark:hover:bg-blue-700 h-10 py-2 px-4"[39m
      [36m>[39m
        [0mImport Data[0m
      [36m</button>[39m
    [36m</div>[39m
  [36m</div>[39m
[36m</body>[39m
 × src/pages/saas/__tests__/CohortAnalysisPage.test.tsx > CohortAnalysisPage > renders cohort sizes section 5ms
   → Unable to find an element with the text: /cohort size/i. This could be because the text is broken up by multiple elements. In this case, you can provide a function for your text matcher to make your matcher more flexible.

Ignored nodes: comments, script, style
[36m<body>[39m
  [36m<div>[39m
    [36m<div[39m
      [33mclass[39m=[32m"p-12 text-center"[39m
    [36m>[39m
      [36m<span[39m
        [33mclass[39m=[32m"h-10 w-10 text-slate-400 mx-auto mb-4"[39m
        [33mdata-testid[39m=[32m"icon"[39m
      [36m/>[39m
      [36m<h2[39m
        [33mclass[39m=[32m"text-xl font-semibold mb-2"[39m
      [36m>[39m
        [0mNo SaaS Data[0m
      [36m</h2>[39m
      [36m<button[39m
        [33mclass[39m=[32m"inline-flex items-center justify-center rounded-md text-sm font-medium transition-colors focus-visible:outline-none focus-visible:ring-2 focus-visible:ring-ring focus-visible:ring-offset-2 disabled:opacity-50 disabled:pointer-events-none bg-blue-600 text-white hover:bg-blue-700 dark:bg-blue-600 dark:hover:bg-blue-700 h-10 py-2 px-4"[39m
      [36m>[39m
        [0mImport Data[0m
      [36m</button>[39m
    [36m</div>[39m
  [36m</div>[39m
[36m</body>[39m
 × src/pages/saas/__tests__/CohortAnalysisPage.test.tsx > CohortAnalysisPage > renders charts 5ms
   → Unable to find an element by: [data-testid="responsive-container"]

Ignored nodes: comments, script, style
[36m<body>[39m
  [36m<div>[39m
    [36m<div[39m
      [33mclass[39m=[32m"p-12 text-center"[39m
    [36m>[39m
      [36m<span[39m
        [33mclass[39m=[32m"h-10 w-10 text-slate-400 mx-auto mb-4"[39m
        [33mdata-testid[39m=[32m"icon"[39m
      [36m/>[39m
      [36m<h2[39m
        [33mclass[39m=[32m"text-xl font-semibold mb-2"[39m
      [36m>[39m
        [0mNo SaaS Data[0m
      [36m</h2>[39m
      [36m<button[39m
        [33mclass[39m=[32m"inline-flex items-center justify-center rounded-md text-sm font-medium transition-colors focus-visible:outline-none focus-visible:ring-2 focus-visible:ring-ring focus-visible:ring-offset-2 disabled:opacity-50 disabled:pointer-events-none bg-blue-600 text-white hover:bg-blue-700 dark:bg-blue-600 dark:hover:bg-blue-700 h-10 py-2 px-4"[39m
      [36m>[39m
        [0mImport Data[0m
      [36m</button>[39m
    [36m</div>[39m
  [36m</div>[39m
[36m</body>[39m
 × src/pages/saas/__tests__/CohortAnalysisPage.test.tsx > CohortAnalysisPage > renders export button 5ms
   → Unable to find an element with the text: /download/i. This could be because the text is broken up by multiple elements. In this case, you can provide a function for your text matcher to make your matcher more flexible.

Ignored nodes: comments, script, style
[36m<body>[39m
  [36m<div>[39m
    [36m<div[39m
      [33mclass[39m=[32m"p-12 text-center"[39m
    [36m>[39m
      [36m<span[39m
        [33mclass[39m=[32m"h-10 w-10 text-slate-400 mx-auto mb-4"[39m
        [33mdata-testid[39m=[32m"icon"[39m
      [36m/>[39m
      [36m<h2[39m
        [33mclass[39m=[32m"text-xl font-semibold mb-2"[39m
      [36m>[39m
        [0mNo SaaS Data[0m
      [36m</h2>[39m
      [36m<button[39m
        [33mclass[39m=[32m"inline-flex items-center justify-center rounded-md text-sm font-medium transition-colors focus-visible:outline-none focus-visible:ring-2 focus-visible:ring-ring focus-visible:ring-offset-2 disabled:opacity-50 disabled:pointer-events-none bg-blue-600 text-white hover:bg-blue-700 dark:bg-blue-600 dark:hover:bg-blue-700 h-10 py-2 px-4"[39m
      [36m>[39m
        [0mImport Data[0m
      [36m</button>[39m
    [36m</div>[39m
  [36m</div>[39m
[36m</body>[39m
 × src/pages/workforce/__tests__/PayrollForecastPage.test.tsx > PayrollForecastPage > renders the page heading 55ms
   → [vitest] No "ChevronUp" export is defined on the "lucide-react" mock. Did you forget to return it from "vi.mock"?
If you need to partially mock a module, you can use "importOriginal" helper inside:

 × src/pages/workforce/__tests__/PayrollForecastPage.test.tsx > PayrollForecastPage > renders KPI section 30ms
   → [vitest] No "ChevronUp" export is defined on the "lucide-react" mock. Did you forget to return it from "vi.mock"?
If you need to partially mock a module, you can use "importOriginal" helper inside:

 × src/pages/workforce/__tests__/PayrollForecastPage.test.tsx > PayrollForecastPage > renders department breakdown table 15ms
   → [vitest] No "ChevronUp" export is defined on the "lucide-react" mock. Did you forget to return it from "vi.mock"?
If you need to partially mock a module, you can use "importOriginal" helper inside:

 × src/pages/workforce/__tests__/PayrollForecastPage.test.tsx > PayrollForecastPage > renders charts section 22ms
   → [vitest] No "ChevronUp" export is defined on the "lucide-react" mock. Did you forget to return it from "vi.mock"?
If you need to partially mock a module, you can use "importOriginal" helper inside:

 × src/pages/workforce/__tests__/PayrollForecastPage.test.tsx > PayrollForecastPage > renders export button 20ms
   → [vitest] No "ChevronUp" export is defined on the "lucide-react" mock. Did you forget to return it from "vi.mock"?
If you need to partially mock a module, you can use "importOriginal" helper inside:

(node:4820) ExperimentalWarning: localStorage is not available because --localstorage-file was not provided.
(Use `node --trace-warnings ...` to show where the warning was created)
 ✓ src/components/treasury/CashForecastChart.test.tsx > CashForecastChart > renders without crashing 19ms
 × src/components/treasury/CashForecastChart.test.tsx > CashForecastChart > renders the waterfall chart 15ms
   → Invalid Chai property: toBeInTheDocument
 × src/components/treasury/CashForecastChart.test.tsx > CashForecastChart > renders the correct number of data items 4ms
   → Invalid Chai property: toBeInTheDocument
 × src/components/treasury/CashForecastChart.test.tsx > CashForecastChart > renders Start data point 11ms
   → Unable to find an element with the text: /Start.*500000/. This could be because the text is broken up by multiple elements. In this case, you can provide a function for your text matcher to make your matcher more flexible.

Ignored nodes: comments, script, style
[36m<body>[39m
  [36m<div>[39m
    [36m<div[39m
      [33mclass[39m=[32m"h-80 bg-slate-950 p-6 rounded-xl border border-slate-800"[39m
    [36m>[39m
      [36m<div[39m
        [33mdata-testid[39m=[32m"waterfall-chart"[39m
      [36m>[39m
        [36m<div[39m
          [33mdata-testid[39m=[32m"waterfall-item-0"[39m
        [36m>[39m
          [0m: [0m
          [0m500000[0m
        [36m</div>[39m
        [36m<div[39m
          [33mdata-testid[39m=[32m"waterfall-item-1"[39m
        [36m>[39m
          [0m: [0m
          [0m250000[0m
        [36m</div>[39m
        [36m<div[39m
          [33mdata-testid[39m=[32m"waterfall-item-2"[39m
        [36m>[39m
          [0m: [0m
          [0m-120000[0m
        [36m</div>[39m
        [36m<div[39m
          [33mdata-testid[39m=[32m"waterfall-item-3"[39m
        [36m>[39m
          [0m: [0m
          [0m-80000[0m
        [36m</div>[39m
        [36m<div[39m
          [33mdata-testid[39m=[32m"waterfall-item-4"[39m
        [36m>[39m
          [0m: [0m
          [0m-30000[0m
        [36m</div>[39m
        [36m<div[39m
          [33mdata-testid[39m=[32m"waterfall-item-5"[39m
        [36m>[39m
          [0m: [0m
          [0m520000[0m
          [0m (total)[0m
        [36m</div>[39m
      [36m</div>[39m
    [36m</div>[39m
  [36m</div>[39m
[36m</body>[39m
 × src/components/treasury/CashForecastChart.test.tsx > CashForecastChart > renders Collections data point 3ms
   → Unable to find an element with the text: /Collections.*250000/. This could be because the text is broken up by multiple elements. In this case, you can provide a function for your text matcher to make your matcher more flexible.

Ignored nodes: comments, script, style
[36m<body>[39m
  [36m<div>[39m
    [36m<div[39m
      [33mclass[39m=[32m"h-80 bg-slate-950 p-6 rounded-xl border border-slate-800"[39m
    [36m>[39m
      [36m<div[39m
        [33mdata-testid[39m=[32m"waterfall-chart"[39m
      [36m>[39m
        [36m<div[39m
          [33mdata-testid[39m=[32m"waterfall-item-0"[39m
        [36m>[39m
          [0m: [0m
          [0m500000[0m
        [36m</div>[39m
        [36m<div[39m
          [33mdata-testid[39m=[32m"waterfall-item-1"[39m
        [36m>[39m
          [0m: [0m
          [0m250000[0m
        [36m</div>[39m
        [36m<div[39m
          [33mdata-testid[39m=[32m"waterfall-item-2"[39m
        [36m>[39m
          [0m: [0m
          [0m-120000[0m
        [36m</div>[39m
        [36m<div[39m
          [33mdata-testid[39m=[32m"waterfall-item-3"[39m
        [36m>[39m
          [0m: [0m
          [0m-80000[0m
        [36m</div>[39m
        [36m<div[39m
          [33mdata-testid[39m=[32m"waterfall-item-4"[39m
        [36m>[39m
          [0m: [0m
          [0m-30000[0m
        [36m</div>[39m
        [36m<div[39m
          [33mdata-testid[39m=[32m"waterfall-item-5"[39m
        [36m>[39m
          [0m: [0m
          [0m520000[0m
          [0m (total)[0m
        [36m</div>[39m
      [36m</div>[39m
    [36m</div>[39m
  [36m</div>[39m
[36m</body>[39m
 × src/components/treasury/CashForecastChart.test.tsx > CashForecastChart > renders Payroll data point with negative value 3ms
   → Unable to find an element with the text: /Payroll.*-120000/. This could be because the text is broken up by multiple elements. In this case, you can provide a function for your text matcher to make your matcher more flexible.

Ignored nodes: comments, script, style
[36m<body>[39m
  [36m<div>[39m
    [36m<div[39m
      [33mclass[39m=[32m"h-80 bg-slate-950 p-6 rounded-xl border border-slate-800"[39m
    [36m>[39m
      [36m<div[39m
        [33mdata-testid[39m=[32m"waterfall-chart"[39m
      [36m>[39m
        [36m<div[39m
          [33mdata-testid[39m=[32m"waterfall-item-0"[39m
        [36m>[39m
          [0m: [0m
          [0m500000[0m
        [36m</div>[39m
        [36m<div[39m
          [33mdata-testid[39m=[32m"waterfall-item-1"[39m
        [36m>[39m
          [0m: [0m
          [0m250000[0m
        [36m</div>[39m
        [36m<div[39m
          [33mdata-testid[39m=[32m"waterfall-item-2"[39m
        [36m>[39m
          [0m: [0m
          [0m-120000[0m
        [36m</div>[39m
        [36m<div[39m
          [33mdata-testid[39m=[32m"waterfall-item-3"[39m
        [36m>[39m
          [0m: [0m
          [0m-80000[0m
        [36m</div>[39m
        [36m<div[39m
          [33mdata-testid[39m=[32m"waterfall-item-4"[39m
        [36m>[39m
          [0m: [0m
          [0m-30000[0m
        [36m</div>[39m
        [36m<div[39m
          [33mdata-testid[39m=[32m"waterfall-item-5"[39m
        [36m>[39m
          [0m: [0m
          [0m520000[0m
          [0m (total)[0m
        [36m</div>[39m
      [36m</div>[39m
    [36m</div>[39m
  [36m</div>[39m
[36m</body>[39m
 × src/components/treasury/CashForecastChart.test.tsx > CashForecastChart > renders Vendors data point with negative value 3ms
   → Unable to find an element with the text: /Vendors.*-80000/. This could be because the text is broken up by multiple elements. In this case, you can provide a function for your text matcher to make your matcher more flexible.

Ignored nodes: comments, script, style
[36m<body>[39m
  [36m<div>[39m
    [36m<div[39m
      [33mclass[39m=[32m"h-80 bg-slate-950 p-6 rounded-xl border border-slate-800"[39m
    [36m>[39m
      [36m<div[39m
        [33mdata-testid[39m=[32m"waterfall-chart"[39m
      [36m>[39m
        [36m<div[39m
          [33mdata-testid[39m=[32m"waterfall-item-0"[39m
        [36m>[39m
          [0m: [0m
          [0m500000[0m
        [36m</div>[39m
        [36m<div[39m
          [33mdata-testid[39m=[32m"waterfall-item-1"[39m
        [36m>[39m
          [0m: [0m
          [0m250000[0m
        [36m</div>[39m
        [36m<div[39m
          [33mdata-testid[39m=[32m"waterfall-item-2"[39m
        [36m>[39m
          [0m: [0m
          [0m-120000[0m
        [36m</div>[39m
        [36m<div[39m
          [33mdata-testid[39m=[32m"waterfall-item-3"[39m
        [36m>[39m
          [0m: [0m
          [0m-80000[0m
        [36m</div>[39m
        [36m<div[39m
          [33mdata-testid[39m=[32m"waterfall-item-4"[39m
        [36m>[39m
          [0m: [0m
          [0m-30000[0m
        [36m</div>[39m
        [36m<div[39m
          [33mdata-testid[39m=[32m"waterfall-item-5"[39m
        [36m>[39m
          [0m: [0m
          [0m520000[0m
          [0m (total)[0m
        [36m</div>[39m
      [36m</div>[39m
    [36m</div>[39m
  [36m</div>[39m
[36m</body>[39m
 × src/components/treasury/CashForecastChart.test.tsx > CashForecastChart > renders Debt Svc data point with negative value 2ms
   → Unable to find an element with the text: /Debt Svc.*-30000/. This could be because the text is broken up by multiple elements. In this case, you can provide a function for your text matcher to make your matcher more flexible.

Ignored nodes: comments, script, style
[36m<body>[39m
  [36m<div>[39m
    [36m<div[39m
      [33mclass[39m=[32m"h-80 bg-slate-950 p-6 rounded-xl border border-slate-800"[39m
    [36m>[39m
      [36m<div[39m
        [33mdata-testid[39m=[32m"waterfall-chart"[39m
      [36m>[39m
        [36m<div[39m
          [33mdata-testid[39m=[32m"waterfall-item-0"[39m
        [36m>[39m
          [0m: [0m
          [0m500000[0m
        [36m</div>[39m
        [36m<div[39m
          [33mdata-testid[39m=[32m"waterfall-item-1"[39m
        [36m>[39m
          [0m: [0m
          [0m250000[0m
        [36m</div>[39m
        [36m<div[39m
          [33mdata-testid[39m=[32m"waterfall-item-2"[39m
        [36m>[39m
          [0m: [0m
          [0m-120000[0m
        [36m</div>[39m
        [36m<div[39m
          [33mdata-testid[39m=[32m"waterfall-item-3"[39m
        [36m>[39m
          [0m: [0m
          [0m-80000[0m
        [36m</div>[39m
        [36m<div[39m
          [33mdata-testid[39m=[32m"waterfall-item-4"[39m
        [36m>[39m
          [0m: [0m
          [0m-30000[0m
        [36m</div>[39m
        [36m<div[39m
          [33mdata-testid[39m=[32m"waterfall-item-5"[39m
        [36m>[39m
          [0m: [0m
          [0m520000[0m
          [0m (total)[0m
        [36m</div>[39m
      [36m</div>[39m
    [36m</div>[39m
  [36m</div>[39m
[36m</body>[39m
 × src/components/treasury/CashForecastChart.test.tsx > CashForecastChart > renders End data point as total 2ms
   → Unable to find an element with the text: /End.*520000.*total/. This could be because the text is broken up by multiple elements. In this case, you can provide a function for your text matcher to make your matcher more flexible.

Ignored nodes: comments, script, style
[36m<body>[39m
  [36m<div>[39m
    [36m<div[39m
      [33mclass[39m=[32m"h-80 bg-slate-950 p-6 rounded-xl border border-slate-800"[39m
    [36m>[39m
      [36m<div[39m
        [33mdata-testid[39m=[32m"waterfall-chart"[39m
      [36m>[39m
        [36m<div[39m
          [33mdata-testid[39m=[32m"waterfall-item-0"[39m
        [36m>[39m
          [0m: [0m
          [0m500000[0m
        [36m</div>[39m
        [36m<div[39m
          [33mdata-testid[39m=[32m"waterfall-item-1"[39m
        [36m>[39m
          [0m: [0m
          [0m250000[0m
        [36m</div>[39m
        [36m<div[39m
          [33mdata-testid[39m=[32m"waterfall-item-2"[39m
        [36m>[39m
          [0m: [0m
          [0m-120000[0m
        [36m</div>[39m
        [36m<div[39m
          [33mdata-testid[39m=[32m"waterfall-item-3"[39m
        [36m>[39m
          [0m: [0m
          [0m-80000[0m
        [36m</div>[39m
        [36m<div[39m
          [33mdata-testid[39m=[32m"waterfall-item-4"[39m
        [36m>[39m
          [0m: [0m
          [0m-30000[0m
        [36m</div>[39m
        [36m<div[39m
          [33mdata-testid[39m=[32m"waterfall-item-5"[39m
        [36m>[39m
          [0m: [0m
          [0m520000[0m
          [0m (total)[0m
        [36m</div>[39m
      [36m</div>[39m
    [36m</div>[39m
  [36m</div>[39m
[36m</body>[39m
 ✓ src/components/treasury/CashForecastChart.test.tsx > CashForecastChart > has correct container height class 2ms
(node:4820) ExperimentalWarning: localStorage is not available because --localstorage-file was not provided.
(Use `node --trace-warnings ...` to show where the warning was created)
(node:4820) ExperimentalWarning: localStorage is not available because --localstorage-file was not provided.
(Use `node --trace-warnings ...` to show where the warning was created)
 ✓ src/pages/healthcare/ClinicalTrialCostPage.test.tsx > ClinicalTrialCostPage smoke test > renders without crashing 65ms
 ✓ src/pages/healthcare/ClinicalTrialCostPage.test.tsx > ClinicalTrialCostPage smoke test > displays page heading 33ms
 × src/pages/__tests__/data/MigrationPage.test.tsx > MigrationPage > renders the page heading 41ms
   → Invalid Chai property: toBeInTheDocument
 × src/pages/__tests__/data/MigrationPage.test.tsx > MigrationPage > renders the description text 6ms
   → Invalid Chai property: toBeInTheDocument
 × src/pages/__tests__/data/MigrationPage.test.tsx > MigrationPage > renders the migration wizard 6ms
   → Invalid Chai property: toBeInTheDocument
 × src/pages/__tests__/data/MigrationPage.test.tsx > MigrationPage > renders the back button 6ms
   → Invalid Chai property: toBeInTheDocument
(node:4820) ExperimentalWarning: localStorage is not available because --localstorage-file was not provided.
(Use `node --trace-warnings ...` to show where the warning was created)
 × src/pages/templates/__tests__/TemplatePreviewPage.test.tsx > TemplatePreviewPage > renders template name 36ms
   → Cannot read properties of undefined (reading 'length')
 × src/pages/templates/__tests__/TemplatePreviewPage.test.tsx > TemplatePreviewPage > renders template description 4ms
   → Cannot read properties of undefined (reading 'length')
 × src/pages/templates/__tests__/TemplatePreviewPage.test.tsx > TemplatePreviewPage > renders KPI list 3ms
   → Cannot read properties of undefined (reading 'length')
 × src/pages/templates/__tests__/TemplatePreviewPage.test.tsx > TemplatePreviewPage > renders apply button 2ms
   → Cannot read properties of undefined (reading 'length')
 × src/pages/templates/__tests__/TemplatePreviewPage.test.tsx > TemplatePreviewPage > renders back button 3ms
   → Cannot read properties of undefined (reading 'length')
(node:4820) ExperimentalWarning: localStorage is not available because --localstorage-file was not provided.
(Use `node --trace-warnings ...` to show where the warning was created)
(node:4820) ExperimentalWarning: localStorage is not available because --localstorage-file was not provided.
(Use `node --trace-warnings ...` to show where the warning was created)
 ✓ src/pages/energy/EnergyDashboardPage.test.tsx > EnergyDashboardPage smoke test > renders without crashing 75ms
 ✓ src/pages/energy/EnergyDashboardPage.test.tsx > EnergyDashboardPage smoke test > displays dashboard heading 45ms
 ✓ src/pages/revenue/RevRecDashboard.test.tsx > RevRecDashboard smoke test > renders without crashing 33ms
 × src/pages/revenue/RevRecDashboard.test.tsx > RevRecDashboard smoke test > displays no-data state when entries are empty 35ms
   → Invalid Chai property: toBeInTheDocument
(node:4820) ExperimentalWarning: localStorage is not available because --localstorage-file was not provided.
(Use `node --trace-warnings ...` to show where the warning was created)
 ✓ src/pages/manufacturing/InventoryPage.test.tsx > InventoryPage smoke test > renders without crashing 47ms
 ✓ src/pages/manufacturing/InventoryPage.test.tsx > InventoryPage smoke test > displays inventory management heading 35ms
(node:4820) ExperimentalWarning: localStorage is not available because --localstorage-file was not provided.
(Use `node --trace-warnings ...` to show where the warning was created)
(node:4820) ExperimentalWarning: localStorage is not available because --localstorage-file was not provided.
(Use `node --trace-warnings ...` to show where the warning was created)
 ✓ src/pages/esg/CSRDReportPage.test.tsx > CSRDReportPage smoke test > renders without crashing 47ms
 ✓ src/pages/esg/CSRDReportPage.test.tsx > CSRDReportPage smoke test > displays heading 26ms
 × src/components/ui/CommentaryTemplate.test.tsx > CommentaryTemplate > renders built-in template names 44ms
   → Invalid Chai property: toBeInTheDocument
 ✓ src/components/ui/CommentaryTemplate.test.tsx > CommentaryTemplate > calls onSelect with resolved text and onClose when Insert clicked after selecting template 21ms
 ✓ src/components/ui/CommentaryTemplate.test.tsx > CommentaryTemplate > calls onClose when Cancel is clicked 6ms
 × src/components/ui/CommentaryTemplate.test.tsx > CommentaryTemplate > renders custom template textarea when Custom Template is selected 11ms
   → Invalid Chai property: toBeInTheDocument
 × src/components/ui/CommentaryTemplate.test.tsx > CommentaryTemplate > disables Insert button when no template is selected 6ms
   → Invalid Chai property: toBeDisabled
 ✓ src/components/ui/CommentaryTemplate.test.tsx > CommentaryTemplate > resolves template with variance data when provided 7ms
(node:4820) ExperimentalWarning: localStorage is not available because --localstorage-file was not provided.
(Use `node --trace-warnings ...` to show where the warning was created)
 ✓ src/components/reports/ExecutiveSummary.test.tsx > ExecutiveSummary > renders without crashing 24ms
 × src/components/reports/ExecutiveSummary.test.tsx > ExecutiveSummary > renders the Revenue KPI 21ms
   → Invalid Chai property: toBeInTheDocument
 × src/components/reports/ExecutiveSummary.test.tsx > ExecutiveSummary > renders the EBITDA KPI 5ms
   → Invalid Chai property: toBeInTheDocument
 × src/components/reports/ExecutiveSummary.test.tsx > ExecutiveSummary > renders the Cash Flow KPI 5ms
   → Invalid Chai property: toBeInTheDocument
 ✓ src/components/reports/ExecutiveSummary.test.tsx > ExecutiveSummary > renders sparkline charts for each KPI 8ms
 × src/components/reports/ExecutiveSummary.test.tsx > ExecutiveSummary > renders the Management Commentary section 7ms
   → Invalid Chai property: toBeInTheDocument
 × src/components/reports/ExecutiveSummary.test.tsx > ExecutiveSummary > renders commentary with expected content 6ms
   → Invalid Chai property: toBeInTheDocument
(node:4820) ExperimentalWarning: localStorage is not available because --localstorage-file was not provided.
(Use `node --trace-warnings ...` to show where the warning was created)
 ✓ src/utils/backupRestore.test.ts > BackupRestore utility > importBackup handles invalid format 3ms
 ✓ src/utils/backupRestore.test.ts > BackupRestore utility > importBackup handles valid format and writes to DB 2ms
 ✓ src/utils/backupRestore.test.ts > BackupRestore utility > importBackup handles parse errors 1ms
(node:4820) ExperimentalWarning: localStorage is not available because --localstorage-file was not provided.
(Use `node --trace-warnings ...` to show where the warning was created)
 ✓ src/components/ui/SystemHealthMonitor.test.tsx > SystemHealthMonitor > renders without crashing when online 29ms
 ✓ src/components/ui/SystemHealthMonitor.test.tsx > SystemHealthMonitor > renders without crashing when offline 3ms
 × src/components/ui/SystemHealthMonitor.test.tsx > SystemHealthMonitor > displays "System Healthy" when online 17ms
   → Invalid Chai property: toBeInTheDocument
 × src/components/ui/SystemHealthMonitor.test.tsx > SystemHealthMonitor > displays "System Offline" when offline 4ms
   → Invalid Chai property: toBeInTheDocument
 × src/components/ui/SystemHealthMonitor.test.tsx > SystemHealthMonitor > displays DB storage when dbSize is provided 4ms
   → Invalid Chai property: toBeInTheDocument
 × src/components/ui/SystemHealthMonitor.test.tsx > SystemHealthMonitor > displays last backup when provided 3ms
   → Invalid Chai property: toBeInTheDocument
 × src/components/ui/SystemHealthMonitor.test.tsx > SystemHealthMonitor > renders all info together 3ms
   → Invalid Chai property: toBeInTheDocument
(node:4820) ExperimentalWarning: localStorage is not available because --localstorage-file was not provided.
(Use `node --trace-warnings ...` to show where the warning was created)
 ✓ src/engines/PivotTableEngine.test.ts > PivotTableEngine > createPivot > creates pivot with rows and columns 3ms
 ✓ src/engines/PivotTableEngine.test.ts > PivotTableEngine > createPivot > creates pivot with grand totals 1ms
 ✓ src/engines/PivotTableEngine.test.ts > PivotTableEngine > createPivot > handles empty data 0ms
 ✓ src/engines/PivotTableEngine.test.ts > PivotTableEngine > createPivot > filters data correctly 0ms
(node:4820) ExperimentalWarning: localStorage is not available because --localstorage-file was not provided.
(Use `node --trace-warnings ...` to show where the warning was created)
 ✓ src/engines/formula-functions/statistical.test.ts > Statistical Functions > SUM > sums numbers 2ms
 ✓ src/engines/formula-functions/statistical.test.ts > Statistical Functions > SUM > handles single value 0ms
 ✓ src/engines/formula-functions/statistical.test.ts > Statistical Functions > SUM > handles empty input 0ms
 ✓ src/engines/formula-functions/statistical.test.ts > Statistical Functions > COUNT > counts numbers 0ms
 ✓ src/engines/formula-functions/statistical.test.ts > Statistical Functions > COUNT > ignores non-numbers 0ms
 ✓ src/engines/formula-functions/statistical.test.ts > Statistical Functions > AVERAGE > calculates average 0ms
 ✓ src/engines/formula-functions/statistical.test.ts > Statistical Functions > AVERAGE > handles single value 0ms
 ✓ src/engines/formula-functions/statistical.test.ts > Statistical Functions > MEDIAN > finds median of odd count 0ms
 ✓ src/engines/formula-functions/statistical.test.ts > Statistical Functions > MEDIAN > finds median of even count 0ms
 ✓ src/engines/formula-functions/statistical.test.ts > Statistical Functions > STDEV > calculates standard deviation 0ms
 ✓ src/engines/formula-functions/statistical.test.ts > Statistical Functions > STDEV > returns 0 for identical values 0ms
 ✓ src/engines/formula-functions/statistical.test.ts > Statistical Functions > VARIANCE > calculates variance 0ms
 ✓ src/engines/formula-functions/statistical.test.ts > Statistical Functions > MIN > finds minimum 0ms
 ✓ src/engines/formula-functions/statistical.test.ts > Statistical Functions > MAX > finds maximum 0ms
 ✓ src/engines/formula-functions/statistical.test.ts > Statistical Functions > MODE > finds mode 0ms
(node:4820) ExperimentalWarning: localStorage is not available because --localstorage-file was not provided.
(Use `node --trace-warnings ...` to show where the warning was created)
 ✓ src/hooks/useDebounce.test.ts > useDebounce > should return the initial value immediately 19ms
 ✓ src/hooks/useDebounce.test.ts > useDebounce > should debounce value changes 5ms
 ✓ src/hooks/useDebounce.test.ts > useDebounce > should cancel previous timer on value change 3ms
 ✓ src/hooks/useDebounce.test.ts > useDebounce > should update immediately if delay is 0 2ms
(node:4820) ExperimentalWarning: localStorage is not available because --localstorage-file was not provided.
(Use `node --trace-warnings ...` to show where the warning was created)
 ✓ src/engines/AllocationRuleEngine.test.ts > AllocationRuleEngine > creates a rule 2ms
 ✓ src/engines/AllocationRuleEngine.test.ts > AllocationRuleEngine > gets all rules 0ms
 ✓ src/engines/AllocationRuleEngine.test.ts > AllocationRuleEngine > allocates by percentage 0ms
 ✓ src/engines/AllocationRuleEngine.test.ts > AllocationRuleEngine > validates a rule 0ms
(node:4820) ExperimentalWarning: localStorage is not available because --localstorage-file was not provided.
(Use `node --trace-warnings ...` to show where the warning was created)
(node:4820) ExperimentalWarning: localStorage is not available because --localstorage-file was not provided.
(Use `node --trace-warnings ...` to show where the warning was created)
 ✓ src/store/driverStore.test.ts > driverStore > should have correct initial state 2ms
 ✓ src/store/driverStore.test.ts > driverStore > should select a driver 0ms
 ✓ src/store/driverStore.test.ts > driverStore > should deselect a driver 0ms
 ✓ src/store/driverStore.test.ts > driverStore > should add a driver 0ms
 ✓ src/store/driverStore.test.ts > driverStore > should remove a driver 0ms
 ✓ src/store/driverStore.test.ts > driverStore > should reset state 0ms
 × src/pages/__tests__/sectors/GovernmentDashboardPage.test.tsx > sectors/GovernmentDashboardPage > renders the government dashboard 103ms
   → Invalid Chai property: toBeInTheDocument
 × src/pages/__tests__/sectors/GovernmentDashboardPage.test.tsx > sectors/GovernmentDashboardPage > renders tabs and allows tab switching 46ms
   → Invalid Chai property: toBeInTheDocument
 ✓ src/pages/__tests__/sectors/GovernmentDashboardPage.test.tsx > sectors/GovernmentDashboardPage > renders charts 19ms
(node:4820) ExperimentalWarning: localStorage is not available because --localstorage-file was not provided.
(Use `node --trace-warnings ...` to show where the warning was created)
 ✓ src/engines/LoanAmortizationEngine.test.ts > LoanAmortizationEngine > monthlyPayment > should calculate monthly payment 2ms
 ✓ src/engines/LoanAmortizationEngine.test.ts > LoanAmortizationEngine > monthlyPayment > should handle zero interest rate 0ms
 ✓ src/engines/LoanAmortizationEngine.test.ts > LoanAmortizationEngine > monthlyPayment > should handle short term 0ms
 ✓ src/engines/LoanAmortizationEngine.test.ts > LoanAmortizationEngine > schedule > should generate correct number of rows 1ms
 ✓ src/engines/LoanAmortizationEngine.test.ts > LoanAmortizationEngine > schedule > should have final balance near zero 0ms
 ✓ src/engines/LoanAmortizationEngine.test.ts > LoanAmortizationEngine > schedule > should track total interest 0ms
 ✓ src/engines/LoanAmortizationEngine.test.ts > LoanAmortizationEngine > schedule > should have consistent monthly payment 0ms
 ✓ src/engines/LoanAmortizationEngine.test.ts > LoanAmortizationEngine > schedule > should decrease balance over time 0ms
 ✓ src/engines/LoanAmortizationEngine.test.ts > LoanAmortizationEngine > schedule > should increase principal portion over time 0ms
(node:4820) ExperimentalWarning: localStorage is not available because --localstorage-file was not provided.
(Use `node --trace-warnings ...` to show where the warning was created)
 ✓ src/engines/formula-functions/lookup.test.ts > Lookup & Array Functions > UNIQUE > returns unique values from array 3ms
 ✓ src/engines/formula-functions/lookup.test.ts > Lookup & Array Functions > UNIQUE > handles single value 0ms
 ✓ src/engines/formula-functions/lookup.test.ts > Lookup & Array Functions > UNIQUE > returns empty for empty input 0ms
 ✓ src/engines/formula-functions/lookup.test.ts > Lookup & Array Functions > SORT > sorts numbers ascending 0ms
 ✓ src/engines/formula-functions/lookup.test.ts > Lookup & Array Functions > SORT > handles single value 0ms
 ✓ src/engines/formula-functions/lookup.test.ts > Lookup & Array Functions > SORTBY > sorts values by another array 0ms
 ✓ src/engines/formula-functions/lookup.test.ts > Lookup & Array Functions > SEQUENCE > generates sequence of numbers 0ms
 ✓ src/engines/formula-functions/lookup.test.ts > Lookup & Array Functions > SEQUENCE > generates with custom start and step 0ms
 ✓ src/engines/formula-functions/lookup.test.ts > Lookup & Array Functions > SEQUENCE > generates 2D sequence 0ms
 ✓ src/engines/formula-functions/lookup.test.ts > Lookup & Array Functions > RANDARRAY > generates array of correct length 1ms
 ✓ src/engines/formula-functions/lookup.test.ts > Lookup & Array Functions > TRANSPOSE > handles non-array input 0ms
 ✓ src/engines/formula-functions/lookup.test.ts > Lookup & Array Functions > MMULT > multiplies scalars 0ms
 ✓ src/engines/formula-functions/lookup.test.ts > Lookup & Array Functions > MDETERM > calculates determinant of scalar 0ms
 ✓ src/engines/formula-functions/lookup.test.ts > Lookup & Array Functions > FILTER > filters values by condition 0ms
(node:4820) ExperimentalWarning: localStorage is not available because --localstorage-file was not provided.
(Use `node --trace-warnings ...` to show where the warning was created)
(node:4820) ExperimentalWarning: localStorage is not available because --localstorage-file was not provided.
(Use `node --trace-warnings ...` to show where the warning was created)
 ✓ src/engines/YieldCurveEngine.test.ts > YieldCurveEngine > bootstrap > should return sorted curve 2ms
 ✓ src/engines/YieldCurveEngine.test.ts > YieldCurveEngine > bootstrap > should preserve rates 0ms
 ✓ src/engines/YieldCurveEngine.test.ts > YieldCurveEngine > bootstrap > should handle single point 1ms
 ✓ src/engines/YieldCurveEngine.test.ts > YieldCurveEngine > interpolate > should interpolate linearly between points 0ms
 ✓ src/engines/YieldCurveEngine.test.ts > YieldCurveEngine > interpolate > should return first rate for early maturity 0ms
 ✓ src/engines/YieldCurveEngine.test.ts > YieldCurveEngine > interpolate > should return last rate for late maturity 0ms
 ✓ src/engines/YieldCurveEngine.test.ts > YieldCurveEngine > interpolate > should return exact rate at point 0ms
 ✓ src/engines/YieldCurveEngine.test.ts > YieldCurveEngine > interpolate > should return 0 for empty curve 0ms
 × src/components/ui/Alert.test.tsx > Alert > renders title and message 179ms
   → Invalid Chai property: toBeInTheDocument
 × src/components/ui/Alert.test.tsx > Alert > renders confirm and cancel buttons with default text 26ms
   → Invalid Chai property: toBeInTheDocument
 × src/components/ui/Alert.test.tsx > Alert > renders custom button text 21ms
   → Invalid Chai property: toBeInTheDocument
 ✓ src/components/ui/Alert.test.tsx > Alert > calls onConfirm when confirm button clicked 18ms
 ✓ src/components/ui/Alert.test.tsx > Alert > calls onCancel when cancel button clicked 16ms
 ✓ src/components/ui/Alert.test.tsx > Alert > applies default variant styles 17ms
 ✓ src/components/ui/Alert.test.tsx > Alert > applies destructive variant styles 18ms
 × src/components/ui/Alert.test.tsx > Alert > does not render content when open is false 2ms
   → Invalid Chai property: toBeInTheDocument
(node:4820) ExperimentalWarning: localStorage is not available because --localstorage-file was not provided.
(Use `node --trace-warnings ...` to show where the warning was created)
 ✓ src/components/ui/WaterfallChart.test.tsx > WaterfallChart > renders chart with data 35ms
 × src/components/ui/WaterfallChart.test.tsx > WaterfallChart > shows title when provided 18ms
   → Invalid Chai property: toBeInTheDocument
 ✓ src/components/ui/WaterfallChart.test.tsx > WaterfallChart > renders bars for each item 4ms
 ✓ src/components/ui/WaterfallChart.test.tsx > WaterfallChart > renders total bar 4ms
 ✓ src/components/ui/WaterfallChart.test.tsx > WaterfallChart > handles empty data 2ms
 ✓ src/components/ui/WaterfallChart.test.tsx > WaterfallChart > accepts custom height 6ms
(node:4820) ExperimentalWarning: localStorage is not available because --localstorage-file was not provided.
(Use `node --trace-warnings ...` to show where the warning was created)
(node:4820) ExperimentalWarning: localStorage is not available because --localstorage-file was not provided.
(Use `node --trace-warnings ...` to show where the warning was created)
 ✓ src/engines/ReportCacheEngine.test.ts > ReportCacheEngine > set and get > stores and retrieves a value 2ms
 ✓ src/engines/ReportCacheEngine.test.ts > ReportCacheEngine > set and get > returns undefined for missing key 0ms
 ✓ src/engines/ReportCacheEngine.test.ts > ReportCacheEngine > delete > removes a cached entry 0ms
 ✓ src/engines/ReportCacheEngine.test.ts > ReportCacheEngine > has > returns true for existing key 0ms
 ✓ src/engines/ReportCacheEngine.test.ts > ReportCacheEngine > has > returns false for missing key 0ms
 ✓ src/engines/ReportCacheEngine.test.ts > ReportCacheEngine > clear > removes all entries 0ms
 ✓ src/engines/ReportCacheEngine.test.ts > ReportCacheEngine > getStats > returns cache statistics 0ms
 ✓ src/engines/ReportCacheEngine.test.ts > ReportCacheEngine > invalidateByReport > removes entries by report ID 0ms
 × src/pages/__tests__/forecasts/DriverSummaryPanel.test.tsx > DriverSummaryPanel > renders cascade summary title 42ms
   → Invalid Chai property: toBeInTheDocument
 × src/pages/__tests__/forecasts/DriverSummaryPanel.test.tsx > DriverSummaryPanel > renders empty state when no rules 6ms
   → Invalid Chai property: toBeInTheDocument
 × src/pages/__tests__/forecasts/DriverSummaryPanel.test.tsx > DriverSummaryPanel > renders quick actions 5ms
   → Invalid Chai property: toBeInTheDocument
(node:4820) ExperimentalWarning: localStorage is not available because --localstorage-file was not provided.
(Use `node --trace-warnings ...` to show where the warning was created)
 ✓ src/components/ui/VersionDiffViewer.test.tsx > VersionDiffViewer > renders without crashing with empty entries 20ms
 × src/components/ui/VersionDiffViewer.test.tsx > VersionDiffViewer > displays change count 23ms
   → Invalid Chai property: toBeInTheDocument
 × src/components/ui/VersionDiffViewer.test.tsx > VersionDiffViewer > displays "No differences found" when empty 5ms
   → Invalid Chai property: toBeInTheDocument
 × src/components/ui/VersionDiffViewer.test.tsx > VersionDiffViewer > displays title when provided 4ms
   → Invalid Chai property: toBeInTheDocument
 ✓ src/components/ui/VersionDiffViewer.test.tsx > VersionDiffViewer > does not display title when not provided 3ms
 × src/components/ui/VersionDiffViewer.test.tsx > VersionDiffViewer > displays correct count with entries 2ms
   → Invalid Chai property: toBeInTheDocument
(node:4820) ExperimentalWarning: localStorage is not available because --localstorage-file was not provided.
(Use `node --trace-warnings ...` to show where the warning was created)
 ✓ src/engines/IntercompanyMatchingEngine.test.ts > IntercompanyMatchingEngine > autoMatch > matches matching transactions 2ms
 ✓ src/engines/IntercompanyMatchingEngine.test.ts > IntercompanyMatchingEngine > autoMatch > identifies unmatched transactions 0ms
 ✓ src/engines/IntercompanyMatchingEngine.test.ts > IntercompanyMatchingEngine > createEliminations > creates elimination entries 0ms
 ✓ src/engines/IntercompanyMatchingEngine.test.ts > IntercompanyMatchingEngine > getMatches > returns matched transactions 0ms
(node:4820) ExperimentalWarning: localStorage is not available because --localstorage-file was not provided.
(Use `node --trace-warnings ...` to show where the warning was created)
 × src/pages/workforce/__tests__/CompModelingPage.test.tsx > CompModelingPage > renders the page heading 50ms
   → Unable to find an element with the text: /compensation modeling/i. This could be because the text is broken up by multiple elements. In this case, you can provide a function for your text matcher to make your matcher more flexible.

Ignored nodes: comments, script, style
[36m<body>[39m
  [36m<div>[39m
    [36m<div[39m
      [33mclass[39m=[32m"p-12 text-center"[39m
    [36m>[39m
      [36m<span[39m
        [33mclass[39m=[32m"h-10 w-10 text-slate-400 mx-auto mb-4"[39m
        [33mdata-testid[39m=[32m"mock-icon"[39m
      [36m/>[39m
      [36m<h2[39m
        [33mclass[39m=[32m"text-xl font-semibold mb-2"[39m
      [36m>[39m
        [0mNo Compensation Data[0m
      [36m</h2>[39m
      [36m<button[39m
        [33mclass[39m=[32m"inline-flex items-center justify-center rounded-md text-sm font-medium transition-colors focus-visible:outline-none focus-visible:ring-2 focus-visible:ring-ring focus-visible:ring-offset-2 disabled:opacity-50 disabled:pointer-events-none bg-blue-600 text-white hover:bg-blue-700 dark:bg-blue-600 dark:hover:bg-blue-700 h-10 py-2 px-4"[39m
      [36m>[39m
        [0mImport Data[0m
      [36m</button>[39m
    [36m</div>[39m
  [36m</div>[39m
[36m</body>[39m
 × src/pages/workforce/__tests__/CompModelingPage.test.tsx > CompModelingPage > renders KPI cards 9ms
   → Unable to find an element with the text: /total headcount/i. This could be because the text is broken up by multiple elements. In this case, you can provide a function for your text matcher to make your matcher more flexible.

Ignored nodes: comments, script, style
[36m<body>[39m
  [36m<div>[39m
    [36m<div[39m
      [33mclass[39m=[32m"p-12 text-center"[39m
    [36m>[39m
      [36m<span[39m
        [33mclass[39m=[32m"h-10 w-10 text-slate-400 mx-auto mb-4"[39m
        [33mdata-testid[39m=[32m"mock-icon"[39m
      [36m/>[39m
      [36m<h2[39m
        [33mclass[39m=[32m"text-xl font-semibold mb-2"[39m
      [36m>[39m
        [0mNo Compensation Data[0m
      [36m</h2>[39m
      [36m<button[39m
        [33mclass[39m=[32m"inline-flex items-center justify-center rounded-md text-sm font-medium transition-colors focus-visible:outline-none focus-visible:ring-2 focus-visible:ring-ring focus-visible:ring-offset-2 disabled:opacity-50 disabled:pointer-events-none bg-blue-600 text-white hover:bg-blue-700 dark:bg-blue-600 dark:hover:bg-blue-700 h-10 py-2 px-4"[39m
      [36m>[39m
        [0mImport Data[0m
      [36m</button>[39m
    [36m</div>[39m
  [36m</div>[39m
[36m</body>[39m
 × src/pages/workforce/__tests__/CompModelingPage.test.tsx > CompModelingPage > renders compensation level table 8ms
   → Unable to find an element with the text: /junior/i. This could be because the text is broken up by multiple elements. In this case, you can provide a function for your text matcher to make your matcher more flexible.

Ignored nodes: comments, script, style
[36m<body>[39m
  [36m<div>[39m
    [36m<div[39m
      [33mclass[39m=[32m"p-12 text-center"[39m
    [36m>[39m
      [36m<span[39m
        [33mclass[39m=[32m"h-10 w-10 text-slate-400 mx-auto mb-4"[39m
        [33mdata-testid[39m=[32m"mock-icon"[39m
      [36m/>[39m
      [36m<h2[39m
        [33mclass[39m=[32m"text-xl font-semibold mb-2"[39m
      [36m>[39m
        [0mNo Compensation Data[0m
      [36m</h2>[39m
      [36m<button[39m
        [33mclass[39m=[32m"inline-flex items-center justify-center rounded-md text-sm font-medium transition-colors focus-visible:outline-none focus-visible:ring-2 focus-visible:ring-ring focus-visible:ring-offset-2 disabled:opacity-50 disabled:pointer-events-none bg-blue-600 text-white hover:bg-blue-700 dark:bg-blue-600 dark:hover:bg-blue-700 h-10 py-2 px-4"[39m
      [36m>[39m
        [0mImport Data[0m
      [36m</button>[39m
    [36m</div>[39m
  [36m</div>[39m
[36m</body>[39m
 × src/pages/workforce/__tests__/CompModelingPage.test.tsx > CompModelingPage > renders merit increase slider 6ms
   → Unable to find an element with the text: /merit/i. This could be because the text is broken up by multiple elements. In this case, you can provide a function for your text matcher to make your matcher more flexible.

Ignored nodes: comments, script, style
[36m<body>[39m
  [36m<div>[39m
    [36m<div[39m
      [33mclass[39m=[32m"p-12 text-center"[39m
    [36m>[39m
      [36m<span[39m
        [33mclass[39m=[32m"h-10 w-10 text-slate-400 mx-auto mb-4"[39m
        [33mdata-testid[39m=[32m"mock-icon"[39m
      [36m/>[39m
      [36m<h2[39m
        [33mclass[39m=[32m"text-xl font-semibold mb-2"[39m
      [36m>[39m
        [0mNo Compensation Data[0m
      [36m</h2>[39m
      [36m<button[39m
        [33mclass[39m=[32m"inline-flex items-center justify-center rounded-md text-sm font-medium transition-colors focus-visible:outline-none focus-visible:ring-2 focus-visible:ring-ring focus-visible:ring-offset-2 disabled:opacity-50 disabled:pointer-events-none bg-blue-600 text-white hover:bg-blue-700 dark:bg-blue-600 dark:hover:bg-blue-700 h-10 py-2 px-4"[39m
      [36m>[39m
        [0mImport Data[0m
      [36m</button>[39m
    [36m</div>[39m
  [36m</div>[39m
[36m</body>[39m
 × src/pages/workforce/__tests__/CompModelingPage.test.tsx > CompModelingPage > renders charts 8ms
   → Unable to find an element by: [data-testid="responsive-container"]

Ignored nodes: comments, script, style
[36m<body>[39m
  [36m<div>[39m
    [36m<div[39m
      [33mclass[39m=[32m"p-12 text-center"[39m
    [36m>[39m
      [36m<span[39m
        [33mclass[39m=[32m"h-10 w-10 text-slate-400 mx-auto mb-4"[39m
        [33mdata-testid[39m=[32m"mock-icon"[39m
      [36m/>[39m
      [36m<h2[39m
        [33mclass[39m=[32m"text-xl font-semibold mb-2"[39m
      [36m>[39m
        [0mNo Compensation Data[0m
      [36m</h2>[39m
      [36m<button[39m
        [33mclass[39m=[32m"inline-flex items-center justify-center rounded-md text-sm font-medium transition-colors focus-visible:outline-none focus-visible:ring-2 focus-visible:ring-ring focus-visible:ring-offset-2 disabled:opacity-50 disabled:pointer-events-none bg-blue-600 text-white hover:bg-blue-700 dark:bg-blue-600 dark:hover:bg-blue-700 h-10 py-2 px-4"[39m
      [36m>[39m
        [0mImport Data[0m
      [36m</button>[39m
    [36m</div>[39m
  [36m</div>[39m
[36m</body>[39m
 × src/pages/workforce/__tests__/CompModelingPage.test.tsx > CompModelingPage > renders download button 4ms
   → Unable to find an element with the text: /download/i. This could be because the text is broken up by multiple elements. In this case, you can provide a function for your text matcher to make your matcher more flexible.

Ignored nodes: comments, script, style
[36m<body>[39m
  [36m<div>[39m
    [36m<div[39m
      [33mclass[39m=[32m"p-12 text-center"[39m
    [36m>[39m
      [36m<span[39m
        [33mclass[39m=[32m"h-10 w-10 text-slate-400 mx-auto mb-4"[39m
        [33mdata-testid[39m=[32m"mock-icon"[39m
      [36m/>[39m
      [36m<h2[39m
        [33mclass[39m=[32m"text-xl font-semibold mb-2"[39m
      [36m>[39m
        [0mNo Compensation Data[0m
      [36m</h2>[39m
      [36m<button[39m
        [33mclass[39m=[32m"inline-flex items-center justify-center rounded-md text-sm font-medium transition-colors focus-visible:outline-none focus-visible:ring-2 focus-visible:ring-ring focus-visible:ring-offset-2 disabled:opacity-50 disabled:pointer-events-none bg-blue-600 text-white hover:bg-blue-700 dark:bg-blue-600 dark:hover:bg-blue-700 h-10 py-2 px-4"[39m
      [36m>[39m
        [0mImport Data[0m
      [36m</button>[39m
    [36m</div>[39m
  [36m</div>[39m
[36m</body>[39m
(node:4820) ExperimentalWarning: localStorage is not available because --localstorage-file was not provided.
(Use `node --trace-warnings ...` to show where the warning was created)
 ✓ src/engines/OptionPricingEngine.test.ts > OptionPricingEngine > blackScholes > should price an at-the-money call 2ms
 ✓ src/engines/OptionPricingEngine.test.ts > OptionPricingEngine > blackScholes > should price an in-the-money call higher than out-of-money 0ms
 ✓ src/engines/OptionPricingEngine.test.ts > OptionPricingEngine > blackScholes > should price a put 0ms
 ✓ src/engines/OptionPricingEngine.test.ts > OptionPricingEngine > blackScholes > should have call delta between 0 and 1 0ms
 ✓ src/engines/OptionPricingEngine.test.ts > OptionPricingEngine > blackScholes > should have put delta between -1 and 0 0ms
 ✓ src/engines/OptionPricingEngine.test.ts > OptionPricingEngine > blackScholes > should have positive gamma 0ms
 ✓ src/engines/OptionPricingEngine.test.ts > OptionPricingEngine > blackScholes > should have positive vega 0ms
 ✓ src/engines/OptionPricingEngine.test.ts > OptionPricingEngine > blackScholes > should handle expired option 0ms
 ✓ src/engines/OptionPricingEngine.test.ts > OptionPricingEngine > blackScholes > should handle zero volatility 0ms
(node:4820) ExperimentalWarning: localStorage is not available because --localstorage-file was not provided.
(Use `node --trace-warnings ...` to show where the warning was created)
 ✓ src/engines/EnergyEngine.test.ts > EnergyEngine > calculateStats > should calculate energy statistics 2ms
 ✓ src/engines/EnergyEngine.test.ts > EnergyEngine > calculateStats > should handle empty entries 0ms
 ✓ src/engines/EnergyEngine.test.ts > EnergyEngine > getProductionBySource > should break down by energy source 0ms
 ✓ src/engines/EnergyEngine.test.ts > EnergyEngine > getRevenueTrend > should return monthly revenue trend 0ms
(node:4820) ExperimentalWarning: localStorage is not available because --localstorage-file was not provided.
(Use `node --trace-warnings ...` to show where the warning was created)
 ✓ src/components/ui/LazyChart.test.tsx > LazyChart > renders without crashing 23ms
 × src/components/ui/LazyChart.test.tsx > LazyChart > shows loading skeleton when not visible 20ms
   → Invalid Chai property: toBeInTheDocument
 × src/components/ui/LazyChart.test.tsx > LazyChart > shows children when visible 4ms
   → Invalid Chai property: toBeInTheDocument
 × src/components/ui/LazyChart.test.tsx > LazyChart > shows custom skeleton when provided and not visible 3ms
   → Invalid Chai property: toBeInTheDocument
 ✓ src/components/ui/LazyChart.test.tsx > LazyChart > applies custom className 4ms
 ✓ src/components/ui/LazyChart.test.tsx > LazyChart > applies custom height 3ms
(node:4820) ExperimentalWarning: localStorage is not available because --localstorage-file was not provided.
(Use `node --trace-warnings ...` to show where the warning was created)
 ✓ src/pages/lease/LeaseDashboard.test.tsx > LeaseDashboard smoke test > renders without crashing 41ms
 × src/pages/lease/LeaseDashboard.test.tsx > LeaseDashboard smoke test > displays no-data state when entries are empty 27ms
   → Invalid Chai property: toBeInTheDocument
(node:4820) ExperimentalWarning: localStorage is not available because --localstorage-file was not provided.
(Use `node --trace-warnings ...` to show where the warning was created)
stderr | src/pages/retail/RetailDashboardPage.test.tsx > RetailDashboardPage smoke test > renders without crashing
The tag <stop> is unrecognized in this browser. If you meant to render a React component, start its name with an 
uppercase letter.
<linearGradient /> is using incorrect casing. Use PascalCase for React components, or lowercase for HTML elements.
The tag <linearGradient> is unrecognized in this browser. If you meant to render a React component, start its name 
with an uppercase letter.
The tag <defs> is unrecognized in this browser. If you meant to render a React component, start its name with an 
uppercase letter.

stderr | src/pages/retail/RetailDashboardPage.test.tsx > RetailDashboardPage smoke test > displays the retail 
dashboard heading
<linearGradient /> is using incorrect casing. Use PascalCase for React components, or lowercase for HTML elements.

 ✓ src/pages/retail/RetailDashboardPage.test.tsx > RetailDashboardPage smoke test > renders without crashing 59ms
 × src/pages/retail/RetailDashboardPage.test.tsx > RetailDashboardPage smoke test > displays the retail dashboard heading 31ms
   → Invalid Chai property: toBeInTheDocument
(node:4820) ExperimentalWarning: localStorage is not available because --localstorage-file was not provided.
(Use `node --trace-warnings ...` to show where the warning was created)
 ✓ src/pages/revenue/DeferredSchedulePage.test.tsx > DeferredSchedulePage smoke test > renders without crashing 40ms
(node:4820) ExperimentalWarning: localStorage is not available because --localstorage-file was not provided.
(Use `node --trace-warnings ...` to show where the warning was created)
(node:4820) ExperimentalWarning: localStorage is not available because --localstorage-file was not provided.
(Use `node --trace-warnings ...` to show where the warning was created)
 ✓ src/pages/credit/CreditRiskPage.test.tsx > CreditRiskPage smoke test > renders without crashing 26ms
 ✓ src/pages/credit/CreditRiskPage.test.tsx > CreditRiskPage smoke test > displays empty state 18ms
 ✓ src/pages/data/DataImportPage.test.tsx > DataImportPage smoke test > renders without crashing 34ms
 × src/pages/data/DataImportPage.test.tsx > DataImportPage smoke test > displays the no data empty state 22ms
   → Invalid Chai property: toBeInTheDocument
(node:4820) ExperimentalWarning: localStorage is not available because --localstorage-file was not provided.
(Use `node --trace-warnings ...` to show where the warning was created)
 ✓ src/pages/budgets/BudgetListPage.test.tsx > BudgetListPage > renders without crashing 32ms
 × src/pages/budgets/BudgetListPage.test.tsx > BudgetListPage > displays the empty state when no budgets exist 22ms
   → Invalid Chai property: toBeInTheDocument
(node:4820) ExperimentalWarning: localStorage is not available because --localstorage-file was not provided.
(Use `node --trace-warnings ...` to show where the warning was created)
(node:4820) ExperimentalWarning: localStorage is not available because --localstorage-file was not provided.
(Use `node --trace-warnings ...` to show where the warning was created)
stdout | src/engines/__benchmarks__/AIEngine.bench.test.ts > AIEngine Benchmarks > benchmarks single transaction classification
Single classification: 0.04150000002118759ms

stdout | src/engines/__benchmarks__/AIEngine.bench.test.ts > AIEngine Benchmarks > benchmarks large dataset anomaly detection (1000 items)
Anomaly detection (1000 items): 0.9310000000114087ms
Average per item: 0.0009310000000114087ms

stdout | src/engines/__benchmarks__/AIEngine.bench.test.ts > AIEngine Benchmarks > benchmarks large dataset anomaly detection with parallel batches (1000 items)
Parallel Anomaly detection (1000 items, batch=50): 0.28399999998509884ms
Average per item: 0.00028399999998509885ms

 ✓ src/engines/__benchmarks__/AIEngine.bench.test.ts > AIEngine Benchmarks > benchmarks single transaction classification 2ms
 ✓ src/engines/__benchmarks__/AIEngine.bench.test.ts > AIEngine Benchmarks > benchmarks large dataset anomaly detection (1000 items) 2ms
 ✓ src/engines/__benchmarks__/AIEngine.bench.test.ts > AIEngine Benchmarks > benchmarks large dataset anomaly detection with parallel batches (1000 items) 1ms
(node:4820) ExperimentalWarning: localStorage is not available because --localstorage-file was not provided.
(Use `node --trace-warnings ...` to show where the warning was created)
 ✓ src/hooks/useAnimation.test.ts > useStagger > should return items with stagger animation styles 14ms
 ✓ src/hooks/useAnimation.test.ts > useStagger > should use default delay of 20ms 2ms
 ✓ src/hooks/useAnimation.test.ts > useStagger > should return transition:none when reduced motion 2ms
 ✓ src/hooks/useAnimation.test.ts > usePageTransition > should return transition style when no reduced motion 1ms
 ✓ src/hooks/useAnimation.test.ts > usePageTransition > should return transition:none when reduced motion 1ms
 × src/pages/__tests__/sector/BankingDashboardPage.test.tsx > BankingDashboardPage > renders empty state when no entries 140ms
   → Invalid Chai property: toBeInTheDocument
 × src/pages/__tests__/sector/BankingDashboardPage.test.tsx > BankingDashboardPage > renders dashboard with entries 25ms
   → Invalid Chai property: toBeInTheDocument
(node:4820) ExperimentalWarning: localStorage is not available because --localstorage-file was not provided.
(Use `node --trace-warnings ...` to show where the warning was created)
 ✓ src/utils/__tests__/offlineCache.test.ts > offlineCache > cacheSet handles errors gracefully 2ms
 ✓ src/utils/__tests__/offlineCache.test.ts > offlineCache > cacheGet returns null on error 0ms
 ✓ src/utils/__tests__/offlineCache.test.ts > offlineCache > cacheIsStale returns true on error 0ms
 ✓ src/utils/__tests__/offlineCache.test.ts > offlineCache > cacheRemove does not throw 0ms
 ✓ src/utils/__tests__/offlineCache.test.ts > offlineCache > cacheClearStore returns 0 on error 0ms
 ✓ src/utils/__tests__/offlineCache.test.ts > offlineCache > cacheClearAll does not throw 0ms
 ✓ src/utils/__tests__/offlineCache.test.ts > offlineCache > cacheGetMetadata returns empty on error 1ms
 ✓ src/utils/__tests__/offlineCache.test.ts > offlineCache > cacheBulkSet handles empty entries 0ms
 ✓ src/utils/__tests__/offlineCache.test.ts > offlineCache > cacheGetAll returns empty on error 0ms
 ✓ src/utils/__tests__/offlineCache.test.ts > offlineCache > getCacheStatus works 0ms
 ✓ src/utils/__tests__/offlineCache.test.ts > offlineCache > markSynced sets lastSyncAt 0ms
 ✓ src/utils/__tests__/offlineCache.test.ts > offlineCache > isOnline returns boolean 0ms
 ✓ src/utils/__tests__/offlineCache.test.ts > offlineCache > onConnectivityChange returns unsubscribe function 0ms
(node:4820) ExperimentalWarning: localStorage is not available because --localstorage-file was not provided.
(Use `node --trace-warnings ...` to show where the warning was created)
(node:4820) ExperimentalWarning: localStorage is not available because --localstorage-file was not provided.
(Use `node --trace-warnings ...` to show where the warning was created)
 ✓ src/engines/ConstructionEngine.test.ts > ConstructionEngine > calculateStats > should calculate construction statistics 2ms
 ✓ src/engines/ConstructionEngine.test.ts > ConstructionEngine > calculateStats > should handle empty entries 0ms
 ✓ src/engines/ConstructionEngine.test.ts > ConstructionEngine > getProjectPortfolio > should return project breakdown 0ms
 ✓ src/engines/ConstructionEngine.test.ts > ConstructionEngine > getBacklogTrend > should return backlog trend data 0ms
 ✓ src/pages/auth/OnboardingWizard.test.tsx > OnboardingWizard smoke test > renders without crashing 42ms
 × src/pages/auth/OnboardingWizard.test.tsx > OnboardingWizard smoke test > displays the welcome heading 24ms
   → Invalid Chai property: toBeInTheDocument
 × src/pages/auth/OnboardingWizard.test.tsx > OnboardingWizard smoke test > displays the get started button 137ms
   → Invalid Chai property: toBeInTheDocument
 × src/pages/auth/OnboardingWizard.test.tsx > OnboardingWizard smoke test > renders the progress stepper 11ms
   → Invalid Chai property: toBeInTheDocument
(node:4820) ExperimentalWarning: localStorage is not available because --localstorage-file was not provided.
(Use `node --trace-warnings ...` to show where the warning was created)
 × src/pages/__tests__/sectors/EducationDashboardPage.test.tsx > sectors/EducationDashboardPage > renders the education dashboard 94ms
   → Invalid Chai property: toBeInTheDocument
 ✓ src/pages/__tests__/sectors/EducationDashboardPage.test.tsx > sectors/EducationDashboardPage > renders charts 32ms
(node:4820) ExperimentalWarning: localStorage is not available because --localstorage-file was not provided.
(Use `node --trace-warnings ...` to show where the warning was created)
 ✓ src/engines/AdvancedPDFEngine.test.ts > AdvancedPDFEngine > watermark options > has default watermark options 2ms
 ✓ src/engines/AdvancedPDFEngine.test.ts > AdvancedPDFEngine > financial table formatting > formats currency values correctly 1ms
 ✓ src/engines/AdvancedPDFEngine.test.ts > AdvancedPDFEngine > financial table formatting > handles negative values with parentheses 0ms
 ✓ src/engines/AdvancedPDFEngine.test.ts > AdvancedPDFEngine > report generation > generates P&L report structure 0ms
 ✓ src/engines/AdvancedPDFEngine.test.ts > AdvancedPDFEngine > report generation > generates balance sheet structure 0ms
 ✓ src/engines/AdvancedPDFEngine.test.ts > AdvancedPDFEngine > page layout > supports A4 page size 0ms
 ✓ src/engines/AdvancedPDFEngine.test.ts > AdvancedPDFEngine > page layout > has consistent margins 0ms
(node:4820) ExperimentalWarning: localStorage is not available because --localstorage-file was not provided.
(Use `node --trace-warnings ...` to show where the warning was created)
 × src/components/charts/__tests__/ChartShowcasePage.test.tsx > ChartShowcasePage > renders all chart cards 99ms
   → Invalid Chai property: toBeInTheDocument
 ✓ src/components/charts/__tests__/ChartShowcasePage.test.tsx > ChartShowcasePage > renders export buttons for each chart 26ms
(node:4820) ExperimentalWarning: localStorage is not available because --localstorage-file was not provided.
(Use `node --trace-warnings ...` to show where the warning was created)
stdout | src/utils/logger.test.ts > Logger > gets log buffer
[INFO] buffered message

stdout | src/utils/logger.test.ts > Logger > clears log buffer
[INFO] to be cleared

 ✓ src/utils/logger.test.ts > Logger > exports a Logger object 2ms
 ✓ src/utils/logger.test.ts > Logger > debug logs in dev mode 1ms
 ✓ src/utils/logger.test.ts > Logger > info logs messages 0ms
 ✓ src/utils/logger.test.ts > Logger > warn logs warnings 0ms
 ✓ src/utils/logger.test.ts > Logger > error logs errors 0ms
 ✓ src/utils/logger.test.ts > Logger > logs with context object 0ms
 ✓ src/utils/logger.test.ts > Logger > gets log buffer 1ms
 ✓ src/utils/logger.test.ts > Logger > clears log buffer 0ms
 ✓ src/utils/logger.test.ts > Logger > creates child logger with source 0ms
(node:4820) ExperimentalWarning: localStorage is not available because --localstorage-file was not provided.
(Use `node --trace-warnings ...` to show where the warning was created)
stderr | src/pages/energy/EmissionsTradingPage.test.tsx > EmissionsTradingPage smoke test > renders without crashing
The tag <stop> is unrecognized in this browser. If you meant to render a React component, start its name with an 
uppercase letter.
<linearGradient /> is using incorrect casing. Use PascalCase for React components, or lowercase for HTML elements.
The tag <linearGradient> is unrecognized in this browser. If you meant to render a React component, start its name 
with an uppercase letter.
The tag <defs> is unrecognized in this browser. If you meant to render a React component, start its name with an 
uppercase letter.
<linearGradient /> is using incorrect casing. Use PascalCase for React components, or lowercase for HTML elements.
<linearGradient /> is using incorrect casing. Use PascalCase for React components, or lowercase for HTML elements.
<linearGradient /> is using incorrect casing. Use PascalCase for React components, or lowercase for HTML elements.

stderr | src/pages/energy/EmissionsTradingPage.test.tsx > EmissionsTradingPage smoke test > displays Emissions Trading 
heading
<linearGradient /> is using incorrect casing. Use PascalCase for React components, or lowercase for HTML elements.
<linearGradient /> is using incorrect casing. Use PascalCase for React components, or lowercase for HTML elements.
<linearGradient /> is using incorrect casing. Use PascalCase for React components, or lowercase for HTML elements.
<linearGradient /> is using incorrect casing. Use PascalCase for React components, or lowercase for HTML elements.

 ✓ src/pages/energy/EmissionsTradingPage.test.tsx > EmissionsTradingPage smoke test > renders without crashing 73ms
(node:4820) ExperimentalWarning: localStorage is not available because --localstorage-file was not provided.
(Use `node --trace-warnings ...` to show where the warning was created)
 ✓ src/pages/energy/EmissionsTradingPage.test.tsx > EmissionsTradingPage smoke test > displays Emissions Trading heading 43ms
 ✓ src/pages/saas/__tests__/ARRDashboard.test.tsx > ARRDashboard > renders empty state when no entries 45ms
 ✓ src/pages/saas/__tests__/ARRDashboard.test.tsx > ARRDashboard > renders import button in empty state 5ms
 ✓ src/pages/saas/__tests__/ARRDashboard.test.tsx > ARRDashboard > renders message about subscription revenue 3ms
(node:4820) ExperimentalWarning: localStorage is not available because --localstorage-file was not provided.
(Use `node --trace-warnings ...` to show where the warning was created)
 × src/components/ui/Skeleton.test.tsx > Skeleton > renders skeleton element 44ms
   → Invalid Chai property: toBeInTheDocument
 × src/components/ui/Skeleton.test.tsx > Skeleton > applies className 4ms
   → Invalid Chai property: toBeInTheDocument
 × src/components/ui/Skeleton.test.tsx > Skeleton > renders with text variant by default 4ms
   → Invalid Chai property: toBeInTheDocument
 × src/components/ui/Skeleton.test.tsx > Skeleton > renders with circular variant 4ms
   → Invalid Chai property: toBeInTheDocument
 × src/components/ui/Skeleton.test.tsx > Skeleton > renders with rectangular variant 3ms
   → Invalid Chai property: toBeInTheDocument
 ✓ src/components/ui/Skeleton.test.tsx > Skeleton > renders multiple items with count prop 12ms
 × src/components/ui/Skeleton.test.tsx > Skeleton > applies width and height from props 3ms
   → Invalid Chai property: toHaveStyle
 ✓ src/components/ui/Skeleton.test.tsx > Skeleton > renders with count of 1 by default 2ms
(node:4820) ExperimentalWarning: localStorage is not available because --localstorage-file was not provided.
(Use `node --trace-warnings ...` to show where the warning was created)
(node:4820) ExperimentalWarning: localStorage is not available because --localstorage-file was not provided.
(Use `node --trace-warnings ...` to show where the warning was created)
stderr | src/pages/construction/EquipmentManagementPage.test.tsx > EquipmentManagementPage smoke test > renders 
without crashing
The tag <stop> is unrecognized in this browser. If you meant to render a React component, start its name with an 
uppercase letter.
<linearGradient /> is using incorrect casing. Use PascalCase for React components, or lowercase for HTML elements.
The tag <linearGradient> is unrecognized in this browser. If you meant to render a React component, start its name 
with an uppercase letter.
The tag <defs> is unrecognized in this browser. If you meant to render a React component, start its name with an 
uppercase letter.
<linearGradient /> is using incorrect casing. Use PascalCase for React components, or lowercase for HTML elements.
<linearGradient /> is using incorrect casing. Use PascalCase for React components, or lowercase for HTML elements.
<linearGradient /> is using incorrect casing. Use PascalCase for React components, or lowercase for HTML elements.

stderr | src/pages/construction/EquipmentManagementPage.test.tsx > EquipmentManagementPage smoke test > displays page 
heading
<linearGradient /> is using incorrect casing. Use PascalCase for React components, or lowercase for HTML elements.
<linearGradient /> is using incorrect casing. Use PascalCase for React components, or lowercase for HTML elements.
<linearGradient /> is using incorrect casing. Use PascalCase for React components, or lowercase for HTML elements.
<linearGradient /> is using incorrect casing. Use PascalCase for React components, or lowercase for HTML elements.

 ✓ src/pages/construction/EquipmentManagementPage.test.tsx > EquipmentManagementPage smoke test > renders without crashing 71ms
 ✓ src/pages/construction/EquipmentManagementPage.test.tsx > EquipmentManagementPage smoke test > displays page heading 47ms
 × src/pages/__tests__/sectors/TelecomDashboardPage.test.tsx > sectors/TelecomDashboardPage > renders the telecom dashboard 94ms
   → Invalid Chai property: toBeInTheDocument
 × src/pages/__tests__/sectors/TelecomDashboardPage.test.tsx > sectors/TelecomDashboardPage > renders KPI metrics 31ms
   → Invalid Chai property: toBeInTheDocument
 ✓ src/pages/__tests__/sectors/TelecomDashboardPage.test.tsx > sectors/TelecomDashboardPage > renders charts 21ms
(node:4820) ExperimentalWarning: localStorage is not available because --localstorage-file was not provided.
(Use `node --trace-warnings ...` to show where the warning was created)
 × src/pages/__tests__/data/ImportJobHistory.test.tsx > ImportJobHistory > renders the heading 39ms
   → Invalid Chai property: toBeInTheDocument
 × src/pages/__tests__/data/ImportJobHistory.test.tsx > ImportJobHistory > renders table headers 5ms
   → Invalid Chai property: toBeInTheDocument
 ✓ src/pages/__tests__/data/ImportJobHistory.test.tsx > ImportJobHistory > renders empty table body with no jobs 5ms
 × src/pages/__tests__/data/ImportJobHistory.test.tsx > ImportJobHistory > renders job rows when data is provided 5ms
   → Invalid Chai property: toBeInTheDocument
(node:4820) ExperimentalWarning: localStorage is not available because --localstorage-file was not provided.
(Use `node --trace-warnings ...` to show where the warning was created)
 ✓ src/pages/reports/CashFlowPage.test.tsx > CashFlowPage smoke test > renders without crashing 43ms
 ✓ src/pages/reports/CashFlowPage.test.tsx > CashFlowPage smoke test > displays expected empty state 22ms
(node:4820) ExperimentalWarning: localStorage is not available because --localstorage-file was not provided.
(Use `node --trace-warnings ...` to show where the warning was created)
 ✓ src/pages/reports/components/BudgetVsActualSummary.test.tsx > BudgetVsActualSummary > renders budget, actual, and variance values 58ms
 ✓ src/pages/reports/components/BudgetVsActualSummary.test.tsx > BudgetVsActualSummary > displays utilization percentage 4ms
 ✓ src/pages/reports/components/BudgetVsActualSummary.test.tsx > BudgetVsActualSummary > applies green color for favorable variance 4ms
 ✓ src/pages/reports/components/BudgetVsActualSummary.test.tsx > BudgetVsActualSummary > applies red color for unfavorable variance 3ms
 ✓ src/pages/reports/components/BudgetVsActualSummary.test.tsx > BudgetVsActualSummary > renders progress bar with correct width 4ms
 ✓ src/pages/reports/components/BudgetVsActualSummary.test.tsx > BudgetVsActualSummary > caps progress bar at 100% 2ms
(node:4820) ExperimentalWarning: localStorage is not available because --localstorage-file was not provided.
(Use `node --trace-warnings ...` to show where the warning was created)
 × src/components/ui/Avatar.test.tsx > Avatar > renders initials when no src provided 40ms
   → Invalid Chai property: toBeInTheDocument
 × src/components/ui/Avatar.test.tsx > Avatar > renders uppercased initials 3ms
   → Invalid Chai property: toBeInTheDocument
 × src/components/ui/Avatar.test.tsx > Avatar > renders img when src is provided 93ms
   → Invalid Chai property: toHaveAttribute
 × src/components/ui/Avatar.test.tsx > Avatar > does not render initials when img is shown 5ms
   → Invalid Chai property: toBeInTheDocument
(node:4820) ExperimentalWarning: localStorage is not available because --localstorage-file was not provided.
(Use `node --trace-warnings ...` to show where the warning was created)
 ✓ src/components/ui/SandboxMode.test.tsx > SandboxMode > renders without crashing when inactive 16ms
 ✓ src/components/ui/SandboxMode.test.tsx > SandboxMode > renders without crashing when active 3ms
 × src/components/ui/SandboxMode.test.tsx > SandboxMode > shows "Sandbox Mode" button when inactive 17ms
   → Invalid Chai property: toBeInTheDocument
 × src/components/ui/SandboxMode.test.tsx > SandboxMode > shows active banner when active 4ms
   → Invalid Chai property: toBeInTheDocument
 × src/components/ui/SandboxMode.test.tsx > SandboxMode > shows "Exit Sandbox" button when active 4ms
   → Invalid Chai property: toBeInTheDocument
 ✓ src/components/ui/SandboxMode.test.tsx > SandboxMode > calls onToggle when inactive button is clicked 10ms
 ✓ src/components/ui/SandboxMode.test.tsx > SandboxMode > calls onToggle when exit button is clicked 3ms
(node:4820) ExperimentalWarning: localStorage is not available because --localstorage-file was not provided.
(Use `node --trace-warnings ...` to show where the warning was created)
 ✓ src/hooks/useDensity.test.ts > useDensity > should return comfortable by default 17ms
 ✓ src/hooks/useDensity.test.ts > useDensity > should return compact when set 2ms
 ✓ src/hooks/useDensity.test.ts > densityClass > should return compact value when compact 0ms
 ✓ src/hooks/useDensity.test.ts > densityClass > should return comfortable value when comfortable 0ms
 ✓ src/hooks/useDensity.test.ts > densityClass > should return empty string for comfortable with no comfortableValue 0ms
 × src/components/ui/Avatar.test.tsx > Avatar > falls back to initials on img error 1022ms
   → Invalid Chai property: toBeInTheDocument

Ignored nodes: comments, script, style
[36m<html>[39m
  [36m<head />[39m
  [36m<body>[39m
    [36m<div>[39m
      [36m<div[39m
        [33mclass[39m=[32m"relative flex shrink-0 overflow-hidden rounded-full select-none items-center justify-center font-medium w-8 h-8 text-sm bg-blue-600 text-white"[39m
      [36m>[39m
        [36m<span>[39m
          [0mTB[0m
        [36m</span>[39m
      [36m</div>[39m
    [36m</div>[39m
  [36m</body>[39m
[36m</html>[39m
 ✓ src/components/ui/Avatar.test.tsx > Avatar > applies size classes 4ms
 ✓ src/components/ui/Avatar.test.tsx > Avatar > applies custom className 2ms
 ✓ src/components/ui/Avatar.test.tsx > Avatar > renders with default md size 2ms
(node:4820) ExperimentalWarning: localStorage is not available because --localstorage-file was not provided.
(Use `node --trace-warnings ...` to show where the warning was created)
(node:4820) ExperimentalWarning: localStorage is not available because --localstorage-file was not provided.
(Use `node --trace-warnings ...` to show where the warning was created)
 × src/components/ui/FileDropZone.test.tsx > FileDropZone > renders default state with heading 65ms
   → Invalid Chai property: toBeInTheDocument
 ✓ src/components/ui/FileDropZone.test.tsx > FileDropZone > shows file type labels for CSV and XLSX 13ms
 × src/components/ui/FileDropZone.test.tsx > FileDropZone > renders Data Pipeline Protocol section 11ms
   → Invalid Chai property: toBeInTheDocument
 × src/components/ui/FileDropZone.test.tsx > FileDropZone > has a hidden file input 9ms
   → Invalid Chai property: toBeInTheDocument
 ✓ src/components/ui/FileDropZone.test.tsx > FileDropZone > accepts custom accept attribute 15ms
 ✓ src/pages/reports/ProfitLossPage.test.tsx > ProfitLossPage smoke test > renders without crashing 39ms
 × src/pages/reports/ProfitLossPage.test.tsx > ProfitLossPage smoke test > shows the no data state when entries are empty 43ms
   → Invalid Chai property: toBeInTheDocument
 × src/pages/reports/ProfitLossPage.test.tsx > ProfitLossPage smoke test > shows import data button when entries are empty 98ms
   → Invalid Chai property: toBeInTheDocument
 × src/components/ui/FileDropZone.test.tsx > FileDropZone > shows drag active state on dragOver 120ms
   → Invalid Chai property: toBeInTheDocument
 × src/components/ui/FileDropZone.test.tsx > FileDropZone > reverts to default state on dragLeave 20ms
   → Invalid Chai property: toBeInTheDocument
(node:4820) ExperimentalWarning: localStorage is not available because --localstorage-file was not provided.
(Use `node --trace-warnings ...` to show where the warning was created)
 × src/components/ui/FinancialTable.test.tsx > FinancialTable > renders column headers 41ms
   → Invalid Chai property: toBeInTheDocument
 × src/components/ui/FinancialTable.test.tsx > FinancialTable > renders data rows with correct values 6ms
   → Invalid Chai property: toBeInTheDocument
 × src/components/ui/FinancialTable.test.tsx > FinancialTable > formats numbers as currency when type is currency 4ms
   → Invalid Chai property: toBeInTheDocument
 × src/components/ui/FinancialTable.test.tsx > FinancialTable > shows empty state when no rows 3ms
   → Invalid Chai property: toBeInTheDocument
 × src/components/ui/FinancialTable.test.tsx > FinancialTable > renders empty placeholder for null values 3ms
   → Invalid Chai property: toBeInTheDocument
(node:4820) ExperimentalWarning: localStorage is not available because --localstorage-file was not provided.
(Use `node --trace-warnings ...` to show where the warning was created)
(node:4820) ExperimentalWarning: localStorage is not available because --localstorage-file was not provided.
(Use `node --trace-warnings ...` to show where the warning was created)
 ✓ src/engines/FairValueEngine.test.ts > FairValueEngine > classifyByLevel > classifies Level 1 (quoted prices) 2ms
 ✓ src/engines/FairValueEngine.test.ts > FairValueEngine > classifyByLevel > classifies Level 2 (observable inputs) 0ms
 ✓ src/engines/FairValueEngine.test.ts > FairValueEngine > classifyByLevel > classifies Level 3 (unobservable) 0ms
 ✓ src/engines/FairValueEngine.test.ts > FairValueEngine > calculateDCF > calculates DCF with positive cash flows 0ms
 ✓ src/engines/FairValueEngine.test.ts > FairValueEngine > calculateDCF > calculates DCF with terminal growth rate 0ms
 ✓ src/engines/FairValueEngine.test.ts > FairValueEngine > calculateDCF > handles zero discount rate 0ms
 ✓ src/engines/FairValueEngine.test.ts > FairValueEngine > measure and getHierarchy > measures and retrieves hierarchy 1ms
 ✓ src/hooks/useIndexedDB.test.ts > useIndexedDB > getItem calls store.get 26ms
 ✓ src/hooks/useIndexedDB.test.ts > useIndexedDB > setItem calls store.put 13ms
(node:4820) ExperimentalWarning: localStorage is not available because --localstorage-file was not provided.
(Use `node --trace-warnings ...` to show where the warning was created)
 ✓ src/engines/DataCatalogEngine.test.ts > DataCatalogEngine > addAsset > should add a data asset 2ms
 ✓ src/engines/DataCatalogEngine.test.ts > DataCatalogEngine > search > should find assets by name 1ms
 ✓ src/engines/DataCatalogEngine.test.ts > DataCatalogEngine > removeAsset > should remove an asset 0ms
(node:4820) ExperimentalWarning: localStorage is not available because --localstorage-file was not provided.
(Use `node --trace-warnings ...` to show where the warning was created)
(node:4820) ExperimentalWarning: localStorage is not available because --localstorage-file was not provided.
(Use `node --trace-warnings ...` to show where the warning was created)
 ✓ src/components/reports/BoardPackBuilder.test.tsx > BoardPackBuilder > renders without crashing 21ms
 × src/components/reports/BoardPackBuilder.test.tsx > BoardPackBuilder > renders the Sections heading 20ms
   → Invalid Chai property: toBeInTheDocument
 × src/components/reports/BoardPackBuilder.test.tsx > BoardPackBuilder > renders all default section names 5ms
   → Invalid Chai property: toBeInTheDocument
(node:4820) ExperimentalWarning: localStorage is not available because --localstorage-file was not provided.
(Use `node --trace-warnings ...` to show where the warning was created)
 × src/components/reports/BoardPackBuilder.test.tsx > BoardPackBuilder > renders the Generate PDF button 107ms
   → Invalid Chai property: toBeInTheDocument
 × src/components/reports/BoardPackBuilder.test.tsx > BoardPackBuilder > renders the preview area with h1 heading 5ms
   → Invalid Chai property: toBeInTheDocument
 ✓ src/components/reports/BoardPackBuilder.test.tsx > BoardPackBuilder > renders five section cards 4ms
 ✓ src/utils/__tests__/localeFormatting.test.ts > localeFormatting > formatNumber > formats with en locale 3ms
 ✓ src/utils/__tests__/localeFormatting.test.ts > localeFormatting > formatCurrency > formats with currency symbol 1ms
 ✓ src/utils/__tests__/localeFormatting.test.ts > localeFormatting > formatPercent > formats percentage 0ms
 ✓ src/utils/__tests__/localeFormatting.test.ts > localeFormatting > formatDate > formats date 1ms
 ✓ src/utils/__tests__/localeFormatting.test.ts > localeFormatting > formatDate > formats Date object 0ms
 ✓ src/utils/__tests__/localeFormatting.test.ts > localeFormatting > formatDateTime > formats date and time 0ms
 ✓ src/utils/__tests__/localeFormatting.test.ts > localeFormatting > formatCompactNumber > formats compact 0ms
 ✓ src/utils/__tests__/localeFormatting.test.ts > localeFormatting > isRTL > returns true for Arabic 0ms
 ✓ src/utils/__tests__/localeFormatting.test.ts > localeFormatting > isRTL > returns false for English 0ms
 ✓ src/utils/__tests__/localeFormatting.test.ts > localeFormatting > getLocaleDirection > returns rtl for Arabic 0ms
 ✓ src/utils/__tests__/localeFormatting.test.ts > localeFormatting > getLocaleDirection > returns ltr for English 0ms
 ✓ src/utils/__tests__/localeFormatting.test.ts > localeFormatting > getCurrencySymbol > returns $ for USD 0ms
 × src/pages/treasury/__tests__/FXExposurePage.test.tsx > FXExposurePage > renders the page heading 25ms
   → [vitest] No "Table" export is defined on the "lucide-react" mock. Did you forget to return it from "vi.mock"?
If you need to partially mock a module, you can use "importOriginal" helper inside:

 × src/pages/treasury/__tests__/FXExposurePage.test.tsx > FXExposurePage > renders KPI section 3ms
   → [vitest] No "Table" export is defined on the "lucide-react" mock. Did you forget to return it from "vi.mock"?
If you need to partially mock a module, you can use "importOriginal" helper inside:

 × src/pages/treasury/__tests__/FXExposurePage.test.tsx > FXExposurePage > renders currency exposure table 2ms
   → [vitest] No "Table" export is defined on the "lucide-react" mock. Did you forget to return it from "vi.mock"?
If you need to partially mock a module, you can use "importOriginal" helper inside:

 × src/pages/treasury/__tests__/FXExposurePage.test.tsx > FXExposurePage > renders charts 3ms
   → [vitest] No "Table" export is defined on the "lucide-react" mock. Did you forget to return it from "vi.mock"?
If you need to partially mock a module, you can use "importOriginal" helper inside:

 × src/pages/treasury/__tests__/FXExposurePage.test.tsx > FXExposurePage > renders export button 2ms
   → [vitest] No "Table" export is defined on the "lucide-react" mock. Did you forget to return it from "vi.mock"?
If you need to partially mock a module, you can use "importOriginal" helper inside:

(node:4820) ExperimentalWarning: localStorage is not available because --localstorage-file was not provided.
(Use `node --trace-warnings ...` to show where the warning was created)
(node:4820) ExperimentalWarning: localStorage is not available because --localstorage-file was not provided.
(Use `node --trace-warnings ...` to show where the warning was created)
 × src/components/ui/Card.test.tsx > Card > renders Card with children 39ms
   → Invalid Chai property: toBeInTheDocument
 × src/components/ui/Card.test.tsx > Card > renders CardHeader 3ms
   → Invalid Chai property: toBeInTheDocument
 ✓ src/components/ui/Card.test.tsx > Card > renders CardTitle with h3 tag 3ms
 × src/components/ui/Card.test.tsx > Card > renders CardDescription 2ms
   → Invalid Chai property: toBeInTheDocument
 × src/components/ui/Card.test.tsx > Card > renders CardContent with children 8ms
   → Invalid Chai property: toBeInTheDocument
 × src/components/ui/Card.test.tsx > Card > renders CardFooter 4ms
   → Invalid Chai property: toBeInTheDocument
 × src/components/ui/Card.test.tsx > Card > renders composed card with all subcomponents 6ms
   → Invalid Chai property: toBeInTheDocument
 × src/components/ui/EntityTree.test.tsx > EntityTree > renders root entities 77ms
   → Invalid Chai property: toBeInTheDocument
 × src/components/ui/EntityTree.test.tsx > EntityTree > shows organization hierarchy heading 8ms
   → Invalid Chai property: toBeInTheDocument
 × src/components/ui/EntityTree.test.tsx > EntityTree > shows entity codes 9ms
   → Invalid Chai property: toBeInTheDocument
(node:4820) ExperimentalWarning: localStorage is not available because --localstorage-file was not provided.
(Use `node --trace-warnings ...` to show where the warning was created)
 ✓ src/components/ui/EntityTree.test.tsx > EntityTree > calls onSelect when entity clicked 7ms
 × src/components/ui/EntityTree.test.tsx > EntityTree > handles empty entities 3ms
   → Invalid Chai property: toBeInTheDocument
 × src/components/ui/EntityTree.test.tsx > EntityTree > renders expandable entities with children 9ms
   → Invalid Chai property: toBeInTheDocument
 × src/utils/masterStorage.stress.test.ts > masterStorage Stress Tests > handles 1000 rapid concurrent writes 42ms
   → expected "vi.fn()" to be called 1000 times, but got 0 times
 ✓ src/utils/masterStorage.stress.test.ts > masterStorage Stress Tests > handles failover scenarios (simulated) 2ms
 × src/utils/masterStorage.stress.test.ts > masterStorage Stress Tests > verifies data consistency with large payloads (5MB) 18ms
   → expected "vi.fn()" to be called with arguments: [ 'large-payload', …(1) ]

Number of calls: 0

(node:4820) ExperimentalWarning: localStorage is not available because --localstorage-file was not provided.
(Use `node --trace-warnings ...` to show where the warning was created)
(node:4820) ExperimentalWarning: localStorage is not available because --localstorage-file was not provided.
(Use `node --trace-warnings ...` to show where the warning was created)
stdout | src/utils/__tests__/logger.test.ts > logger > logs debug messages
[DEBUG] test debug

stdout | src/utils/__tests__/logger.test.ts > logger > logs info messages
[INFO] test info

stderr | src/utils/__tests__/logger.test.ts > logger > logs warn messages
[WARN] test warn { key: 'value' }

stderr | src/utils/__tests__/logger.test.ts > logger > logs error messages
[ERROR] test error

stdout | src/utils/__tests__/logger.test.ts > logger > clearBuffer empties buffer
[INFO] msg

stdout | src/utils/__tests__/logger.test.ts > logger > getRecent returns last N entries
[INFO] msg1
[INFO] msg2
[INFO] msg3

stdout | src/utils/__tests__/logger.test.ts > logger > createLogger adds source
[INFO] [TestModule] module message

stdout | src/utils/__tests__/logger.test.ts > logger > buffers up to max and shifts
[INFO] msg-0
[INFO] msg-1
[INFO] msg-2
[INFO] msg-3
[INFO] msg-4
[INFO] msg-5
[INFO] msg-6
[INFO] msg-7
[INFO] msg-8
[INFO] msg-9
[INFO] msg-10
[INFO] msg-11
[INFO] msg-12
[INFO] msg-13
[INFO] msg-14
[INFO] msg-15
[INFO] msg-16
[INFO] msg-17
[INFO] msg-18
[INFO] msg-19
[INFO] msg-20
[INFO] msg-21
[INFO] msg-22
[INFO] msg-23
[INFO] msg-24
[INFO] msg-25
[INFO] msg-26
[INFO] msg-27
[INFO] msg-28
[INFO] msg-29
[INFO] msg-30
[INFO] msg-31
[INFO] msg-32
[INFO] msg-33
[INFO] msg-34
[INFO] msg-35
[INFO] msg-36
[INFO] msg-37
[INFO] msg-38
[INFO] msg-39
[INFO] msg-40
[INFO] msg-41
[INFO] msg-42
[INFO] msg-43
[INFO] msg-44
[INFO] msg-45
[INFO] msg-46
[INFO] msg-47
[INFO] msg-48
[INFO] msg-49
[INFO] msg-50
[INFO] msg-51
[INFO] msg-52
[INFO] msg-53
[INFO] msg-54
[INFO] msg-55
[INFO] msg-56
[INFO] msg-57
[INFO] msg-58
[INFO] msg-59
[INFO] msg-60
[INFO] msg-61
[INFO] msg-62
[INFO] msg-63
[INFO] msg-64
[INFO] msg-65
[INFO] msg-66
[INFO] msg-67
[INFO] msg-68
[INFO] msg-69
[INFO] msg-70
[INFO] msg-71
[INFO] msg-72
[INFO] msg-73
[INFO] msg-74
[INFO] msg-75
[INFO] msg-76
[INFO] msg-77
[INFO] msg-78
[INFO] msg-79
[INFO] msg-80
[INFO] msg-81
[INFO] msg-82
[INFO] msg-83
[INFO] msg-84
[INFO] msg-85
[INFO] msg-86
[INFO] msg-87
[INFO] msg-88
[INFO] msg-89
[INFO] msg-90
[INFO] msg-91
[INFO] msg-92
[INFO] msg-93
[INFO] msg-94
[INFO] msg-95
[INFO] msg-96
[INFO] msg-97
[INFO] msg-98
[INFO] msg-99
[INFO] msg-100
[INFO] msg-101
[INFO] msg-102
[INFO] msg-103
[INFO] msg-104
[INFO] msg-105
[INFO] msg-106
[INFO] msg-107
[INFO] msg-108
[INFO] msg-109
[INFO] msg-110
[INFO] msg-111
[INFO] msg-112
[INFO] msg-113
[INFO] msg-114
[INFO] msg-115
[INFO] msg-116
[INFO] msg-117
[INFO] msg-118
[INFO] msg-119
[INFO] msg-120
[INFO] msg-121
[INFO] msg-122
[INFO] msg-123
[INFO] msg-124
[INFO] msg-125
[INFO] msg-126
[INFO] msg-127
[INFO] msg-128
[INFO] msg-129
[INFO] msg-130
[INFO] msg-131
[INFO] msg-132
[INFO] msg-133
[INFO] msg-134
[INFO] msg-135
[INFO] msg-136
[INFO] msg-137
[INFO] msg-138
[INFO] msg-139
[INFO] msg-140
[INFO] msg-141
[INFO] msg-142
[INFO] msg-143
[INFO] msg-144
[INFO] msg-145
[INFO] msg-146
[INFO] msg-147
[INFO] msg-148
[INFO] msg-149
[INFO] msg-150
[INFO] msg-151
[INFO] msg-152
[INFO] msg-153
[INFO] msg-154
[INFO] msg-155
[INFO] msg-156
[INFO] msg-157
[INFO] msg-158
[INFO] msg-159
[INFO] msg-160
[INFO] msg-161
[INFO] msg-162
[INFO] msg-163
[INFO] msg-164
[INFO] msg-165
[INFO] msg-166
[INFO] msg-167
[INFO] msg-168
[INFO] msg-169
[INFO] msg-170
[INFO] msg-171
[INFO] msg-172
[INFO] msg-173
[INFO] msg-174
[INFO] msg-175
[INFO] msg-176
[INFO] msg-177
[INFO] msg-178
[INFO] msg-179
[INFO] msg-180
[INFO] msg-181
[INFO] msg-182
[INFO] msg-183
[INFO] msg-184
[INFO] msg-185
[INFO] msg-186
[INFO] msg-187
[INFO] msg-188
[INFO] msg-189
[INFO] msg-190
[INFO] msg-191
[INFO] msg-192
[INFO] msg-193
[INFO] msg-194
[INFO] msg-195
[INFO] msg-196
[INFO] msg-197
[INFO] msg-198
[INFO] msg-199
[INFO] msg-200
[INFO] msg-201
[INFO] msg-202
[INFO] msg-203
[INFO] msg-204
[INFO] msg-205
[INFO] msg-206
[INFO] msg-207
[INFO] msg-208
[INFO] msg-209
[INFO] msg-210
[INFO] msg-211
[INFO] msg-212
[INFO] msg-213
[INFO] msg-214
[INFO] msg-215
[INFO] msg-216
[INFO] msg-217
[INFO] msg-218
[INFO] msg-219
[INFO] msg-220
[INFO] msg-221
[INFO] msg-222
[INFO] msg-223
[INFO] msg-224
[INFO] msg-225
[INFO] msg-226
[INFO] msg-227
[INFO] msg-228
[INFO] msg-229
[INFO] msg-230
[INFO] msg-231
[INFO] msg-232
[INFO] msg-233
[INFO] msg-234
[INFO] msg-235
[INFO] msg-236
[INFO] msg-237
[INFO] msg-238
[INFO] msg-239
[INFO] msg-240
[INFO] msg-241
[INFO] msg-242
[INFO] msg-243
[INFO] msg-244
[INFO] msg-245
[INFO] msg-246
[INFO] msg-247
[INFO] msg-248
[INFO] msg-249
[INFO] msg-250
[INFO] msg-251
[INFO] msg-252
[INFO] msg-253
[INFO] msg-254
[INFO] msg-255
[INFO] msg-256
[INFO] msg-257
[INFO] msg-258
[INFO] msg-259
[INFO] msg-260
[INFO] msg-261
[INFO] msg-262
[INFO] msg-263
[INFO] msg-264
[INFO] msg-265
[INFO] msg-266
[INFO] msg-267
[INFO] msg-268
[INFO] msg-269
[INFO] msg-270
[INFO] msg-271
[INFO] msg-272
[INFO] msg-273
[INFO] msg-274
[INFO] msg-275
[INFO] msg-276
[INFO] msg-277
[INFO] msg-278
[INFO] msg-279
[INFO] msg-280
[INFO] msg-281
[INFO] msg-282
[INFO] msg-283
[INFO] msg-284
[INFO] msg-285
[INFO] msg-286
[INFO] msg-287
[INFO] msg-288
[INFO] msg-289
[INFO] msg-290
[INFO] msg-291
[INFO] msg-292
[INFO] msg-293
[INFO] msg-294
[INFO] msg-295
[INFO] msg-296
[INFO] msg-297
[INFO] msg-298
[INFO] msg-299
[INFO] msg-300
[INFO] msg-301
[INFO] msg-302
[INFO] msg-303
[INFO] msg-304
[INFO] msg-305
[INFO] msg-306
[INFO] msg-307
[INFO] msg-308
[INFO] msg-309
[INFO] msg-310
[INFO] msg-311
[INFO] msg-312
[INFO] msg-313
[INFO] msg-314
[INFO] msg-315
[INFO] msg-316
[INFO] msg-317
[INFO] msg-318
[INFO] msg-319
[INFO] msg-320
[INFO] msg-321
[INFO] msg-322
[INFO] msg-323
[INFO] msg-324
[INFO] msg-325
[INFO] msg-326
[INFO] msg-327
[INFO] msg-328
[INFO] msg-329
[INFO] msg-330
[INFO] msg-331
[INFO] msg-332
[INFO] msg-333
[INFO] msg-334
[INFO] msg-335
[INFO] msg-336
[INFO] msg-337
[INFO] msg-338
[INFO] msg-339
[INFO] msg-340
[INFO] msg-341
[INFO] msg-342
[INFO] msg-343
[INFO] msg-344
[INFO] msg-345
[INFO] msg-346
[INFO] msg-347
[INFO] msg-348
[INFO] msg-349
[INFO] msg-350
[INFO] msg-351
[INFO] msg-352
[INFO] msg-353
[INFO] msg-354
[INFO] msg-355
[INFO] msg-356
[INFO] msg-357
[INFO] msg-358
[INFO] msg-359
[INFO] msg-360
[INFO] msg-361
[INFO] msg-362
[INFO] msg-363
[INFO] msg-364
[INFO] msg-365
[INFO] msg-366
[INFO] msg-367
[INFO] msg-368
[INFO] msg-369
[INFO] msg-370
[INFO] msg-371
[INFO] msg-372
[INFO] msg-373
[INFO] msg-374
[INFO] msg-375
[INFO] msg-376
[INFO] msg-377
[INFO] msg-378
[INFO] msg-379
[INFO] msg-380
[INFO] msg-381
[INFO] msg-382
[INFO] msg-383
[INFO] msg-384
[INFO] msg-385
[INFO] msg-386
[INFO] msg-387
[INFO] msg-388
[INFO] msg-389
[INFO] msg-390
[INFO] msg-391
[INFO] msg-392
[INFO] msg-393
[INFO] msg-394
[INFO] msg-395
[INFO] msg-396
[INFO] msg-397
[INFO] msg-398
[INFO] msg-399
[INFO] msg-400
[INFO] msg-401
[INFO] msg-402
[INFO] msg-403
[INFO] msg-404
[INFO] msg-405
[INFO] msg-406
[INFO] msg-407
[INFO] msg-408
[INFO] msg-409
[INFO] msg-410
[INFO] msg-411
[INFO] msg-412
[INFO] msg-413
[INFO] msg-414
[INFO] msg-415
[INFO] msg-416
[INFO] msg-417
[INFO] msg-418
[INFO] msg-419
[INFO] msg-420
[INFO] msg-421
[INFO] msg-422
[INFO] msg-423
[INFO] msg-424
[INFO] msg-425
[INFO] msg-426
[INFO] msg-427
[INFO] msg-428
[INFO] msg-429
[INFO] msg-430
[INFO] msg-431
[INFO] msg-432
[INFO] msg-433
[INFO] msg-434
[INFO] msg-435
[INFO] msg-436
[INFO] msg-437
[INFO] msg-438
[INFO] msg-439
[INFO] msg-440
[INFO] msg-441
[INFO] msg-442
[INFO] msg-443
[INFO] msg-444
[INFO] msg-445
[INFO] msg-446
[INFO] msg-447
[INFO] msg-448
[INFO] msg-449
[INFO] msg-450
[INFO] msg-451
[INFO] msg-452
[INFO] msg-453
[INFO] msg-454
[INFO] msg-455
[INFO] msg-456
[INFO] msg-457
[INFO] msg-458
[INFO] msg-459
[INFO] msg-460
[INFO] msg-461
[INFO] msg-462
[INFO] msg-463
[INFO] msg-464
[INFO] msg-465
[INFO] msg-466
[INFO] msg-467
[INFO] msg-468
[INFO] msg-469
[INFO] msg-470
[INFO] msg-471
[INFO] msg-472
[INFO] msg-473
[INFO] msg-474
[INFO] msg-475
[INFO] msg-476
[INFO] msg-477
[INFO] msg-478
[INFO] msg-479
[INFO] msg-480
[INFO] msg-481
[INFO] msg-482
[INFO] msg-483
[INFO] msg-484
[INFO] msg-485
[INFO] msg-486
[INFO] msg-487
[INFO] msg-488
[INFO] msg-489
[INFO] msg-490
[INFO] msg-491
[INFO] msg-492
[INFO] msg-493
[INFO] msg-494
[INFO] msg-495
[INFO] msg-496
[INFO] msg-497
[INFO] msg-498
[INFO] msg-499
[INFO] msg-500
[INFO] msg-501
[INFO] msg-502
[INFO] msg-503
[INFO] msg-504
[INFO] msg-505
[INFO] msg-506
[INFO] msg-507
[INFO] msg-508
[INFO] msg-509
[INFO] msg-510
[INFO] msg-511
[INFO] msg-512
[INFO] msg-513
[INFO] msg-514
[INFO] msg-515
[INFO] msg-516
[INFO] msg-517
[INFO] msg-518
[INFO] msg-519
[INFO] msg-520
[INFO] msg-521
[INFO] msg-522
[INFO] msg-523
[INFO] msg-524
[INFO] msg-525
[INFO] msg-526
[INFO] msg-527
[INFO] msg-528
[INFO] msg-529
[INFO] msg-530
[INFO] msg-531
[INFO] msg-532
[INFO] msg-533
[INFO] msg-534
[INFO] msg-535
[INFO] msg-536
[INFO] msg-537
[INFO] msg-538
[INFO] msg-539
[INFO] msg-540
[INFO] msg-541
[INFO] msg-542
[INFO] msg-543
[INFO] msg-544
[INFO] msg-545
[INFO] msg-546
[INFO] msg-547
[INFO] msg-548
[INFO] msg-549
[INFO] msg-550
[INFO] msg-551
[INFO] msg-552
[INFO] msg-553
[INFO] msg-554
[INFO] msg-555
[INFO] msg-556
[INFO] msg-557
[INFO] msg-558
[INFO] msg-559
[INFO] msg-560
[INFO] msg-561
[INFO] msg-562
[INFO] msg-563
[INFO] msg-564
[INFO] msg-565
[INFO] msg-566
[INFO] msg-567
[INFO] msg-568
[INFO] msg-569
[INFO] msg-570
[INFO] msg-571
[INFO] msg-572
[INFO] msg-573
[INFO] msg-574
[INFO] msg-575
[INFO] msg-576
[INFO] msg-577
[INFO] msg-578
[INFO] msg-579
[INFO] msg-580
[INFO] msg-581
[INFO] msg-582
[INFO] msg-583
[INFO] msg-584
[INFO] msg-585
[INFO] msg-586
[INFO] msg-587
[INFO] msg-588
[INFO] msg-589
[INFO] msg-590
[INFO] msg-591
[INFO] msg-592
[INFO] msg-593
[INFO] msg-594
[INFO] msg-595
[INFO] msg-596
[INFO] msg-597
[INFO] msg-598
[INFO] msg-599
[INFO] msg-600
[INFO] msg-601
[INFO] msg-602
[INFO] msg-603
[INFO] msg-604
[INFO] msg-605
[INFO] msg-606
[INFO] msg-607
[INFO] msg-608
[INFO] msg-609
[INFO] msg-610
[INFO] msg-611
[INFO] msg-612
[INFO] msg-613
[INFO] msg-614
[INFO] msg-615
[INFO] msg-616
[INFO] msg-617
[INFO] msg-618
[INFO] msg-619
[INFO] msg-620
[INFO] msg-621
[INFO] msg-622
[INFO] msg-623
[INFO] msg-624
[INFO] msg-625
[INFO] msg-626
[INFO] msg-627
[INFO] msg-628
[INFO] msg-629
[INFO] msg-630
[INFO] msg-631
[INFO] msg-632
[INFO] msg-633
[INFO] msg-634
[INFO] msg-635
[INFO] msg-636
[INFO] msg-637
[INFO] msg-638
[INFO] msg-639
[INFO] msg-640
[INFO] msg-641
[INFO] msg-642
[INFO] msg-643
[INFO] msg-644
[INFO] msg-645
[INFO] msg-646
[INFO] msg-647
[INFO] msg-648
[INFO] msg-649
[INFO] msg-650
[INFO] msg-651
[INFO] msg-652
[INFO] msg-653
[INFO] msg-654
[INFO] msg-655
[INFO] msg-656
[INFO] msg-657
[INFO] msg-658
[INFO] msg-659
[INFO] msg-660
[INFO] msg-661
[INFO] msg-662
[INFO] msg-663
[INFO] msg-664
[INFO] msg-665
[INFO] msg-666
[INFO] msg-667
[INFO] msg-668
[INFO] msg-669
[INFO] msg-670
[INFO] msg-671
[INFO] msg-672
[INFO] msg-673
[INFO] msg-674
[INFO] msg-675
[INFO] msg-676
[INFO] msg-677
[INFO] msg-678
[INFO] msg-679
[INFO] msg-680
[INFO] msg-681
[INFO] msg-682
[INFO] msg-683
[INFO] msg-684
[INFO] msg-685
[INFO] msg-686
[INFO] msg-687
[INFO] msg-688
[INFO] msg-689
[INFO] msg-690
[INFO] msg-691
[INFO] msg-692
[INFO] msg-693
[INFO] msg-694
[INFO] msg-695
[INFO] msg-696
[INFO] msg-697
[INFO] msg-698
[INFO] msg-699
[INFO] msg-700
[INFO] msg-701
[INFO] msg-702
[INFO] msg-703
[INFO] msg-704
[INFO] msg-705
[INFO] msg-706
[INFO] msg-707
[INFO] msg-708
[INFO] msg-709
[INFO] msg-710
[INFO] msg-711
[INFO] msg-712
[INFO] msg-713
[INFO] msg-714
[INFO] msg-715
[INFO] msg-716
[INFO] msg-717
[INFO] msg-718
[INFO] msg-719
[INFO] msg-720
[INFO] msg-721
[INFO] msg-722
[INFO] msg-723
[INFO] msg-724
[INFO] msg-725
[INFO] msg-726
[INFO] msg-727
[INFO] msg-728
[INFO] msg-729
[INFO] msg-730
[INFO] msg-731
[INFO] msg-732
[INFO] msg-733
[INFO] msg-734
[INFO] msg-735
[INFO] msg-736
[INFO] msg-737
[INFO] msg-738
[INFO] msg-739
[INFO] msg-740
[INFO] msg-741
[INFO] msg-742
[INFO] msg-743
[INFO] msg-744
[INFO] msg-745
[INFO] msg-746
[INFO] msg-747
[INFO] msg-748
[INFO] msg-749
[INFO] msg-750
[INFO] msg-751
[INFO] msg-752
[INFO] msg-753
[INFO] msg-754
[INFO] msg-755
[INFO] msg-756
[INFO] msg-757
[INFO] msg-758
[INFO] msg-759
[INFO] msg-760
[INFO] msg-761
[INFO] msg-762
[INFO] msg-763
[INFO] msg-764
[INFO] msg-765
[INFO] msg-766
[INFO] msg-767
[INFO] msg-768
[INFO] msg-769
[INFO] msg-770
[INFO] msg-771
[INFO] msg-772
[INFO] msg-773
[INFO] msg-774
[INFO] msg-775
[INFO] msg-776
[INFO] msg-777
[INFO] msg-778
[INFO] msg-779
[INFO] msg-780
[INFO] msg-781
[INFO] msg-782
[INFO] msg-783
[INFO] msg-784
[INFO] msg-785
[INFO] msg-786
[INFO] msg-787
[INFO] msg-788
[INFO] msg-789
[INFO] msg-790
[INFO] msg-791
[INFO] msg-792
[INFO] msg-793
[INFO] msg-794
[INFO] msg-795
[INFO] msg-796
[INFO] msg-797
[INFO] msg-798
[INFO] msg-799
[INFO] msg-800
[INFO] msg-801
[INFO] msg-802
[INFO] msg-803
[INFO] msg-804
[INFO] msg-805
[INFO] msg-806
[INFO] msg-807
[INFO] msg-808
[INFO] msg-809
[INFO] msg-810
[INFO] msg-811
[INFO] msg-812
[INFO] msg-813
[INFO] msg-814
[INFO] msg-815
[INFO] msg-816
[INFO] msg-817
[INFO] msg-818
[INFO] msg-819
[INFO] msg-820
[INFO] msg-821
[INFO] msg-822
[INFO] msg-823
[INFO] msg-824
[INFO] msg-825
[INFO] msg-826
[INFO] msg-827
[INFO] msg-828
[INFO] msg-829
[INFO] msg-830
[INFO] msg-831
[INFO] msg-832
[INFO] msg-833
[INFO] msg-834
[INFO] msg-835
[INFO] msg-836
[INFO] msg-837
[INFO] msg-838
[INFO] msg-839
[INFO] msg-840
[INFO] msg-841
[INFO] msg-842
[INFO] msg-843
[INFO] msg-844
[INFO] msg-845
[INFO] msg-846
[INFO] msg-847
[INFO] msg-848
[INFO] msg-849
[INFO] msg-850
[INFO] msg-851
[INFO] msg-852
[INFO] msg-853
[INFO] msg-854
[INFO] msg-855
[INFO] msg-856
[INFO] msg-857
[INFO] msg-858
[INFO] msg-859
[INFO] msg-860
[INFO] msg-861
[INFO] msg-862
[INFO] msg-863
[INFO] msg-864
[INFO] msg-865
[INFO] msg-866
[INFO] msg-867
[INFO] msg-868
[INFO] msg-869
[INFO] msg-870
[INFO] msg-871
[INFO] msg-872
[INFO] msg-873
[INFO] msg-874
[INFO] msg-875
[INFO] msg-876
[INFO] msg-877
[INFO] msg-878
[INFO] msg-879
[INFO] msg-880
[INFO] msg-881
[INFO] msg-882
[INFO] msg-883
[INFO] msg-884
[INFO] msg-885
[INFO] msg-886
[INFO] msg-887
[INFO] msg-888
[INFO] msg-889
[INFO] msg-890
[INFO] msg-891
[INFO] msg-892
[INFO] msg-893
[INFO] msg-894
[INFO] msg-895
[INFO] msg-896
[INFO] msg-897
[INFO] msg-898
[INFO] msg-899
[INFO] msg-900
[INFO] msg-901
[INFO] msg-902
[INFO] msg-903
[INFO] msg-904
[INFO] msg-905
[INFO] msg-906
[INFO] msg-907
[INFO] msg-908
[INFO] msg-909
[INFO] msg-910
[INFO] msg-911
[INFO] msg-912
[INFO] msg-913
[INFO] msg-914
[INFO] msg-915
[INFO] msg-916
[INFO] msg-917
[INFO] msg-918
[INFO] msg-919
[INFO] msg-920
[INFO] msg-921
[INFO] msg-922
[INFO] msg-923
[INFO] msg-924
[INFO] msg-925
[INFO] msg-926
[INFO] msg-927
[INFO] msg-928
[INFO] msg-929
[INFO] msg-930
[INFO] msg-931
[INFO] msg-932
[INFO] msg-933
[INFO] msg-934
[INFO] msg-935
[INFO] msg-936
[INFO] msg-937
[INFO] msg-938
[INFO] msg-939
[INFO] msg-940
[INFO] msg-941
[INFO] msg-942
[INFO] msg-943
[INFO] msg-944
[INFO] msg-945
[INFO] msg-946
[INFO] msg-947
[INFO] msg-948
[INFO] msg-949
[INFO] msg-950
[INFO] msg-951
[INFO] msg-952
[INFO] msg-953
[INFO] msg-954
[INFO] msg-955
[INFO] msg-956
[INFO] msg-957
[INFO] msg-958
[INFO] msg-959
[INFO] msg-960
[INFO] msg-961
[INFO] msg-962
[INFO] msg-963
[INFO] msg-964
[INFO] msg-965
[INFO] msg-966
[INFO] msg-967
[INFO] msg-968
[INFO] msg-969
[INFO] msg-970
[INFO] msg-971
[INFO] msg-972
[INFO] msg-973
[INFO] msg-974
[INFO] msg-975
[INFO] msg-976
[INFO] msg-977
[INFO] msg-978
[INFO] msg-979
[INFO] msg-980
[INFO] msg-981
[INFO] msg-982
[INFO] msg-983
[INFO] msg-984
[INFO] msg-985
[INFO] msg-986
[INFO] msg-987
[INFO] msg-988
[INFO] msg-989
[INFO] msg-990
[INFO] msg-991
[INFO] msg-992
[INFO] msg-993
[INFO] msg-994
[INFO] msg-995
[INFO] msg-996
[INFO] msg-997
[INFO] msg-998
[INFO] msg-999
[INFO] msg-1000
[INFO] msg-1001
[INFO] msg-1002
[INFO] msg-1003
[INFO] msg-1004
[INFO] msg-1005
[INFO] msg-1006
[INFO] msg-1007
[INFO] msg-1008
[INFO] msg-1009
[INFO] msg-1010
[INFO] msg-1011
[INFO] msg-1012
[INFO] msg-1013
[INFO] msg-1014
[INFO] msg-1015
[INFO] msg-1016
[INFO] msg-1017
[INFO] msg-1018
[INFO] msg-1019
[INFO] msg-1020
[INFO] msg-1021
[INFO] msg-1022
[INFO] msg-1023
[INFO] msg-1024
[INFO] msg-1025
[INFO] msg-1026
[INFO] msg-1027
[INFO] msg-1028
[INFO] msg-1029
[INFO] msg-1030
[INFO] msg-1031
[INFO] msg-1032
[INFO] msg-1033
[INFO] msg-1034
[INFO] msg-1035
[INFO] msg-1036
[INFO] msg-1037
[INFO] msg-1038
[INFO] msg-1039
[INFO] msg-1040
[INFO] msg-1041
[INFO] msg-1042
[INFO] msg-1043
[INFO] msg-1044
[INFO] msg-1045
[INFO] msg-1046
[INFO] msg-1047
[INFO] msg-1048
[INFO] msg-1049
[INFO] msg-1050
[INFO] msg-1051
[INFO] msg-1052
[INFO] msg-1053
[INFO] msg-1054
[INFO] msg-1055
[INFO] msg-1056
[INFO] msg-1057
[INFO] msg-1058
[INFO] msg-1059
[INFO] msg-1060
[INFO] msg-1061
[INFO] msg-1062
[INFO] msg-1063
[INFO] msg-1064
[INFO] msg-1065
[INFO] msg-1066
[INFO] msg-1067
[INFO] msg-1068
[INFO] msg-1069
[INFO] msg-1070
[INFO] msg-1071
[INFO] msg-1072
[INFO] msg-1073
[INFO] msg-1074
[INFO] msg-1075
[INFO] msg-1076
[INFO] msg-1077
[INFO] msg-1078
[INFO] msg-1079
[INFO] msg-1080
[INFO] msg-1081
[INFO] msg-1082
[INFO] msg-1083
[INFO] msg-1084
[INFO] msg-1085
[INFO] msg-1086
[INFO] msg-1087
[INFO] msg-1088
[INFO] msg-1089
[INFO] msg-1090
[INFO] msg-1091
[INFO] msg-1092
[INFO] msg-1093
[INFO] msg-1094
[INFO] msg-1095
[INFO] msg-1096
[INFO] msg-1097
[INFO] msg-1098
[INFO] msg-1099

 ✓ src/utils/__tests__/logger.test.ts > logger > logs debug messages 5ms
 ✓ src/utils/__tests__/logger.test.ts > logger > logs info messages 1ms
 ✓ src/utils/__tests__/logger.test.ts > logger > logs warn messages 2ms
 ✓ src/utils/__tests__/logger.test.ts > logger > logs error messages 1ms
 ✓ src/utils/__tests__/logger.test.ts > logger > setLevel filters lower levels 0ms
 ✓ src/utils/__tests__/logger.test.ts > logger > clearBuffer empties buffer 1ms
 ✓ src/utils/__tests__/logger.test.ts > logger > getRecent returns last N entries 1ms
 ✓ src/utils/__tests__/logger.test.ts > logger > createLogger adds source 1ms
 ✓ src/utils/__tests__/logger.test.ts > logger > buffers up to max and shifts 15ms
(node:4820) ExperimentalWarning: localStorage is not available because --localstorage-file was not provided.
(Use `node --trace-warnings ...` to show where the warning was created)
 × src/pages/__tests__/reports/ReportScheduler.test.tsx > ReportScheduler > renders the scheduler page 54ms
   → Invalid Chai property: toBeInTheDocument
 × src/pages/__tests__/reports/ReportScheduler.test.tsx > ReportScheduler > renders add schedule button 6ms
   → Invalid Chai property: toBeInTheDocument
 × src/pages/__tests__/reports/ReportScheduler.test.tsx > ReportScheduler > renders empty state 7ms
   → Invalid Chai property: toBeInTheDocument
 ✓ src/pages/analytics/GoalSeekPage.test.tsx > GoalSeekPage smoke test > renders without crashing 43ms
 × src/pages/analytics/GoalSeekPage.test.tsx > GoalSeekPage smoke test > displays the Financial Modeling heading 28ms
   → Invalid Chai property: toBeInTheDocument
 × src/pages/analytics/GoalSeekPage.test.tsx > GoalSeekPage smoke test > displays the Break-Even mode button 123ms
   → Invalid Chai property: toBeInTheDocument
 × src/pages/analytics/GoalSeekPage.test.tsx > GoalSeekPage smoke test > displays the Calculate button for break-even mode 32ms
   → Invalid Chai property: toBeInTheDocument
(node:4820) ExperimentalWarning: localStorage is not available because --localstorage-file was not provided.
(Use `node --trace-warnings ...` to show where the warning was created)
(node:4820) ExperimentalWarning: localStorage is not available because --localstorage-file was not provided.
(Use `node --trace-warnings ...` to show where the warning was created)
(node:4820) ExperimentalWarning: localStorage is not available because --localstorage-file was not provided.
(Use `node --trace-warnings ...` to show where the warning was created)
 ✓ src/pages/banking/BankingDashboard.test.tsx > BankingDashboard smoke test > renders without crashing 25ms
 ✓ src/pages/banking/BankingDashboard.test.tsx > BankingDashboard smoke test > displays empty state 15ms
 ✓ src/pages/reports/BudgetVsActualPage.test.tsx > BudgetVsActualPage smoke test > renders without crashing 23ms
 ✓ src/pages/reports/BudgetVsActualPage.test.tsx > BudgetVsActualPage smoke test > displays expected empty state 15ms
 × src/pages/__tests__/sector/LogisticsDashboardPage.test.tsx > LogisticsDashboardPage > renders empty state when no entries 116ms
   → Invalid Chai property: toBeInTheDocument
 × src/pages/__tests__/sector/LogisticsDashboardPage.test.tsx > LogisticsDashboardPage > renders dashboard with entries 38ms
   → Invalid Chai property: toBeInTheDocument
(node:4820) ExperimentalWarning: localStorage is not available because --localstorage-file was not provided.
(Use `node --trace-warnings ...` to show where the warning was created)
(node:4820) ExperimentalWarning: localStorage is not available because --localstorage-file was not provided.
(Use `node --trace-warnings ...` to show where the warning was created)
(node:4820) ExperimentalWarning: localStorage is not available because --localstorage-file was not provided.
(Use `node --trace-warnings ...` to show where the warning was created)
 ✓ src/components/ui/WaterfallBridge.test.tsx > WaterfallBridge > renders without crashing with data 44ms
 × src/components/ui/WaterfallBridge.test.tsx > WaterfallBridge > displays item labels 23ms
   → Invalid Chai property: toBeInTheDocument
 × src/components/ui/WaterfallBridge.test.tsx > WaterfallBridge > shows "No data" when items are empty 3ms
   → Invalid Chai property: toBeInTheDocument
 × src/components/ui/WaterfallBridge.test.tsx > WaterfallBridge > shows "No data" when items is null 2ms
   → Invalid Chai property: toBeInTheDocument
 ✓ src/components/ui/WaterfallBridge.test.tsx > WaterfallBridge > applies custom className 5ms
 × src/components/ui/WaterfallBridge.test.tsx > WaterfallBridge > uses custom format function 6ms
   → Invalid Chai property: toBeInTheDocument
 × src/pages/__tests__/sector/TelecomDashboardPage.test.tsx > TelecomDashboardPage > renders empty state when no entries 132ms
   → Invalid Chai property: toBeInTheDocument
 × src/pages/__tests__/sector/TelecomDashboardPage.test.tsx > TelecomDashboardPage > renders dashboard with entries 31ms
   → Invalid Chai property: toBeInTheDocument
 ✓ src/pages/collaboration/CollaborationPage.test.tsx > CollaborationPage smoke test > renders without crashing 44ms
 ✓ src/pages/collaboration/CollaborationPage.test.tsx > CollaborationPage smoke test > displays Collaboration heading 26ms
(node:4820) ExperimentalWarning: localStorage is not available because --localstorage-file was not provided.
(Use `node --trace-warnings ...` to show where the warning was created)
 ✓ src/engines/ReportDistributionEngine.test.ts > ReportDistributionEngine > distribute > distributes a report to recipients 2ms
 ✓ src/engines/ReportDistributionEngine.test.ts > ReportDistributionEngine > distribute > handles empty recipients 0ms
 ✓ src/engines/ReportDistributionEngine.test.ts > ReportDistributionEngine > getDeliveryHistory > returns distribution history 0ms
(node:4820) ExperimentalWarning: localStorage is not available because --localstorage-file was not provided.
(Use `node --trace-warnings ...` to show where the warning was created)
(node:4820) ExperimentalWarning: localStorage is not available because --localstorage-file was not provided.
(Use `node --trace-warnings ...` to show where the warning was created)
 ✓ src/engines/InsuranceEngine.test.ts > InsuranceEngine > calculateStats > should calculate insurance statistics 2ms
 ✓ src/engines/InsuranceEngine.test.ts > InsuranceEngine > calculateStats > should handle empty entries 0ms
 ✓ src/engines/InsuranceEngine.test.ts > InsuranceEngine > calculateStats > should include combined ratio 0ms
 ✓ src/pages/energy/EnergyProductionDashboard.test.tsx > EnergyProductionDashboard smoke test > renders without crashing 31ms
 ✓ src/pages/energy/EnergyProductionDashboard.test.tsx > EnergyProductionDashboard smoke test > displays expected empty state 16ms
(node:4820) ExperimentalWarning: localStorage is not available because --localstorage-file was not provided.
(Use `node --trace-warnings ...` to show where the warning was created)
 ✓ src/engines/NLQEngine.test.ts > NLQEngine > parseQuery > parses revenue query 4ms
 ✓ src/engines/NLQEngine.test.ts > NLQEngine > parseQuery > parses expense query 1ms
 ✓ src/engines/NLQEngine.test.ts > NLQEngine > parseQuery > parses variance query 0ms
 ✓ src/engines/NLQEngine.test.ts > NLQEngine > parseQuery > handles empty query 1ms
 ✓ src/engines/NLQEngine.test.ts > NLQEngine > classifyIntent > classifies chart intent 0ms
 ✓ src/engines/NLQEngine.test.ts > NLQEngine > classifyIntent > classifies table intent 0ms
 ✓ src/engines/NLQEngine.test.ts > NLQEngine > classifyIntent > classifies KPI intent 0ms
 ✓ src/engines/NLQEngine.test.ts > NLQEngine > extractEntities > extracts time period 0ms
 ✓ src/engines/NLQEngine.test.ts > NLQEngine > extractEntities > extracts metric 0ms
 ✓ src/engines/NLQEngine.test.ts > NLQEngine > extractEntities > extracts dimension 0ms
(node:4820) ExperimentalWarning: localStorage is not available because --localstorage-file was not provided.
(Use `node --trace-warnings ...` to show where the warning was created)
(node:4820) ExperimentalWarning: localStorage is not available because --localstorage-file was not provided.
(Use `node --trace-warnings ...` to show where the warning was created)
 ✓ src/components/ui/FunnelChart.test.tsx > FunnelChart > renders without crashing with data 41ms
 × src/components/ui/FunnelChart.test.tsx > FunnelChart > displays stage labels 20ms
   → Invalid Chai property: toBeInTheDocument
 × src/components/ui/FunnelChart.test.tsx > FunnelChart > shows loading spinner when loading 3ms
   → Invalid Chai property: toBeInTheDocument
 × src/components/ui/FunnelChart.test.tsx > FunnelChart > shows error message when error is provided 2ms
   → Invalid Chai property: toBeInTheDocument
 × src/components/ui/FunnelChart.test.tsx > FunnelChart > shows "No data" when stages are empty 2ms
   → Invalid Chai property: toBeInTheDocument
 × src/components/ui/FunnelChart.test.tsx > FunnelChart > shows conversion rates between stages 4ms
   → Invalid Chai property: toBeInTheDocument
 × src/components/ui/FunnelChart.test.tsx > FunnelChart > calls onClick when a stage is clicked 5ms
   → Invalid Chai property: toBeInTheDocument
 × src/components/ui/ProgressStepper.test.tsx > ProgressStepper > renders all step labels 51ms
   → Invalid Chai property: toBeInTheDocument
 ✓ src/components/ui/ProgressStepper.test.tsx > ProgressStepper > highlights current step label 6ms
 × src/components/ui/ProgressStepper.test.tsx > ProgressStepper > shows step numbers for pending steps 5ms
   → Invalid Chai property: toBeInTheDocument
 × src/components/ui/ProgressStepper.test.tsx > ProgressStepper > renders step descriptions when provided 4ms
   → Invalid Chai property: toBeInTheDocument
 ✓ src/components/ui/ProgressStepper.test.tsx > ProgressStepper > renders in vertical orientation 4ms
(node:4820) ExperimentalWarning: localStorage is not available because --localstorage-file was not provided.
(Use `node --trace-warnings ...` to show where the warning was created)
 × src/components/ui/Button.test.tsx > Button > renders children text 53ms
   → Invalid Chai property: toBeInTheDocument
 ✓ src/components/ui/Button.test.tsx > Button > calls onClick when clicked 96ms
 × src/components/ui/Button.test.tsx > Button > is disabled when disabled prop is true 7ms
   → Invalid Chai property: toBeDisabled
 ✓ src/components/ui/Button.test.tsx > Button > does not call onClick when disabled 6ms
 ✓ src/components/ui/Button.test.tsx > Button > applies default variant class 6ms
 ✓ src/components/ui/Button.test.tsx > Button > applies outline variant class 5ms
 ✓ src/components/ui/Button.test.tsx > Button > applies ghost variant class 5ms
 ✓ src/components/ui/Button.test.tsx > Button > applies destructive variant class 5ms
(node:4820) ExperimentalWarning: localStorage is not available because --localstorage-file was not provided.
(Use `node --trace-warnings ...` to show where the warning was created)
(node:4820) ExperimentalWarning: localStorage is not available because --localstorage-file was not provided.
(Use `node --trace-warnings ...` to show where the warning was created)
 ✓ src/engines/XBRLEngine.test.ts > XBRLEngine > mapAccount > maps account to XBRL tag 4ms
 ✓ src/engines/XBRLEngine.test.ts > XBRLEngine > generateFacts > generates XBRL facts from mapped data 0ms
 ✓ src/engines/XBRLEngine.test.ts > XBRLEngine > exportXML > exports facts as XBRL XML 1ms
 ✓ src/engines/XBRLEngine.test.ts > XBRLEngine > validateMappings > validates mapping completeness 1ms
 ✓ src/engines/XBRLEngine.test.ts > XBRLEngine > reset > clears all data 0ms
(node:4820) ExperimentalWarning: localStorage is not available because --localstorage-file was not provided.
(Use `node --trace-warnings ...` to show where the warning was created)
 ✓ src/pages/bonds/YieldCurvePage.test.tsx > YieldCurvePage smoke test > renders without crashing 27ms
 ✓ src/pages/bonds/YieldCurvePage.test.tsx > YieldCurvePage smoke test > displays empty state 17ms
(node:4820) ExperimentalWarning: localStorage is not available because --localstorage-file was not provided.
(Use `node --trace-warnings ...` to show where the warning was created)
(node:4820) ExperimentalWarning: localStorage is not available because --localstorage-file was not provided.
(Use `node --trace-warnings ...` to show where the warning was created)
 ✓ src/pages/forecasts/ForecastListPage.test.tsx > ForecastListPage > renders without crashing 30ms
 × src/pages/forecasts/ForecastListPage.test.tsx > ForecastListPage > displays the empty state when no forecasts exist 22ms
   → Invalid Chai property: toBeInTheDocument
 × src/pages/__tests__/forecasts/AddDriverForm.test.tsx > AddDriverForm > renders the form with title 52ms
   → Invalid Chai property: toBeInTheDocument
 × src/pages/__tests__/forecasts/AddDriverForm.test.tsx > AddDriverForm > renders all form fields with empty defaults 12ms
   → Invalid Chai property: toBeInTheDocument
 × src/pages/__tests__/forecasts/AddDriverForm.test.tsx > AddDriverForm > disables submit when name is empty 9ms
   → Invalid Chai property: toBeDisabled
(node:4820) ExperimentalWarning: localStorage is not available because --localstorage-file was not provided.
(Use `node --trace-warnings ...` to show where the warning was created)
 ✓ src/engines/templates/banking.test.ts > Banking Template > buildBankingTemplate > returns a valid template 2ms
 ✓ src/engines/templates/banking.test.ts > Banking Template > buildBankingTemplate > has a name 0ms
 ✓ src/engines/templates/banking.test.ts > Banking Template > buildBankingTemplate > has drivers array 0ms
 ✓ src/engines/templates/banking.test.ts > Banking Template > buildBankingTemplate > has banking-specific drivers 0ms
 ✓ src/engines/templates/banking.test.ts > Banking Template > buildBankingTemplate > has accounts 0ms
 ✓ src/engines/templates/banking.test.ts > Banking Template > buildBankingTemplate > has cascade rules 0ms
 ✓ src/engines/templates/banking.test.ts > Banking Template > buildBankingTemplate > each driver has required fields 1ms
(node:4820) ExperimentalWarning: localStorage is not available because --localstorage-file was not provided.
(Use `node --trace-warnings ...` to show where the warning was created)
(node:4820) ExperimentalWarning: localStorage is not available because --localstorage-file was not provided.
(Use `node --trace-warnings ...` to show where the warning was created)
 × src/components/layout/__tests__/AppLayout.test.tsx > AppLayout > renders layout shell 21ms
   → [vitest] No "Sidebar" export is defined on the "../Sidebar" mock. Did you forget to return it from "vi.mock"?
If you need to partially mock a module, you can use "importOriginal" helper inside:

 × src/pages/__tests__/reports/ThreeStatementDashboardPage.test.tsx > ThreeStatementDashboardPage > renders empty state when no entries 50ms
   → Invalid Chai property: toBeInTheDocument
 × src/pages/__tests__/reports/ThreeStatementDashboardPage.test.tsx > ThreeStatementDashboardPage > renders dashboard with entries 24ms
   → Invalid Chai property: toBeInTheDocument
(node:4820) ExperimentalWarning: localStorage is not available because --localstorage-file was not provided.
(Use `node --trace-warnings ...` to show where the warning was created)
 ✓ src/components/ui/Sparkline.test.tsx > Sparkline > renders placeholder for empty data 31ms
 ✓ src/components/ui/Sparkline.test.tsx > Sparkline > renders placeholder for single-point data 3ms
 ✓ src/components/ui/Sparkline.test.tsx > Sparkline > accepts data array and renders chart 5ms
 ✓ src/components/ui/Sparkline.test.tsx > Sparkline > applies width from props 4ms
 ✓ src/components/ui/Sparkline.test.tsx > Sparkline > applies height from props 2ms
 ✓ src/components/ui/Sparkline.test.tsx > Sparkline > renders with showArea prop 3ms
(node:4820) ExperimentalWarning: localStorage is not available because --localstorage-file was not provided.
(Use `node --trace-warnings ...` to show where the warning was created)
 ✓ src/pages/bonds/BondPortfolioPage.test.tsx > BondPortfolioPage smoke test > renders without crashing 32ms
 ✓ src/pages/bonds/BondPortfolioPage.test.tsx > BondPortfolioPage smoke test > displays empty state 15ms
(node:4820) ExperimentalWarning: localStorage is not available because --localstorage-file was not provided.
(Use `node --trace-warnings ...` to show where the warning was created)
 ✓ src/components/saas/ChurnWaterfall.test.tsx > ChurnWaterfall > renders without crashing 29ms
 ✓ src/components/saas/ChurnWaterfall.test.tsx > ChurnWaterfall > renders the waterfall chart 12ms
 ✓ src/components/saas/ChurnWaterfall.test.tsx > ChurnWaterfall > renders chart bars 4ms
 ✓ src/components/saas/ChurnWaterfall.test.tsx > ChurnWaterfall > has the correct container styling 3ms
 ✓ src/components/saas/ChurnWaterfall.test.tsx > ChurnWaterfall > renders the responsive container 4ms
(node:4820) ExperimentalWarning: localStorage is not available because --localstorage-file was not provided.
(Use `node --trace-warnings ...` to show where the warning was created)
 × src/components/layout/__tests__/Sidebar.test.tsx > Sidebar > renders navigation items 27ms
   → [vitest] No "Cpu" export is defined on the "lucide-react" mock. Did you forget to return it from "vi.mock"?
If you need to partially mock a module, you can use "importOriginal" helper inside:

 × src/components/layout/__tests__/Sidebar.test.tsx > Sidebar > renders section headers 5ms
   → [vitest] No "Cpu" export is defined on the "lucide-react" mock. Did you forget to return it from "vi.mock"?
If you need to partially mock a module, you can use "importOriginal" helper inside:

(node:4820) ExperimentalWarning: localStorage is not available because --localstorage-file was not provided.
(Use `node --trace-warnings ...` to show where the warning was created)
(node:4820) ExperimentalWarning: localStorage is not available because --localstorage-file was not provided.
(Use `node --trace-warnings ...` to show where the warning was created)
 × src/pages/__tests__/retail/PromoAnalysisPage.test.tsx > PromoAnalysisPage > renders the promo analysis page 82ms
   → Invalid Chai property: toBeInTheDocument
 × src/pages/__tests__/sector/GovernmentDashboardPage.test.tsx > GovernmentDashboardPage > renders empty state when no entries 148ms
   → Invalid Chai property: toBeInTheDocument
 × src/pages/__tests__/sector/GovernmentDashboardPage.test.tsx > GovernmentDashboardPage > renders dashboard with entries 36ms
   → Invalid Chai property: toBeInTheDocument
(node:4820) ExperimentalWarning: localStorage is not available because --localstorage-file was not provided.
(Use `node --trace-warnings ...` to show where the warning was created)
 ✓ src/pages/analytics/BenchmarkingPage.test.tsx > BenchmarkingPage smoke test > renders without crashing 40ms
 × src/pages/analytics/BenchmarkingPage.test.tsx > BenchmarkingPage smoke test > displays the no data empty state when entries are empty 32ms
   → Invalid Chai property: toBeInTheDocument
 × src/pages/analytics/BenchmarkingPage.test.tsx > BenchmarkingPage smoke test > displays the import data button 101ms
   → Invalid Chai property: toBeInTheDocument
(node:4820) ExperimentalWarning: localStorage is not available because --localstorage-file was not provided.
(Use `node --trace-warnings ...` to show where the warning was created)
 ✓ src/engines/templates/saas.test.ts > SaaS Template > buildSaaSTemplate > returns a valid template 2ms
 ✓ src/engines/templates/saas.test.ts > SaaS Template > buildSaaSTemplate > has a name 1ms
 ✓ src/engines/templates/saas.test.ts > SaaS Template > buildSaaSTemplate > has drivers array 1ms
 ✓ src/engines/templates/saas.test.ts > SaaS Template > buildSaaSTemplate > has SaaS-specific drivers 1ms
 ✓ src/engines/templates/saas.test.ts > SaaS Template > buildSaaSTemplate > has accounts 1ms
 ✓ src/engines/templates/saas.test.ts > SaaS Template > buildSaaSTemplate > has cascade rules 0ms
 ✓ src/engines/templates/saas.test.ts > SaaS Template > buildSaaSTemplate > each driver has required fields 1ms
(node:4820) ExperimentalWarning: localStorage is not available because --localstorage-file was not provided.
(Use `node --trace-warnings ...` to show where the warning was created)
(node:4820) ExperimentalWarning: localStorage is not available because --localstorage-file was not provided.
(Use `node --trace-warnings ...` to show where the warning was created)
 ✓ src/engines/InventoryEngine.test.ts > InventoryEngine > calculateTurnover > should calculate inventory turnover 2ms
 ✓ src/engines/InventoryEngine.test.ts > InventoryEngine > calculateTurnover > should return 0 for zero average inventory 0ms
 ✓ src/engines/InventoryEngine.test.ts > InventoryEngine > calculateDSI > should calculate days sales in inventory 0ms
 ✓ src/engines/InventoryEngine.test.ts > InventoryEngine > calculateDSI > should return 0 for zero COGS 0ms
 ✓ src/engines/InventoryEngine.test.ts > InventoryEngine > calculateGMROI > should calculate gross margin return on investment 0ms
 ✓ src/engines/InventoryEngine.test.ts > InventoryEngine > calculateGMROI > should return 0 for zero average inventory cost 0ms
 ✓ src/engines/InventoryEngine.test.ts > InventoryEngine > calculateEOQ > should calculate economic order quantity 0ms
 ✓ src/engines/InventoryEngine.test.ts > InventoryEngine > calculateEOQ > should return 0 for zero holding cost 0ms
 ✓ src/engines/InventoryEngine.test.ts > InventoryEngine > calculateSafetyStock > should calculate safety stock for 95% service level 0ms
 ✓ src/engines/InventoryEngine.test.ts > InventoryEngine > calculateSafetyStock > should handle zero lead time 0ms
 × src/pages/__tests__/sectors/LogisticsDashboardPage.test.tsx > sectors/LogisticsDashboardPage > renders the logistics dashboard 111ms
   → Invalid Chai property: toBeInTheDocument
 ✓ src/pages/__tests__/sectors/LogisticsDashboardPage.test.tsx > sectors/LogisticsDashboardPage > renders charts 22ms
(node:4820) ExperimentalWarning: localStorage is not available because --localstorage-file was not provided.
(Use `node --trace-warnings ...` to show where the warning was created)
 × src/components/ui/ScatterPlot.test.tsx > ScatterPlot > renders with data 44ms
   → Invalid Chai property: toBeInTheDocument
 × src/components/ui/ScatterPlot.test.tsx > ScatterPlot > shows No data message when empty 11ms
   → Invalid Chai property: toBeInTheDocument
 × src/components/ui/ScatterPlot.test.tsx > ScatterPlot > shows No data when data is null 4ms
   → Invalid Chai property: toBeInTheDocument
 × src/components/ui/ScatterPlot.test.tsx > ScatterPlot > shows title when provided 6ms
   → Invalid Chai property: toBeInTheDocument
 × src/components/ui/ScatterPlot.test.tsx > ScatterPlot > renders without crashing with axis labels 6ms
   → Invalid Chai property: toBeInTheDocument
 × src/components/ui/ScatterPlot.test.tsx > ScatterPlot > shows loading spinner when loading 3ms
   → Invalid Chai property: toBeInTheDocument
 × src/components/ui/ScatterPlot.test.tsx > ScatterPlot > shows error message when error provided 2ms
   → Invalid Chai property: toBeInTheDocument
(node:4820) ExperimentalWarning: localStorage is not available because --localstorage-file was not provided.
(Use `node --trace-warnings ...` to show where the warning was created)
 ✓ src/engines/ExportEngine.test.ts > ExportEngine > exportToCSV > should generate CSV content without crashing 6ms
 ✓ src/engines/ExportEngine.test.ts > ExportEngine > exportToPDF > should handle missing jsPDF gracefully 0ms
 ✓ src/engines/ExportEngine.test.ts > ExportEngine > exportToExcel > should handle missing XLSX gracefully 0ms
(node:4820) ExperimentalWarning: localStorage is not available because --localstorage-file was not provided.
(Use `node --trace-warnings ...` to show where the warning was created)
 ✓ src/engines/DataMaskingEngine.test.ts > DataMaskingEngine > mask > should mask SSN for unauthorized role 2ms
 ✓ src/engines/DataMaskingEngine.test.ts > DataMaskingEngine > mask > should not mask SSN for authorized role 0ms
 ✓ src/engines/DataMaskingEngine.test.ts > DataMaskingEngine > mask > should mask email for unauthorized role 0ms
 ✓ src/engines/DataMaskingEngine.test.ts > DataMaskingEngine > mask > should mask salary for unauthorized role 0ms
 ✓ src/engines/DataMaskingEngine.test.ts > DataMaskingEngine > mask > should not mask unknown field types 0ms
 ✓ src/engines/DataMaskingEngine.test.ts > DataMaskingEngine > addRule > should add a custom masking rule 0ms
(node:4820) ExperimentalWarning: localStorage is not available because --localstorage-file was not provided.
(Use `node --trace-warnings ...` to show where the warning was created)
 ✓ src/pages/logistics/LogisticsPage.test.tsx > LogisticsPage smoke test > renders without crashing 31ms
 ✓ src/pages/logistics/LogisticsPage.test.tsx > LogisticsPage smoke test > displays expected empty state 17ms
(node:4820) ExperimentalWarning: localStorage is not available because --localstorage-file was not provided.
(Use `node --trace-warnings ...` to show where the warning was created)
(node:4820) ExperimentalWarning: localStorage is not available because --localstorage-file was not provided.
(Use `node --trace-warnings ...` to show where the warning was created)
 ✓ src/pages/scenarios/ScenarioListPage.test.tsx > ScenarioListPage > renders without crashing 42ms
 × src/pages/scenarios/ScenarioListPage.test.tsx > ScenarioListPage > displays the empty state when no scenarios exist 24ms
   → Invalid Chai property: toBeInTheDocument
(node:4820) ExperimentalWarning: localStorage is not available because --localstorage-file was not provided.
(Use `node --trace-warnings ...` to show where the warning was created)
 × src/components/ui/GaugeChart.test.tsx > GaugeChart > renders with value and label 73ms
   → Invalid Chai property: toBeInTheDocument
 × src/components/ui/GaugeChart.test.tsx > GaugeChart > shows min and max labels 11ms
   → Invalid Chai property: toBeInTheDocument
 ✓ src/components/ui/GaugeChart.test.tsx > GaugeChart > handles 0 value 10ms
 ✓ src/components/ui/GaugeChart.test.tsx > GaugeChart > handles max value 9ms
 × src/components/ui/GaugeChart.test.tsx > GaugeChart > shows Invalid range when max <= min 5ms
   → Invalid Chai property: toBeInTheDocument
 ✓ src/components/ui/GaugeChart.test.tsx > GaugeChart > renders threshold and critical reference lines 5ms
 ✓ src/components/ui/GaugeChart.test.tsx > GaugeChart > accepts custom className 3ms
 ✓ src/components/ui/DrillDownModal.test.tsx > DrillDownModal > renders without crashing when open 24ms
 ✓ src/components/ui/DrillDownModal.test.tsx > DrillDownModal > renders nothing when closed 3ms
 × src/components/ui/DrillDownModal.test.tsx > DrillDownModal > displays the title 20ms
   → Invalid Chai property: toBeInTheDocument
 × src/components/ui/DrillDownModal.test.tsx > DrillDownModal > displays transaction count 4ms
   → Invalid Chai property: toBeInTheDocument
(node:4820) ExperimentalWarning: localStorage is not available because --localstorage-file was not provided.
(Use `node --trace-warnings ...` to show where the warning was created)
 ✓ src/pages/esg/CarbonDashboardPage.test.tsx > CarbonDashboardPage smoke test > renders without crashing 35ms
 ✓ src/pages/esg/CarbonDashboardPage.test.tsx > CarbonDashboardPage smoke test > displays expected empty state 20ms
(node:4820) ExperimentalWarning: localStorage is not available because --localstorage-file was not provided.
(Use `node --trace-warnings ...` to show where the warning was created)
(node:4820) ExperimentalWarning: localStorage is not available because --localstorage-file was not provided.
(Use `node --trace-warnings ...` to show where the warning was created)
 ✓ src/components/ui/ui/Button.test.tsx > Button (ui/ui re-export) > renders without crashing 25ms
 × src/components/ui/ui/Button.test.tsx > Button (ui/ui re-export) > displays children text 19ms
   → Invalid Chai property: toBeInTheDocument
 × src/components/ui/ui/Button.test.tsx > Button (ui/ui re-export) > renders as a button element 110ms
   → Invalid Chai property: toBeInTheDocument
 ✓ src/components/ui/ui/Button.test.tsx > Button (ui/ui re-export) > applies default variant classes 14ms
 ✓ src/components/ui/ui/Button.test.tsx > Button (ui/ui re-export) > applies outline variant 15ms
 ✓ src/components/ui/ui/Button.test.tsx > Button (ui/ui re-export) > applies sm size 8ms
 ✓ src/components/ui/ui/Button.test.tsx > Button (ui/ui re-export) > applies lg size 8ms
 ✓ src/components/ui/ui/Button.test.tsx > Button (ui/ui re-export) > handles onClick 5ms
 × src/components/ui/ui/Button.test.tsx > Button (ui/ui re-export) > can be disabled 4ms
   → Invalid Chai property: toBeDisabled
 × src/pages/__tests__/sector/EducationDashboardPage.test.tsx > EducationDashboardPage > renders empty state when no entries 171ms
   → Invalid Chai property: toBeInTheDocument
 × src/pages/__tests__/sector/EducationDashboardPage.test.tsx > EducationDashboardPage > renders dashboard with entries 38ms
   → Invalid Chai property: toBeInTheDocument
(node:4820) ExperimentalWarning: localStorage is not available because --localstorage-file was not provided.
(Use `node --trace-warnings ...` to show where the warning was created)
 × src/pages/__tests__/data/DataSummaryCard.test.tsx > DataSummaryCard > renders the heading 41ms
   → Invalid Chai property: toBeInTheDocument
 × src/pages/__tests__/data/DataSummaryCard.test.tsx > DataSummaryCard > renders zero values for empty summary 5ms
   → Invalid Chai property: toBeInTheDocument
 × src/pages/__tests__/data/DataSummaryCard.test.tsx > DataSummaryCard > renders populated values 5ms
   → Invalid Chai property: toBeInTheDocument
 × src/pages/__tests__/data/DataSummaryCard.test.tsx > DataSummaryCard > renders last import info when available 4ms
   → Invalid Chai property: toBeInTheDocument
 × src/pages/__tests__/data/DataSummaryCard.test.tsx > DataSummaryCard > does not render last import when null 4ms
   → Invalid Chai property: toBeInTheDocument
(node:4820) ExperimentalWarning: localStorage is not available because --localstorage-file was not provided.
(Use `node --trace-warnings ...` to show where the warning was created)
(node:4820) ExperimentalWarning: localStorage is not available because --localstorage-file was not provided.
(Use `node --trace-warnings ...` to show where the warning was created)
 ✓ src/components/esg/ESGDashboard.test.tsx > ESGDashboard > renders without crashing 37ms
 ✓ src/components/esg/ESGDashboard.test.tsx > ESGDashboard > renders the Carbon Footprint label 22ms
 ✓ src/components/esg/ESGDashboard.test.tsx > ESGDashboard > renders the gauge section 7ms
 × src/components/esg/ESGDashboard.test.tsx > ESGDashboard > renders the Emissions Breakdown section 9ms
   → Invalid Chai property: toBeInTheDocument
 × src/components/esg/ESGDashboard.test.tsx > ESGDashboard > renders all three emission scopes 6ms
   → Invalid Chai property: toBeInTheDocument
 × src/components/esg/ESGDashboard.test.tsx > ESGDashboard > renders the Diversity Score 6ms
   → Invalid Chai property: toBeInTheDocument
 ✓ src/components/esg/ESGDashboard.test.tsx > ESGDashboard > renders emission progress bars 10ms
 ✓ src/components/esg/ESGDashboard.test.tsx > ESGDashboard > has a grid layout 9ms
 ✓ src/pages/auth/RegisterPage.test.tsx > RegisterPage smoke test > renders without crashing 41ms
 × src/pages/auth/RegisterPage.test.tsx > RegisterPage smoke test > displays the create account heading 136ms
   → Invalid Chai property: toBeInTheDocument
 × src/pages/auth/RegisterPage.test.tsx > RegisterPage smoke test > renders name, email, and password inputs 29ms
   → Invalid Chai property: toBeInTheDocument
 × src/pages/auth/RegisterPage.test.tsx > RegisterPage smoke test > displays the create account button 23ms
   → Invalid Chai property: toBeInTheDocument
 × src/pages/auth/RegisterPage.test.tsx > RegisterPage smoke test > displays the sign in link 12ms
   → Invalid Chai property: toBeInTheDocument
(node:4820) ExperimentalWarning: localStorage is not available because --localstorage-file was not provided.
(Use `node --trace-warnings ...` to show where the warning was created)
 × src/components/ui/DrillThroughBreadcrumb.test.tsx > DrillThroughBreadcrumb > renders all breadcrumb items 50ms
   → Invalid Chai property: toBeInTheDocument
 ✓ src/components/ui/DrillThroughBreadcrumb.test.tsx > DrillThroughBreadcrumb > calls onNavigate with correct level when non-last breadcrumb clicked 10ms
 ✓ src/components/ui/DrillThroughBreadcrumb.test.tsx > DrillThroughBreadcrumb > does not call onNavigate when last breadcrumb clicked (disabled) 4ms
 ✓ src/components/ui/DrillThroughBreadcrumb.test.tsx > DrillThroughBreadcrumb > renders separator between items 131ms
 ✓ src/components/ui/DrillThroughBreadcrumb.test.tsx > DrillThroughBreadcrumb > returns null for empty path 4ms
(node:4820) ExperimentalWarning: localStorage is not available because --localstorage-file was not provided.
(Use `node --trace-warnings ...` to show where the warning was created)
(node:4820) ExperimentalWarning: localStorage is not available because --localstorage-file was not provided.
(Use `node --trace-warnings ...` to show where the warning was created)
 ✓ src/components/reports/__tests__/ReportBuilder.test.tsx > ReportBuilder > renders toolbar 44ms
 ✓ src/utils/retry.test.ts > withRetry utility > returns result immediately on success 2ms
 ✓ src/utils/retry.test.ts > withRetry utility > retries on failure and eventually succeeds 57ms
 ✓ src/utils/retry.test.ts > withRetry utility > throws error after max retries 48ms
 ✓ src/utils/retry.test.ts > withRetry utility > uses exponential backoff timing (mocking timers) 3ms
(node:4820) ExperimentalWarning: localStorage is not available because --localstorage-file was not provided.
(Use `node --trace-warnings ...` to show where the warning was created)
 ✓ src/pages/auth/ForgotPasswordPage.test.tsx > ForgotPasswordPage smoke test > renders without crashing 35ms
 × src/pages/auth/ForgotPasswordPage.test.tsx > ForgotPasswordPage smoke test > displays the reset password heading 26ms
   → Invalid Chai property: toBeInTheDocument
 × src/pages/auth/ForgotPasswordPage.test.tsx > ForgotPasswordPage smoke test > displays the email input 111ms
   → Invalid Chai property: toBeInTheDocument
 × src/pages/auth/ForgotPasswordPage.test.tsx > ForgotPasswordPage smoke test > displays the send reset link button 23ms
   → Invalid Chai property: toBeInTheDocument
 × src/pages/auth/ForgotPasswordPage.test.tsx > ForgotPasswordPage smoke test > displays the back to sign in link 8ms
   → Invalid Chai property: toBeInTheDocument
(node:4820) ExperimentalWarning: localStorage is not available because --localstorage-file was not provided.
(Use `node --trace-warnings ...` to show where the warning was created)
(node:4820) ExperimentalWarning: localStorage is not available because --localstorage-file was not provided.
(Use `node --trace-warnings ...` to show where the warning was created)
 ✓ src/engines/CreditRiskEngine.test.ts > CreditRiskEngine > expectedLoss > should calculate expected loss 2ms
 ✓ src/engines/CreditRiskEngine.test.ts > CreditRiskEngine > expectedLoss > should return 0 for zero PD 0ms
 ✓ src/engines/CreditRiskEngine.test.ts > CreditRiskEngine > expectedLoss > should return 0 for zero LGD 0ms
 ✓ src/engines/CreditRiskEngine.test.ts > CreditRiskEngine > expectedLoss > should return 0 for zero EAD 0ms
 ✓ src/engines/CreditRiskEngine.test.ts > CreditRiskEngine > lossGivenDefault > should calculate LGD from collateral 0ms
 ✓ src/engines/CreditRiskEngine.test.ts > CreditRiskEngine > lossGivenDefault > should return 0 when collateral covers exposure 0ms
 ✓ src/engines/CreditRiskEngine.test.ts > CreditRiskEngine > lossGivenDefault > should return 1 for zero collateral 0ms
 ✓ src/engines/CreditRiskEngine.test.ts > CreditRiskEngine > lossGivenDefault > should return 0 for zero exposure 0ms
 ✓ src/engines/CreditRiskEngine.test.ts > CreditRiskEngine > exposureAtDefault > should calculate EAD 0ms
 ✓ src/engines/CreditRiskEngine.test.ts > CreditRiskEngine > exposureAtDefault > should use drawn amount when fully drawn 0ms
 ✓ src/engines/CreditRiskEngine.test.ts > CreditRiskEngine > exposureAtDefault > should handle zero CCF 0ms
 × src/components/ui/Modal.test.tsx > Modal > shows content when isOpen is true 45ms
   → Invalid Chai property: toBeInTheDocument
 × src/components/ui/Modal.test.tsx > Modal > hides content when isOpen is false 2ms
   → Invalid Chai property: toBeInTheDocument
 ✓ src/components/ui/Modal.test.tsx > Modal > calls onClose when close button is clicked 97ms
 × src/components/ui/Modal.test.tsx > Modal > renders title and children 6ms
   → Invalid Chai property: toBeInTheDocument
 × src/components/ui/Modal.test.tsx > Modal > has role="dialog" attribute 18ms
   → Invalid Chai property: toBeInTheDocument
 × src/components/ui/Modal.test.tsx > Modal > has aria-modal="true" attribute 6ms
   → Invalid Chai property: toHaveAttribute
(node:4820) ExperimentalWarning: localStorage is not available because --localstorage-file was not provided.
(Use `node --trace-warnings ...` to show where the warning was created)
 ✓ src/pages/collaboration/ApprovalQueuePage.test.tsx > ApprovalQueuePage smoke test > renders without crashing 41ms
 ✓ src/pages/collaboration/ApprovalQueuePage.test.tsx > ApprovalQueuePage smoke test > displays Approval Queue heading 30ms
(node:4820) ExperimentalWarning: localStorage is not available because --localstorage-file was not provided.
(Use `node --trace-warnings ...` to show where the warning was created)
(node:4820) ExperimentalWarning: localStorage is not available because --localstorage-file was not provided.
(Use `node --trace-warnings ...` to show where the warning was created)
 ✓ src/components/saas/MRRBreakdown.test.tsx > MRRBreakdown > renders without crashing 15ms
 × src/components/saas/MRRBreakdown.test.tsx > MRRBreakdown > shows empty data state 17ms
   → Invalid Chai property: toBeInTheDocument
 ✓ src/components/saas/MRRBreakdown.test.tsx > MRRBreakdown > has the correct container styling 3ms
 ✓ src/components/saas/MRRBreakdown.test.tsx > MRRBreakdown > does not render chart when data is empty 10ms
 × src/components/ui/NLQInput.test.tsx > NLQInput > renders input field 146ms
   → Invalid Chai property: toBeInTheDocument
 ✓ src/components/ui/NLQInput.test.tsx > NLQInput > calls onSubmit when Enter is pressed with text 23ms
 ✓ src/components/ui/NLQInput.test.tsx > NLQInput > does not call onSubmit with empty input 11ms
 × src/components/ui/NLQInput.test.tsx > NLQInput > disables input when isProcessing is true 11ms
   → Invalid Chai property: toBeDisabled
 × src/components/ui/NLQInput.test.tsx > NLQInput > shows suggestions on focus 21ms
   → Invalid Chai property: toBeInTheDocument
 ✓ src/components/ui/NLQInput.test.tsx > NLQInput > selects suggestion on click 20ms
(node:4820) ExperimentalWarning: localStorage is not available because --localstorage-file was not provided.
(Use `node --trace-warnings ...` to show where the warning was created)
 ✓ src/utils/__tests__/retry.test.ts > retry > withRetry > resolves on successful call 3ms
 ✓ src/utils/__tests__/retry.test.ts > retry > withRetry > retries on failure and eventually succeeds 57ms
 ✓ src/utils/__tests__/retry.test.ts > retry > withRetry > throws after exhausting retries 15ms
 ✓ src/utils/__tests__/retry.test.ts > retry > createWorker > returns run and terminate functions 0ms
(node:4820) ExperimentalWarning: localStorage is not available because --localstorage-file was not provided.
(Use `node --trace-warnings ...` to show where the warning was created)
 ✓ src/hooks/useConfirmation.test.ts > useConfirmation > should return confirm function and ConfirmDialog 15ms
 ✓ src/hooks/useConfirmation.test.ts > useConfirmation > should open confirmation dialog when confirm is called 3ms
 ✓ src/hooks/useConfirmation.test.ts > useConfirmation > should resolve with true when handleConfirm is called 2ms
 ✓ src/hooks/useConfirmation.test.ts > useConfirmation > should return a dialog component 2ms
(node:4820) ExperimentalWarning: localStorage is not available because --localstorage-file was not provided.
(Use `node --trace-warnings ...` to show where the warning was created)
 ✓ src/components/ui/ConfirmDialog.test.tsx > ConfirmDialog > renders nothing when not open 18ms
(node:4820) ExperimentalWarning: localStorage is not available because --localstorage-file was not provided.
(Use `node --trace-warnings ...` to show where the warning was created)
 ✓ src/hooks/useTour.test.ts > useTour > should return tour state and actions 13ms
 ✓ src/hooks/useTour.test.ts > useTour > should indicate active tour 2ms
 ✓ src/hooks/useTour.test.ts > useTour > should call stopTour 2ms
(node:4820) ExperimentalWarning: localStorage is not available because --localstorage-file was not provided.
(Use `node --trace-warnings ...` to show where the warning was created)
 ✓ src/pages/cash/WorkingCapitalPage.test.tsx > WorkingCapitalPage smoke test > renders without crashing 27ms
 ✓ src/pages/cash/WorkingCapitalPage.test.tsx > WorkingCapitalPage smoke test > displays empty state 16ms
 × src/components/ui/ConfirmDialog.test.tsx > ConfirmDialog > renders title and message when open 1026ms
   → Invalid Chai property: toBeInTheDocument

Ignored nodes: comments, script, style
[36m<html>[39m
  [36m<head />[39m
  [36m<body>[39m
    [36m<div>[39m
      [36m<div[39m
        [33maria-label[39m=[32m"Confirm Delete"[39m
        [33maria-modal[39m=[32m"true"[39m
        [33mclass[39m=[32m"fixed inset-0 z-50 flex items-center justify-center bg-black/50"[39m
        [33mrole[39m=[32m"dialog"[39m
      [36m>[39m
        [36m<div[39m
          [33mclass[39m=[32m"w-full max-w-md rounded-lg border-2 p-6 shadow-xl border-yellow-500 bg-yellow-50 dark:bg-yellow-950"[39m
        [36m>[39m
          [36m<div[39m
            [33mclass[39m=[32m"flex items-start gap-3 mb-4"[39m
          [36m>[39m
            [36m<svg[39m
              [33maria-hidden[39m=[32m"true"[39m
              [33mclass[39m=[32m"lucide lucide-triangle-alert w-6 h-6 text-yellow-500 flex-shrink-0 mt-0.5"[39m
              [33mfill[39m=[32m"none"[39m
              [33mheight[39m=[32m"24"[39m
              [33mstroke[39m=[32m"currentColor"[39m
              [33mstroke-linecap[39m=[32m"round"[39m
              [33mstroke-linejoin[39m=[32m"round"[39m
              [33mstroke-width[39m=[32m"2"[39m
              [33mviewBox[39m=[32m"0 0 24 24"[39m
              [33mwidth[39m=[32m"24"[39m
              [33mxmlns[39m=[32m"http://www.w3.org/2000/svg"[39m
            [36m>[39m
              [36m<path[39m
                [33md[39m=[32m"m21.73 18-8-14a2 2 0 0 0-3.48 0l-8 14A2 2 0 0 0 4 21h16a2 2 0 0 0 1.73-3"[39m
              [36m/>[39m
              [36m<path[39m
                [33md[39m=[32m"M12 9v4"[39m
              [36m/>[39m
              [36m<path[39m
                [33md[39m=[32m"M12 17h.01"[39m
              [36m/>[39m
            [36m</svg>[39m
            [36m<div>[39m
              [36m<h3[39m
                [33mclass[39m=[32m"text-lg font-semibold dark:text-gray-100"[39m
              [36m>[39m
                [0mConfirm Delete[0m
              [36m</h3>[39m
              [36m<p[39m
                [33mclass[39m=[32m"text-sm text-muted-foreground mt-1"[39m
              [36m>[39m
                [0mAre you sure?[0m
              [36m</p>[39m
            [36m</div>[39m
          [36m</div>[39m
          [36m<div[39m
            [33mclass[39m=[32m"flex justify-end gap-2"[39m
          [36m>[39m
            [36m<button[39m
              [33mclass[39m=[32m"px-4 py-2 text-sm rounded-md border hover:bg-[var(--bg-hover)] dark:hover:bg-gray-700 dark:border-gray-600 focus-visible:ring-2 focus-visible:ring-blue-500"[39m
            [36m>[39m
              [0mCancel[0m
            [36m</button>[39m
            [36m<button[39m
              [33mclass[39m=[32m"px-4 py-2 text-sm rounded-md bg-yellow-600 hover:bg-yellow-700 text-white focus-visible:ring-2 focus-visible:ring-blue-500 focus-visible:ring-offset-2"[39m
            [36m>[39m
              [0mConfirm[0m
            [36m</button>[39m
          [36m</div>[39m
        [36m</div>[39m
      [36m</div>[39m
    [36m</div>[39m
  [36m</body>[39m
[36m</html>[39m
(node:4820) ExperimentalWarning: localStorage is not available because --localstorage-file was not provided.
(Use `node --trace-warnings ...` to show where the warning was created)
 ✓ src/components/ui/GanttChart.test.tsx > GanttChart > renders without crashing with data 44ms
 × src/components/ui/GanttChart.test.tsx > GanttChart > displays task names 23ms
   → Invalid Chai property: toBeInTheDocument
 × src/components/ui/GanttChart.test.tsx > GanttChart > shows loading spinner when loading 4ms
   → Invalid Chai property: toBeInTheDocument
 × src/components/ui/GanttChart.test.tsx > GanttChart > shows error message when error is provided 3ms
   → Invalid Chai property: toBeInTheDocument
 × src/components/ui/GanttChart.test.tsx > GanttChart > shows "No data" when tasks are empty 2ms
   → Invalid Chai property: toBeInTheDocument
 × src/components/ui/GanttChart.test.tsx > GanttChart > displays Task header 4ms
   → Invalid Chai property: toBeInTheDocument
(node:4820) ExperimentalWarning: localStorage is not available because --localstorage-file was not provided.
(Use `node --trace-warnings ...` to show where the warning was created)
 × src/pages/__tests__/reports/ReportTemplateLibraryPage.test.tsx > ReportTemplateLibraryPage > renders the template library 80ms
   → Invalid Chai property: toBeInTheDocument
 × src/pages/__tests__/reports/ReportTemplateLibraryPage.test.tsx > ReportTemplateLibraryPage > renders empty state 37ms
   → Invalid Chai property: toBeInTheDocument
 × src/components/ui/ConfirmDialog.test.tsx > ConfirmDialog > renders confirm and cancel buttons 1010ms
   → Invalid Chai property: toBeInTheDocument

Ignored nodes: comments, script, style
[36m<html>[39m
  [36m<head />[39m
  [36m<body>[39m
    [36m<div>[39m
      [36m<div[39m
        [33maria-label[39m=[32m"Test"[39m
        [33maria-modal[39m=[32m"true"[39m
        [33mclass[39m=[32m"fixed inset-0 z-50 flex items-center justify-center bg-black/50"[39m
        [33mrole[39m=[32m"dialog"[39m
      [36m>[39m
        [36m<div[39m
          [33mclass[39m=[32m"w-full max-w-md rounded-lg border-2 p-6 shadow-xl border-yellow-500 bg-yellow-50 dark:bg-yellow-950"[39m
        [36m>[39m
          [36m<div[39m
            [33mclass[39m=[32m"flex items-start gap-3 mb-4"[39m
          [36m>[39m
            [36m<svg[39m
              [33maria-hidden[39m=[32m"true"[39m
              [33mclass[39m=[32m"lucide lucide-triangle-alert w-6 h-6 text-yellow-500 flex-shrink-0 mt-0.5"[39m
              [33mfill[39m=[32m"none"[39m
              [33mheight[39m=[32m"24"[39m
              [33mstroke[39m=[32m"currentColor"[39m
              [33mstroke-linecap[39m=[32m"round"[39m
              [33mstroke-linejoin[39m=[32m"round"[39m
              [33mstroke-width[39m=[32m"2"[39m
              [33mviewBox[39m=[32m"0 0 24 24"[39m
              [33mwidth[39m=[32m"24"[39m
              [33mxmlns[39m=[32m"http://www.w3.org/2000/svg"[39m
            [36m>[39m
              [36m<path[39m
                [33md[39m=[32m"m21.73 18-8-14a2 2 0 0 0-3.48 0l-8 14A2 2 0 0 0 4 21h16a2 2 0 0 0 1.73-3"[39m
              [36m/>[39m
              [36m<path[39m
                [33md[39m=[32m"M12 9v4"[39m
              [36m/>[39m
              [36m<path[39m
                [33md[39m=[32m"M12 17h.01"[39m
              [36m/>[39m
            [36m</svg>[39m
            [36m<div>[39m
              [36m<h3[39m
                [33mclass[39m=[32m"text-lg font-semibold dark:text-gray-100"[39m
              [36m>[39m
                [0mTest[0m
              [36m</h3>[39m
              [36m<p[39m
                [33mclass[39m=[32m"text-sm text-muted-foreground mt-1"[39m
              [36m>[39m
                [0mProceed?[0m
              [36m</p>[39m
            [36m</div>[39m
          [36m</div>[39m
          [36m<div[39m
            [33mclass[39m=[32m"flex justify-end gap-2"[39m
          [36m>[39m
            [36m<button[39m
              [33mclass[39m=[32m"px-4 py-2 text-sm rounded-md border hover:bg-[var(--bg-hover)] dark:hover:bg-gray-700 dark:border-gray-600 focus-visible:ring-2 focus-visible:ring-blue-500"[39m
            [36m>[39m
              [0mCancel[0m
            [36m</button>[39m
            [36m<button[39m
              [33mclass[39m=[32m"px-4 py-2 text-sm rounded-md bg-yellow-600 hover:bg-yellow-700 text-white focus-visible:ring-2 focus-visible:ring-blue-500 focus-visible:ring-offset-2"[39m
            [36m>[39m
              [0mConfirm[0m
            [36m</button>[39m
          [36m</div>[39m
        [36m</div>[39m
      [36m</div>[39m
    [36m</div>[39m
  [36m</body>[39m
[36m</html>[39m
(node:4820) ExperimentalWarning: localStorage is not available because --localstorage-file was not provided.
(Use `node --trace-warnings ...` to show where the warning was created)
 ✓ src/utils/formatters.test.ts > formatters utility > formatCurrency > should format USD currency without decimals 2ms
 ✓ src/utils/formatters.test.ts > formatters utility > formatCurrency > should handle zero 0ms
 ✓ src/utils/formatters.test.ts > formatters utility > formatCurrencyDetailed > should format USD currency with 2 decimals 0ms
 ✓ src/utils/formatters.test.ts > formatters utility > formatPercent > should format percentage 0ms
 ✓ src/utils/formatters.test.ts > formatters utility > formatCompactNumber > should format large numbers compactly 0ms
 ✓ src/utils/formatters.test.ts > formatters utility > formatVariance > should identify positive variance 0ms
 ✓ src/utils/formatters.test.ts > formatters utility > formatVariance > should identify negative variance 0ms
 × src/components/ui/ConfirmDialog.test.tsx > ConfirmDialog > renders custom button labels 1006ms
   → Invalid Chai property: toBeInTheDocument

Ignored nodes: comments, script, style
[36m<html>[39m
  [36m<head />[39m
  [36m<body>[39m
    [36m<div>[39m
      [36m<div[39m
        [33maria-label[39m=[32m"Test"[39m
        [33maria-modal[39m=[32m"true"[39m
        [33mclass[39m=[32m"fixed inset-0 z-50 flex items-center justify-center bg-black/50"[39m
        [33mrole[39m=[32m"dialog"[39m
      [36m>[39m
        [36m<div[39m
          [33mclass[39m=[32m"w-full max-w-md rounded-lg border-2 p-6 shadow-xl border-yellow-500 bg-yellow-50 dark:bg-yellow-950"[39m
        [36m>[39m
          [36m<div[39m
            [33mclass[39m=[32m"flex items-start gap-3 mb-4"[39m
          [36m>[39m
            [36m<svg[39m
              [33maria-hidden[39m=[32m"true"[39m
              [33mclass[39m=[32m"lucide lucide-triangle-alert w-6 h-6 text-yellow-500 flex-shrink-0 mt-0.5"[39m
              [33mfill[39m=[32m"none"[39m
              [33mheight[39m=[32m"24"[39m
              [33mstroke[39m=[32m"currentColor"[39m
              [33mstroke-linecap[39m=[32m"round"[39m
              [33mstroke-linejoin[39m=[32m"round"[39m
              [33mstroke-width[39m=[32m"2"[39m
              [33mviewBox[39m=[32m"0 0 24 24"[39m
              [33mwidth[39m=[32m"24"[39m
              [33mxmlns[39m=[32m"http://www.w3.org/2000/svg"[39m
            [36m>[39m
              [36m<path[39m
                [33md[39m=[32m"m21.73 18-8-14a2 2 0 0 0-3.48 0l-8 14A2 2 0 0 0 4 21h16a2 2 0 0 0 1.73-3"[39m
              [36m/>[39m
              [36m<path[39m
                [33md[39m=[32m"M12 9v4"[39m
              [36m/>[39m
              [36m<path[39m
                [33md[39m=[32m"M12 17h.01"[39m
              [36m/>[39m
            [36m</svg>[39m
            [36m<div>[39m
              [36m<h3[39m
                [33mclass[39m=[32m"text-lg font-semibold dark:text-gray-100"[39m
              [36m>[39m
                [0mTest[0m
              [36m</h3>[39m
              [36m<p[39m
                [33mclass[39m=[32m"text-sm text-muted-foreground mt-1"[39m
              [36m>[39m
                [0mGo?[0m
              [36m</p>[39m
            [36m</div>[39m
          [36m</div>[39m
          [36m<div[39m
            [33mclass[39m=[32m"flex justify-end gap-2"[39m
          [36m>[39m
            [36m<button[39m
              [33mclass[39m=[32m"px-4 py-2 text-sm rounded-md border hover:bg-[var(--bg-hover)] dark:hover:bg-gray-700 dark:border-gray-600 focus-visible:ring-2 focus-visible:ring-blue-500"[39m
            [36m>[39m
              [0mNo, keep[0m
            [36m</button>[39m
            [36m<button[39m
              [33mclass[39m=[32m"px-4 py-2 text-sm rounded-md bg-yellow-600 hover:bg-yellow-700 text-white focus-visible:ring-2 focus-visible:ring-blue-500 focus-visible:ring-offset-2"[39m
            [36m>[39m
              [0mYes, delete[0m
            [36m</button>[39m
          [36m</div>[39m
        [36m</div>[39m
      [36m</div>[39m
    [36m</div>[39m
  [36m</body>[39m
[36m</html>[39m
(node:4820) ExperimentalWarning: localStorage is not available because --localstorage-file was not provided.
(Use `node --trace-warnings ...` to show where the warning was created)
 ✓ src/pages/data/VersionDiffPage.test.tsx > VersionDiffPage smoke test > renders without crashing 32ms
 ✓ src/pages/data/VersionDiffPage.test.tsx > VersionDiffPage smoke test > displays empty state when no data 18ms
(node:4820) ExperimentalWarning: localStorage is not available because --localstorage-file was not provided.
(Use `node --trace-warnings ...` to show where the warning was created)
(node:4820) ExperimentalWarning: localStorage is not available because --localstorage-file was not provided.
(Use `node --trace-warnings ...` to show where the warning was created)
 ✓ src/pages/data/GLUploadPage.test.tsx > GLUploadPage smoke test > renders without crashing 23ms
 ✓ src/pages/data/GLUploadPage.test.tsx > GLUploadPage smoke test > displays upload UI 23ms
 ✓ src/pages/reports/BoardPackPage.test.tsx > BoardPackPage smoke test > renders without crashing 28ms
 ✓ src/pages/reports/BoardPackPage.test.tsx > BoardPackPage smoke test > displays expected empty state 17ms
(node:4820) ExperimentalWarning: localStorage is not available because --localstorage-file was not provided.
(Use `node --trace-warnings ...` to show where the warning was created)
 ✓ src/components/reports/__tests__/ExportDialog.test.tsx > ExportDialog > renders format options 66ms
(node:4820) ExperimentalWarning: localStorage is not available because --localstorage-file was not provided.
(Use `node --trace-warnings ...` to show where the warning was created)
 ✓ src/hooks/useAnnounce.test.ts > useAnnounce > should return an announce function 25ms
 ✓ src/hooks/useAnnounce.test.ts > useAnnounce > should create an ARIA live region on first call 6ms
 ✓ src/hooks/useAnnounce.test.ts > useAnnounce > should set message after requestAnimationFrame 4ms
 ✓ src/hooks/useAnnounce.test.ts > useAnnounce > should support assertive politeness 2ms
(node:4820) ExperimentalWarning: localStorage is not available because --localstorage-file was not provided.
(Use `node --trace-warnings ...` to show where the warning was created)
 ✓ src/workers/exports.test.ts > Workers module exports > should export WorkerPool class 3ms
 ✓ src/workers/exports.test.ts > Workers module exports > should export all public API functions from index 5ms
 ✓ src/workers/exports.test.ts > Workers module exports > should export worker pool factory functions 0ms
 ✓ src/workers/exports.test.ts > Workers module exports > should have getWorkerPoolStatus return correct initial state 1ms
 ✓ src/workers/exports.test.ts > Workers module exports > should have terminateAllWorkers as a no-op when no pools exist 1ms
(node:4820) ExperimentalWarning: localStorage is not available because --localstorage-file was not provided.
(Use `node --trace-warnings ...` to show where the warning was created)
 ✓ src/pages/reports/components/BudgetVsActualHeader.test.tsx > BudgetVsActualHeader smoke test > renders without crashing 30ms
 ✓ src/pages/reports/components/BudgetVsActualHeader.test.tsx > BudgetVsActualHeader smoke test > displays heading 114ms
 ✓ src/pages/reports/components/BudgetVsActualHeader.test.tsx > BudgetVsActualHeader smoke test > renders export buttons 17ms
(node:4820) ExperimentalWarning: localStorage is not available because --localstorage-file was not provided.
(Use `node --trace-warnings ...` to show where the warning was created)
(node:4820) ExperimentalWarning: localStorage is not available because --localstorage-file was not provided.
(Use `node --trace-warnings ...` to show where the warning was created)
 ✓ src/pages/analytics/AnalyticsPage.test.tsx > AnalyticsPage smoke test > renders without crashing 28ms
 × src/pages/analytics/AnalyticsPage.test.tsx > AnalyticsPage smoke test > displays the no data empty state 18ms
   → Invalid Chai property: toBeInTheDocument
stderr | src/pages/construction/ProjectCostingPage.test.tsx > ProjectCostingPage smoke test > renders without crashing
The tag <stop> is unrecognized in this browser. If you meant to render a React component, start its name with an 
uppercase letter.
<linearGradient /> is using incorrect casing. Use PascalCase for React components, or lowercase for HTML elements.
The tag <linearGradient> is unrecognized in this browser. If you meant to render a React component, start its name 
with an uppercase letter.
The tag <defs> is unrecognized in this browser. If you meant to render a React component, start its name with an 
uppercase letter.
<linearGradient /> is using incorrect casing. Use PascalCase for React components, or lowercase for HTML elements.

stderr | src/pages/construction/ProjectCostingPage.test.tsx > ProjectCostingPage smoke test > displays Project Costing 
heading
<linearGradient /> is using incorrect casing. Use PascalCase for React components, or lowercase for HTML elements.
<linearGradient /> is using incorrect casing. Use PascalCase for React components, or lowercase for HTML elements.

 ✓ src/pages/construction/ProjectCostingPage.test.tsx > ProjectCostingPage smoke test > renders without crashing 68ms
 ✓ src/pages/construction/ProjectCostingPage.test.tsx > ProjectCostingPage smoke test > displays Project Costing heading 47ms
(node:4820) ExperimentalWarning: localStorage is not available because --localstorage-file was not provided.
(Use `node --trace-warnings ...` to show where the warning was created)
 ✓ src/engines/SensitivityEngine.test.ts > SensitivityEngine > tornado > should generate tornado items for each variable 2ms
 ✓ src/engines/SensitivityEngine.test.ts > SensitivityEngine > tornado > should rank by swing descending 0ms
 ✓ src/engines/SensitivityEngine.test.ts > SensitivityEngine > tornado > should calculate swing correctly 0ms
 ✓ src/engines/SensitivityEngine.test.ts > SensitivityEngine > tornado > should handle single variable 0ms
(node:4820) ExperimentalWarning: localStorage is not available because --localstorage-file was not provided.
(Use `node --trace-warnings ...` to show where the warning was created)
 ✓ src/pages/reports/BalanceSheetPage.test.tsx > BalanceSheetPage smoke test > renders without crashing 33ms
 ✓ src/pages/reports/BalanceSheetPage.test.tsx > BalanceSheetPage smoke test > displays expected empty state 16ms
(node:4820) ExperimentalWarning: localStorage is not available because --localstorage-file was not provided.
(Use `node --trace-warnings ...` to show where the warning was created)
 ✓ src/pages/consolidation/ICEliminationPage.test.tsx > ICEliminationPage smoke test > renders without crashing 40ms
 ✓ src/pages/consolidation/ICEliminationPage.test.tsx > ICEliminationPage smoke test > displays Intercompany Elimination heading 26ms
(node:4820) ExperimentalWarning: localStorage is not available because --localstorage-file was not provided.
(Use `node --trace-warnings ...` to show where the warning was created)
 ✓ src/components/reports/__tests__/ReportScheduler.test.tsx > ReportScheduler > shows empty state 37ms
 ✓ src/components/reports/__tests__/ReportScheduler.test.tsx > ReportScheduler > renders existing schedules 7ms
(node:4820) ExperimentalWarning: localStorage is not available because --localstorage-file was not provided.
(Use `node --trace-warnings ...` to show where the warning was created)
 ✓ src/components/data/GLAccountDrillDown.test.tsx > GLAccountDrillDown > renders without crashing 18ms
 × src/components/data/GLAccountDrillDown.test.tsx > GLAccountDrillDown > displays account code and name 23ms
   → Invalid Chai property: toBeInTheDocument
 × src/components/data/GLAccountDrillDown.test.tsx > GLAccountDrillDown > displays account category 3ms
   → Invalid Chai property: toBeInTheDocument
 × src/components/data/GLAccountDrillDown.test.tsx > GLAccountDrillDown > renders sparkline with data 4ms
   → Invalid Chai property: toBeInTheDocument
 × src/components/data/GLAccountDrillDown.test.tsx > GLAccountDrillDown > renders data table 3ms
   → Invalid Chai property: toBeInTheDocument
(node:4820) ExperimentalWarning: localStorage is not available because --localstorage-file was not provided.
(Use `node --trace-warnings ...` to show where the warning was created)
 ✓ src/hooks/useKeyboardShortcuts.test.ts > useKeyboardShortcuts > should call handler when shortcut matches 15ms
 ✓ src/hooks/useKeyboardShortcuts.test.ts > useKeyboardShortcuts > should not call handler when in input field 4ms
 ✓ src/hooks/useKeyboardShortcuts.test.ts > useKeyboardShortcuts > should ignore case for keys 2ms
(node:4820) ExperimentalWarning: localStorage is not available because --localstorage-file was not provided.
(Use `node --trace-warnings ...` to show where the warning was created)
 × src/components/ui/TornadoChart.test.tsx > TornadoChart > renders without crashing with data 64ms
   → Invalid Chai property: toBeInTheDocument
 × src/components/ui/TornadoChart.test.tsx > TornadoChart > shows title when provided 17ms
   → Invalid Chai property: toBeInTheDocument
 × src/components/ui/TornadoChart.test.tsx > TornadoChart > renders legend labels 8ms
   → Invalid Chai property: toBeInTheDocument
 × src/components/ui/TornadoChart.test.tsx > TornadoChart > handles empty data without crashing 2ms
   → Invalid Chai property: toBeInTheDocument
 × src/components/ui/TornadoChart.test.tsx > TornadoChart > handles empty data with title 2ms
   → Invalid Chai property: toBeInTheDocument
(node:4820) ExperimentalWarning: localStorage is not available because --localstorage-file was not provided.
(Use `node --trace-warnings ...` to show where the warning was created)
(node:4820) ExperimentalWarning: localStorage is not available because --localstorage-file was not provided.
(Use `node --trace-warnings ...` to show where the warning was created)
 ✓ src/components/reports/__tests__/FinancialStatementTemplates.test.tsx > ProfitLossStatement > renders P&L 69ms
 ✓ src/components/reports/__tests__/FinancialStatementTemplates.test.tsx > BalanceSheet > renders balance sheet 56ms
 ✓ src/components/reports/__tests__/FinancialStatementTemplates.test.tsx > CashFlowStatement > renders cash flow 33ms
 ✓ src/components/reports/__tests__/FinancialStatementTemplates.test.tsx > BudgetVsActual > renders BvA 14ms
 ✓ src/components/layout/__tests__/Navbar.test.tsx > Navbar > renders entity selector 47ms
 ✓ src/components/layout/__tests__/Navbar.test.tsx > Navbar > renders user avatar 6ms
(node:4820) ExperimentalWarning: localStorage is not available because --localstorage-file was not provided.
(Use `node --trace-warnings ...` to show where the warning was created)
 × src/pages/charts/__tests__/ChartShowcasePage.test.tsx > ChartShowcasePage > renders heading 48ms
   → [vitest] No "FileImage" export is defined on the "lucide-react" mock. Did you forget to return it from "vi.mock"?
If you need to partially mock a module, you can use "importOriginal" helper inside:

(node:4820) ExperimentalWarning: localStorage is not available because --localstorage-file was not provided.
(Use `node --trace-warnings ...` to show where the warning was created)
(node:4820) ExperimentalWarning: localStorage is not available because --localstorage-file was not provided.
(Use `node --trace-warnings ...` to show where the warning was created)
 ✓ src/components/reports/__tests__/ReportToolbar.test.tsx > ReportToolbar > renders name input and buttons 50ms
 ✓ src/components/reports/__tests__/ReportToolbar.test.tsx > ReportToolbar > shows error count 8ms
 ✓ src/pages/tax/__tests__/TaxProvisionPage.test.tsx > TaxProvisionPage > renders heading 57ms
(node:4820) ExperimentalWarning: localStorage is not available because --localstorage-file was not provided.
(Use `node --trace-warnings ...` to show where the warning was created)
 ✓ src/pages/data/ChartOfAccountsPage.test.tsx > ChartOfAccountsPage smoke test > renders without crashing 35ms
 ✓ src/pages/data/ChartOfAccountsPage.test.tsx > ChartOfAccountsPage smoke test > displays Chart of Accounts heading 22ms
(node:4820) ExperimentalWarning: localStorage is not available because --localstorage-file was not provided.
(Use `node --trace-warnings ...` to show where the warning was created)
(node:4820) ExperimentalWarning: localStorage is not available because --localstorage-file was not provided.
(Use `node --trace-warnings ...` to show where the warning was created)
 ✓ src/components/finance/FXPositionGrid.test.tsx > FXPositionGrid > renders without crashing 17ms
 × src/components/finance/FXPositionGrid.test.tsx > FXPositionGrid > renders FinancialTable child component 15ms
   → Invalid Chai property: toBeInTheDocument
 ✓ src/components/finance/FXPositionGrid.test.tsx > FXPositionGrid > passes empty rows to FinancialTable 2ms
 × src/components/finance/FXPositionGrid.test.tsx > FXPositionGrid > renders all column headers 9ms
   → Invalid Chai property: toBeInTheDocument
 ✓ src/pages/ProfilePage.test.tsx > ProfilePage smoke test > renders without crashing 49ms
 ✓ src/pages/ProfilePage.test.tsx > ProfilePage smoke test > displays Profile heading 33ms
(node:4820) ExperimentalWarning: localStorage is not available because --localstorage-file was not provided.
(Use `node --trace-warnings ...` to show where the warning was created)
 ✓ src/utils/__tests__/tauriSqlStorage.test.ts > tauriSqlStorage > getItem returns parsed value 2ms
 ✓ src/utils/__tests__/tauriSqlStorage.test.ts > tauriSqlStorage > setItem does not throw 1ms
 ✓ src/utils/__tests__/tauriSqlStorage.test.ts > tauriSqlStorage > removeItem does not throw 0ms
 ✓ src/utils/__tests__/tauriSqlStorage.test.ts > tauriSqlStorage > getItem handles empty result 0ms
 ✓ src/utils/__tests__/tauriSqlStorage.test.ts > tauriSqlStorage > isTauri returns false in test environment 0ms
 ✓ src/utils/__tests__/tauriSqlStorage.test.ts > tauriSqlStorage > isTauri returns true when __TAURI__ is present 0ms
(node:4820) ExperimentalWarning: localStorage is not available because --localstorage-file was not provided.
(Use `node --trace-warnings ...` to show where the warning was created)
(node:4820) ExperimentalWarning: localStorage is not available because --localstorage-file was not provided.
(Use `node --trace-warnings ...` to show where the warning was created)
 ✓ src/pages/onboarding/SetupWizardPage.test.tsx > SetupWizardPage smoke test > renders without crashing 33ms
 ✓ src/pages/onboarding/SetupWizardPage.test.tsx > SetupWizardPage smoke test > displays setup wizard heading 121ms
 ✓ src/pages/onboarding/SetupWizardPage.test.tsx > SetupWizardPage smoke test > displays welcome step 6ms
 × src/components/ui/KPIValue.test.tsx > KPIValue > renders label text 48ms
   → Invalid Chai property: toBeInTheDocument
 × src/components/ui/KPIValue.test.tsx > KPIValue > renders numeric value 6ms
   → Invalid Chai property: toBeInTheDocument
 × src/components/ui/KPIValue.test.tsx > KPIValue > renders trend indicator with up arrow for positive change 9ms
   → Invalid Chai property: toBeInTheDocument
 × src/components/ui/KPIValue.test.tsx > KPIValue > renders trend indicator with down arrow for negative change 4ms
   → Invalid Chai property: toBeInTheDocument
 × src/components/ui/KPIValue.test.tsx > KPIValue > renders neutral trend when change is zero 4ms
   → Invalid Chai property: toBeInTheDocument
 × src/components/ui/KPIValue.test.tsx > KPIValue > renders changeLabel when provided 4ms
   → Invalid Chai property: toBeInTheDocument
 × src/components/ui/KPIValue.test.tsx > KPIValue > handles value gracefully 5ms
   → Invalid Chai property: toBeInTheDocument
(node:4820) ExperimentalWarning: localStorage is not available because --localstorage-file was not provided.
(Use `node --trace-warnings ...` to show where the warning was created)
 ✓ src/utils/__tests__/formatters.test.ts > formatters > formatCurrency > formats whole number currency 2ms
 ✓ src/utils/__tests__/formatters.test.ts > formatters > formatCurrencyDetailed > formats with 2 decimals 0ms
 ✓ src/utils/__tests__/formatters.test.ts > formatters > formatCompactNumber > formats with compact notation 0ms
 ✓ src/utils/__tests__/formatters.test.ts > formatters > formatPercent > formats as percentage 0ms
 ✓ src/utils/__tests__/formatters.test.ts > formatters > formatNumber > formats plain number 0ms
 ✓ src/utils/__tests__/formatters.test.ts > formatters > formatVariance > returns formatted and isPositive 0ms
 ✓ src/utils/__tests__/formatters.test.ts > formatters > formatVariance > handles negative variance 0ms
(node:4820) ExperimentalWarning: localStorage is not available because --localstorage-file was not provided.
(Use `node --trace-warnings ...` to show where the warning was created)
 ✓ src/components/finance/DepreciationProjection.test.tsx > DepreciationProjection > renders without crashing 21ms
 × src/components/finance/DepreciationProjection.test.tsx > DepreciationProjection > renders ComboChart child component 13ms
   → Invalid Chai property: toBeInTheDocument
 ✓ src/components/finance/DepreciationProjection.test.tsx > DepreciationProjection > passes empty data array to ComboChart 2ms
 ✓ src/components/finance/DepreciationProjection.test.tsx > DepreciationProjection > uses year as xKey 2ms
 ✓ src/components/finance/DepreciationProjection.test.tsx > DepreciationProjection > applies container height class 2ms
(node:4820) ExperimentalWarning: localStorage is not available because --localstorage-file was not provided.
(Use `node --trace-warnings ...` to show where the warning was created)
 ✓ src/components/realestate/PropertyDashboard.test.tsx > PropertyDashboard > renders without crashing 34ms
 × src/components/realestate/PropertyDashboard.test.tsx > PropertyDashboard > renders all four KPI cards 20ms
   → Invalid Chai property: toBeInTheDocument
 ✓ src/components/realestate/PropertyDashboard.test.tsx > PropertyDashboard > renders placeholder dashes for each KPI 5ms
 ✓ src/components/realestate/PropertyDashboard.test.tsx > PropertyDashboard > renders the FinancialTable 3ms
 ✓ src/components/realestate/PropertyDashboard.test.tsx > PropertyDashboard > renders KPI labels in uppercase 3ms
 ✓ src/components/realestate/PropertyDashboard.test.tsx > PropertyDashboard > has a grid layout for KPI cards 4ms
(node:4820) ExperimentalWarning: localStorage is not available because --localstorage-file was not provided.
(Use `node --trace-warnings ...` to show where the warning was created)
 ✓ src/components/construction/JobCostDashboard.test.tsx > JobCostDashboard > renders without crashing 30ms
 × src/components/construction/JobCostDashboard.test.tsx > JobCostDashboard > renders all four KPI cards 28ms
   → Invalid Chai property: toBeInTheDocument
 ✓ src/components/construction/JobCostDashboard.test.tsx > JobCostDashboard > renders placeholder dashes for each KPI 6ms
 ✓ src/components/construction/JobCostDashboard.test.tsx > JobCostDashboard > renders the FinancialTable 4ms
 ✓ src/components/construction/JobCostDashboard.test.tsx > JobCostDashboard > renders KPI labels in uppercase 4ms
 ✓ src/components/construction/JobCostDashboard.test.tsx > JobCostDashboard > has a grid layout for KPI cards 3ms
(node:4820) ExperimentalWarning: localStorage is not available because --localstorage-file was not provided.
(Use `node --trace-warnings ...` to show where the warning was created)
 ✓ src/components/reports/__tests__/ReportLayoutEditor.test.tsx > ReportLayoutEditor > shows empty row state 43ms
(node:4820) ExperimentalWarning: localStorage is not available because --localstorage-file was not provided.
(Use `node --trace-warnings ...` to show where the warning was created)
 ✓ src/engines/CubePartitioner.test.ts > CubePartitioner > partition > should partition by hash strategy 3ms
 ✓ src/engines/CubePartitioner.test.ts > CubePartitioner > partition > should partition by list strategy 2ms
 ✓ src/engines/CubePartitioner.test.ts > CubePartitioner > partition > should handle empty cells 1ms
(node:4820) ExperimentalWarning: localStorage is not available because --localstorage-file was not provided.
(Use `node --trace-warnings ...` to show where the warning was created)
 ✓ src/hooks/useCopilotSidebar.test.ts > useCopilotSidebar > should have correct initial state 2ms
 ✓ src/hooks/useCopilotSidebar.test.ts > useCopilotSidebar > should toggle open state 0ms
 ✓ src/hooks/useCopilotSidebar.test.ts > useCopilotSidebar > should open 0ms
 ✓ src/hooks/useCopilotSidebar.test.ts > useCopilotSidebar > should close 0ms
 ✓ src/hooks/useCopilotSidebar.test.ts > useCopilotSidebar > should set active tab 0ms
 ✓ src/hooks/useCopilotSidebar.test.ts > useCopilotSidebar > should set active tab to suggestions 0ms
(node:4820) ExperimentalWarning: localStorage is not available because --localstorage-file was not provided.
(Use `node --trace-warnings ...` to show where the warning was created)
(node:4820) ExperimentalWarning: localStorage is not available because --localstorage-file was not provided.
(Use `node --trace-warnings ...` to show where the warning was created)
 ✓ src/engines/ReportSchedulerEngine.test.ts > ReportSchedulerEngine > createSchedule > creates a report schedule 3ms
 ✓ src/engines/ReportSchedulerEngine.test.ts > ReportSchedulerEngine > deleteSchedule > removes a schedule 0ms
 ✓ src/engines/ReportSchedulerEngine.test.ts > ReportSchedulerEngine > listSchedules > lists all schedules 0ms
(node:4820) ExperimentalWarning: localStorage is not available because --localstorage-file was not provided.
(Use `node --trace-warnings ...` to show where the warning was created)
 ✓ src/pages/government/GovernmentPage.test.tsx > GovernmentPage smoke test > renders without crashing 27ms
 ✓ src/pages/government/GovernmentPage.test.tsx > GovernmentPage smoke test > displays expected empty state 17ms
 ✓ src/components/reports/__tests__/ReportLeftPanel.test.tsx > ReportLeftPanel > renders rows panel by default 39ms
 ✓ src/components/reports/__tests__/ReportLeftPanel.test.tsx > ReportLeftPanel > renders properties panel 9ms
(node:4820) ExperimentalWarning: localStorage is not available because --localstorage-file was not provided.
(Use `node --trace-warnings ...` to show where the warning was created)
 × src/components/ui/SankeyChart.test.tsx > SankeyChart > renders source nodes with percentage 53ms
   → Invalid Chai property: toBeInTheDocument
 × src/components/ui/SankeyChart.test.tsx > SankeyChart > renders target nodes 6ms
   → Invalid Chai property: toBeInTheDocument
 × src/components/ui/SankeyChart.test.tsx > SankeyChart > shows title when provided 5ms
   → Invalid Chai property: toBeInTheDocument
 × src/components/ui/SankeyChart.test.tsx > SankeyChart > handles empty links without crashing 3ms
   → Invalid Chai property: toBeInTheDocument
 × src/components/ui/SankeyChart.test.tsx > SankeyChart > handles empty links with title 2ms
   → Invalid Chai property: toBeInTheDocument
(node:4820) ExperimentalWarning: localStorage is not available because --localstorage-file was not provided.
(Use `node --trace-warnings ...` to show where the warning was created)
(node:4820) ExperimentalWarning: localStorage is not available because --localstorage-file was not provided.
(Use `node --trace-warnings ...` to show where the warning was created)
 ✓ src/components/data/GLTrialBalanceGrid.test.tsx > GLTrialBalanceGrid > renders without crashing 15ms
 × src/components/data/GLTrialBalanceGrid.test.tsx > GLTrialBalanceGrid > renders DataGrid component 13ms
   → Invalid Chai property: toBeInTheDocument
 ✓ src/components/data/GLTrialBalanceGrid.test.tsx > GLTrialBalanceGrid > passes empty data to DataGrid 2ms
 ✓ src/components/data/GLTrialBalanceGrid.test.tsx > GLTrialBalanceGrid > has fixed height container 2ms
 ✓ src/components/data/GLTrialBalanceGrid.test.tsx > GLTrialBalanceGrid > has border styling on container 2ms
 ✓ src/pages/consolidation/ConsolidationDashboard.test.tsx > ConsolidationDashboard smoke test > renders without crashing 26ms
 ✓ src/pages/consolidation/ConsolidationDashboard.test.tsx > ConsolidationDashboard smoke test > displays Legal Entity Consolidation heading 20ms
(node:4820) ExperimentalWarning: localStorage is not available because --localstorage-file was not provided.
(Use `node --trace-warnings ...` to show where the warning was created)
 ✓ src/components/finance/RevRecSchedule.test.tsx > RevRecSchedule > renders without crashing 22ms
 × src/components/finance/RevRecSchedule.test.tsx > RevRecSchedule > renders ComboChart child component 16ms
   → Invalid Chai property: toBeInTheDocument
 ✓ src/components/finance/RevRecSchedule.test.tsx > RevRecSchedule > passes empty data array to ComboChart 3ms
 ✓ src/components/finance/RevRecSchedule.test.tsx > RevRecSchedule > uses period as xKey 2ms
 ✓ src/components/finance/RevRecSchedule.test.tsx > RevRecSchedule > applies container height class 2ms
(node:4820) ExperimentalWarning: localStorage is not available because --localstorage-file was not provided.
(Use `node --trace-warnings ...` to show where the warning was created)
 ✓ src/components/finance/LeaseSchedule.test.tsx > LeaseSchedule > renders without crashing 21ms
 × src/components/finance/LeaseSchedule.test.tsx > LeaseSchedule > renders ComboChart child component 15ms
   → Invalid Chai property: toBeInTheDocument
 ✓ src/components/finance/LeaseSchedule.test.tsx > LeaseSchedule > passes empty data array to ComboChart 3ms
 ✓ src/components/finance/LeaseSchedule.test.tsx > LeaseSchedule > uses period as xKey 2ms
 ✓ src/components/finance/LeaseSchedule.test.tsx > LeaseSchedule > applies container height class 2ms
(node:4820) ExperimentalWarning: localStorage is not available because --localstorage-file was not provided.
(Use `node --trace-warnings ...` to show where the warning was created)
 ✓ src/engines/SyncEngine.test.ts > SyncEngine > enqueues a change 2ms
 ✓ src/engines/SyncEngine.test.ts > SyncEngine > gets status 0ms
 ✓ src/engines/SyncEngine.test.ts > SyncEngine > exports queue 0ms
 ✓ src/engines/SyncEngine.test.ts > SyncEngine > imports queue 0ms
 ✓ src/engines/SyncEngine.test.ts > SyncEngine > cleans up old items 0ms
(node:4820) ExperimentalWarning: localStorage is not available because --localstorage-file was not provided.
(Use `node --trace-warnings ...` to show where the warning was created)
 × src/components/ui/Badge.test.tsx > Badge > renders children text 39ms
   → Invalid Chai property: toBeInTheDocument
 ✓ src/components/ui/Badge.test.tsx > Badge > applies default variant class 4ms
 ✓ src/components/ui/Badge.test.tsx > Badge > applies secondary variant class 3ms
 ✓ src/components/ui/Badge.test.tsx > Badge > applies outline variant class 3ms
 ✓ src/components/ui/Badge.test.tsx > Badge > applies destructive variant class 2ms
 ✓ src/components/ui/Badge.test.tsx > Badge > accepts className prop 2ms
(node:4820) ExperimentalWarning: localStorage is not available because --localstorage-file was not provided.
(Use `node --trace-warnings ...` to show where the warning was created)
 ✓ src/engines/formula-functions/text.test.ts > Text Functions > LEN > returns length of number as string 2ms
 ✓ src/engines/formula-functions/text.test.ts > Text Functions > UPPER > converts number string to uppercase 0ms
 ✓ src/engines/formula-functions/text.test.ts > Text Functions > LOWER > converts number string to lowercase 0ms
 ✓ src/engines/formula-functions/text.test.ts > Text Functions > TEXT > formats number 0ms
 ✓ src/engines/formula-functions/text.test.ts > Text Functions > CODE > returns character code 0ms
 ✓ src/engines/formula-functions/text.test.ts > Text Functions > CHAR > returns character from code 0ms
 ✓ src/engines/formula-functions/text.test.ts > Text Functions > VALUE > returns value unchanged 0ms
 ✓ src/engines/formula-functions/text.test.ts > Text Functions > EXACT > compares values 0ms
(node:4820) ExperimentalWarning: localStorage is not available because --localstorage-file was not provided.
(Use `node --trace-warnings ...` to show where the warning was created)
 × src/pages/__tests__/data/DataFlowMapPage.test.tsx > DataFlowMapPage > renders the page heading 52ms
   → Invalid Chai property: toBeInTheDocument
 × src/pages/__tests__/data/DataFlowMapPage.test.tsx > DataFlowMapPage > renders the sankey diagram container 12ms
   → Invalid Chai property: toBeInTheDocument
 × src/pages/__tests__/data/DataFlowMapPage.test.tsx > DataFlowMapPage > renders the four legend cards 13ms
   → Invalid Chai property: toBeInTheDocument
(node:4820) ExperimentalWarning: localStorage is not available because --localstorage-file was not provided.
(Use `node --trace-warnings ...` to show where the warning was created)
 ✓ src/pages/consolidation/OwnershipTreePage.test.tsx > OwnershipTreePage smoke test > renders without crashing 40ms
 ✓ src/pages/consolidation/OwnershipTreePage.test.tsx > OwnershipTreePage smoke test > displays Ownership Structure heading 26ms
(node:4820) ExperimentalWarning: localStorage is not available because --localstorage-file was not provided.
(Use `node --trace-warnings ...` to show where the warning was created)
 ✓ src/hooks/useErrorHandler.test.ts > useErrorHandler > should initialize with no error 13ms
 ✓ src/hooks/useErrorHandler.test.ts > useErrorHandler > should set an error via captureError 3ms
 ✓ src/hooks/useErrorHandler.test.ts > useErrorHandler > should clear the error 2ms
 ✓ src/hooks/useErrorHandler.test.ts > useErrorHandler > should handle Error objects 1ms
(node:4820) ExperimentalWarning: localStorage is not available because --localstorage-file was not provided.
(Use `node --trace-warnings ...` to show where the warning was created)
 ✓ src/components/insurance/UnderwritingDashboard.test.tsx > UnderwritingDashboard > renders without crashing 33ms
 × src/components/insurance/UnderwritingDashboard.test.tsx > UnderwritingDashboard > renders the Combined Ratio label 25ms
   → Found multiple elements with the text: Combined Ratio

Here are the matching elements:

Ignored nodes: comments, script, style
[36m<span[39m
  [33mclass[39m=[32m"text-sm font-bold text-slate-400 uppercase"[39m
[36m>[39m
  [0mCombined Ratio[0m
[36m</span>[39m

Ignored nodes: comments, script, style
[36m<text[39m
  [33mfill[39m=[32m"var(--text-muted)"[39m
  [33mfont-size[39m=[32m"11"[39m
  [33mtext-anchor[39m=[32m"middle"[39m
  [33mx[39m=[32m"100"[39m
  [33my[39m=[32m"135"[39m
[36m>[39m
  [0mCombined Ratio[0m
[36m</text>[39m

(If this is intentional, then use the `*AllBy*` variant of the query (like `queryAllByText`, `getAllByText`, or `findAllByText`)).

Ignored nodes: comments, script, style
[36m<body>[39m
  [36m<div>[39m
    [36m<div[39m
      [33mclass[39m=[32m"grid grid-cols-1 md:grid-cols-3 gap-6"[39m
    [36m>[39m
      [36m<div[39m
        [33mclass[39m=[32m"rounded-xl border bg-card text-card-foreground shadow-sm dark:border-gray-700 dark:bg-gray-800 p-6 flex flex-col items-center gap-4"[39m
      [36m>[39m
        [36m<span[39m
          [33mclass[39m=[32m"text-sm font-bold text-slate-400 uppercase"[39m
        [36m>[39m
          [0mCombined Ratio[0m
        [36m</span>[39m
        [36m<div[39m
          [33maria-label[39m=[32m"Combined Ratio: 92"[39m
          [33mrole[39m=[32m"img"[39m
          [33mstyle[39m=[32m"width: 200px; height: 160px;"[39m
        [36m>[39m
          [36m<svg[39m
            [33mheight[39m=[32m"160"[39m
            [33mwidth[39m=[32m"200"[39m
          [36m>[39m
            [36m<path[39m
              [33md[39m=[32m"M20 140 A80 80 0 0 1 180 140"[39m
              [33mfill[39m=[32m"none"[39m
              [33mstroke[39m=[32m"var(--border-subtle)"[39m
              [33mstroke-linecap[39m=[32m"round"[39m
              [33mstroke-width[39m=[32m"12"[39m
            [36m/>[39m
            [36m<path[39m
              [33md[39m=[32m"M20 140 A80 80 0 0 1 174.98255915935133 167.8857637857452"[39m
              [33mfill[39m=[32m"none"[39m
              [33mstroke[39m=[32m"var(--positive)"[39m
              [33mstroke-linecap[39m=[32m"round"[39m
              [33mstroke-width[39m=[32m"12"[39m
            [36m/>[39m
            [36m<line[39m
              [33mstroke[39m=[32m"var(--text-primary)"[39m
              [33mstroke-width[39m=[32m"2"[39m
              [33mx1[39m=[32m"100"[39m
              [33mx2[39m=[32m"174.98255915935133"[39m
              [33my1[39m=[32m"140"[39m
              [33my2[39m=[32m"167.8857637857452"[39m
            [36m/>[39m
            [36m<circle[39m
              [33mcx[39m=[32m"100"[39m
              [33mcy[39m=[32m"140"[39m
              [33mfill[39m=[32m"var(--text-primary)"[39m
              [33mr[39m=[32m"4"[39m
            [36m/>[39m
            [36m<text[39m
              [33mfill[39m=[32m"var(--text-primary)"[39m
              [33mfont-size[39m=[32m"20"[39m
              [33mfont-weight[39m=[32m"700"[39m
              [33mtext-anchor[39m=[32m"middle"[39m
              [33mx[39m=[32m"100"[39m
              [33my[39m=[32m"95"[39m
            [36m>[39m
              [0m92[0m
            [36m</text>[39m
            [36m<text[39m
              [33mfill[39m=[32m"var(--text-muted)"[39m
              [33mfont-size[39m=[32m"11"[39m
              [33mtext-anchor[39m=[32m"middle"[39m
              [33mx[39m=[32m"100"[39m
              [33my[39m=[32m"135"[39m
            [36m>[39m
              [0mCombined Ratio[0m
            [36m</text>[39m
            [36m<text[39m
              [33mfill[39m=[32m"var(--text-muted)"[39m
              [33mfont-size[39m=[32m"10"[39m
              [33mx[39m=[32m"12"[39m
              [33my[39m=[32m"152"[39m
            [36m>[39m
              [0m0[0m
            [36m</text>[39m
            [36m<text[39m
              [33mfill[39m=[32m"var(--text-muted)"[39m
              [33mfont-size[39m=[32m"10"[39m
              [33mtext-anchor[39m=[32m"end"[39m
              [33mx[39m=[32m"188"[39m
              [33my[39m=[32m"152"[39m
            [36m>[39m
              [0m150[0m
            [36m</text>[39m
          [36m</svg>[39m
        [36m</div>[39m
      [36m</div>[39m
      [36m<div[39m
        [33mclass[39m=[32m"md:col-span-2"[39m
      [36m>[39m
        [36m<div[39m
          [33mclass[39m=[32m"rounded-xl border bg-card text-card-foreground shadow-sm dark:border-gray-700 dark:bg-gray-800 p-6 h-full"[39m
        [36m>[39m
          [36m<h4[39m
            [33mclass[39m=[32m"text-sm font-bold text-slate-500 mb-4"[39m
          [36m>[39m
            [0mPremium Trend[0m
          [36m</h4>[39m
          [36m<div[39m
            [33mclass[39m=[32m"h-48 bg-slate-900 rounded border border-slate-800 flex items-center justify-center text-slate-600"[39m
          [36m>[39m
            [0mPremium Bar Chart[0m
          [36m</div>[39m
        [36m</div>[39m
      [36m</div>[39m
    [36m</div>[39m
  [36m</div>[39m
[36m</body>[39m
 × src/components/insurance/UnderwritingDashboard.test.tsx > UnderwritingDashboard > renders the gauge section with fallback for incomplete props 10ms
   → Unable to find an element with the text: Invalid data. This could be because the text is broken up by multiple elements. In this case, you can provide a function for your text matcher to make your matcher more flexible.

Ignored nodes: comments, script, style
[36m<body>[39m
  [36m<div>[39m
    [36m<div[39m
      [33mclass[39m=[32m"grid grid-cols-1 md:grid-cols-3 gap-6"[39m
    [36m>[39m
      [36m<div[39m
        [33mclass[39m=[32m"rounded-xl border bg-card text-card-foreground shadow-sm dark:border-gray-700 dark:bg-gray-800 p-6 flex flex-col items-center gap-4"[39m
      [36m>[39m
        [36m<span[39m
          [33mclass[39m=[32m"text-sm font-bold text-slate-400 uppercase"[39m
        [36m>[39m
          [0mCombined Ratio[0m
        [36m</span>[39m
        [36m<div[39m
          [33maria-label[39m=[32m"Combined Ratio: 92"[39m
          [33mrole[39m=[32m"img"[39m
          [33mstyle[39m=[32m"width: 200px; height: 160px;"[39m
        [36m>[39m
          [36m<svg[39m
            [33mheight[39m=[32m"160"[39m
            [33mwidth[39m=[32m"200"[39m
          [36m>[39m
            [36m<path[39m
              [33md[39m=[32m"M20 140 A80 80 0 0 1 180 140"[39m
              [33mfill[39m=[32m"none"[39m
              [33mstroke[39m=[32m"var(--border-subtle)"[39m
              [33mstroke-linecap[39m=[32m"round"[39m
              [33mstroke-width[39m=[32m"12"[39m
            [36m/>[39m
            [36m<path[39m
              [33md[39m=[32m"M20 140 A80 80 0 0 1 174.98255915935133 167.8857637857452"[39m
              [33mfill[39m=[32m"none"[39m
              [33mstroke[39m=[32m"var(--positive)"[39m
              [33mstroke-linecap[39m=[32m"round"[39m
              [33mstroke-width[39m=[32m"12"[39m
            [36m/>[39m
            [36m<line[39m
              [33mstroke[39m=[32m"var(--text-primary)"[39m
              [33mstroke-width[39m=[32m"2"[39m
              [33mx1[39m=[32m"100"[39m
              [33mx2[39m=[32m"174.98255915935133"[39m
              [33my1[39m=[32m"140"[39m
              [33my2[39m=[32m"167.8857637857452"[39m
            [36m/>[39m
            [36m<circle[39m
              [33mcx[39m=[32m"100"[39m
              [33mcy[39m=[32m"140"[39m
              [33mfill[39m=[32m"var(--text-primary)"[39m
              [33mr[39m=[32m"4"[39m
            [36m/>[39m
            [36m<text[39m
              [33mfill[39m=[32m"var(--text-primary)"[39m
              [33mfont-size[39m=[32m"20"[39m
              [33mfont-weight[39m=[32m"700"[39m
              [33mtext-anchor[39m=[32m"middle"[39m
              [33mx[39m=[32m"100"[39m
              [33my[39m=[32m"95"[39m
            [36m>[39m
              [0m92[0m
            [36m</text>[39m
            [36m<text[39m
              [33mfill[39m=[32m"var(--text-muted)"[39m
              [33mfont-size[39m=[32m"11"[39m
              [33mtext-anchor[39m=[32m"middle"[39m
              [33mx[39m=[32m"100"[39m
              [33my[39m=[32m"135"[39m
            [36m>[39m
              [0mCombined Ratio[0m
            [36m</text>[39m
            [36m<text[39m
              [33mfill[39m=[32m"var(--text-muted)"[39m
              [33mfont-size[39m=[32m"10"[39m
              [33mx[39m=[32m"12"[39m
              [33my[39m=[32m"152"[39m
            [36m>[39m
              [0m0[0m
            [36m</text>[39m
            [36m<text[39m
              [33mfill[39m=[32m"var(--text-muted)"[39m
              [33mfont-size[39m=[32m"10"[39m
              [33mtext-anchor[39m=[32m"end"[39m
              [33mx[39m=[32m"188"[39m
              [33my[39m=[32m"152"[39m
            [36m>[39m
              [0m150[0m
            [36m</text>[39m
          [36m</svg>[39m
        [36m</div>[39m
      [36m</div>[39m
      [36m<div[39m
        [33mclass[39m=[32m"md:col-span-2"[39m
      [36m>[39m
        [36m<div[39m
          [33mclass[39m=[32m"rounded-xl border bg-card text-card-foreground shadow-sm dark:border-gray-700 dark:bg-gray-800 p-6 h-full"[39m
        [36m>[39m
          [36m<h4[39m
            [33mclass[39m=[32m"text-sm font-bold text-slate-500 mb-4"[39m
          [36m>[39m
            [0mPremium Trend[0m
          [36m</h4>[39m
          [36m<div[39m
            [33mclass[39m=[32m"h-48 bg-slate-900 rounded border border-slate-800 flex items-center justify-center text-slate-600"[39m
          [36m>[39m
            [0mPremium Bar Chart[0m
          [36m</div>[39m
        [36m</div>[39m
      [36m</div>[39m
    [36m</div>[39m
  [36m</div>[39m
[36m</body>[39m
 × src/components/insurance/UnderwritingDashboard.test.tsx > UnderwritingDashboard > renders the Premium Trend section 6ms
   → Invalid Chai property: toBeInTheDocument
 × src/components/insurance/UnderwritingDashboard.test.tsx > UnderwritingDashboard > renders the placeholder chart area 5ms
   → Invalid Chai property: toBeInTheDocument
 ✓ src/components/insurance/UnderwritingDashboard.test.tsx > UnderwritingDashboard > has a grid layout 4ms
(node:4820) ExperimentalWarning: localStorage is not available because --localstorage-file was not provided.
(Use `node --trace-warnings ...` to show where the warning was created)
(node:4820) ExperimentalWarning: localStorage is not available because --localstorage-file was not provided.
(Use `node --trace-warnings ...` to show where the warning was created)
 ✓ src/engines/templates/manufacturing.test.ts > Manufacturing Template > buildManufacturingTemplate > returns a valid template 2ms
 ✓ src/engines/templates/manufacturing.test.ts > Manufacturing Template > buildManufacturingTemplate > has a name 0ms
 ✓ src/engines/templates/manufacturing.test.ts > Manufacturing Template > buildManufacturingTemplate > has drivers array 0ms
 ✓ src/engines/templates/manufacturing.test.ts > Manufacturing Template > buildManufacturingTemplate > has accounts 0ms
 ✓ src/engines/templates/manufacturing.test.ts > Manufacturing Template > buildManufacturingTemplate > each driver has required fields 1ms
(node:4820) ExperimentalWarning: localStorage is not available because --localstorage-file was not provided.
(Use `node --trace-warnings ...` to show where the warning was created)
 × src/pages/__tests__/reports/SegmentReportingPage.test.tsx > SegmentReportingPage > renders the segment reporting page 70ms
   → Invalid Chai property: toBeInTheDocument
 × src/components/ui/ChatMessage.test.tsx > ChatMessage > renders user message 47ms
   → Invalid Chai property: toBeInTheDocument
 × src/components/ui/ChatMessage.test.tsx > ChatMessage > renders assistant message 5ms
   → Invalid Chai property: toBeInTheDocument
(node:4820) ExperimentalWarning: localStorage is not available because --localstorage-file was not provided.
(Use `node --trace-warnings ...` to show where the warning was created)
 ✓ src/components/reports/__tests__/ConditionalFormatPanel.test.tsx > ConditionalFormatPanel > renders header 51ms
 ✓ src/components/reports/__tests__/ConditionalFormatPanel.test.tsx > ConditionalFormatPanel > shows empty state 5ms
(node:4820) ExperimentalWarning: localStorage is not available because --localstorage-file was not provided.
(Use `node --trace-warnings ...` to show where the warning was created)
(node:4820) ExperimentalWarning: localStorage is not available because --localstorage-file was not provided.
(Use `node --trace-warnings ...` to show where the warning was created)
 × src/components/ui/CellCommentPanel.test.tsx > CellCommentPanel > renders panel for active cell 49ms
   → Invalid Chai property: toBeInTheDocument
 ✓ src/components/ui/CellCommentPanel.test.tsx > CellCommentPanel > calls onClose when close button clicked 16ms
 × src/components/ui/Select.test.tsx > Select > renders select element 183ms
   → Invalid Chai property: toBeInTheDocument
 × src/components/ui/Select.test.tsx > Select > shows all options when opened 99ms
   → Invalid Chai property: toBeInTheDocument
 ✓ src/components/ui/Select.test.tsx > Select > handles onChange 75ms
 × src/components/ui/Select.test.tsx > Select > applies placeholder 33ms
   → Invalid Chai property: toBeInTheDocument
(node:4820) ExperimentalWarning: localStorage is not available because --localstorage-file was not provided.
(Use `node --trace-warnings ...` to show where the warning was created)
 ✓ src/engines/templates/real-estate.test.ts > Real Estate Template > buildRealEstateTemplate > returns a valid template 3ms
 ✓ src/engines/templates/real-estate.test.ts > Real Estate Template > buildRealEstateTemplate > has a name 1ms
 ✓ src/engines/templates/real-estate.test.ts > Real Estate Template > buildRealEstateTemplate > has drivers array 0ms
 ✓ src/engines/templates/real-estate.test.ts > Real Estate Template > buildRealEstateTemplate > has accounts 0ms
 ✓ src/engines/templates/real-estate.test.ts > Real Estate Template > buildRealEstateTemplate > each driver has required fields 1ms
(node:4820) ExperimentalWarning: localStorage is not available because --localstorage-file was not provided.
(Use `node --trace-warnings ...` to show where the warning was created)
 ✓ src/engines/templates/healthcare.test.ts > Healthcare Template > buildHealthcareTemplate > returns a valid template 2ms
 ✓ src/engines/templates/healthcare.test.ts > Healthcare Template > buildHealthcareTemplate > has a name 0ms
 ✓ src/engines/templates/healthcare.test.ts > Healthcare Template > buildHealthcareTemplate > has drivers array 0ms
 ✓ src/engines/templates/healthcare.test.ts > Healthcare Template > buildHealthcareTemplate > has accounts 0ms
 ✓ src/engines/templates/healthcare.test.ts > Healthcare Template > buildHealthcareTemplate > each driver has required fields 1ms
(node:4820) ExperimentalWarning: localStorage is not available because --localstorage-file was not provided.
(Use `node --trace-warnings ...` to show where the warning was created)
 ✓ src/components/reports/__tests__/FormulaBar.test.tsx > FormulaBar > renders expression input 53ms
 ✓ src/components/reports/__tests__/FormulaBar.test.tsx > FormulaBar > renders format options 15ms
(node:4820) ExperimentalWarning: localStorage is not available because --localstorage-file was not provided.
(Use `node --trace-warnings ...` to show where the warning was created)
 ✓ src/engines/templates/insurance.test.ts > Insurance Template > buildInsuranceTemplate > returns a valid template 2ms
 ✓ src/engines/templates/insurance.test.ts > Insurance Template > buildInsuranceTemplate > has a name 0ms
 ✓ src/engines/templates/insurance.test.ts > Insurance Template > buildInsuranceTemplate > has drivers array 0ms
 ✓ src/engines/templates/insurance.test.ts > Insurance Template > buildInsuranceTemplate > has accounts 0ms
 ✓ src/engines/templates/insurance.test.ts > Insurance Template > buildInsuranceTemplate > each driver has required fields 1ms
(node:4820) ExperimentalWarning: localStorage is not available because --localstorage-file was not provided.
(Use `node --trace-warnings ...` to show where the warning was created)
 ✓ src/engines/BreakEvenEngine.test.ts > BreakEvenEngine > calculate > calculates break-even point 2ms
 ✓ src/engines/BreakEvenEngine.test.ts > BreakEvenEngine > calculate > handles zero contribution margin 0ms
 ✓ src/engines/BreakEvenEngine.test.ts > BreakEvenEngine > calculate > handles high margin 0ms
 ✓ src/engines/BreakEvenEngine.test.ts > BreakEvenEngine > targetProfit > calculates units for target profit 0ms
(node:4820) ExperimentalWarning: localStorage is not available because --localstorage-file was not provided.
(Use `node --trace-warnings ...` to show where the warning was created)
 ✓ src/pages/currency/FXRatesPage.test.tsx > FXRatesPage smoke test > renders without crashing 26ms
 ✓ src/pages/currency/FXRatesPage.test.tsx > FXRatesPage smoke test > displays empty state when no entries 18ms
(node:4820) ExperimentalWarning: localStorage is not available because --localstorage-file was not provided.
(Use `node --trace-warnings ...` to show where the warning was created)
 ✓ src/pages/data/GLTrialBalancePage.test.tsx > GLTrialBalancePage smoke test > renders without crashing 33ms
 ✓ src/pages/data/GLTrialBalancePage.test.tsx > GLTrialBalancePage smoke test > displays Trial Balance heading 21ms
(node:4820) ExperimentalWarning: localStorage is not available because --localstorage-file was not provided.
(Use `node --trace-warnings ...` to show where the warning was created)
 ✓ src/components/retail/StoreDashboard.test.tsx > StoreDashboard > renders without crashing 35ms
 × src/components/retail/StoreDashboard.test.tsx > StoreDashboard > renders column headers 25ms
   → Invalid Chai property: toBeInTheDocument
 × src/components/retail/StoreDashboard.test.tsx > StoreDashboard > shows empty state when no rows 8ms
   → Invalid Chai property: toBeInTheDocument
 ✓ src/components/retail/StoreDashboard.test.tsx > StoreDashboard > renders a table element 6ms
 ✓ src/components/retail/StoreDashboard.test.tsx > StoreDashboard > renders the correct number of column headers 3ms
(node:4820) ExperimentalWarning: localStorage is not available because --localstorage-file was not provided.
(Use `node --trace-warnings ...` to show where the warning was created)
 ✓ src/engines/templates/energy.test.ts > Energy Template > buildEnergyTemplate > returns a valid template 3ms
 ✓ src/engines/templates/energy.test.ts > Energy Template > buildEnergyTemplate > has a name 1ms
 ✓ src/engines/templates/energy.test.ts > Energy Template > buildEnergyTemplate > has drivers array 1ms
 ✓ src/engines/templates/energy.test.ts > Energy Template > buildEnergyTemplate > has accounts 0ms
 ✓ src/engines/templates/energy.test.ts > Energy Template > buildEnergyTemplate > each driver has required fields 1ms
(node:4820) ExperimentalWarning: localStorage is not available because --localstorage-file was not provided.
(Use `node --trace-warnings ...` to show where the warning was created)
 ✓ src/engines/templates/retail.test.ts > Retail Template > buildRetailTemplate > returns a valid template 3ms
 ✓ src/engines/templates/retail.test.ts > Retail Template > buildRetailTemplate > has a name 1ms
 ✓ src/engines/templates/retail.test.ts > Retail Template > buildRetailTemplate > has drivers array 1ms
 ✓ src/engines/templates/retail.test.ts > Retail Template > buildRetailTemplate > has accounts 1ms
 ✓ src/engines/templates/retail.test.ts > Retail Template > buildRetailTemplate > each driver has required fields 1ms
(node:4820) ExperimentalWarning: localStorage is not available because --localstorage-file was not provided.
(Use `node --trace-warnings ...` to show where the warning was created)
 ✓ src/services/api-integration/types.test.ts > ApiError > should create error with all properties 3ms
 ✓ src/services/api-integration/types.test.ts > ApiError > should create error without data 0ms
 ✓ src/services/api-integration/types.test.ts > ApiError > should be throwable 0ms
 ✓ src/services/api-integration/types.test.ts > ApiError > should preserve stack trace 2ms
(node:4820) ExperimentalWarning: localStorage is not available because --localstorage-file was not provided.
(Use `node --trace-warnings ...` to show where the warning was created)
 ✓ src/utils/__tests__/storageConstants.test.ts > storageConstants > DB_NAME is set 3ms
 ✓ src/utils/__tests__/storageConstants.test.ts > storageConstants > DB_VERSION is 1 0ms
 ✓ src/utils/__tests__/storageConstants.test.ts > storageConstants > PERSIST_KEYS contains all store keys 3ms
 ✓ src/utils/__tests__/storageConstants.test.ts > storageConstants > BACKUP_PREFIX is set 0ms
 ✓ src/utils/__tests__/storageConstants.test.ts > storageConstants > AUTO_BACKUP_MAX is 5 0ms
(node:4820) ExperimentalWarning: localStorage is not available because --localstorage-file was not provided.
(Use `node --trace-warnings ...` to show where the warning was created)
 ✓ src/pages/currency/TranslationResultPage.test.tsx > TranslationResultPage smoke test > renders without crashing 46ms
 ✓ src/pages/currency/TranslationResultPage.test.tsx > TranslationResultPage smoke test > displays empty state when no data 21ms
(node:4820) ExperimentalWarning: localStorage is not available because --localstorage-file was not provided.
(Use `node --trace-warnings ...` to show where the warning was created)
 ✓ src/pages/scenarios/__tests__/ScenarioComparisonPage.test.tsx > ScenarioComparisonPage > renders empty state when no scenarios 47ms
 ✓ src/pages/scenarios/__tests__/ScenarioComparisonPage.test.tsx > ScenarioComparisonPage > renders create scenario button in empty state 5ms
 ✓ src/pages/scenarios/__tests__/ScenarioComparisonPage.test.tsx > ScenarioComparisonPage > renders message to create scenario first 8ms
(node:4820) ExperimentalWarning: localStorage is not available because --localstorage-file was not provided.
(Use `node --trace-warnings ...` to show where the warning was created)
 ✓ src/components/reports/__tests__/ReportBookBuilder.test.tsx > ReportBookBuilder > renders template catalog 50ms
(node:4820) ExperimentalWarning: localStorage is not available because --localstorage-file was not provided.
(Use `node --trace-warnings ...` to show where the warning was created)
 × src/components/ui/TreeMap.test.tsx > TreeMap > renders without crashing with data 73ms
   → Invalid Chai property: toBeInTheDocument
 × src/components/ui/TreeMap.test.tsx > TreeMap > shows title when provided 25ms
   → Invalid Chai property: toBeInTheDocument
 × src/components/ui/TreeMap.test.tsx > TreeMap > handles empty data without crashing 5ms
   → Invalid Chai property: toBeInTheDocument
 × src/components/ui/TreeMap.test.tsx > TreeMap > handles empty data with title 5ms
   → Invalid Chai property: toBeInTheDocument
(node:4820) ExperimentalWarning: localStorage is not available because --localstorage-file was not provided.
(Use `node --trace-warnings ...` to show where the warning was created)
(node:4820) ExperimentalWarning: localStorage is not available because --localstorage-file was not provided.
(Use `node --trace-warnings ...` to show where the warning was created)
 × src/pages/__tests__/collaboration/TeamWorkspace.test.tsx > TeamWorkspace > renders without crashing 166ms
   → Invalid Chai property: toBeInTheDocument
 × src/pages/__tests__/collaboration/TeamWorkspace.test.tsx > TeamWorkspace > shows empty state when no entries 10ms
   → Invalid Chai property: toBeInTheDocument
 × src/pages/templates/__tests__/TemplateGalleryPage.test.tsx > TemplateGalleryPage > renders heading 87ms
   → Found multiple elements with the text: /Template/i

Here are the matching elements:

Ignored nodes: comments, script, style
[36m<h1[39m
  [33mclass[39m=[32m"text-2xl font-bold"[39m
[36m>[39m
  [0mTemplate Gallery[0m
[36m</h1>[39m

Ignored nodes: comments, script, style
[36m<p[39m
  [33mclass[39m=[32m"text-muted-foreground"[39m
[36m>[39m
  [0mPre-built templates for budgets, forecasts, and reports across 16 industries[0m
[36m</p>[39m

Ignored nodes: comments, script, style
[36m<span[39m
  [33mclass[39m=[32m"text-[10px] font-bold uppercase tracking-widest text-[var(--text-secondary)] opacity-70 group-hover:opacity-100 transition-opacity"[39m
[36m>[39m
  [0mTotal Templates[0m
[36m</span>[39m

Ignored nodes: comments, script, style
[36m<p>[39m
  [0mNo templates match your search.[0m
[36m</p>[39m

(If this is intentional, then use the `*AllBy*` variant of the query (like `queryAllByText`, `getAllByText`, or `findAllByText`)).

Ignored nodes: comments, script, style
[36m<body>[39m
  [36m<div>[39m
    [36m<div[39m
      [33mclass[39m=[32m"p-6 space-y-6"[39m
    [36m>[39m
      [36m<div[39m
        [33mclass[39m=[32m"flex items-center justify-between"[39m
      [36m>[39m
        [36m<div>[39m
          [36m<h1[39m
            [33mclass[39m=[32m"text-2xl font-bold"[39m
          [36m>[39m
            [0mTemplate Gallery[0m
          [36m</h1>[39m
          [36m<p[39m
            [33mclass[39m=[32m"text-muted-foreground"[39m
          [36m>[39m
            [0mPre-built templates for budgets, forecasts, and reports across 16 industries[0m
          [36m</p>[39m
        [36m</div>[39m
        [36m<div[39m
          [33mclass[39m=[32m"flex gap-2"[39m
        [36m>[39m
          [36m<button[39m
            [33mclass[39m=[32m"inline-flex items-center justify-center text-sm font-medium transition-colors focus-visible:outline-none focus-visible:ring-2 focus-visible:ring-ring focus-visible:ring-offset-2 disabled:opacity-50 disabled:pointer-events-none border border-[var(--border-default)] bg-white hover:bg-gray-50 dark:bg-gray-800 dark:border-gray-600 dark:hover:bg-gray-700 h-9 px-3 rounded-md"[39m
          [36m>[39m
            [36m<span[39m
              [33mclass[39m=[32m"h-4 w-4 mr-1"[39m
              [33mdata-testid[39m=[32m"mock-icon"[39m
            [36m/>[39m
            [0m Import[0m
          [36m</button>[39m
        [36m</div>[39m
      [36m</div>[39m
      [36m<div[39m
        [33mclass[39m=[32m"grid grid-cols-1 md:grid-cols-4 gap-4"[39m
      [36m>[39m
        [36m<div[39m
          [33mclass[39m=[32m"rounded-xl border bg-card text-card-foreground shadow-sm dark:border-gray-700 dark:bg-gray-800"[39m
        [36m>[39m
          [36m<div[39m
            [33mclass[39m=[32m"p-4"[39m
          [36m>[39m
            [36m<div[39m
              [33mclass[39m=[32m"flex flex-col p-4 bg-[var(--bg-surface)] border border-[var(--border-subtle)] rounded-xl shadow-sm transition-all hover:shadow-md group"[39m
            [36m>[39m
              [36m<div[39m
                [33mclass[39m=[32m"flex items-center justify-between mb-2"[39m
              [36m>[39m
                [36m<div[39m
                  [33mclass[39m=[32m"flex items-center gap-2"[39m
                [36m>[39m
                  [36m<span[39m
                    [33mclass[39m=[32m"text-[var(--text-secondary)]"[39m
                  [36m>[39m
                    [36m<span[39m
                      [33mclass[39m=[32m"h-4 w-4"[39m
                      [33mdata-testid[39m=[32m"mock-icon"[39m
                    [36m/>[39m
                  [36m</span>[39m
                  [36m<span[39m
                    [33mclass[39m=[32m"text-[10px] font-bold uppercase tracking-widest text-[var(--text-secondary)] opacity-70 group-hover:opacity-100 transition-opacity"[39m
                  [36m>[39m
                    [0mTotal Templates[0m
                  [36m</span>[39m
                [36m</div>[39m
              [36m</div>[39m
              [36m<div[39m
                [33mclass[39m=[32m"text-2xl font-black text-[var(--text-primary)] tabular-nums transition-all duration-700 translate-y-0 opacity-100"[39m
              [36m>[39m
                [0m0[0m
              [36m</div>[39m
            [36m</div>[39m
          [36m</div>[39m
        [36m</div>[39m
        [36m<div[39m
          [33mclass[39m=[32m"rounded-xl border bg-card text-card-foreground shadow-sm dark:border-gray-700 dark:bg-gray-800"[39m
        [36m>[39m
          [36m<div[39m
            [33mclass[39m=[32m"p-4"[39m
          [36m>[39m
            [36m<div[39m
              [33mclass[39m=[32m"flex flex-col p-4 bg-[var(--bg-surface)] border border-[var(--border-subtle)] rounded-xl shadow-sm transition-all hover:shadow-md group"[39m
            [36m>[39m
              [36m<div[39m
                [33mclass[39m=[32m"flex items-center justify-between mb-2"[39m
              [36m>[39m
                [36m<div[39m
                  [33mclass[39m=[32m"flex items-center gap-2"[39m
                [36m>[39m
                  [36m<span[39m
                    [33mclass[39m=[32m"text-[var(--text-secondary)]"[39m
                  [36m>[39m
                    [36m<span[39m
                      [33mclass[39m=[32m"h-4 w-4"[39m
                      [33mdata-testid[39m=[32m"mock-icon"[39m
                    [36m/>[39m
                  [36m</span>[39m
                  [36m<span[39m
                    [33mclass[39m=[32m"text-[10px] font-bold uppercase tracking-widest text-[var(--text-secondary)] opacity-70 group-hover:opacity-100 transition-opacity"[39m
                  [36m>[39m
                    [0mCategories[0m
                  [36m</span>[39m
                [36m</div>[39m
              [36m</div>[39m
              [36m<div[39m
                [33mclass[39m=[32m"text-2xl font-black text-[var(--text-primary)] tabular-nums transition-all duration-700 translate-y-0 opacity-100"[39m
              [36m>[39m
                [0m0[0m
              [36m</div>[39m
            [36m</div>[39m
          [36m</div>[39m
        [36m</div>[39m
        [36m<div[39m
          [33mclass[39m=[32m"rounded-xl border bg-card text-card-foreground shadow-sm dark:border-gray-700 dark:bg-gray-800"[39m
        [36m>[39m
          [36m<div[39m
            [33mclass[39m=[32m"p-4"[39m
          [36m>[39m
            [36m<div[39m
              [33mclass[39m=[32m"flex flex-col p-4 bg-[var(--bg-surface)] border border-[var(--border-subtle)] rounded-xl shadow-sm transition-all hover:shadow-md group"[39m
            [36m>[39m
              [36m<div[39m
                [33mclass[39m=[32m"flex items-center justify-between mb-2"[39m
              [36m>[39m
                [36m<div[39m
                  [33mclass[39m=[32m"flex items-center gap-2"[39m
                [36m>[39m
                  [36m<span[39m
                    [33mclass[39m=[32m"text-[var(--text-secondary)]"[39m
                  [36m>[39m
                    [36m<span[39m
                      [33mclass[39m=[32m"h-4 w-4"[39m
                      [33mdata-testid[39m=[32m"mock-icon"[39m
                    [36m/>[39m
                  [36m</span>[39m
                  [36m<span[39m
                    [33mclass[39m=[32m"text-[10px] font-bold uppercase tracking-widest text-[var(--text-secondary)] opacity-70 group-hover:opacity-100 transition-opacity"[39m
                  [36m>[39m
                    [0mIndustries[0m
                  [36m</span>[39m
                [36m</div>[39m
              [36m</div>[39m
              [36m<div[39m
                [33mclass[39m=[32m"text-2xl font-black text-[var(--text-primary)] tabular-nums transition-all duration-700 translate-y-0 opacity-100"[39m
              [36m>[39m
                [0m0[0m
              [36m</div>[39m
            [36m</div>[39m
          [36m</div>[39m
        [36m</div>[39m
        [36m<div[39m
          [33mclass[39m=[32m"rounded-xl border bg-card text-card-foreground shadow-sm dark:border-gray-700 dark:bg-gray-800"[39m
        [36m>[39m
          [36m<div[39m
            [33mclass[39m=[32m"p-4"[39m
          [36m>[39m
            [36m<div[39m
              [33mclass[39m=[32m"flex flex-col p-4 bg-[var(--bg-surface)] border border-[var(--border-subtle)] rounded-xl shadow-sm transition-all hover:shadow-md group"[39m
            [36m>[39m
              [36m<div[39m
                [33mclass[39m=[32m"flex items-center justify-between mb-2"[39m
              [36m>[39m
                [36m<div[39m
                  [33mclass[39m=[32m"flex items-center gap-2"[39m
                [36m>[39m
                  [36m<span[39m
                    [33mclass[39m=[32m"text-[var(--text-secondary)]"[39m
                  [36m>[39m
                    [36m<span[39m
                      [33mclass[39m=[32m"h-4 w-4"[39m
                      [33mdata-testid[39m=[32m"mock-icon"[39m
                    [36m/>[39m
                  [36m</span>[39m
                  [36m<span[39m
                    [33mclass[39m=[32m"text-[10px] font-bold uppercase tracking-widest text-[var(--text-secondary)] opacity-70 group-hover:opacity-100 transition-opacity"[39m
                  [36m>[39m
                    [0mFeatured[0m
                  [36m</span>[39m
                [36m</div>[39m
              [36m</div>[39m
              [36m<div[39m
                [33mclass[39m=[32m"text-2xl font-black text-[var(--text-primary)] tabular-nums transition-all duration-700 translate-y-0 opacity-100"[39m
              [36m>[39m
                [0m3[0m
              [36m</div>[39m
            [36m</div>[39m
          [36m</div>[39m
        [36m</div>[39m
      [36m</div>[39m
      [36m<div[39m
        [33mclass[39m=[32m"flex items-center gap-4"[39m
      [36m>[39m
        [36m<div[39m
          [33mclass[39m=[32m"relative flex-1 max-w-md"[39m
        [36m>[39m
          [36m<span[39m
            [33mclass[39m=[32m"absolute left-3 top-1/2 -translate-y-1/2 h-4 w-4 text-muted-foreground"[39m
            [33mdata-testid[39m=[32m"mock-icon"[39m
          [36m/>[39m
          [36m<input[39m
            [33mclass[39m=[32m"w-full pl-10 pr-4 py-2 border rounded-md text-sm bg-background"[39m
            [33mplaceholder[39m=[32m"Search templates..."[39m
            [33mtype[39m=[32m"text"[39m
            [33mvalue[39m=[32m""[39m
          [36m/>[39m
        [36m</div>[39m
        [36m<div[39m
          [33mclass[39m=[32m"flex gap-2"[39m
        [36m>[39m
          [36m<button[39m
            [33mclass[39m=[32m"px-3 py-1.5 text-sm rounded-md transition-colors bg-primary text-primary-foreground"[39m
          [36m>[39m
            [0mAll ([0m
            [0m0[0m
            [0m)[0m
          [36m</button>[39m
        [36m</div>[39m
      [36m</div>[39m
      [36m<div[39m
        [33mclass[39m=[32m"grid grid-cols-1 md:grid-cols-2 lg:grid-cols-3 gap-4"[39m
      [36m/>[39m
      [36m<div[39m
        [33mclass[39m=[32m"rounded-xl border bg-card text-card-foreground shadow-sm dark:border-gray-700 dark:bg-gray-800"[39m
      [36m>[39m
        [36m<div[39m
          [33mclass[39m=[32m"p-8 text-center text-muted-foreground"[39m
        [36m>[39m
          [36m<span[39m
            [33mclass[39m=[32m"h-8 w-8 mx-auto mb-2 opacity-50"[39m
            [33mdata-testid[39m=[32m"mock-icon"[39m
          [36m/>[39m
          [36m<p>[39m
            [0mNo templates match your search.[0m
          [36m</p>[39m
        [36m</div>[39m
      [36m</div>[39m
    [36m</div>[39m
  [36m</div>[39m
[36m</body>[39m
(node:4820) ExperimentalWarning: localStorage is not available because --localstorage-file was not provided.
(Use `node --trace-warnings ...` to show where the warning was created)
 ✓ src/pages/HelpPage.test.tsx > HelpPage smoke test > renders without crashing 53ms
 × src/pages/HelpPage.test.tsx > HelpPage smoke test > displays the help center heading 41ms
   → Invalid Chai property: toBeInTheDocument
(node:4820) ExperimentalWarning: localStorage is not available because --localstorage-file was not provided.
(Use `node --trace-warnings ...` to show where the warning was created)
(node:4820) ExperimentalWarning: localStorage is not available because --localstorage-file was not provided.
(Use `node --trace-warnings ...` to show where the warning was created)
(node:4820) ExperimentalWarning: localStorage is not available because --localstorage-file was not provided.
(Use `node --trace-warnings ...` to show where the warning was created)
 × src/pages/__tests__/reports/ReportBookBuilder.test.tsx > ReportBookBuilder > renders empty state when no entries 56ms
   → Invalid Chai property: toBeInTheDocument
 × src/pages/__tests__/reports/ReportBookBuilder.test.tsx > ReportBookBuilder > renders with entries 18ms
   → Invalid Chai property: toBeInTheDocument
 × src/pages/__tests__/collaboration/ActivityFeed.test.tsx > ActivityFeed > renders without crashing 161ms
   → Invalid Chai property: toBeInTheDocument
 × src/pages/__tests__/collaboration/ActivityFeed.test.tsx > ActivityFeed > shows empty state when no entries 11ms
   → Invalid Chai property: toBeInTheDocument
 × src/pages/__tests__/collaboration/SharedReports.test.tsx > SharedReports > renders without crashing 156ms
   → Invalid Chai property: toBeInTheDocument
 × src/pages/__tests__/collaboration/SharedReports.test.tsx > SharedReports > shows empty state when no entries 10ms
   → Invalid Chai property: toBeInTheDocument
(node:4820) ExperimentalWarning: localStorage is not available because --localstorage-file was not provided.
(Use `node --trace-warnings ...` to show where the warning was created)
(node:4820) ExperimentalWarning: localStorage is not available because --localstorage-file was not provided.
(Use `node --trace-warnings ...` to show where the warning was created)
 ✓ src/components/reports/__tests__/ReportGrid.test.tsx > ReportGrid > shows empty state 46ms
 × src/pages/analytics/__tests__/DashboardBuilderPage.test.tsx > DashboardBuilderPage > renders heading 38ms
   → [vitest] No "LayoutGrid" export is defined on the "lucide-react" mock. Did you forget to return it from "vi.mock"?
If you need to partially mock a module, you can use "importOriginal" helper inside:

(node:4820) ExperimentalWarning: localStorage is not available because --localstorage-file was not provided.
(Use `node --trace-warnings ...` to show where the warning was created)
 ✓ src/engines/ArrayFormulaEngine.test.ts > ArrayFormulaEngine > evaluate > evaluates basic array formula 3ms
 ✓ src/engines/ArrayFormulaEngine.test.ts > ArrayFormulaEngine > evaluate > handles empty data 0ms
 ✓ src/engines/ArrayFormulaEngine.test.ts > ArrayFormulaEngine > mmult > multiplies matrices 0ms
 ✓ src/engines/ArrayFormulaEngine.test.ts > ArrayFormulaEngine > transpose > transposes matrix 0ms
(node:4820) ExperimentalWarning: localStorage is not available because --localstorage-file was not provided.
(Use `node --trace-warnings ...` to show where the warning was created)
 ✓ src/hooks/useThrottle.test.ts > useThrottle > should return initial value 19ms
 ✓ src/hooks/useThrottle.test.ts > useThrottle > should throttle value updates 4ms
 ✓ src/hooks/useThrottle.test.ts > useThrottle > should use initial value as first throttle value 2ms
(node:4820) ExperimentalWarning: localStorage is not available because --localstorage-file was not provided.
(Use `node --trace-warnings ...` to show where the warning was created)
(node:4820) ExperimentalWarning: localStorage is not available because --localstorage-file was not provided.
(Use `node --trace-warnings ...` to show where the warning was created)
 × src/pages/accounting/__tests__/DepreciationPage.test.tsx > DepreciationPage > renders heading 25ms
   → [vitest] No "Settings" export is defined on the "lucide-react" mock. Did you forget to return it from "vi.mock"?
If you need to partially mock a module, you can use "importOriginal" helper inside:

 × src/pages/settings/__tests__/BackupRestorePage.test.tsx > BackupRestorePage > renders heading 74ms
   → Found multiple elements with the text: /Backup/i

Here are the matching elements:

Ignored nodes: comments, script, style
[36m<h1[39m
  [33mclass[39m=[32m"text-2xl font-bold text-white"[39m
[36m>[39m
  [0mBackup & Restore[0m
[36m</h1>[39m

Ignored nodes: comments, script, style
[36m<div[39m
  [33mclass[39m=[32m"text-sm text-slate-400"[39m
[36m>[39m
  [0mLast Backup[0m
[36m</div>[39m

Ignored nodes: comments, script, style
[36m<div[39m
  [33mclass[39m=[32m"font-medium text-white"[39m
[36m>[39m
  [0mNo recent backup[0m
[36m</div>[39m

Ignored nodes: comments, script, style
[36m<h3[39m
  [33mclass[39m=[32m"font-semibold tracking-tight text-2xl flex items-center gap-2"[39m
[36m>[39m
  [36m<span[39m
    [33mclass[39m=[32m"h-5 w-5 text-blue-400"[39m
    [33mdata-testid[39m=[32m"mock-icon"[39m
  [36m/>[39m
  [0mExport Backup[0m
[36m</h3>[39m

Ignored nodes: comments, script, style
[36m<button[39m
  [33maria-label[39m=[32m"Download backup file"[39m
  [33mclass[39m=[32m"inline-flex items-center justify-center rounded-md text-sm font-medium transition-colors focus-visible:outline-none focus-visible:ring-2 focus-visible:ring-ring focus-visible:ring-offset-2 disabled:opacity-50 disabled:pointer-events-none bg-blue-600 text-white hover:bg-blue-700 dark:bg-blue-600 dark:hover:bg-blue-700 h-10 py-2 px-4 w-full sm:w-auto"[39m
[36m>[39m
  [36m<span[39m
    [33mclass[39m=[32m"w-4 h-4 mr-2"[39m
    [33mdata-testid[39m=[32m"mock-icon"[39m
  [36m/>[39m
  [0mDownload Backup[0m
[36m</button>[39m

Ignored nodes: comments, script, style
[36m<h3[39m
  [33mclass[39m=[32m"font-semibold tracking-tight text-2xl flex items-center gap-2"[39m
[36m>[39m
  [36m<span[39m
    [33mclass[39m=[32m"h-5 w-5 text-green-400"[39m
    [33mdata-testid[39m=[32m"mock-icon"[39m
  [36m/>[39m
  [0mRestore Backup[0m
[36m</h3>[39m

Ignored nodes: comments, script, style
[36m<p[39m
  [33mclass[39m=[32m"text-sm text-slate-400"[39m
[36m>[39m
  [0mImport a previously exported JSON file. The backup will be verified against its checksum before restoring. [0m
  [36m<strong>[39m
    [0mThis will merge with existing data.[0m
  [36m</strong>[39m
[36m</p>[39m

Ignored nodes: comments, script, style
[36m<button[39m
  [33maria-label[39m=[32m"Upload backup file"[39m
  [33mclass[39m=[32m"inline-flex items-center justify-center rounded-md text-sm font-medium transition-colors focus-visible:outline-none focus-visible:ring-2 focus-visible:ring-ring focus-visible:ring-offset-2 disabled:opacity-50 disabled:pointer-events-none bg-gray-100 text-[var(--text-primary)] hover:bg-gray-200 dark:bg-gray-700 dark:text-gray-100 dark:hover:bg-gray-600 h-10 py-2 px-4 w-full sm:w-auto"[39m
[36m>[39m
  [36m<span[39m
    [33mclass[39m=[32m"w-4 h-4 mr-2"[39m
    [33mdata-testid[39m=[32m"mock-icon"[39m
  [36m/>[39m
  [0mUpload Backup File[0m
[36m</button>[39m

(If this is intentional, then use the `*AllBy*` variant of the query (like `queryAllByText`, `getAllByText`, or `findAllByText`)).

Ignored nodes: comments, script, style
[36m<body>[39m
  [36m<div>[39m
    [36m<main[39m
      [33maria-label[39m=[32m"Backup and restore page"[39m
      [33mclass[39m=[32m"p-6 max-w-5xl mx-auto space-y-6 animate-fade-in"[39m
      [33mrole[39m=[32m"main"[39m
    [36m>[39m
      [36m<div[39m
        [33mclass[39m=[32m"mb-2"[39m
      [36m>[39m
        [36m<h1[39m
          [33mclass[39m=[32m"text-2xl font-bold text-white"[39m
        [36m>[39m
          [0mBackup & Restore[0m
        [36m</h1>[39m
        [36m<p[39m
          [33mclass[39m=[32m"text-slate-400 text-sm"[39m
        [36m>[39m
          [0mExport, import, and manage your local data for [0m
          [0myour organization[0m
          [0m.[0m
        [36m</p>[39m
      [36m</div>[39m
      [36m<div[39m
        [33mclass[39m=[32m"grid grid-cols-1 sm:grid-cols-3 gap-4"[39m
      [36m>[39m
        [36m<div[39m
          [33mclass[39m=[32m"rounded-xl border bg-card text-card-foreground shadow-sm dark:border-gray-700 dark:bg-gray-800"[39m
        [36m>[39m
          [36m<div[39m
            [33mclass[39m=[32m"p-4 flex items-center gap-3"[39m
          [36m>[39m
            [36m<span[39m
              [33mclass[39m=[32m"h-5 w-5 text-blue-400 shrink-0"[39m
              [33mdata-testid[39m=[32m"mock-icon"[39m
            [36m/>[39m
            [36m<div>[39m
              [36m<div[39m
                [33mclass[39m=[32m"text-sm text-slate-400"[39m
              [36m>[39m
                [0mStorage Mode[0m
              [36m</div>[39m
              [36m<div[39m
                [33mclass[39m=[32m"font-medium text-white"[39m
              [36m>[39m
                [0mLocal (IndexedDB)[0m
              [36m</div>[39m
            [36m</div>[39m
          [36m</div>[39m
        [36m</div>[39m
        [36m<div[39m
          [33mclass[39m=[32m"rounded-xl border bg-card text-card-foreground shadow-sm dark:border-gray-700 dark:bg-gray-800"[39m
        [36m>[39m
          [36m<div[39m
            [33mclass[39m=[32m"p-4 flex items-center gap-3"[39m
          [36m>[39m
            [36m<span[39m
              [33mclass[39m=[32m"h-5 w-5 text-green-400 shrink-0"[39m
              [33mdata-testid[39m=[32m"mock-icon"[39m
            [36m/>[39m
            [36m<div>[39m
              [36m<div[39m
                [33mclass[39m=[32m"text-sm text-slate-400"[39m
              [36m>[39m
                [0mLast Backup[0m
              [36m</div>[39m
              [36m<div[39m
                [33mclass[39m=[32m"font-medium text-white"[39m
              [36m>[39m
                [0mNo recent backup[0m
              [36m</div>[39m
            [36m</div>[39m
          [36m</div>[39m
        [36m</div>[39m
        [36m<div[39m
          [33mclass[39m=[32m"rounded-xl border bg-card text-card-foreground shadow-sm dark:border-gray-700 dark:bg-gray-800"[39m
        [36m>[39m
          [36m<div[39m
            [33mclass[39m=[32m"p-4 flex items-center gap-3"[39m
          [36m>[39m
            [36m<span[39m
              [33mclass[39m=[32m"h-5 w-5 text-violet-400 shrink-0"[39m
              [33mdata-testid[39m=[32m"mock-icon"[39m
            [36m/>[39m
            [36m<div>[39m
              [36m<div[39m
                [33mclass[39m=[32m"text-sm text-slate-400"[39m
              [36m>[39m
                [0mIntegrity[0m
              [36m</div>[39m
              [36m<div[39m
                [33mclass[39m=[32m"font-medium text-white"[39m
              [36m>[39m
                [0mSHA-256 Checksum[0m
              [36m</div>[39m
            [36m</div>[39m
          [36m</div>[39m
        [36m</div>[39m
      [36m</div>[39m
      [36m<div[39m
        [33mclass[39m=[32m"rounded-xl border bg-card text-card-foreground shadow-sm dark:border-gray-700 dark:bg-gray-800"[39m
      [36m>[39m
        [36m<div[39m
          [33mclass[39m=[32m"flex flex-col space-y-1.5 p-6"[39m
        [36m>[39m
          [36m<h3[39m
            [33mclass[39m=[32m"font-semibold tracking-tight text-2xl flex items-center gap-2"[39m
          [36m>[39m
            [36m<span[39m
              [33mclass[39m=[32m"h-5 w-5 text-blue-400"[39m
              [33mdata-testid[39m=[32m"mock-icon"[39m
            [36m/>[39m
            [0mExport Backup[0m
          [36m</h3>[39m
        [36m</div>[39m
        [36m<div[39m
          [33mclass[39m=[32m"p-6 pt-0 space-y-4"[39m
        [36m>[39m
          [36m<p[39m
            [33mclass[39m=[32m"text-sm text-slate-400"[39m
          [36m>[39m
            [0mGenerate a portable JSON file containing all your local records, settings, and imported data. The file includes a SHA-256 checksum for integrity verification.[0m
          [36m</p>[39m
          [36m<button[39m
            [33maria-label[39m=[32m"Download backup file"[39m
            [33mclass[39m=[32m"inline-flex items-center justify-center rounded-md text-sm font-medium transition-colors focus-visible:outline-none focus-visible:ring-2 focus-visible:ring-ring focus-visible:ring-offset-2 disabled:opacity-50 disabled:pointer-events-none bg-blue-600 text-white hover:bg-blue-700 dark:bg-blue-600 dark:hover:bg-blue-700 h-10 py-2 px-4 w-full sm:w-auto"[39m
          [36m>[39m
            [36m<span[39m
              [33mclass[39m=[32m"w-4 h-4 mr-2"[39m
              [33mdata-testid[39m=[32m"mock-icon"[39m
            [36m/>[39m
            [0mDownload Backup[0m
          [36m</button>[39m
        [36m</div>[39m
      [36m</div>[39m
      [36m<div[39m
        [33mclass[39m=[32m"rounded-xl border bg-card text-card-foreground shadow-sm dark:border-gray-700 dark:bg-gray-800"[39m
      [36m>[39m
        [36m<div[39m
          [33mclass[39m=[32m"flex flex-col space-y-1.5 p-6"[39m
        [36m>[39m
          [36m<h3[39m
            [33mclass[39m=[32m"font-semibold tracking-tight text-2xl flex items-center gap-2"[39m
          [36m>[39m
            [36m<span[39m
              [33mclass[39m=[32m"h-5 w-5 text-green-400"[39m
              [33mdata-testid[39m=[32m"mock-icon"[39m
            [36m/>[39m
            [0mRestore Backup[0m
          [36m</h3>[39m
        [36m</div>[39m
        [36m<div[39m
          [33mclass[39m=[32m"p-6 pt-0 space-y-4"[39m
        [36m>[39m
          [36m<p[39m
            [33mclass[39m=[32m"text-sm text-slate-400"[39m
          [36m>[39m
            [0mImport a previously exported JSON file. The backup will be verified against its checksum before restoring. [0m
            [36m<strong>[39m
              [0mThis will merge with existing data.[0m
            [36m</strong>[39m
          [36m</p>[39m
          [36m<div[39m
            [33mclass[39m=[32m"relative inline-block"[39m
          [36m>[39m
            [36m<input[39m
              [33maccept[39m=[32m".json"[39m
              [33maria-label[39m=[32m"Select backup file to restore"[39m
              [33mclass[39m=[32m"absolute inset-0 opacity-0 cursor-pointer w-full h-full"[39m
              [33mtype[39m=[32m"file"[39m
            [36m/>[39m
            [36m<button[39m
              [33maria-label[39m=[32m"Upload backup file"[39m
              [33mclass[39m=[32m"inline-flex items-center justify-center rounded-md text-sm font-medium transition-colors focus-visible:outline-none focus-visible:ring-2 focus-visible:ring-ring focus-visible:ring-offset-2 disabled:opacity-50 disabled:pointer-events-none bg-gray-100 text-[var(--text-primary)] hover:bg-gray-200 dark:bg-gray-700 dark:text-gray-100 dark:hover:bg-gray-600 h-10 py-2 px-4 w-full sm:w-auto"[39m
            [36m>[39m
              [36m<span[39m
                [33mclass[39m=[32m"w-4 h-4 mr-2"[39m
                [33mdata-testid[39m=[32m"mock-icon"[39m
              [36m/>[39m
              [0mUpload Backup File[0m
            [36m</button>[39m
          [36m</div>[39m
        [36m</div>[39m
      [36m</div>[39m
      [36m<div[39m
        [33mclass[39m=[32m"rounded-xl border text-card-foreground shadow-sm dark:border-gray-700 dark:bg-gray-800 border-red-500/20 bg-red-500/5"[39m
      [36m>[39m
        [36m<div[39m
          [33mclass[39m=[32m"flex flex-col space-y-1.5 p-6"[39m
        [36m>[39m
          [36m<h3[39m
            [33mclass[39m=[32m"font-semibold tracking-tight text-2xl flex items-center gap-2 text-red-400"[39m
          [36m>[39m
            [36m<span[39m
              [33mclass[39m=[32m"h-5 w-5"[39m
              [33mdata-testid[39m=[32m"mock-icon"[39m
            [36m/>[39m
            [0mDanger Zone[0m
          [36m</h3>[39m
        [36m</div>[39m
        [36m<div[39m
          [33mclass[39m=[32m"p-6 pt-0 space-y-4"[39m
        [36m>[39m
          [36m<p[39m
            [33mclass[39m=[32m"text-sm text-slate-400"[39m
          [36m>[39m
            [0mCompletely wipe all locally stored data including budgets, forecasts, scenarios, settings, and imported GL data. [0m
            [36m<strong>[39m
              [0mThis action is irreversible.[0m
            [36m</strong>[39m
          [36m</p>[39m
          [36m<button[39m
            [33maria-label[39m=[32m"Reset application - this will delete all local data"[39m
            [33mclass[39m=[32m"inline-flex items-center justify-center rounded-md text-sm font-medium transition-colors focus-visible:outline-none focus-visible:ring-2 focus-visible:ring-ring focus-visible:ring-offset-2 disabled:opacity-50 disabled:pointer-events-none dark:hover:bg-gray-700 h-10 py-2 px-4 text-red-500 hover:bg-red-500/10 hover:text-red-400 border border-red-500/20"[39m
          [36m>[39m
            [36m<span[39m
              [33mclass[39m=[32m"w-4 h-4 mr-2"[39m
              [33mdata-testid[39m=[32m"mock-icon"[39m
            [36m/>[39m
            [0mReset Application[0m
          [36m</button>[39m
        [36m</div>[39m
      [36m</div>[39m
    [36m</main>[39m
  [36m</div>[39m
[36m</body>[39m
(node:4820) ExperimentalWarning: localStorage is not available because --localstorage-file was not provided.
(Use `node --trace-warnings ...` to show where the warning was created)
 ✓ src/engines/DataRetentionEngine.test.ts > DataRetentionEngine > addRule > should add a retention rule 2ms
 ✓ src/engines/DataRetentionEngine.test.ts > DataRetentionEngine > removeRule > should remove a rule 1ms
(node:4820) ExperimentalWarning: localStorage is not available because --localstorage-file was not provided.
(Use `node --trace-warnings ...` to show where the warning was created)
(node:4820) ExperimentalWarning: localStorage is not available because --localstorage-file was not provided.
(Use `node --trace-warnings ...` to show where the warning was created)
 ✓ src/components/reports/__tests__/BoardPackGenerator.test.tsx > BoardPackGenerator > renders configuration form 67ms
 × src/components/ui/LiveRegion.test.tsx > LiveRegion > renders with polite aria-live by default 155ms
   → Invalid Chai property: toHaveAttribute
 × src/components/ui/LiveRegion.test.tsx > LiveRegion > renders with assertive aria-live when politeness is assertive 14ms
   → Invalid Chai property: toHaveAttribute
 × src/components/ui/LiveRegion.test.tsx > LiveRegion > sets text content via message prop 7ms
   → Invalid Chai property: toHaveTextContent
 × src/components/ui/LiveRegion.test.tsx > LiveRegion > updates text content when message changes 9ms
   → Invalid Chai property: toHaveTextContent
(node:4820) ExperimentalWarning: localStorage is not available because --localstorage-file was not provided.
(Use `node --trace-warnings ...` to show where the warning was created)
 ✓ src/components/data/GLDropZone.test.tsx > GLDropZone > renders without crashing 19ms
 × src/components/data/GLDropZone.test.tsx > GLDropZone > renders FileDropZone component 29ms
   → Invalid Chai property: toBeInTheDocument
 ✓ src/components/data/GLDropZone.test.tsx > GLDropZone > passes correct accept attribute to FileDropZone 9ms
 × src/components/data/GLDropZone.test.tsx > GLDropZone > displays expected columns heading 12ms
   → Invalid Chai property: toBeInTheDocument
 × src/components/data/GLDropZone.test.tsx > GLDropZone > displays expected column names 7ms
   → Invalid Chai property: toBeInTheDocument
(node:4820) ExperimentalWarning: localStorage is not available because --localstorage-file was not provided.
(Use `node --trace-warnings ...` to show where the warning was created)
 ✓ src/engines/UndoRedoEngine.test.ts > UndoRedoEngine > should push and undo actions 2ms
 ✓ src/engines/UndoRedoEngine.test.ts > UndoRedoEngine > should redo actions 0ms
 ✓ src/engines/UndoRedoEngine.test.ts > UndoRedoEngine > should track history 0ms
 ✓ src/engines/UndoRedoEngine.test.ts > UndoRedoEngine > should reset state 0ms
